I0327 11:44:02.473520  5834 tracking.cc:570] Track 45 reference points
I0327 11:44:02.473531  5834 tracking.cc:278] Keyframe at 373046.360589, mappoints 58, interval 0.0999208, parallax 19.3708
I0327 11:44:02.473692  5834 tracking.cc:799] Triangulate 21 3D points with 24 left, 0 reset, 0 outtime and 0 outliers
I0327 11:44:02.474042  5835 ic_gvins.cc:1917] Total 16 pose states from 373044.761813 to 373046.260668
I0327 11:44:02.476604  5835 ic_gvins.cc:1241] Add 15 preintegration, 0 GNSS, 607 reprojection
I0327 11:44:02.481041  5834 tracking.cc:691] Add 117 new features to 103
I0327 11:44:02.481303  5834 ic_gvins.cc:610] Tracking cost 11.3062 ms
I0327 11:44:02.488236  5835 ic_gvins.cc:1250] Ceres Solver Report: Iterations: 6, Initial cost: 1.381463e+03, Final cost: 2.730896e+02, Termination: NO_CONVERGENCE
I0327 11:44:02.488379  5835 ic_gvins.cc:1360] Remove 2 reprojection factors
I0327 11:44:02.494956  5835 ic_gvins.cc:1284] Ceres Solver Report: Iterations: 5, Initial cost: 2.689370e+02, Final cost: 2.685299e+02, Termination: CONVERGENCE
I0327 11:44:02.495152  5835 ic_gvins.cc:1188] Culled 3 mappoint with 1 bad observed features 0, 0, 3
I0327 11:44:02.495493  5835 ic_gvins.cc:1494] Marginalize 1 states, last time 373044.860734
I0327 11:44:02.496714  5835 ic_gvins.cc:534] Optimization costs 22.706 ms with 11.6409 and 6.58509 with marginalization costs 1.20365
I0327 11:44:02.507745  5833 misc.cc:229] Redo INS mechanization at 373046.260668 to 373046.472294 is 0.211626 s
I0327 11:44:02.507788  5833 ic_gvins.cc:811] Insert keyframe 138 at 373046.360589 with 21 new mappoints
I0327 11:44:02.507997  5833 ic_gvins.cc:816] Add new keyframe time node at 373046.360589
I0327 11:44:02.508035  5835 ic_gvins.cc:1917] Total 16 pose states from 373044.860734 to 373046.360589
I0327 11:44:02.509939  5835 ic_gvins.cc:1241] Add 15 preintegration, 0 GNSS, 633 reprojection
I0327 11:44:02.510123  5834 tracking.cc:451] Track 66 map points
I0327 11:44:02.512173  5834 tracking.cc:570] Track 41 reference points
I0327 11:44:02.512181  5834 tracking.cc:278] Keyframe at 373046.460599, mappoints 66, interval 0.100011, parallax 19.9621
I0327 11:44:02.512249  5834 tracking.cc:799] Triangulate 16 3D points with 25 left, 0 reset, 0 outtime and 0 outliers
I0327 11:44:02.514695  5834 tracking.cc:691] Add 110 new features to 107
I0327 11:44:02.515174  5834 ic_gvins.cc:610] Tracking cost 7.45955 ms
I0327 11:44:02.522650  5835 ic_gvins.cc:1250] Ceres Solver Report: Iterations: 6, Initial cost: 1.069348e+03, Final cost: 2.693885e+02, Termination: NO_CONVERGENCE
I0327 11:44:02.522811  5835 ic_gvins.cc:1360] Remove 1 reprojection factors
I0327 11:44:02.538537  5835 ic_gvins.cc:1284] Ceres Solver Report: Iterations: 14, Initial cost: 2.672210e+02, Final cost: 2.668370e+02, Termination: CONVERGENCE
I0327 11:44:02.538743  5835 ic_gvins.cc:1188] Culled 1 mappoint with 1 bad observed features 0, 0, 1
I0327 11:44:02.539070  5835 ic_gvins.cc:1494] Marginalize 1 states, last time 373044.960424
I0327 11:44:02.540372  5835 ic_gvins.cc:534] Optimization costs 32.3441 ms with 12.6514 and 15.7338 with marginalization costs 1.31806
I0327 11:44:02.545733  5833 misc.cc:229] Redo INS mechanization at 373046.360589 to 373046.572293 is 0.211705 s
I0327 11:44:02.545753  5833 ic_gvins.cc:811] Insert keyframe 139 at 373046.460599 with 16 new mappoints
I0327 11:44:02.545951  5833 ic_gvins.cc:816] Add new keyframe time node at 373046.460599
I0327 11:44:02.548085  5834 tracking.cc:451] Track 76 map points
I0327 11:44:02.549780  5834 tracking.cc:570] Track 35 reference points
I0327 11:44:02.549787  5834 tracking.cc:278] Keyframe at 373046.560957, mappoints 76, interval 0.100358, parallax 20.5475
I0327 11:44:02.549839  5834 tracking.cc:799] Triangulate 10 3D points with 25 left, 0 reset, 0 outtime and 0 outliers
I0327 11:44:02.550328  5835 ic_gvins.cc:1917] Total 16 pose states from 373044.960424 to 373046.460599
I0327 11:44:02.551970  5834 tracking.cc:691] Add 111 new features to 111
I0327 11:44:02.552058  5834 ic_gvins.cc:610] Tracking cost 6.34746 ms
I0327 11:44:02.552860  5835 ic_gvins.cc:1241] Add 15 preintegration, 0 GNSS, 665 reprojection
I0327 11:44:02.562122  5835 ic_gvins.cc:1250] Ceres Solver Report: Iterations: 6, Initial cost: 1.111217e+03, Final cost: 2.784492e+02, Termination: NO_CONVERGENCE
I0327 11:44:02.562305  5835 ic_gvins.cc:1360] Remove 1 reprojection factors
I0327 11:44:02.568025  5835 ic_gvins.cc:1284] Ceres Solver Report: Iterations: 4, Initial cost: 2.764324e+02, Final cost: 2.761570e+02, Termination: CONVERGENCE
I0327 11:44:02.568236  5835 ic_gvins.cc:1188] Culled 0 mappoint with 1 bad observed features 0, 0, 0
I0327 11:44:02.568562  5835 ic_gvins.cc:1494] Marginalize 1 states, last time 373045.060402
I0327 11:44:02.569995  5835 ic_gvins.cc:534] Optimization costs 19.701 ms with 9.29732 and 5.73021 with marginalization costs 1.43776
I0327 11:44:02.583056  5833 misc.cc:229] Redo INS mechanization at 373046.460599 to 373046.672292 is 0.211693 s
I0327 11:44:02.583081  5833 ic_gvins.cc:811] Insert keyframe 140 at 373046.560957 with 10 new mappoints
I0327 11:44:02.583276  5833 ic_gvins.cc:816] Add new keyframe time node at 373046.560957
I0327 11:44:02.583288  5835 ic_gvins.cc:1917] Total 16 pose states from 373045.060402 to 373046.560957
I0327 11:44:02.585039  5834 tracking.cc:451] Track 69 map points
I0327 11:44:02.585263  5835 ic_gvins.cc:1241] Add 15 preintegration, 0 GNSS, 683 reprojection
I0327 11:44:02.586757  5834 tracking.cc:570] Track 41 reference points
I0327 11:44:02.586766  5834 tracking.cc:278] Keyframe at 373046.660720, mappoints 69, interval 0.0997632, parallax 17.0448
I0327 11:44:02.586813  5834 tracking.cc:799] Triangulate 9 3D points with 32 left, 0 reset, 0 outtime and 0 outliers
I0327 11:44:02.591177  5834 tracking.cc:691] Add 111 new features to 110
I0327 11:44:02.591320  5834 ic_gvins.cc:610] Tracking cost 8.23005 ms
I0327 11:44:02.599148  5835 ic_gvins.cc:1250] Ceres Solver Report: Iterations: 6, Initial cost: 7.178493e+02, Final cost: 3.148145e+02, Termination: NO_CONVERGENCE
I0327 11:44:02.599331  5835 ic_gvins.cc:1360] Remove 6 reprojection factors
I0327 11:44:02.616334  5835 ic_gvins.cc:1284] Ceres Solver Report: Iterations: 14, Initial cost: 3.011836e+02, Final cost: 3.007858e+02, Termination: CONVERGENCE
I0327 11:44:02.616546  5835 ic_gvins.cc:1188] Culled 6 mappoint with 2 bad observed features 0, 0, 6
I0327 11:44:02.616879  5835 ic_gvins.cc:1494] Marginalize 1 states, last time 373045.160448
I0327 11:44:02.618338  5835 ic_gvins.cc:534] Optimization costs 35.056 ms with 13.9026 and 17.0088 with marginalization costs 1.46839
I0327 11:44:02.620419  5833 misc.cc:229] Redo INS mechanization at 373046.560957 to 373046.772276 is 0.211319 s
I0327 11:44:02.620442  5833 ic_gvins.cc:811] Insert keyframe 141 at 373046.660720 with 9 new mappoints
I0327 11:44:02.620661  5833 ic_gvins.cc:816] Add new keyframe time node at 373046.660720
I0327 11:44:02.622074  5834 tracking.cc:451] Track 61 map points
I0327 11:44:02.624212  5834 tracking.cc:570] Track 35 reference points
I0327 11:44:02.624218  5834 tracking.cc:278] Keyframe at 373046.760671, mappoints 61, interval 0.0999509, parallax 19.2827
I0327 11:44:02.624271  5834 tracking.cc:799] Triangulate 12 3D points with 22 left, 0 reset, 0 outtime and 1 outliers
I0327 11:44:02.624276  5835 ic_gvins.cc:1917] Total 16 pose states from 373045.160448 to 373046.660720
I0327 11:44:02.626685  5834 tracking.cc:691] Add 119 new features to 95
I0327 11:44:02.626907  5834 ic_gvins.cc:610] Tracking cost 6.51832 ms
I0327 11:44:02.627928  5835 ic_gvins.cc:1241] Add 15 preintegration, 0 GNSS, 671 reprojection
I0327 11:44:02.636898  5835 ic_gvins.cc:1250] Ceres Solver Report: Iterations: 6, Initial cost: 5.964045e+02, Final cost: 3.215533e+02, Termination: NO_CONVERGENCE
I0327 11:44:02.637063  5835 ic_gvins.cc:1360] Remove 3 reprojection factors
I0327 11:44:02.654057  5835 ic_gvins.cc:1284] Ceres Solver Report: Iterations: 14, Initial cost: 3.148859e+02, Final cost: 3.148015e+02, Termination: CONVERGENCE
I0327 11:44:02.654265  5835 ic_gvins.cc:1188] Culled 6 mappoint with 0 bad observed features 0, 0, 6
I0327 11:44:02.654590  5835 ic_gvins.cc:1494] Marginalize 1 states, last time 373045.260420
I0327 11:44:02.655982  5835 ic_gvins.cc:534] Optimization costs 31.7125 ms with 8.9793 and 17.0029 with marginalization costs 1.40011
I0327 11:44:02.658682  5833 misc.cc:229] Redo INS mechanization at 373046.660720 to 373046.872280 is 0.21156 s
I0327 11:44:02.658720  5833 ic_gvins.cc:811] Insert keyframe 142 at 373046.760671 with 12 new mappoints
I0327 11:44:02.658951  5833 ic_gvins.cc:816] Add new keyframe time node at 373046.760671
I0327 11:44:02.659739  5834 tracking.cc:451] Track 53 map points
I0327 11:44:02.661877  5834 tracking.cc:570] Track 35 reference points
I0327 11:44:02.661888  5834 tracking.cc:278] Keyframe at 373046.861326, mappoints 53, interval 0.100655, parallax 17.8749
I0327 11:44:02.661942  5834 tracking.cc:799] Triangulate 7 3D points with 27 left, 0 reset, 0 outtime and 1 outliers
I0327 11:44:02.662338  5835 ic_gvins.cc:1917] Total 16 pose states from 373045.260420 to 373046.760671
I0327 11:44:02.664000  5834 tracking.cc:691] Add 124 new features to 87
I0327 11:44:02.664091  5834 ic_gvins.cc:610] Tracking cost 6.21898 ms
I0327 11:44:02.665418  5835 ic_gvins.cc:1241] Add 15 preintegration, 0 GNSS, 662 reprojection
I0327 11:44:02.672329  5835 ic_gvins.cc:1250] Ceres Solver Report: Iterations: 6, Initial cost: 1.456093e+03, Final cost: 3.952722e+02, Termination: NO_CONVERGENCE
I0327 11:44:02.672474  5835 ic_gvins.cc:1360] Remove 2 reprojection factors
I0327 11:44:02.690840  5835 ic_gvins.cc:1284] Ceres Solver Report: Iterations: 13, Initial cost: 3.071875e+02, Final cost: 3.071594e+02, Termination: CONVERGENCE
I0327 11:44:02.691125  5835 ic_gvins.cc:1188] Culled 2 mappoint with 2 bad observed features 0, 1, 1
I0327 11:44:02.691596  5835 ic_gvins.cc:1494] Marginalize 1 states, last time 373045.360403
I0327 11:44:02.693010  5835 ic_gvins.cc:534] Optimization costs 30.7185 ms with 6.91008 and 18.3941 with marginalization costs 1.46266
I0327 11:44:02.696060  5833 misc.cc:229] Redo INS mechanization at 373046.760671 to 373046.972265 is 0.211594 s
I0327 11:44:02.696084  5833 ic_gvins.cc:811] Insert keyframe 143 at 373046.861326 with 7 new mappoints
I0327 11:44:02.696271  5833 ic_gvins.cc:816] Add new keyframe time node at 373046.861326
I0327 11:44:02.696310  5835 ic_gvins.cc:1917] Total 16 pose states from 373045.360403 to 373046.861326
I0327 11:44:02.698084  5834 tracking.cc:451] Track 48 map points
I0327 11:44:02.698192  5835 ic_gvins.cc:1241] Add 15 preintegration, 0 GNSS, 672 reprojection
I0327 11:44:02.700172  5834 tracking.cc:570] Track 40 reference points
I0327 11:44:02.700184  5834 tracking.cc:278] Keyframe at 373046.961330, mappoints 48, interval 0.100003, parallax 16.8072
I0327 11:44:02.700242  5834 tracking.cc:799] Triangulate 13 3D points with 27 left, 0 reset, 0 outtime and 0 outliers
I0327 11:44:02.702476  5834 tracking.cc:691] Add 127 new features to 88
I0327 11:44:02.702611  5834 ic_gvins.cc:610] Tracking cost 6.5214 ms
I0327 11:44:02.708607  5835 ic_gvins.cc:1250] Ceres Solver Report: Iterations: 6, Initial cost: 3.353875e+02, Final cost: 3.245268e+02, Termination: NO_CONVERGENCE
I0327 11:44:02.708767  5835 ic_gvins.cc:1360] Remove 2 reprojection factors
I0327 11:44:02.726337  5835 ic_gvins.cc:1284] Ceres Solver Report: Iterations: 13, Initial cost: 3.186105e+02, Final cost: 3.181424e+02, Termination: CONVERGENCE
I0327 11:44:02.726547  5835 ic_gvins.cc:1188] Culled 1 mappoint with 2 bad observed features 0, 0, 1
I0327 11:44:02.726872  5835 ic_gvins.cc:1494] Marginalize 1 states, last time 373045.460693
I0327 11:44:02.728446  5835 ic_gvins.cc:534] Optimization costs 32.1413 ms with 10.2744 and 17.5843 with marginalization costs 1.59045
I0327 11:44:02.733515  5833 misc.cc:229] Redo INS mechanization at 373046.861326 to 373047.072345 is 0.211018 s
I0327 11:44:02.733536  5833 ic_gvins.cc:811] Insert keyframe 144 at 373046.961330 with 13 new mappoints
I0327 11:44:02.733731  5833 ic_gvins.cc:816] Add new keyframe time node at 373046.961330
I0327 11:44:02.735574  5834 tracking.cc:451] Track 50 map points
I0327 11:44:02.733999  5835 ic_gvins.cc:1917] Total 16 pose states from 373045.460693 to 373046.961330
I0327 11:44:02.738168  5835 ic_gvins.cc:1241] Add 15 preintegration, 0 GNSS, 671 reprojection
I0327 11:44:02.738220  5834 tracking.cc:570] Track 38 reference points
I0327 11:44:02.740533  5834 tracking.cc:691] Add 128 new features to 88
I0327 11:44:02.747936  5835 ic_gvins.cc:1250] Ceres Solver Report: Iterations: 6, Initial cost: 6.724046e+02, Final cost: 3.541562e+02, Termination: NO_CONVERGENCE
I0327 11:44:02.748097  5835 ic_gvins.cc:1360] Remove 6 reprojection factors
I0327 11:44:02.754951  5835 ic_gvins.cc:1284] Ceres Solver Report: Iterations: 5, Initial cost: 3.371299e+02, Final cost: 3.369419e+02, Termination: CONVERGENCE
I0327 11:44:02.755414  5835 ic_gvins.cc:1188] Culled 4 mappoint with 2 bad observed features 0, 0, 4
I0327 11:44:02.756045  5835 ic_gvins.cc:1494] Marginalize 1 states, last time 373045.560423
I0327 11:44:02.759279  5835 ic_gvins.cc:534] Optimization costs 25.3014 ms with 9.60997 and 6.88084 with marginalization costs 3.0117
I0327 11:44:02.770851  5833 misc.cc:229] Redo INS mechanization at 373046.961330 to 373047.172261 is 0.210931 s
I0327 11:44:02.774808  5834 tracking.cc:451] Track 40 map points
I0327 11:44:02.776665  5834 tracking.cc:570] Track 59 reference points
I0327 11:44:02.776672  5834 tracking.cc:278] Keyframe at 373047.162985, mappoints 40, interval 0.201655, parallax 29.7082
I0327 11:44:02.776726  5834 tracking.cc:799] Triangulate 9 3D points with 46 left, 36 reset, 4 outtime and 0 outliers
I0327 11:44:02.779026  5834 tracking.cc:691] Add 119 new features to 95
I0327 11:44:02.779120  5834 ic_gvins.cc:610] Tracking cost 7.78604 ms
I0327 11:44:02.808100  5833 ic_gvins.cc:811] Insert keyframe 145 at 373047.162985 with 9 new mappoints
I0327 11:44:02.808552  5833 ic_gvins.cc:816] Add new keyframe time node at 373047.162985
I0327 11:44:02.808578  5835 ic_gvins.cc:1917] Total 16 pose states from 373045.560423 to 373047.162985
I0327 11:44:02.809708  5834 tracking.cc:451] Track 46 map points
I0327 11:44:02.810376  5835 ic_gvins.cc:1241] Add 15 preintegration, 0 GNSS, 637 reprojection
I0327 11:44:02.811625  5834 tracking.cc:570] Track 53 reference points
I0327 11:44:02.814030  5834 tracking.cc:691] Add 118 new features to 99
I0327 11:44:02.820715  5835 ic_gvins.cc:1250] Ceres Solver Report: Iterations: 6, Initial cost: 9.197834e+02, Final cost: 3.813000e+02, Termination: NO_CONVERGENCE
I0327 11:44:02.820897  5835 ic_gvins.cc:1360] Remove 20 reprojection factors
I0327 11:44:02.838570  5835 ic_gvins.cc:1284] Ceres Solver Report: Iterations: 14, Initial cost: 3.273441e+02, Final cost: 3.227673e+02, Termination: CONVERGENCE
I0327 11:44:02.838778  5835 ic_gvins.cc:1188] Culled 4 mappoint with 13 bad observed features 0, 0, 4
I0327 11:44:02.839082  5835 ic_gvins.cc:1494] Marginalize 1 states, last time 373045.660604
I0327 11:44:02.840425  5835 ic_gvins.cc:534] Optimization costs 31.8617 ms with 10.3015 and 17.6863 with marginalization costs 1.3776
I0327 11:44:02.845409  5833 misc.cc:229] Redo INS mechanization at 373047.162985 to 373047.372249 is 0.209264 s
I0327 11:44:02.846907  5834 tracking.cc:451] Track 38 map points
I0327 11:44:02.848734  5834 tracking.cc:570] Track 58 reference points
I0327 11:44:02.848742  5834 tracking.cc:278] Keyframe at 373047.360779, mappoints 38, interval 0.197794, parallax 27.5226
I0327 11:44:02.848815  5834 tracking.cc:799] Triangulate 19 3D points with 38 left, 22 reset, 0 outtime and 1 outliers
I0327 11:44:02.851168  5834 tracking.cc:691] Add 120 new features to 95
I0327 11:44:02.851327  5834 ic_gvins.cc:610] Tracking cost 5.94301 ms
I0327 11:44:02.883595  5833 ic_gvins.cc:811] Insert keyframe 146 at 373047.360779 with 19 new mappoints
I0327 11:44:02.884089  5833 ic_gvins.cc:816] Add new keyframe time node at 373047.360779
I0327 11:44:02.884609  5835 ic_gvins.cc:1917] Total 16 pose states from 373045.660604 to 373047.360779
I0327 11:44:02.885949  5835 ic_gvins.cc:1241] Add 15 preintegration, 0 GNSS, 589 reprojection
I0327 11:44:02.887261  5834 tracking.cc:451] Track 45 map points
I0327 11:44:02.889273  5834 tracking.cc:570] Track 46 reference points
I0327 11:44:02.889281  5834 tracking.cc:278] Keyframe at 373047.461112, mappoints 45, interval 0.100334, parallax 18.2377
I0327 11:44:02.889366  5834 tracking.cc:799] Triangulate 13 3D points with 31 left, 0 reset, 0 outtime and 2 outliers
I0327 11:44:02.897681  5834 tracking.cc:691] Add 122 new features to 89
I0327 11:44:02.897816  5834 ic_gvins.cc:610] Tracking cost 14.2711 ms
I0327 11:44:02.904212  5835 ic_gvins.cc:1250] Ceres Solver Report: Iterations: 6, Initial cost: 1.562748e+03, Final cost: 3.775437e+02, Termination: NO_CONVERGENCE
I0327 11:44:02.904371  5835 ic_gvins.cc:1360] Remove 21 reprojection factors
I0327 11:44:02.923369  5834 tracking.cc:451] Track 50 map points
I0327 11:44:02.925244  5834 tracking.cc:570] Track 41 reference points
I0327 11:44:02.925251  5834 tracking.cc:278] Keyframe at 373047.560843, mappoints 50, interval 0.0997307, parallax 17.8546
I0327 11:44:02.925312  5834 tracking.cc:799] Triangulate 15 3D points with 25 left, 0 reset, 0 outtime and 1 outliers
I0327 11:44:02.927126  5834 tracking.cc:691] Add 119 new features to 90
I0327 11:44:02.927240  5834 ic_gvins.cc:610] Tracking cost 5.45709 ms
I0327 11:44:02.928809  5835 ic_gvins.cc:1284] Ceres Solver Report: Iterations: 14, Initial cost: 3.214273e+02, Final cost: 3.189545e+02, Termination: CONVERGENCE
I0327 11:44:02.929080  5835 ic_gvins.cc:1188] Culled 6 mappoint with 15 bad observed features 0, 0, 6
I0327 11:44:02.929473  5835 ic_gvins.cc:1494] Marginalize 1 states, last time 373045.760296
I0327 11:44:02.931123  5835 ic_gvins.cc:534] Optimization costs 46.5223 ms with 18.2685 and 24.4537 with marginalization costs 1.65043
I0327 11:44:02.959342  5833 misc.cc:229] Redo INS mechanization at 373047.360779 to 373047.672246 is 0.311467 s
I0327 11:44:02.959383  5833 ic_gvins.cc:811] Insert keyframe 147 at 373047.461112 with 13 new mappoints
I0327 11:44:02.959578  5833 ic_gvins.cc:816] Add new keyframe time node at 373047.461112
I0327 11:44:02.959586  5833 ic_gvins.cc:811] Insert keyframe 148 at 373047.560843 with 15 new mappoints
I0327 11:44:02.959774  5833 ic_gvins.cc:816] Add new keyframe time node at 373047.560843
I0327 11:44:02.959792  5835 ic_gvins.cc:1917] Total 17 pose states from 373045.760296 to 373047.560843
I0327 11:44:02.961479  5834 tracking.cc:451] Track 43 map points
I0327 11:44:02.961598  5835 ic_gvins.cc:1241] Add 16 preintegration, 0 GNSS, 543 reprojection
I0327 11:44:02.963812  5834 tracking.cc:570] Track 43 reference points
I0327 11:44:02.966239  5834 tracking.cc:691] Add 123 new features to 86
I0327 11:44:02.971879  5835 ic_gvins.cc:1250] Ceres Solver Report: Iterations: 6, Initial cost: 8.495427e+02, Final cost: 4.144746e+02, Termination: NO_CONVERGENCE
I0327 11:44:02.972024  5835 ic_gvins.cc:1360] Remove 27 reprojection factors
I0327 11:44:02.987720  5835 ic_gvins.cc:1284] Ceres Solver Report: Iterations: 14, Initial cost: 3.268879e+02, Final cost: 3.179447e+02, Termination: CONVERGENCE
I0327 11:44:02.987911  5835 ic_gvins.cc:1188] Culled 7 mappoint with 23 bad observed features 0, 0, 7
I0327 11:44:02.988253  5835 ic_gvins.cc:1494] Marginalize 1 states, last time 373045.860243
I0327 11:44:02.989586  5835 ic_gvins.cc:1494] Marginalize 1 states, last time 373045.960182
I0327 11:44:02.990873  5835 ic_gvins.cc:534] Optimization costs 31.0898 ms with 10.2895 and 15.7077 with marginalization costs 2.6276
I0327 11:44:02.997941  5833 misc.cc:229] Redo INS mechanization at 373047.560843 to 373047.772233 is 0.21139 s
I0327 11:44:03.000396  5834 tracking.cc:451] Track 25 map points
I0327 11:44:03.002316  5834 tracking.cc:570] Track 49 reference points
I0327 11:44:03.002364  5834 tracking.cc:278] Keyframe at 373047.761097, mappoints 25, interval 0.200254, parallax 28.7657
I0327 11:44:03.002444  5834 tracking.cc:799] Triangulate 10 3D points with 39 left, 24 reset, 0 outtime and 0 outliers
I0327 11:44:03.007400  5834 tracking.cc:691] Add 134 new features to 74
I0327 11:44:03.007508  5834 ic_gvins.cc:610] Tracking cost 9.65143 ms
I0327 11:44:03.035601  5833 ic_gvins.cc:811] Insert keyframe 149 at 373047.761097 with 10 new mappoints
I0327 11:44:03.035972  5833 ic_gvins.cc:816] Add new keyframe time node at 373047.761097
I0327 11:44:03.035995  5835 ic_gvins.cc:1917] Total 16 pose states from 373045.960182 to 373047.761097
I0327 11:44:03.039316  5834 tracking.cc:451] Track 30 map points
I0327 11:44:03.040086  5835 ic_gvins.cc:1241] Add 15 preintegration, 0 GNSS, 411 reprojection
I0327 11:44:03.042421  5834 tracking.cc:570] Track 61 reference points
I0327 11:44:03.044807  5834 tracking.cc:691] Add 116 new features to 91
I0327 11:44:03.050541  5835 ic_gvins.cc:1250] Ceres Solver Report: Iterations: 6, Initial cost: 6.561381e+02, Final cost: 3.344680e+02, Termination: NO_CONVERGENCE
I0327 11:44:03.050683  5835 ic_gvins.cc:1360] Remove 7 reprojection factors
I0327 11:44:03.064046  5835 ic_gvins.cc:1284] Ceres Solver Report: Iterations: 14, Initial cost: 2.932283e+02, Final cost: 2.916566e+02, Termination: CONVERGENCE
I0327 11:44:03.064209  5835 ic_gvins.cc:1188] Culled 2 mappoint with 6 bad observed features 0, 0, 2
I0327 11:44:03.064460  5835 ic_gvins.cc:1494] Marginalize 1 states, last time 373046.060526
I0327 11:44:03.065569  5835 ic_gvins.cc:534] Optimization costs 29.5839 ms with 10.4509 and 13.3689 with marginalization costs 1.13928
I0327 11:44:03.072999  5833 misc.cc:229] Redo INS mechanization at 373047.761097 to 373047.972257 is 0.21116 s
I0327 11:44:03.080664  5834 tracking.cc:451] Track 24 map points
I0327 11:44:03.082983  5834 tracking.cc:570] Track 51 reference points
I0327 11:44:03.082993  5834 tracking.cc:278] Keyframe at 373047.961120, mappoints 24, interval 0.200023, parallax 27.8197
I0327 11:44:03.083070  5834 tracking.cc:799] Triangulate 17 3D points with 34 left, 15 reset, 0 outtime and 0 outliers
I0327 11:44:03.085386  5834 tracking.cc:691] Add 128 new features to 75
I0327 11:44:03.085489  5834 ic_gvins.cc:610] Tracking cost 12.4569 ms
I0327 11:44:03.110330  5833 ic_gvins.cc:811] Insert keyframe 150 at 373047.961120 with 17 new mappoints
I0327 11:44:03.110785  5833 ic_gvins.cc:816] Add new keyframe time node at 373047.961120
I0327 11:44:03.110823  5835 ic_gvins.cc:1917] Total 16 pose states from 373046.060526 to 373047.961120
I0327 11:44:03.111991  5834 tracking.cc:451] Track 36 map points
I0327 11:44:03.112413  5835 ic_gvins.cc:1241] Add 15 preintegration, 0 GNSS, 405 reprojection
I0327 11:44:03.117311  5834 tracking.cc:570] Track 52 reference points
I0327 11:44:03.117393  5834 tracking.cc:278] Keyframe at 373048.061160, mappoints 36, interval 0.10004, parallax 17.1299
I0327 11:44:03.117583  5834 tracking.cc:799] Triangulate 23 3D points with 27 left, 0 reset, 0 outtime and 2 outliers
I0327 11:44:03.120357  5834 tracking.cc:691] Add 118 new features to 86
I0327 11:44:03.120945  5834 ic_gvins.cc:610] Tracking cost 10.6462 ms
I0327 11:44:03.124418  5835 ic_gvins.cc:1250] Ceres Solver Report: Iterations: 6, Initial cost: 1.226610e+03, Final cost: 4.859173e+02, Termination: NO_CONVERGENCE
I0327 11:44:03.124527  5835 ic_gvins.cc:1360] Remove 8 reprojection factors
I0327 11:44:03.137722  5835 ic_gvins.cc:1284] Ceres Solver Report: Iterations: 14, Initial cost: 2.951345e+02, Final cost: 2.934644e+02, Termination: CONVERGENCE
I0327 11:44:03.137975  5835 ic_gvins.cc:1188] Culled 4 mappoint with 7 bad observed features 0, 2, 2
I0327 11:44:03.138394  5835 ic_gvins.cc:1494] Marginalize 1 states, last time 373046.160505
I0327 11:44:03.139823  5835 ic_gvins.cc:534] Optimization costs 29.0147 ms with 12.0117 and 13.208 with marginalization costs 1.42338
I0327 11:44:03.147614  5833 misc.cc:229] Redo INS mechanization at 373047.961120 to 373048.172314 is 0.211194 s
I0327 11:44:03.147655  5833 ic_gvins.cc:811] Insert keyframe 151 at 373048.061160 with 23 new mappoints
I0327 11:44:03.147823  5833 ic_gvins.cc:816] Add new keyframe time node at 373048.061160
I0327 11:44:03.147861  5835 ic_gvins.cc:1917] Total 16 pose states from 373046.160505 to 373048.061160
I0327 11:44:03.149255  5835 ic_gvins.cc:1241] Add 15 preintegration, 0 GNSS, 430 reprojection
I0327 11:44:03.150151  5834 tracking.cc:451] Track 45 map points
I0327 11:44:03.152010  5834 tracking.cc:570] Track 35 reference points
I0327 11:44:03.152057  5834 tracking.cc:278] Keyframe at 373048.161088, mappoints 45, interval 0.0999271, parallax 17.5654
I0327 11:44:03.152312  5834 tracking.cc:799] Triangulate 11 3D points with 24 left, 0 reset, 0 outtime and 0 outliers
I0327 11:44:03.155743  5834 tracking.cc:691] Add 123 new features to 80
I0327 11:44:03.156073  5834 ic_gvins.cc:610] Tracking cost 8.49193 ms
I0327 11:44:03.161710  5835 ic_gvins.cc:1250] Ceres Solver Report: Iterations: 6, Initial cost: 9.653891e+02, Final cost: 3.383728e+02, Termination: NO_CONVERGENCE
I0327 11:44:03.161901  5835 ic_gvins.cc:1360] Remove 6 reprojection factors
I0327 11:44:03.173678  5835 ic_gvins.cc:1284] Ceres Solver Report: Iterations: 13, Initial cost: 2.960503e+02, Final cost: 2.946237e+02, Termination: CONVERGENCE
I0327 11:44:03.173858  5835 ic_gvins.cc:1188] Culled 1 mappoint with 5 bad observed features 0, 0, 1
I0327 11:44:03.174116  5835 ic_gvins.cc:1494] Marginalize 1 states, last time 373046.260668
I0327 11:44:03.175105  5835 ic_gvins.cc:534] Optimization costs 27.2502 ms with 12.4792 and 11.7908 with marginalization costs 1.00061
I0327 11:44:03.184918  5833 misc.cc:229] Redo INS mechanization at 373048.061160 to 373048.272234 is 0.211073 s
I0327 11:44:03.184962  5833 ic_gvins.cc:811] Insert keyframe 152 at 373048.161088 with 11 new mappoints
I0327 11:44:03.185186  5833 ic_gvins.cc:816] Add new keyframe time node at 373048.161088
I0327 11:44:03.186493  5834 tracking.cc:451] Track 46 map points
I0327 11:44:03.188115  5834 tracking.cc:570] Track 46 reference points
I0327 11:44:03.188122  5834 tracking.cc:278] Keyframe at 373048.261175, mappoints 46, interval 0.100087, parallax 15.8945
I0327 11:44:03.188184  5834 tracking.cc:799] Triangulate 16 3D points with 30 left, 0 reset, 0 outtime and 0 outliers
I0327 11:44:03.188788  5835 ic_gvins.cc:1917] Total 16 pose states from 373046.260668 to 373048.161088
I0327 11:44:03.190512  5834 tracking.cc:691] Add 111 new features to 92
I0327 11:44:03.190606  5834 ic_gvins.cc:610] Tracking cost 5.71531 ms
I0327 11:44:03.191069  5835 ic_gvins.cc:1241] Add 15 preintegration, 0 GNSS, 428 reprojection
I0327 11:44:03.196605  5835 ic_gvins.cc:1250] Ceres Solver Report: Iterations: 6, Initial cost: 1.588853e+03, Final cost: 3.327723e+02, Termination: NO_CONVERGENCE
I0327 11:44:03.196749  5835 ic_gvins.cc:1360] Remove 5 reprojection factors
I0327 11:44:03.210230  5835 ic_gvins.cc:1284] Ceres Solver Report: Iterations: 13, Initial cost: 3.019681e+02, Final cost: 3.009405e+02, Termination: CONVERGENCE
I0327 11:44:03.210407  5835 ic_gvins.cc:1188] Culled 3 mappoint with 4 bad observed features 0, 1, 2
I0327 11:44:03.210675  5835 ic_gvins.cc:1494] Marginalize 1 states, last time 373046.360589
I0327 11:44:03.212136  5835 ic_gvins.cc:534] Optimization costs 23.3993 ms with 5.52204 and 13.4925 with marginalization costs 1.48234
I0327 11:44:03.222154  5833 misc.cc:229] Redo INS mechanization at 373048.161088 to 373048.372295 is 0.211208 s
I0327 11:44:03.222187  5833 ic_gvins.cc:811] Insert keyframe 153 at 373048.261175 with 16 new mappoints
I0327 11:44:03.222385  5833 ic_gvins.cc:816] Add new keyframe time node at 373048.261175
I0327 11:44:03.222422  5835 ic_gvins.cc:1917] Total 16 pose states from 373046.360589 to 373048.261175
I0327 11:44:03.223664  5835 ic_gvins.cc:1241] Add 15 preintegration, 0 GNSS, 379 reprojection
I0327 11:44:03.224503  5834 tracking.cc:451] Track 43 map points
I0327 11:44:03.226227  5834 tracking.cc:570] Track 39 reference points
I0327 11:44:03.228387  5834 tracking.cc:691] Add 129 new features to 82
I0327 11:44:03.233400  5835 ic_gvins.cc:1250] Ceres Solver Report: Iterations: 6, Initial cost: 1.260425e+03, Final cost: 4.128260e+02, Termination: NO_CONVERGENCE
I0327 11:44:03.233563  5835 ic_gvins.cc:1360] Remove 4 reprojection factors
I0327 11:44:03.248932  5835 ic_gvins.cc:1284] Ceres Solver Report: Iterations: 13, Initial cost: 3.010683e+02, Final cost: 3.002537e+02, Termination: CONVERGENCE
I0327 11:44:03.249106  5835 ic_gvins.cc:1188] Culled 5 mappoint with 4 bad observed features 0, 1, 4
I0327 11:44:03.249382  5835 ic_gvins.cc:1494] Marginalize 1 states, last time 373046.460599
I0327 11:44:03.250734  5835 ic_gvins.cc:534] Optimization costs 28.3195 ms with 9.74842 and 15.3796 with marginalization costs 1.35493
I0327 11:44:03.259414  5833 misc.cc:229] Redo INS mechanization at 373048.261175 to 373048.472257 is 0.211083 s
I0327 11:44:03.260952  5834 tracking.cc:451] Track 33 map points
I0327 11:44:03.262840  5834 tracking.cc:570] Track 50 reference points
I0327 11:44:03.262846  5834 tracking.cc:278] Keyframe at 373048.461278, mappoints 33, interval 0.200103, parallax 29.7097
I0327 11:44:03.262900  5834 tracking.cc:799] Triangulate 10 3D points with 38 left, 24 reset, 2 outtime and 0 outliers
I0327 11:44:03.265223  5834 tracking.cc:691] Add 126 new features to 81
I0327 11:44:03.265360  5834 ic_gvins.cc:610] Tracking cost 5.97005 ms
I0327 11:44:03.296720  5833 ic_gvins.cc:811] Insert keyframe 154 at 373048.461278 with 10 new mappoints
I0327 11:44:03.297171  5833 ic_gvins.cc:816] Add new keyframe time node at 373048.461278
I0327 11:44:03.297230  5835 ic_gvins.cc:1917] Total 16 pose states from 373046.460599 to 373048.461278
I0327 11:44:03.298547  5835 ic_gvins.cc:1241] Add 15 preintegration, 0 GNSS, 365 reprojection
I0327 11:44:03.299674  5834 tracking.cc:451] Track 31 map points
I0327 11:44:03.301743  5834 tracking.cc:570] Track 49 reference points
I0327 11:44:03.309172  5835 ic_gvins.cc:1250] Ceres Solver Report: Iterations: 6, Initial cost: 1.225119e+03, Final cost: 3.674153e+02, Termination: NO_CONVERGENCE
I0327 11:44:03.309384  5835 ic_gvins.cc:1360] Remove 4 reprojection factors
I0327 11:44:03.313493  5834 tracking.cc:691] Add 131 new features to 80
I0327 11:44:03.328577  5835 ic_gvins.cc:1284] Ceres Solver Report: Iterations: 14, Initial cost: 3.015636e+02, Final cost: 2.980395e+02, Termination: CONVERGENCE
I0327 11:44:03.328804  5835 ic_gvins.cc:1188] Culled 4 mappoint with 4 bad observed features 0, 1, 3
I0327 11:44:03.329182  5835 ic_gvins.cc:1494] Marginalize 1 states, last time 373046.560957
I0327 11:44:03.330349  5835 ic_gvins.cc:534] Optimization costs 33.1326 ms with 10.6959 and 19.2066 with marginalization costs 1.18758
I0327 11:44:03.334167  5833 misc.cc:229] Redo INS mechanization at 373048.461278 to 373048.672200 is 0.210922 s
I0327 11:44:03.336556  5834 tracking.cc:451] Track 25 map points
I0327 11:44:03.341718  5834 tracking.cc:570] Track 49 reference points
I0327 11:44:03.341725  5834 tracking.cc:278] Keyframe at 373048.661236, mappoints 25, interval 0.199958, parallax 26.3307
I0327 11:44:03.341784  5834 tracking.cc:799] Triangulate 13 3D points with 35 left, 16 reset, 0 outtime and 1 outliers
I0327 11:44:03.344269  5834 tracking.cc:691] Add 141 new features to 73
I0327 11:44:03.344364  5834 ic_gvins.cc:610] Tracking cost 10.2669 ms
I0327 11:44:03.371487  5833 ic_gvins.cc:811] Insert keyframe 155 at 373048.661236 with 13 new mappoints
I0327 11:44:03.371856  5833 ic_gvins.cc:816] Add new keyframe time node at 373048.661236
I0327 11:44:03.371872  5835 ic_gvins.cc:1917] Total 16 pose states from 373046.560957 to 373048.661236
I0327 11:44:03.373203  5835 ic_gvins.cc:1241] Add 15 preintegration, 0 GNSS, 361 reprojection
I0327 11:44:03.373466  5834 tracking.cc:451] Track 32 map points
I0327 11:44:03.375650  5834 tracking.cc:570] Track 45 reference points
I0327 11:44:03.375706  5834 tracking.cc:278] Keyframe at 373048.761191, mappoints 32, interval 0.0999546, parallax 15.5232
I0327 11:44:03.375806  5834 tracking.cc:799] Triangulate 18 3D points with 26 left, 0 reset, 0 outtime and 1 outliers
I0327 11:44:03.378317  5834 tracking.cc:691] Add 136 new features to 76
I0327 11:44:03.378417  5834 ic_gvins.cc:610] Tracking cost 6.48786 ms
I0327 11:44:03.382124  5835 ic_gvins.cc:1250] Ceres Solver Report: Iterations: 6, Initial cost: 1.692697e+03, Final cost: 3.843364e+02, Termination: NO_CONVERGENCE
I0327 11:44:03.382220  5835 ic_gvins.cc:1360] Remove 3 reprojection factors
I0327 11:44:03.393417  5835 ic_gvins.cc:1284] Ceres Solver Report: Iterations: 13, Initial cost: 2.841731e+02, Final cost: 2.835611e+02, Termination: CONVERGENCE
I0327 11:44:03.393579  5835 ic_gvins.cc:1188] Culled 4 mappoint with 3 bad observed features 0, 1, 3
I0327 11:44:03.393863  5835 ic_gvins.cc:1494] Marginalize 1 states, last time 373046.660720
I0327 11:44:03.394932  5835 ic_gvins.cc:534] Optimization costs 23.068 ms with 8.92792 and 11.2048 with marginalization costs 1.03363
I0327 11:44:03.408782  5833 misc.cc:229] Redo INS mechanization at 373048.661236 to 373048.872203 is 0.210966 s
I0327 11:44:03.408812  5833 ic_gvins.cc:811] Insert keyframe 156 at 373048.761191 with 18 new mappoints
I0327 11:44:03.409008  5833 ic_gvins.cc:816] Add new keyframe time node at 373048.761191
I0327 11:44:03.409240  5835 ic_gvins.cc:1917] Total 16 pose states from 373046.660720 to 373048.761191
I0327 11:44:03.410594  5835 ic_gvins.cc:1241] Add 15 preintegration, 0 GNSS, 372 reprojection
I0327 11:44:03.410924  5834 tracking.cc:451] Track 38 map points
I0327 11:44:03.412880  5834 tracking.cc:570] Track 39 reference points
I0327 11:44:03.412889  5834 tracking.cc:278] Keyframe at 373048.861086, mappoints 38, interval 0.099895, parallax 22.3412
I0327 11:44:03.412955  5834 tracking.cc:799] Triangulate 19 3D points with 20 left, 0 reset, 0 outtime and 0 outliers
I0327 11:44:03.415413  5834 tracking.cc:691] Add 138 new features to 77
I0327 11:44:03.415560  5834 ic_gvins.cc:610] Tracking cost 6.40175 ms
I0327 11:44:03.419378  5835 ic_gvins.cc:1250] Ceres Solver Report: Iterations: 6, Initial cost: 8.852482e+02, Final cost: 2.724567e+02, Termination: NO_CONVERGENCE
I0327 11:44:03.419471  5835 ic_gvins.cc:1360] Remove 1 reprojection factors
I0327 11:44:03.431134  5835 ic_gvins.cc:1284] Ceres Solver Report: Iterations: 13, Initial cost: 2.679516e+02, Final cost: 2.671423e+02, Termination: CONVERGENCE
I0327 11:44:03.431301  5835 ic_gvins.cc:1188] Culled 2 mappoint with 1 bad observed features 0, 0, 2
I0327 11:44:03.431547  5835 ic_gvins.cc:1494] Marginalize 1 states, last time 373046.760671
I0327 11:44:03.432431  5835 ic_gvins.cc:534] Optimization costs 23.2035 ms with 8.78858 and 11.6765 with marginalization costs 0.896102
I0327 11:44:03.446063  5833 misc.cc:229] Redo INS mechanization at 373048.761191 to 373048.972274 is 0.211083 s
I0327 11:44:03.446092  5833 ic_gvins.cc:811] Insert keyframe 157 at 373048.861086 with 19 new mappoints
I0327 11:44:03.446288  5833 ic_gvins.cc:816] Add new keyframe time node at 373048.861086
I0327 11:44:03.446305  5835 ic_gvins.cc:1917] Total 16 pose states from 373046.760671 to 373048.861086
I0327 11:44:03.447654  5835 ic_gvins.cc:1241] Add 15 preintegration, 0 GNSS, 396 reprojection
I0327 11:44:03.447965  5834 tracking.cc:451] Track 42 map points
I0327 11:44:03.450663  5834 tracking.cc:570] Track 37 reference points
I0327 11:44:03.450673  5834 tracking.cc:278] Keyframe at 373048.960935, mappoints 42, interval 0.0998486, parallax 22.4119
I0327 11:44:03.450728  5834 tracking.cc:799] Triangulate 12 3D points with 24 left, 0 reset, 0 outtime and 1 outliers
I0327 11:44:03.461520  5834 tracking.cc:691] Add 138 new features to 78
I0327 11:44:03.461639  5834 ic_gvins.cc:610] Tracking cost 15.3195 ms
I0327 11:44:03.464126  5835 ic_gvins.cc:1250] Ceres Solver Report: Iterations: 6, Initial cost: 4.720676e+02, Final cost: 3.363739e+02, Termination: NO_CONVERGENCE
I0327 11:44:03.464227  5835 ic_gvins.cc:1360] Remove 3 reprojection factors
I0327 11:44:03.475507  5835 ic_gvins.cc:1284] Ceres Solver Report: Iterations: 13, Initial cost: 2.632729e+02, Final cost: 2.632067e+02, Termination: CONVERGENCE
I0327 11:44:03.475876  5835 ic_gvins.cc:1188] Culled 3 mappoint with 3 bad observed features 0, 2, 1
I0327 11:44:03.476313  5835 ic_gvins.cc:1494] Marginalize 1 states, last time 373046.861326
I0327 11:44:03.477226  5835 ic_gvins.cc:534] Optimization costs 30.9304 ms with 16.4807 and 11.3094 with marginalization costs 0.965063
I0327 11:44:03.483865  5833 misc.cc:229] Redo INS mechanization at 373048.861086 to 373049.072225 is 0.211138 s
I0327 11:44:03.483896  5833 ic_gvins.cc:811] Insert keyframe 158 at 373048.960935 with 12 new mappoints
I0327 11:44:03.484047  5833 ic_gvins.cc:816] Add new keyframe time node at 373048.960935
I0327 11:44:03.484090  5835 ic_gvins.cc:1917] Total 16 pose states from 373046.861326 to 373048.960935
I0327 11:44:03.485282  5835 ic_gvins.cc:1241] Add 15 preintegration, 0 GNSS, 431 reprojection
I0327 11:44:03.487704  5834 tracking.cc:451] Track 35 map points
I0327 11:44:03.489444  5834 tracking.cc:570] Track 51 reference points
I0327 11:44:03.489460  5834 tracking.cc:278] Keyframe at 373049.061203, mappoints 35, interval 0.100268, parallax 18.1417
I0327 11:44:03.489548  5834 tracking.cc:799] Triangulate 24 3D points with 27 left, 0 reset, 0 outtime and 0 outliers
I0327 11:44:03.491685  5834 tracking.cc:691] Add 127 new features to 86
I0327 11:44:03.491876  5834 ic_gvins.cc:610] Tracking cost 8.012 ms
I0327 11:44:03.495887  5835 ic_gvins.cc:1250] Ceres Solver Report: Iterations: 6, Initial cost: 2.651693e+02, Final cost: 2.577776e+02, Termination: NO_CONVERGENCE
I0327 11:44:03.495992  5835 ic_gvins.cc:1360] Remove 0 reprojection factors
I0327 11:44:03.507017  5835 ic_gvins.cc:1284] Ceres Solver Report: Iterations: 13, Initial cost: 2.577776e+02, Final cost: 2.577635e+02, Termination: CONVERGENCE
I0327 11:44:03.507184  5835 ic_gvins.cc:1188] Culled 0 mappoint with 0 bad observed features 0, 0, 0
I0327 11:44:03.507455  5835 ic_gvins.cc:1494] Marginalize 1 states, last time 373046.961330
I0327 11:44:03.508132  5835 ic_gvins.cc:534] Optimization costs 24.0527 ms with 10.6143 and 11.0315 with marginalization costs 0.657234
I0327 11:44:03.521646  5833 misc.cc:229] Redo INS mechanization at 373048.960935 to 373049.172192 is 0.211258 s
I0327 11:44:03.521698  5833 ic_gvins.cc:811] Insert keyframe 159 at 373049.061203 with 24 new mappoints
I0327 11:44:03.521899  5833 ic_gvins.cc:816] Add new keyframe time node at 373049.061203
I0327 11:44:03.522037  5835 ic_gvins.cc:1917] Total 16 pose states from 373046.961330 to 373049.061203
I0327 11:44:03.523481  5834 tracking.cc:451] Track 45 map points
I0327 11:44:03.523818  5835 ic_gvins.cc:1241] Add 15 preintegration, 0 GNSS, 474 reprojection
I0327 11:44:03.527647  5834 tracking.cc:570] Track 50 reference points
I0327 11:44:03.530125  5834 tracking.cc:691] Add 119 new features to 95
I0327 11:44:03.532241  5835 ic_gvins.cc:1250] Ceres Solver Report: Iterations: 6, Initial cost: 5.134778e+02, Final cost: 3.021023e+02, Termination: NO_CONVERGENCE
I0327 11:44:03.532372  5835 ic_gvins.cc:1360] Remove 1 reprojection factors
I0327 11:44:03.533845  5835 ic_gvins.cc:1284] Ceres Solver Report: Iterations: 1, Initial cost: 2.372509e+02, Final cost: 2.372509e+02, Termination: CONVERGENCE
I0327 11:44:03.534034  5835 ic_gvins.cc:1188] Culled 3 mappoint with 1 bad observed features 0, 1, 2
I0327 11:44:03.534349  5835 ic_gvins.cc:1494] Marginalize 1 states, last time 373047.162985
I0327 11:44:03.534891  5835 ic_gvins.cc:534] Optimization costs 12.8634 ms with 8.44316 and 1.47989 with marginalization costs 0.544105
I0327 11:44:03.560945  5833 misc.cc:229] Redo INS mechanization at 373049.061203 to 373049.272185 is 0.210983 s
I0327 11:44:03.562659  5834 tracking.cc:451] Track 37 map points
I0327 11:44:03.564549  5834 tracking.cc:570] Track 46 reference points
I0327 11:44:03.564556  5834 tracking.cc:278] Keyframe at 373049.261054, mappoints 37, interval 0.199851, parallax 29.7497
I0327 11:44:03.564617  5834 tracking.cc:799] Triangulate 12 3D points with 33 left, 18 reset, 0 outtime and 1 outliers
I0327 11:44:03.566987  5834 tracking.cc:691] Add 132 new features to 82
I0327 11:44:03.567126  5834 ic_gvins.cc:610] Tracking cost 6.29163 ms
I0327 11:44:03.600368  5833 ic_gvins.cc:811] Insert keyframe 160 at 373049.261054 with 12 new mappoints
I0327 11:44:03.600888  5833 ic_gvins.cc:816] Add new keyframe time node at 373049.261054
I0327 11:44:03.600942  5835 ic_gvins.cc:1917] Total 16 pose states from 373047.162985 to 373049.261054
I0327 11:44:03.602272  5834 tracking.cc:451] Track 42 map points
I0327 11:44:03.602543  5835 ic_gvins.cc:1241] Add 15 preintegration, 0 GNSS, 507 reprojection
I0327 11:44:03.603996  5834 tracking.cc:570] Track 40 reference points
I0327 11:44:03.606503  5834 tracking.cc:691] Add 133 new features to 82
I0327 11:44:03.611400  5835 ic_gvins.cc:1250] Ceres Solver Report: Iterations: 6, Initial cost: 2.616072e+03, Final cost: 7.021739e+02, Termination: NO_CONVERGENCE
I0327 11:44:03.611523  5835 ic_gvins.cc:1360] Remove 6 reprojection factors
I0327 11:44:03.623881  5835 ic_gvins.cc:1284] Ceres Solver Report: Iterations: 14, Initial cost: 2.236658e+02, Final cost: 2.234581e+02, Termination: CONVERGENCE
I0327 11:44:03.624079  5835 ic_gvins.cc:1188] Culled 4 mappoint with 5 bad observed features 0, 3, 1
I0327 11:44:03.624367  5835 ic_gvins.cc:1494] Marginalize 1 states, last time 373047.360779
I0327 11:44:03.625298  5835 ic_gvins.cc:534] Optimization costs 24.3627 ms with 8.86477 and 12.3715 with marginalization costs 0.932561
I0327 11:44:03.639449  5833 misc.cc:229] Redo INS mechanization at 373049.261054 to 373049.472169 is 0.211115 s
I0327 11:44:03.641994  5834 tracking.cc:451] Track 35 map points
I0327 11:44:03.644155  5834 tracking.cc:570] Track 48 reference points
I0327 11:44:03.644210  5834 tracking.cc:278] Keyframe at 373049.461157, mappoints 35, interval 0.200103, parallax 28.0756
I0327 11:44:03.644321  5834 tracking.cc:799] Triangulate 17 3D points with 25 left, 15 reset, 5 outtime and 1 outliers
I0327 11:44:03.646960  5834 tracking.cc:691] Add 136 new features to 77
I0327 11:44:03.647081  5834 ic_gvins.cc:610] Tracking cost 7.67159 ms
I0327 11:44:03.678848  5833 ic_gvins.cc:811] Insert keyframe 161 at 373049.461157 with 17 new mappoints
I0327 11:44:03.679363  5833 ic_gvins.cc:816] Add new keyframe time node at 373049.461157
I0327 11:44:03.679584  5835 ic_gvins.cc:1917] Total 16 pose states from 373047.360779 to 373049.461157
I0327 11:44:03.681190  5834 tracking.cc:451] Track 45 map points
I0327 11:44:03.681663  5835 ic_gvins.cc:1241] Add 15 preintegration, 0 GNSS, 512 reprojection
I0327 11:44:03.683466  5834 tracking.cc:570] Track 50 reference points
I0327 11:44:03.683529  5834 tracking.cc:278] Keyframe at 373049.561002, mappoints 45, interval 0.0998454, parallax 15.9546
I0327 11:44:03.683642  5834 tracking.cc:799] Triangulate 20 3D points with 29 left, 0 reset, 0 outtime and 1 outliers
I0327 11:44:03.686667  5834 tracking.cc:691] Add 121 new features to 94
I0327 11:44:03.686841  5834 ic_gvins.cc:610] Tracking cost 8.06929 ms
I0327 11:44:03.691190  5835 ic_gvins.cc:1250] Ceres Solver Report: Iterations: 6, Initial cost: 2.423309e+03, Final cost: 5.110392e+02, Termination: NO_CONVERGENCE
I0327 11:44:03.691313  5835 ic_gvins.cc:1360] Remove 7 reprojection factors
I0327 11:44:03.705264  5835 ic_gvins.cc:1284] Ceres Solver Report: Iterations: 14, Initial cost: 2.244895e+02, Final cost: 2.235514e+02, Termination: CONVERGENCE
I0327 11:44:03.705459  5835 ic_gvins.cc:1188] Culled 4 mappoint with 5 bad observed features 0, 3, 1
I0327 11:44:03.705706  5835 ic_gvins.cc:1494] Marginalize 1 states, last time 373047.461112
I0327 11:44:03.706646  5835 ic_gvins.cc:534] Optimization costs 27.0795 ms with 9.5188 and 13.9581 with marginalization costs 0.9533
I0327 11:44:03.716868  5833 misc.cc:229] Redo INS mechanization at 373049.461157 to 373049.672165 is 0.211008 s
I0327 11:44:03.716961  5833 ic_gvins.cc:811] Insert keyframe 162 at 373049.561002 with 20 new mappoints
I0327 11:44:03.717275  5833 ic_gvins.cc:816] Add new keyframe time node at 373049.561002
I0327 11:44:03.717303  5835 ic_gvins.cc:1917] Total 16 pose states from 373047.461112 to 373049.561002
I0327 11:44:03.721943  5835 ic_gvins.cc:1241] Add 15 preintegration, 0 GNSS, 517 reprojection
I0327 11:44:03.723469  5834 tracking.cc:451] Track 48 map points
I0327 11:44:03.725498  5834 tracking.cc:570] Track 34 reference points
I0327 11:44:03.725504  5834 tracking.cc:278] Keyframe at 373049.660906, mappoints 48, interval 0.0999034, parallax 23.6321
I0327 11:44:03.725555  5834 tracking.cc:799] Triangulate 11 3D points with 22 left, 0 reset, 0 outtime and 1 outliers
I0327 11:44:03.727761  5834 tracking.cc:691] Add 136 new features to 81
I0327 11:44:03.727905  5834 ic_gvins.cc:610] Tracking cost 10.6619 ms
I0327 11:44:03.733548  5835 ic_gvins.cc:1250] Ceres Solver Report: Iterations: 6, Initial cost: 5.427485e+02, Final cost: 2.775279e+02, Termination: NO_CONVERGENCE
I0327 11:44:03.733723  5835 ic_gvins.cc:1360] Remove 6 reprojection factors
I0327 11:44:03.746053  5835 ic_gvins.cc:1284] Ceres Solver Report: Iterations: 13, Initial cost: 2.215070e+02, Final cost: 2.205638e+02, Termination: CONVERGENCE
I0327 11:44:03.746261  5835 ic_gvins.cc:1188] Culled 4 mappoint with 4 bad observed features 0, 1, 3
I0327 11:44:03.746634  5835 ic_gvins.cc:1494] Marginalize 1 states, last time 373047.560843
I0327 11:44:03.747499  5835 ic_gvins.cc:534] Optimization costs 30.2149 ms with 11.6222 and 12.334 with marginalization costs 0.790588
I0327 11:44:03.754173  5833 misc.cc:229] Redo INS mechanization at 373049.561002 to 373049.772203 is 0.2112 s
I0327 11:44:03.754199  5833 ic_gvins.cc:811] Insert keyframe 163 at 373049.660906 with 11 new mappoints
I0327 11:44:03.754392  5833 ic_gvins.cc:816] Add new keyframe time node at 373049.660906
I0327 11:44:03.756959  5834 tracking.cc:451] Track 39 map points
I0327 11:44:03.760489  5835 ic_gvins.cc:1917] Total 16 pose states from 373047.560843 to 373049.660906
I0327 11:44:03.761327  5834 tracking.cc:570] Track 37 reference points
I0327 11:44:03.761337  5834 tracking.cc:278] Keyframe at 373049.761148, mappoints 39, interval 0.100242, parallax 20.1053
I0327 11:44:03.761389  5834 tracking.cc:799] Triangulate 9 3D points with 28 left, 0 reset, 0 outtime and 0 outliers
I0327 11:44:03.763216  5835 ic_gvins.cc:1241] Add 15 preintegration, 0 GNSS, 536 reprojection
I0327 11:44:03.763604  5834 tracking.cc:691] Add 140 new features to 76
I0327 11:44:03.763696  5834 ic_gvins.cc:610] Tracking cost 9.49105 ms
I0327 11:44:03.769842  5835 ic_gvins.cc:1250] Ceres Solver Report: Iterations: 6, Initial cost: 2.473284e+02, Final cost: 2.246065e+02, Termination: NO_CONVERGENCE
I0327 11:44:03.769969  5835 ic_gvins.cc:1360] Remove 2 reprojection factors
I0327 11:44:03.782395  5835 ic_gvins.cc:1284] Ceres Solver Report: Iterations: 13, Initial cost: 2.167934e+02, Final cost: 2.166633e+02, Termination: CONVERGENCE
I0327 11:44:03.782598  5835 ic_gvins.cc:1188] Culled 1 mappoint with 2 bad observed features 0, 0, 1
I0327 11:44:03.782944  5835 ic_gvins.cc:1494] Marginalize 1 states, last time 373047.761097
I0327 11:44:03.783645  5835 ic_gvins.cc:534] Optimization costs 23.187 ms with 6.61212 and 12.4385 with marginalization costs 0.687808
I0327 11:44:03.791558  5833 misc.cc:229] Redo INS mechanization at 373049.660906 to 373049.872176 is 0.21127 s
I0327 11:44:03.791585  5833 ic_gvins.cc:811] Insert keyframe 164 at 373049.761148 with 9 new mappoints
I0327 11:44:03.791776  5833 ic_gvins.cc:816] Add new keyframe time node at 373049.761148
I0327 11:44:03.793306  5834 tracking.cc:451] Track 35 map points
I0327 11:44:03.795156  5834 tracking.cc:570] Track 37 reference points
I0327 11:44:03.795164  5834 tracking.cc:278] Keyframe at 373049.861157, mappoints 35, interval 0.100009, parallax 22.3908
I0327 11:44:03.795212  5834 tracking.cc:799] Triangulate 9 3D points with 26 left, 0 reset, 0 outtime and 2 outliers
I0327 11:44:03.795739  5835 ic_gvins.cc:1917] Total 16 pose states from 373047.761097 to 373049.761148
I0327 11:44:03.797422  5834 tracking.cc:691] Add 148 new features to 70
I0327 11:44:03.797649  5835 ic_gvins.cc:1241] Add 15 preintegration, 0 GNSS, 550 reprojection
I0327 11:44:03.797638  5834 ic_gvins.cc:610] Tracking cost 6.05066 ms
I0327 11:44:03.805671  5835 ic_gvins.cc:1250] Ceres Solver Report: Iterations: 6, Initial cost: 9.925267e+02, Final cost: 2.949569e+02, Termination: NO_CONVERGENCE
I0327 11:44:03.805824  5835 ic_gvins.cc:1360] Remove 3 reprojection factors
I0327 11:44:03.818500  5835 ic_gvins.cc:1284] Ceres Solver Report: Iterations: 13, Initial cost: 2.186268e+02, Final cost: 2.184796e+02, Termination: CONVERGENCE
I0327 11:44:03.818696  5835 ic_gvins.cc:1188] Culled 5 mappoint with 3 bad observed features 0, 1, 4
I0327 11:44:03.819033  5835 ic_gvins.cc:1494] Marginalize 1 states, last time 373047.961120
I0327 11:44:03.819830  5835 ic_gvins.cc:534] Optimization costs 24.1261 ms with 8.00375 and 12.6828 with marginalization costs 0.770346
I0327 11:44:03.828807  5833 misc.cc:229] Redo INS mechanization at 373049.761148 to 373049.972195 is 0.211047 s
I0327 11:44:03.828833  5833 ic_gvins.cc:811] Insert keyframe 165 at 373049.861157 with 9 new mappoints
I0327 11:44:03.829056  5833 ic_gvins.cc:816] Add new keyframe time node at 373049.861157
I0327 11:44:03.829103  5835 ic_gvins.cc:1917] Total 16 pose states from 373047.961120 to 373049.861157
I0327 11:44:03.830401  5834 tracking.cc:451] Track 34 map points
I0327 11:44:03.830579  5835 ic_gvins.cc:1241] Add 15 preintegration, 0 GNSS, 525 reprojection
I0327 11:44:03.832504  5834 tracking.cc:570] Track 40 reference points
