I0327 11:44:07.905827  5834 tracking.cc:278] Keyframe at 373060.761008, mappoints 34, interval 0.199822, parallax 30.6388
I0327 11:44:07.905916  5834 tracking.cc:799] Triangulate 12 3D points with 42 left, 20 reset, 0 outtime and 0 outliers
I0327 11:44:07.910110  5834 tracking.cc:691] Add 133 new features to 88
I0327 11:44:07.910231  5834 ic_gvins.cc:610] Tracking cost 8.03984 ms
I0327 11:44:07.939841  5833 ic_gvins.cc:811] Insert keyframe 248 at 373060.761008 with 12 new mappoints
I0327 11:44:07.940209  5833 ic_gvins.cc:816] Add new keyframe time node at 373060.761008
I0327 11:44:07.940315  5835 ic_gvins.cc:1917] Total 16 pose states from 373057.961288 to 373060.761008
I0327 11:44:07.941208  5835 ic_gvins.cc:1241] Add 15 preintegration, 0 GNSS, 351 reprojection
I0327 11:44:07.942595  5834 tracking.cc:451] Track 39 map points
I0327 11:44:07.944437  5834 tracking.cc:570] Track 57 reference points
I0327 11:44:07.946704  5834 tracking.cc:691] Add 119 new features to 96
I0327 11:44:07.950412  5835 ic_gvins.cc:1250] Ceres Solver Report: Iterations: 6, Initial cost: 5.225254e+03, Final cost: 8.719542e+02, Termination: NO_CONVERGENCE
I0327 11:44:07.950533  5835 ic_gvins.cc:1360] Remove 9 reprojection factors
I0327 11:44:07.960896  5835 ic_gvins.cc:1284] Ceres Solver Report: Iterations: 13, Initial cost: 2.685536e+02, Final cost: 2.663060e+02, Termination: CONVERGENCE
I0327 11:44:07.961256  5835 ic_gvins.cc:1188] Culled 3 mappoint with 9 bad observed features 0, 2, 1
I0327 11:44:07.961663  5835 ic_gvins.cc:1494] Marginalize 1 states, last time 373058.161424
I0327 11:44:07.962822  5835 ic_gvins.cc:534] Optimization costs 22.5177 ms with 9.23258 and 10.3791 with marginalization costs 1.24766
I0327 11:44:07.977244  5833 misc.cc:229] Redo INS mechanization at 373060.761008 to 373060.971713 is 0.210705 s
I0327 11:44:07.979219  5834 tracking.cc:451] Track 32 map points
I0327 11:44:07.981213  5834 tracking.cc:570] Track 63 reference points
I0327 11:44:07.981221  5834 tracking.cc:278] Keyframe at 373060.961140, mappoints 32, interval 0.200133, parallax 19.3956
I0327 11:44:07.981281  5834 tracking.cc:799] Triangulate 10 3D points with 51 left, 27 reset, 0 outtime and 2 outliers
I0327 11:44:07.983536  5834 tracking.cc:691] Add 123 new features to 93
I0327 11:44:07.983624  5834 ic_gvins.cc:610] Tracking cost 5.91327 ms
I0327 11:44:08.014623  5833 ic_gvins.cc:811] Insert keyframe 249 at 373060.961140 with 10 new mappoints
I0327 11:44:08.014989  5833 ic_gvins.cc:816] Add new keyframe time node at 373060.961140
I0327 11:44:08.015007  5835 ic_gvins.cc:1917] Total 16 pose states from 373058.161424 to 373060.961140
I0327 11:44:08.016294  5835 ic_gvins.cc:1241] Add 15 preintegration, 0 GNSS, 358 reprojection
I0327 11:44:08.016832  5834 tracking.cc:451] Track 39 map points
I0327 11:44:08.018764  5834 tracking.cc:570] Track 62 reference points
I0327 11:44:08.020898  5834 tracking.cc:691] Add 117 new features to 101
I0327 11:44:08.025336  5835 ic_gvins.cc:1250] Ceres Solver Report: Iterations: 6, Initial cost: 2.850458e+04, Final cost: 1.708704e+03, Termination: NO_CONVERGENCE
I0327 11:44:08.025453  5835 ic_gvins.cc:1360] Remove 10 reprojection factors
I0327 11:44:08.038257  5835 ic_gvins.cc:1284] Ceres Solver Report: Iterations: 13, Initial cost: 2.706902e+02, Final cost: 2.681373e+02, Termination: CONVERGENCE
I0327 11:44:08.038421  5835 ic_gvins.cc:1188] Culled 6 mappoint with 10 bad observed features 0, 3, 3
I0327 11:44:08.038664  5835 ic_gvins.cc:1494] Marginalize 1 states, last time 373058.361022
I0327 11:44:08.039836  5835 ic_gvins.cc:534] Optimization costs 24.8382 ms with 9.05648 and 12.8167 with marginalization costs 1.15437
I0327 11:44:08.052088  5833 misc.cc:229] Redo INS mechanization at 373060.961140 to 373061.171754 is 0.210613 s
I0327 11:44:08.053624  5834 tracking.cc:451] Track 30 map points
I0327 11:44:08.055475  5834 tracking.cc:570] Track 71 reference points
I0327 11:44:08.055483  5834 tracking.cc:278] Keyframe at 373061.160949, mappoints 30, interval 0.199808, parallax 17.5229
I0327 11:44:08.055565  5834 tracking.cc:799] Triangulate 19 3D points with 48 left, 28 reset, 1 outtime and 3 outliers
I0327 11:44:08.057628  5834 tracking.cc:691] Add 123 new features to 97
I0327 11:44:08.057762  5834 ic_gvins.cc:610] Tracking cost 5.71829 ms
I0327 11:44:08.089416  5833 ic_gvins.cc:811] Insert keyframe 250 at 373061.160949 with 19 new mappoints
I0327 11:44:08.089792  5833 ic_gvins.cc:816] Add new keyframe time node at 373061.160949
I0327 11:44:08.089823  5835 ic_gvins.cc:1917] Total 16 pose states from 373058.361022 to 373061.160949
I0327 11:44:08.090893  5835 ic_gvins.cc:1241] Add 15 preintegration, 0 GNSS, 359 reprojection
I0327 11:44:08.091516  5834 tracking.cc:451] Track 45 map points
I0327 11:44:08.093448  5834 tracking.cc:570] Track 59 reference points
I0327 11:44:08.103843  5834 tracking.cc:691] Add 116 new features to 104
I0327 11:44:08.107424  5835 ic_gvins.cc:1250] Ceres Solver Report: Iterations: 6, Initial cost: 1.531083e+03, Final cost: 7.100657e+02, Termination: NO_CONVERGENCE
I0327 11:44:08.107527  5835 ic_gvins.cc:1360] Remove 8 reprojection factors
I0327 11:44:08.120249  5835 ic_gvins.cc:1284] Ceres Solver Report: Iterations: 13, Initial cost: 2.674137e+02, Final cost: 2.647596e+02, Termination: CONVERGENCE
I0327 11:44:08.120666  5835 ic_gvins.cc:1188] Culled 1 mappoint with 8 bad observed features 0, 1, 0
I0327 11:44:08.121105  5835 ic_gvins.cc:1494] Marginalize 1 states, last time 373058.561327
I0327 11:44:08.122476  5835 ic_gvins.cc:534] Optimization costs 32.6619 ms with 16.5281 and 12.7933 with marginalization costs 1.42446
I0327 11:44:08.127215  5833 misc.cc:229] Redo INS mechanization at 373061.160949 to 373061.371747 is 0.210798 s
I0327 11:44:08.128948  5834 tracking.cc:451] Track 37 map points
I0327 11:44:08.131105  5834 tracking.cc:570] Track 62 reference points
I0327 11:44:08.131120  5834 tracking.cc:278] Keyframe at 373061.361062, mappoints 37, interval 0.200113, parallax 19.2658
I0327 11:44:08.131206  5834 tracking.cc:799] Triangulate 18 3D points with 44 left, 23 reset, 0 outtime and 0 outliers
I0327 11:44:08.133994  5834 tracking.cc:691] Add 120 new features to 99
I0327 11:44:08.134152  5834 ic_gvins.cc:610] Tracking cost 6.91029 ms
I0327 11:44:08.166332  5833 ic_gvins.cc:811] Insert keyframe 251 at 373061.361062 with 18 new mappoints
I0327 11:44:08.166764  5833 ic_gvins.cc:816] Add new keyframe time node at 373061.361062
I0327 11:44:08.167248  5835 ic_gvins.cc:1917] Total 16 pose states from 373058.561327 to 373061.361062
I0327 11:44:08.168758  5835 ic_gvins.cc:1241] Add 15 preintegration, 0 GNSS, 375 reprojection
I0327 11:44:08.171190  5834 tracking.cc:451] Track 50 map points
I0327 11:44:08.173718  5834 tracking.cc:570] Track 53 reference points
I0327 11:44:08.175961  5834 tracking.cc:691] Add 122 new features to 103
I0327 11:44:08.179244  5835 ic_gvins.cc:1250] Ceres Solver Report: Iterations: 6, Initial cost: 1.756974e+04, Final cost: 7.532701e+02, Termination: NO_CONVERGENCE
I0327 11:44:08.179347  5835 ic_gvins.cc:1360] Remove 7 reprojection factors
I0327 11:44:08.191237  5835 ic_gvins.cc:1284] Ceres Solver Report: Iterations: 13, Initial cost: 2.735902e+02, Final cost: 2.713639e+02, Termination: CONVERGENCE
I0327 11:44:08.191392  5835 ic_gvins.cc:1188] Culled 2 mappoint with 7 bad observed features 0, 2, 0
I0327 11:44:08.191613  5835 ic_gvins.cc:1494] Marginalize 1 states, last time 373058.661284
I0327 11:44:08.192592  5835 ic_gvins.cc:534] Optimization costs 25.3691 ms with 10.4968 and 11.8962 with marginalization costs 0.979911
I0327 11:44:08.205521  5833 misc.cc:229] Redo INS mechanization at 373061.361062 to 373061.571717 is 0.210655 s
I0327 11:44:08.208197  5834 tracking.cc:451] Track 41 map points
I0327 11:44:08.210083  5834 tracking.cc:570] Track 60 reference points
I0327 11:44:08.210093  5834 tracking.cc:278] Keyframe at 373061.561136, mappoints 41, interval 0.200074, parallax 24.8012
I0327 11:44:08.210166  5834 tracking.cc:799] Triangulate 16 3D points with 43 left, 26 reset, 0 outtime and 1 outliers
I0327 11:44:08.212421  5834 tracking.cc:691] Add 125 new features to 100
I0327 11:44:08.212513  5834 ic_gvins.cc:610] Tracking cost 7.14146 ms
I0327 11:44:08.243590  5833 ic_gvins.cc:811] Insert keyframe 252 at 373061.561136 with 16 new mappoints
I0327 11:44:08.244169  5833 ic_gvins.cc:816] Add new keyframe time node at 373061.561136
I0327 11:44:08.244916  5835 ic_gvins.cc:1917] Total 16 pose states from 373058.661284 to 373061.561136
I0327 11:44:08.247299  5834 tracking.cc:451] Track 49 map points
I0327 11:44:08.248137  5835 ic_gvins.cc:1241] Add 15 preintegration, 0 GNSS, 400 reprojection
I0327 11:44:08.249585  5834 tracking.cc:570] Track 54 reference points
I0327 11:44:08.251765  5834 tracking.cc:691] Add 116 new features to 103
I0327 11:44:08.256289  5835 ic_gvins.cc:1250] Ceres Solver Report: Iterations: 6, Initial cost: 3.872704e+04, Final cost: 1.226066e+03, Termination: NO_CONVERGENCE
I0327 11:44:08.256393  5835 ic_gvins.cc:1360] Remove 10 reprojection factors
I0327 11:44:08.267968  5835 ic_gvins.cc:1284] Ceres Solver Report: Iterations: 13, Initial cost: 2.849869e+02, Final cost: 2.819406e+02, Termination: CONVERGENCE
I0327 11:44:08.268137  5835 ic_gvins.cc:1188] Culled 6 mappoint with 10 bad observed features 0, 4, 2
I0327 11:44:08.268424  5835 ic_gvins.cc:1494] Marginalize 1 states, last time 373058.861288
I0327 11:44:08.269170  5835 ic_gvins.cc:534] Optimization costs 24.2725 ms with 8.15887 and 11.5885 with marginalization costs 0.726404
I0327 11:44:08.281316  5833 misc.cc:229] Redo INS mechanization at 373061.561136 to 373061.771720 is 0.210584 s
I0327 11:44:08.286808  5834 tracking.cc:451] Track 38 map points
I0327 11:44:08.289083  5834 tracking.cc:570] Track 52 reference points
I0327 11:44:08.289093  5834 tracking.cc:278] Keyframe at 373061.761102, mappoints 38, interval 0.199966, parallax 23.8027
I0327 11:44:08.289152  5834 tracking.cc:799] Triangulate 8 3D points with 42 left, 21 reset, 0 outtime and 2 outliers
I0327 11:44:08.291229  5834 tracking.cc:691] Add 132 new features to 88
I0327 11:44:08.291360  5834 ic_gvins.cc:610] Tracking cost 9.81605 ms
I0327 11:44:08.318820  5833 ic_gvins.cc:811] Insert keyframe 253 at 373061.761102 with 8 new mappoints
I0327 11:44:08.319237  5833 ic_gvins.cc:816] Add new keyframe time node at 373061.761102
I0327 11:44:08.319272  5835 ic_gvins.cc:1917] Total 16 pose states from 373058.861288 to 373061.761102
I0327 11:44:08.320519  5834 tracking.cc:451] Track 35 map points
I0327 11:44:08.320678  5835 ic_gvins.cc:1241] Add 15 preintegration, 0 GNSS, 411 reprojection
I0327 11:44:08.323385  5834 tracking.cc:570] Track 60 reference points
I0327 11:44:08.326258  5834 tracking.cc:691] Add 128 new features to 95
I0327 11:44:08.332743  5835 ic_gvins.cc:1250] Ceres Solver Report: Iterations: 6, Initial cost: 4.185470e+03, Final cost: 7.495497e+02, Termination: NO_CONVERGENCE
I0327 11:44:08.332856  5835 ic_gvins.cc:1360] Remove 11 reprojection factors
I0327 11:44:08.344058  5835 ic_gvins.cc:1284] Ceres Solver Report: Iterations: 13, Initial cost: 2.862002e+02, Final cost: 2.824012e+02, Termination: CONVERGENCE
I0327 11:44:08.344223  5835 ic_gvins.cc:1188] Culled 4 mappoint with 10 bad observed features 0, 2, 2
I0327 11:44:08.344448  5835 ic_gvins.cc:1494] Marginalize 1 states, last time 373059.061966
I0327 11:44:08.345268  5835 ic_gvins.cc:534] Optimization costs 26.0091 ms with 12.0711 and 11.2086 with marginalization costs 0.82103
I0327 11:44:08.356292  5833 misc.cc:229] Redo INS mechanization at 373061.761102 to 373061.971747 is 0.210645 s
I0327 11:44:08.358898  5834 tracking.cc:451] Track 21 map points
I0327 11:44:08.360875  5834 tracking.cc:570] Track 60 reference points
I0327 11:44:08.360885  5834 tracking.cc:278] Keyframe at 373061.960934, mappoints 21, interval 0.199832, parallax 26.6046
I0327 11:44:08.361007  5834 tracking.cc:799] Triangulate 20 3D points with 37 left, 22 reset, 0 outtime and 3 outliers
I0327 11:44:08.363842  5834 tracking.cc:691] Add 146 new features to 78
I0327 11:44:08.364279  5834 ic_gvins.cc:610] Tracking cost 7.60122 ms
I0327 11:44:08.393697  5833 ic_gvins.cc:811] Insert keyframe 254 at 373061.960934 with 20 new mappoints
I0327 11:44:08.394099  5833 ic_gvins.cc:816] Add new keyframe time node at 373061.960934
I0327 11:44:08.394213  5835 ic_gvins.cc:1917] Total 16 pose states from 373059.061966 to 373061.960934
I0327 11:44:08.395509  5835 ic_gvins.cc:1241] Add 15 preintegration, 0 GNSS, 395 reprojection
I0327 11:44:08.396571  5834 tracking.cc:451] Track 31 map points
I0327 11:44:08.398355  5834 tracking.cc:570] Track 57 reference points
I0327 11:44:08.401064  5834 tracking.cc:691] Add 135 new features to 88
I0327 11:44:08.406827  5835 ic_gvins.cc:1250] Ceres Solver Report: Iterations: 6, Initial cost: 6.990690e+04, Final cost: 1.946269e+03, Termination: NO_CONVERGENCE
I0327 11:44:08.407109  5835 ic_gvins.cc:1360] Remove 11 reprojection factors
I0327 11:44:08.418558  5835 ic_gvins.cc:1284] Ceres Solver Report: Iterations: 13, Initial cost: 2.868624e+02, Final cost: 2.854042e+02, Termination: CONVERGENCE
I0327 11:44:08.418820  5835 ic_gvins.cc:1188] Culled 8 mappoint with 11 bad observed features 0, 7, 1
I0327 11:44:08.419174  5835 ic_gvins.cc:1494] Marginalize 1 states, last time 373059.261246
I0327 11:44:08.420585  5835 ic_gvins.cc:534] Optimization costs 26.3818 ms with 11.414 and 11.4557 with marginalization costs 1.46726
I0327 11:44:08.431108  5833 misc.cc:229] Redo INS mechanization at 373061.960934 to 373062.171711 is 0.210777 s
I0327 11:44:08.432672  5834 tracking.cc:451] Track 19 map points
I0327 11:44:08.434751  5834 tracking.cc:570] Track 57 reference points
I0327 11:44:08.434764  5834 tracking.cc:278] Keyframe at 373062.161091, mappoints 19, interval 0.200158, parallax 17.1306
I0327 11:44:08.434823  5834 tracking.cc:799] Triangulate 12 3D points with 44 left, 24 reset, 0 outtime and 1 outliers
I0327 11:44:08.438524  5834 tracking.cc:691] Add 149 new features to 75
I0327 11:44:08.438640  5834 ic_gvins.cc:610] Tracking cost 7.37684 ms
I0327 11:44:08.468547  5833 ic_gvins.cc:811] Insert keyframe 255 at 373062.161091 with 12 new mappoints
I0327 11:44:08.468963  5833 ic_gvins.cc:816] Add new keyframe time node at 373062.161091
I0327 11:44:08.469063  5835 ic_gvins.cc:1917] Total 16 pose states from 373059.261246 to 373062.161091
I0327 11:44:08.470127  5835 ic_gvins.cc:1241] Add 15 preintegration, 0 GNSS, 380 reprojection
I0327 11:44:08.472445  5834 tracking.cc:451] Track 27 map points
I0327 11:44:08.476308  5834 tracking.cc:570] Track 61 reference points
I0327 11:44:08.478900  5834 tracking.cc:691] Add 135 new features to 88
I0327 11:44:08.479683  5835 ic_gvins.cc:1250] Ceres Solver Report: Iterations: 6, Initial cost: 1.110715e+04, Final cost: 5.115847e+02, Termination: NO_CONVERGENCE
I0327 11:44:08.479801  5835 ic_gvins.cc:1360] Remove 4 reprojection factors
I0327 11:44:08.495257  5835 ic_gvins.cc:1284] Ceres Solver Report: Iterations: 13, Initial cost: 2.862182e+02, Final cost: 2.858882e+02, Termination: CONVERGENCE
I0327 11:44:08.495432  5835 ic_gvins.cc:1188] Culled 3 mappoint with 3 bad observed features 0, 2, 1
I0327 11:44:08.495669  5835 ic_gvins.cc:1494] Marginalize 1 states, last time 373059.461157
I0327 11:44:08.496816  5835 ic_gvins.cc:534] Optimization costs 27.7618 ms with 9.56391 and 15.4655 with marginalization costs 1.14169
I0327 11:44:08.506049  5833 misc.cc:229] Redo INS mechanization at 373062.161091 to 373062.371662 is 0.210571 s
I0327 11:44:08.507476  5834 tracking.cc:451] Track 21 map points
I0327 11:44:08.509315  5834 tracking.cc:570] Track 67 reference points
I0327 11:44:08.509322  5834 tracking.cc:278] Keyframe at 373062.361016, mappoints 21, interval 0.199925, parallax 18.6112
I0327 11:44:08.509436  5834 tracking.cc:799] Triangulate 13 3D points with 47 left, 24 reset, 1 outtime and 6 outliers
I0327 11:44:08.511942  5834 tracking.cc:691] Add 145 new features to 81
I0327 11:44:08.512041  5834 ic_gvins.cc:610] Tracking cost 6.05432 ms
I0327 11:44:08.544167  5833 ic_gvins.cc:811] Insert keyframe 256 at 373062.361016 with 13 new mappoints
I0327 11:44:08.544585  5833 ic_gvins.cc:816] Add new keyframe time node at 373062.361016
I0327 11:44:08.544611  5835 ic_gvins.cc:1917] Total 16 pose states from 373059.461157 to 373062.361016
I0327 11:44:08.546093  5835 ic_gvins.cc:1241] Add 15 preintegration, 0 GNSS, 375 reprojection
I0327 11:44:08.546113  5834 tracking.cc:451] Track 30 map points
I0327 11:44:08.548442  5834 tracking.cc:570] Track 65 reference points
I0327 11:44:08.552199  5834 tracking.cc:691] Add 130 new features to 95
I0327 11:44:08.556591  5835 ic_gvins.cc:1250] Ceres Solver Report: Iterations: 6, Initial cost: 1.487027e+04, Final cost: 5.641089e+02, Termination: NO_CONVERGENCE
I0327 11:44:08.556694  5835 ic_gvins.cc:1360] Remove 3 reprojection factors
I0327 11:44:08.570495  5835 ic_gvins.cc:1284] Ceres Solver Report: Iterations: 13, Initial cost: 2.841919e+02, Final cost: 2.840356e+02, Termination: CONVERGENCE
I0327 11:44:08.570662  5835 ic_gvins.cc:1188] Culled 5 mappoint with 2 bad observed features 0, 2, 3
I0327 11:44:08.570907  5835 ic_gvins.cc:1494] Marginalize 1 states, last time 373059.661210
I0327 11:44:08.571836  5835 ic_gvins.cc:534] Optimization costs 27.2384 ms with 10.5006 and 13.8144 with marginalization costs 0.918347
I0327 11:44:08.581753  5833 misc.cc:229] Redo INS mechanization at 373062.361016 to 373062.571714 is 0.210698 s
I0327 11:44:08.584414  5834 tracking.cc:451] Track 26 map points
I0327 11:44:08.586524  5834 tracking.cc:570] Track 82 reference points
I0327 11:44:08.586532  5834 tracking.cc:278] Keyframe at 373062.560962, mappoints 26, interval 0.199946, parallax 18.367
I0327 11:44:08.586613  5834 tracking.cc:799] Triangulate 18 3D points with 64 left, 34 reset, 0 outtime and 0 outliers
I0327 11:44:08.589071  5834 tracking.cc:691] Add 116 new features to 108
I0327 11:44:08.589221  5834 ic_gvins.cc:610] Tracking cost 7.53991 ms
I0327 11:44:08.619261  5833 ic_gvins.cc:811] Insert keyframe 257 at 373062.560962 with 18 new mappoints
I0327 11:44:08.619673  5833 ic_gvins.cc:816] Add new keyframe time node at 373062.560962
I0327 11:44:08.619764  5835 ic_gvins.cc:1917] Total 16 pose states from 373059.661210 to 373062.560962
I0327 11:44:08.620795  5834 tracking.cc:451] Track 39 map points
I0327 11:44:08.621028  5835 ic_gvins.cc:1241] Add 15 preintegration, 0 GNSS, 388 reprojection
I0327 11:44:08.624154  5834 tracking.cc:570] Track 59 reference points
I0327 11:44:08.626439  5834 tracking.cc:691] Add 127 new features to 98
I0327 11:44:08.630509  5835 ic_gvins.cc:1250] Ceres Solver Report: Iterations: 6, Initial cost: 4.348351e+04, Final cost: 1.388835e+03, Termination: NO_CONVERGENCE
I0327 11:44:08.630615  5835 ic_gvins.cc:1360] Remove 8 reprojection factors
I0327 11:44:08.641744  5835 ic_gvins.cc:1284] Ceres Solver Report: Iterations: 13, Initial cost: 2.710074e+02, Final cost: 2.709630e+02, Termination: CONVERGENCE
I0327 11:44:08.641970  5835 ic_gvins.cc:1188] Culled 8 mappoint with 7 bad observed features 0, 7, 1
I0327 11:44:08.642405  5835 ic_gvins.cc:1494] Marginalize 1 states, last time 373059.861150
I0327 11:44:08.644045  5835 ic_gvins.cc:534] Optimization costs 24.2884 ms with 9.49041 and 11.1429 with marginalization costs 1.6426
I0327 11:44:08.656801  5833 misc.cc:229] Redo INS mechanization at 373062.560962 to 373062.771635 is 0.210674 s
I0327 11:44:08.658370  5834 tracking.cc:451] Track 27 map points
I0327 11:44:08.660145  5834 tracking.cc:570] Track 82 reference points
I0327 11:44:08.660152  5834 tracking.cc:278] Keyframe at 373062.761240, mappoints 27, interval 0.200278, parallax 19.7861
I0327 11:44:08.660239  5834 tracking.cc:799] Triangulate 25 3D points with 57 left, 35 reset, 0 outtime and 0 outliers
I0327 11:44:08.662441  5834 tracking.cc:691] Add 113 new features to 109
I0327 11:44:08.662528  5834 ic_gvins.cc:610] Tracking cost 5.79925 ms
I0327 11:44:08.694311  5833 ic_gvins.cc:811] Insert keyframe 258 at 373062.761240 with 25 new mappoints
I0327 11:44:08.694680  5833 ic_gvins.cc:816] Add new keyframe time node at 373062.761240
I0327 11:44:08.694695  5835 ic_gvins.cc:1917] Total 16 pose states from 373059.861150 to 373062.761240
I0327 11:44:08.696002  5835 ic_gvins.cc:1241] Add 15 preintegration, 0 GNSS, 380 reprojection
I0327 11:44:08.696350  5834 tracking.cc:451] Track 42 map points
I0327 11:44:08.698172  5834 tracking.cc:570] Track 56 reference points
I0327 11:44:08.700388  5834 tracking.cc:691] Add 126 new features to 98
I0327 11:44:08.705947  5835 ic_gvins.cc:1250] Ceres Solver Report: Iterations: 6, Initial cost: 5.170639e+04, Final cost: 1.247155e+03, Termination: NO_CONVERGENCE
I0327 11:44:08.706061  5835 ic_gvins.cc:1360] Remove 6 reprojection factors
I0327 11:44:08.718194  5835 ic_gvins.cc:1284] Ceres Solver Report: Iterations: 13, Initial cost: 2.649592e+02, Final cost: 2.649263e+02, Termination: CONVERGENCE
I0327 11:44:08.718354  5835 ic_gvins.cc:1188] Culled 8 mappoint with 5 bad observed features 0, 5, 3
I0327 11:44:08.718549  5835 ic_gvins.cc:1494] Marginalize 1 states, last time 373060.061226
I0327 11:44:08.719658  5835 ic_gvins.cc:534] Optimization costs 24.9706 ms with 9.96013 and 12.1415 with marginalization costs 1.10655
I0327 11:44:08.732199  5833 misc.cc:229] Redo INS mechanization at 373062.761240 to 373062.971644 is 0.210404 s
I0327 11:44:08.734385  5834 tracking.cc:451] Track 34 map points
I0327 11:44:08.736220  5834 tracking.cc:570] Track 62 reference points
I0327 11:44:08.736294  5834 tracking.cc:278] Keyframe at 373062.961155, mappoints 34, interval 0.199916, parallax 18.6716
I0327 11:44:08.736383  5834 tracking.cc:799] Triangulate 10 3D points with 52 left, 26 reset, 0 outtime and 0 outliers
I0327 11:44:08.738720  5834 tracking.cc:691] Add 127 new features to 96
I0327 11:44:08.738873  5834 ic_gvins.cc:610] Tracking cost 6.22214 ms
I0327 11:44:08.769652  5833 ic_gvins.cc:811] Insert keyframe 259 at 373062.961155 with 10 new mappoints
I0327 11:44:08.770134  5833 ic_gvins.cc:816] Add new keyframe time node at 373062.961155
I0327 11:44:08.770303  5835 ic_gvins.cc:1917] Total 16 pose states from 373060.061226 to 373062.961155
I0327 11:44:08.771770  5835 ic_gvins.cc:1241] Add 15 preintegration, 0 GNSS, 383 reprojection
I0327 11:44:08.771811  5834 tracking.cc:451] Track 35 map points
I0327 11:44:08.773784  5834 tracking.cc:570] Track 65 reference points
I0327 11:44:08.775998  5834 tracking.cc:691] Add 124 new features to 100
I0327 11:44:08.780999  5835 ic_gvins.cc:1250] Ceres Solver Report: Iterations: 6, Initial cost: 1.026453e+04, Final cost: 6.496175e+02, Termination: NO_CONVERGENCE
I0327 11:44:08.781103  5835 ic_gvins.cc:1360] Remove 6 reprojection factors
I0327 11:44:08.792817  5835 ic_gvins.cc:1284] Ceres Solver Report: Iterations: 13, Initial cost: 2.691771e+02, Final cost: 2.682563e+02, Termination: CONVERGENCE
I0327 11:44:08.792973  5835 ic_gvins.cc:1188] Culled 3 mappoint with 6 bad observed features 0, 3, 0
I0327 11:44:08.793184  5835 ic_gvins.cc:1494] Marginalize 1 states, last time 373060.261039
I0327 11:44:08.794212  5835 ic_gvins.cc:534] Optimization costs 23.9194 ms with 9.23257 and 11.7208 with marginalization costs 1.0165
I0327 11:44:08.809224  5833 misc.cc:229] Redo INS mechanization at 373062.961155 to 373063.171664 is 0.210509 s
I0327 11:44:08.810660  5834 tracking.cc:451] Track 28 map points
I0327 11:44:08.812512  5834 tracking.cc:570] Track 63 reference points
I0327 11:44:08.812568  5834 tracking.cc:278] Keyframe at 373063.161248, mappoints 28, interval 0.200093, parallax 19.328
I0327 11:44:08.812664  5834 tracking.cc:799] Triangulate 13 3D points with 49 left, 18 reset, 0 outtime and 1 outliers
I0327 11:44:08.814769  5834 tracking.cc:691] Add 135 new features to 90
I0327 11:44:08.814878  5834 ic_gvins.cc:610] Tracking cost 5.74223 ms
I0327 11:44:08.848204  5833 ic_gvins.cc:811] Insert keyframe 260 at 373063.161248 with 13 new mappoints
I0327 11:44:08.848644  5833 ic_gvins.cc:816] Add new keyframe time node at 373063.161248
I0327 11:44:08.848680  5835 ic_gvins.cc:1917] Total 16 pose states from 373060.261039 to 373063.161248
I0327 11:44:08.849736  5835 ic_gvins.cc:1241] Add 15 preintegration, 0 GNSS, 392 reprojection
I0327 11:44:08.849949  5834 tracking.cc:451] Track 33 map points
I0327 11:44:08.852543  5834 tracking.cc:570] Track 60 reference points
I0327 11:44:08.854943  5834 tracking.cc:691] Add 132 new features to 93
I0327 11:44:08.859041  5835 ic_gvins.cc:1250] Ceres Solver Report: Iterations: 6, Initial cost: 3.052180e+04, Final cost: 1.000433e+03, Termination: NO_CONVERGENCE
I0327 11:44:08.859148  5835 ic_gvins.cc:1360] Remove 8 reprojection factors
I0327 11:44:08.870824  5835 ic_gvins.cc:1284] Ceres Solver Report: Iterations: 13, Initial cost: 2.817522e+02, Final cost: 2.808043e+02, Termination: CONVERGENCE
I0327 11:44:08.870994  5835 ic_gvins.cc:1188] Culled 8 mappoint with 7 bad observed features 0, 4, 4
I0327 11:44:08.871237  5835 ic_gvins.cc:1494] Marginalize 1 states, last time 373060.461225
I0327 11:44:08.872087  5835 ic_gvins.cc:534] Optimization costs 23.4199 ms with 9.31249 and 11.6878 with marginalization costs 0.833799
I0327 11:44:08.887996  5833 misc.cc:229] Redo INS mechanization at 373063.161248 to 373063.371665 is 0.210417 s
I0327 11:44:08.889568  5834 tracking.cc:451] Track 22 map points
I0327 11:44:08.891505  5834 tracking.cc:570] Track 63 reference points
I0327 11:44:08.891556  5834 tracking.cc:278] Keyframe at 373063.361037, mappoints 22, interval 0.19979, parallax 23.5495
I0327 11:44:08.891670  5834 tracking.cc:799] Triangulate 23 3D points with 40 left, 21 reset, 0 outtime and 0 outliers
I0327 11:44:08.894277  5834 tracking.cc:691] Add 137 new features to 85
I0327 11:44:08.894366  5834 ic_gvins.cc:610] Tracking cost 6.41493 ms
I0327 11:44:08.927409  5833 ic_gvins.cc:811] Insert keyframe 261 at 373063.361037 with 23 new mappoints
I0327 11:44:08.927846  5833 ic_gvins.cc:816] Add new keyframe time node at 373063.361037
I0327 11:44:08.927878  5835 ic_gvins.cc:1917] Total 16 pose states from 373060.461225 to 373063.361037
I0327 11:44:08.929095  5834 tracking.cc:451] Track 41 map points
I0327 11:44:08.929199  5835 ic_gvins.cc:1241] Add 15 preintegration, 0 GNSS, 401 reprojection
I0327 11:44:08.931501  5834 tracking.cc:570] Track 60 reference points
I0327 11:44:08.933923  5834 tracking.cc:691] Add 118 new features to 101
I0327 11:44:08.938968  5835 ic_gvins.cc:1250] Ceres Solver Report: Iterations: 6, Initial cost: 4.225180e+04, Final cost: 1.647292e+03, Termination: NO_CONVERGENCE
I0327 11:44:08.939085  5835 ic_gvins.cc:1360] Remove 14 reprojection factors
I0327 11:44:08.950359  5835 ic_gvins.cc:1284] Ceres Solver Report: Iterations: 13, Initial cost: 2.774299e+02, Final cost: 2.755668e+02, Termination: CONVERGENCE
I0327 11:44:08.950522  5835 ic_gvins.cc:1188] Culled 12 mappoint with 14 bad observed features 0, 10, 2
I0327 11:44:08.950784  5835 ic_gvins.cc:1494] Marginalize 1 states, last time 373060.561186
I0327 11:44:08.951751  5835 ic_gvins.cc:534] Optimization costs 23.8843 ms with 9.77633 and 11.2803 with marginalization costs 0.951254
I0327 11:44:08.967658  5833 misc.cc:229] Redo INS mechanization at 373063.361037 to 373063.571631 is 0.210594 s
I0327 11:44:08.969830  5834 tracking.cc:451] Track 21 map points
I0327 11:44:08.971796  5834 tracking.cc:570] Track 65 reference points
I0327 11:44:08.971804  5834 tracking.cc:278] Keyframe at 373063.561087, mappoints 21, interval 0.20005, parallax 22.1844
I0327 11:44:08.971879  5834 tracking.cc:799] Triangulate 15 3D points with 49 left, 26 reset, 0 outtime and 1 outliers
I0327 11:44:08.974253  5834 tracking.cc:691] Add 135 new features to 85
I0327 11:44:08.974351  5834 ic_gvins.cc:610] Tracking cost 6.31601 ms
I0327 11:44:09.006443  5833 ic_gvins.cc:811] Insert keyframe 262 at 373063.561087 with 15 new mappoints
I0327 11:44:09.007200  5833 ic_gvins.cc:816] Add new keyframe time node at 373063.561087
I0327 11:44:09.007249  5835 ic_gvins.cc:1917] Total 16 pose states from 373060.561186 to 373063.561087
I0327 11:44:09.008704  5835 ic_gvins.cc:1241] Add 15 preintegration, 0 GNSS, 367 reprojection
I0327 11:44:09.008909  5834 tracking.cc:451] Track 27 map points
I0327 11:44:09.010917  5834 tracking.cc:570] Track 62 reference points
I0327 11:44:09.013273  5834 tracking.cc:691] Add 131 new features to 89
I0327 11:44:09.018766  5835 ic_gvins.cc:1250] Ceres Solver Report: Iterations: 6, Initial cost: 1.098995e+04, Final cost: 7.837490e+02, Termination: NO_CONVERGENCE
I0327 11:44:09.018867  5835 ic_gvins.cc:1360] Remove 8 reprojection factors
I0327 11:44:09.029654  5835 ic_gvins.cc:1284] Ceres Solver Report: Iterations: 13, Initial cost: 2.683587e+02, Final cost: 2.671230e+02, Termination: CONVERGENCE
I0327 11:44:09.029821  5835 ic_gvins.cc:1188] Culled 7 mappoint with 7 bad observed features 0, 4, 3
I0327 11:44:09.030067  5835 ic_gvins.cc:1494] Marginalize 1 states, last time 373060.761008
I0327 11:44:09.031001  5835 ic_gvins.cc:534] Optimization costs 23.772 ms with 10.0702 and 10.8054 with marginalization costs 0.909502
I0327 11:44:09.045871  5833 misc.cc:229] Redo INS mechanization at 373063.561087 to 373063.771606 is 0.210519 s
I0327 11:44:09.048557  5834 tracking.cc:451] Track 17 map points
I0327 11:44:09.050639  5834 tracking.cc:570] Track 64 reference points
I0327 11:44:09.050645  5834 tracking.cc:278] Keyframe at 373063.760982, mappoints 17, interval 0.199895, parallax 19.3451
I0327 11:44:09.050716  5834 tracking.cc:799] Triangulate 15 3D points with 48 left, 26 reset, 0 outtime and 1 outliers
I0327 11:44:09.053282  5834 tracking.cc:691] Add 138 new features to 80
I0327 11:44:09.053478  5834 ic_gvins.cc:610] Tracking cost 7.70449 ms
I0327 11:44:09.083763  5833 ic_gvins.cc:811] Insert keyframe 263 at 373063.760982 with 15 new mappoints
I0327 11:44:09.084321  5833 ic_gvins.cc:816] Add new keyframe time node at 373063.760982
I0327 11:44:09.084372  5835 ic_gvins.cc:1917] Total 16 pose states from 373060.761008 to 373063.760982
I0327 11:44:09.087544  5834 tracking.cc:451] Track 27 map points
I0327 11:44:09.088390  5835 ic_gvins.cc:1241] Add 15 preintegration, 0 GNSS, 357 reprojection
I0327 11:44:09.091290  5834 tracking.cc:570] Track 54 reference points
I0327 11:44:09.093791  5834 tracking.cc:691] Add 139 new features to 81
I0327 11:44:09.099026  5835 ic_gvins.cc:1250] Ceres Solver Report: Iterations: 6, Initial cost: 2.161459e+04, Final cost: 1.191549e+03, Termination: NO_CONVERGENCE
I0327 11:44:09.099124  5835 ic_gvins.cc:1360] Remove 8 reprojection factors
I0327 11:44:09.109627  5835 ic_gvins.cc:1284] Ceres Solver Report: Iterations: 12, Initial cost: 2.616018e+02, Final cost: 2.608901e+02, Termination: CONVERGENCE
I0327 11:44:09.109784  5835 ic_gvins.cc:1188] Culled 6 mappoint with 7 bad observed features 0, 5, 1
I0327 11:44:09.110011  5835 ic_gvins.cc:1494] Marginalize 1 states, last time 373060.961140
I0327 11:44:09.110868  5835 ic_gvins.cc:534] Optimization costs 26.5169 ms with 10.5668 and 10.5097 with marginalization costs 0.835197
I0327 11:44:09.121290  5833 misc.cc:229] Redo INS mechanization at 373063.760982 to 373063.971598 is 0.210616 s
I0327 11:44:09.123937  5834 tracking.cc:451] Track 18 map points
I0327 11:44:09.128294  5834 tracking.cc:570] Track 47 reference points
I0327 11:44:09.128321  5834 tracking.cc:278] Keyframe at 373063.961040, mappoints 18, interval 0.200059, parallax 20.3052
I0327 11:44:09.128405  5834 tracking.cc:799] Triangulate 15 3D points with 32 left, 16 reset, 0 outtime and 0 outliers
I0327 11:44:09.131017  5834 tracking.cc:691] Add 153 new features to 65
I0327 11:44:09.131137  5834 ic_gvins.cc:610] Tracking cost 9.77802 ms
I0327 11:44:09.159406  5833 ic_gvins.cc:811] Insert keyframe 264 at 373063.961040 with 15 new mappoints
I0327 11:44:09.159715  5833 ic_gvins.cc:816] Add new keyframe time node at 373063.961040
I0327 11:44:09.159780  5835 ic_gvins.cc:1917] Total 16 pose states from 373060.961140 to 373063.961040
I0327 11:44:09.161787  5835 ic_gvins.cc:1241] Add 15 preintegration, 0 GNSS, 363 reprojection
I0327 11:44:09.162844  5834 tracking.cc:451] Track 27 map points
I0327 11:44:09.166875  5834 tracking.cc:570] Track 60 reference points
I0327 11:44:09.169493  5834 tracking.cc:691] Add 134 new features to 87
I0327 11:44:09.173430  5835 ic_gvins.cc:1250] Ceres Solver Report: Iterations: 6, Initial cost: 1.874943e+04, Final cost: 1.007506e+03, Termination: NO_CONVERGENCE
I0327 11:44:09.173538  5835 ic_gvins.cc:1360] Remove 4 reprojection factors
I0327 11:44:09.183450  5835 ic_gvins.cc:1284] Ceres Solver Report: Iterations: 12, Initial cost: 2.678332e+02, Final cost: 2.677255e+02, Termination: CONVERGENCE
I0327 11:44:09.183605  5835 ic_gvins.cc:1188] Culled 7 mappoint with 4 bad observed features 0, 4, 3
I0327 11:44:09.183817  5835 ic_gvins.cc:1494] Marginalize 1 states, last time 373061.160949
I0327 11:44:09.184837  5835 ic_gvins.cc:534] Optimization costs 25.0677 ms with 11.6538 and 9.91843 with marginalization costs 1.02788
I0327 11:44:09.196974  5833 misc.cc:229] Redo INS mechanization at 373063.961040 to 373064.171596 is 0.210556 s
I0327 11:44:09.198485  5834 tracking.cc:451] Track 18 map points
I0327 11:44:09.200397  5834 tracking.cc:570] Track 75 reference points
I0327 11:44:09.200404  5834 tracking.cc:278] Keyframe at 373064.161073, mappoints 18, interval 0.200033, parallax 22.1394
I0327 11:44:09.200484  5834 tracking.cc:799] Triangulate 21 3D points with 54 left, 34 reset, 0 outtime and 0 outliers
I0327 11:44:09.205446  5834 tracking.cc:691] Add 129 new features to 93
I0327 11:44:09.205737  5834 ic_gvins.cc:610] Tracking cost 8.84776 ms
I0327 11:44:09.234458  5833 ic_gvins.cc:811] Insert keyframe 265 at 373064.161073 with 21 new mappoints
I0327 11:44:09.234822  5833 ic_gvins.cc:816] Add new keyframe time node at 373064.161073
I0327 11:44:09.234928  5835 ic_gvins.cc:1917] Total 16 pose states from 373061.160949 to 373064.161073
I0327 11:44:09.236076  5835 ic_gvins.cc:1241] Add 15 preintegration, 0 GNSS, 323 reprojection
I0327 11:44:09.236423  5834 tracking.cc:451] Track 34 map points
I0327 11:44:09.238306  5834 tracking.cc:570] Track 70 reference points
I0327 11:44:09.255216  5834 tracking.cc:691] Add 119 new features to 104
I0327 11:44:09.255972  5835 ic_gvins.cc:1250] Ceres Solver Report: Iterations: 6, Initial cost: 1.430397e+04, Final cost: 1.139263e+03, Termination: NO_CONVERGENCE
I0327 11:44:09.256114  5835 ic_gvins.cc:1360] Remove 7 reprojection factors
I0327 11:44:09.265563  5835 ic_gvins.cc:1284] Ceres Solver Report: Iterations: 12, Initial cost: 2.495621e+02, Final cost: 2.495222e+02, Termination: CONVERGENCE
I0327 11:44:09.265718  5835 ic_gvins.cc:1188] Culled 6 mappoint with 6 bad observed features 0, 5, 1
I0327 11:44:09.265904  5835 ic_gvins.cc:1494] Marginalize 1 states, last time 373061.361062
I0327 11:44:09.266675  5835 ic_gvins.cc:534] Optimization costs 31.7595 ms with 19.9106 and 9.45086 with marginalization costs 0.772044
I0327 11:44:09.271922  5833 misc.cc:229] Redo INS mechanization at 373064.161073 to 373064.371594 is 0.210521 s
I0327 11:44:09.273499  5834 tracking.cc:451] Track 23 map points
I0327 11:44:09.275197  5834 tracking.cc:570] Track 85 reference points
I0327 11:44:09.275203  5834 tracking.cc:278] Keyframe at 373064.361083, mappoints 23, interval 0.20001, parallax 22.3116
I0327 11:44:09.275293  5834 tracking.cc:799] Triangulate 24 3D points with 59 left, 27 reset, 1 outtime and 1 outliers
I0327 11:44:09.278314  5834 tracking.cc:691] Add 114 new features to 106
I0327 11:44:09.278451  5834 ic_gvins.cc:610] Tracking cost 6.50264 ms
I0327 11:44:09.309330  5833 ic_gvins.cc:811] Insert keyframe 266 at 373064.361083 with 24 new mappoints
I0327 11:44:09.309703  5833 ic_gvins.cc:816] Add new keyframe time node at 373064.361083
I0327 11:44:09.310191  5835 ic_gvins.cc:1917] Total 16 pose states from 373061.361062 to 373064.361083
I0327 11:44:09.311353  5834 tracking.cc:451] Track 40 map points
I0327 11:44:09.311434  5835 ic_gvins.cc:1241] Add 15 preintegration, 0 GNSS, 335 reprojection
I0327 11:44:09.313917  5834 tracking.cc:570] Track 63 reference points
I0327 11:44:09.316287  5834 tracking.cc:691] Add 119 new features to 103
I0327 11:44:09.320482  5835 ic_gvins.cc:1250] Ceres Solver Report: Iterations: 6, Initial cost: 4.430123e+04, Final cost: 1.247678e+03, Termination: NO_CONVERGENCE
I0327 11:44:09.320580  5835 ic_gvins.cc:1360] Remove 7 reprojection factors
I0327 11:44:09.330852  5835 ic_gvins.cc:1284] Ceres Solver Report: Iterations: 12, Initial cost: 2.562358e+02, Final cost: 2.560009e+02, Termination: CONVERGENCE
I0327 11:44:09.331013  5835 ic_gvins.cc:1188] Culled 8 mappoint with 6 bad observed features 0, 5, 3
I0327 11:44:09.331247  5835 ic_gvins.cc:1494] Marginalize 1 states, last time 373061.561136
I0327 11:44:09.331887  5835 ic_gvins.cc:534] Optimization costs 21.7038 ms with 9.06001 and 10.2852 with marginalization costs 0.636053
I0327 11:44:09.347435  5833 misc.cc:229] Redo INS mechanization at 373064.361083 to 373064.571570 is 0.210487 s
I0327 11:44:09.349393  5834 tracking.cc:451] Track 28 map points
I0327 11:44:09.351189  5834 tracking.cc:570] Track 78 reference points
I0327 11:44:09.351197  5834 tracking.cc:278] Keyframe at 373064.561127, mappoints 28, interval 0.200043, parallax 19.7328
I0327 11:44:09.351282  5834 tracking.cc:799] Triangulate 22 3D points with 56 left, 28 reset, 0 outtime and 0 outliers
I0327 11:44:09.353477  5834 tracking.cc:691] Add 117 new features to 106
I0327 11:44:09.353590  5834 ic_gvins.cc:610] Tracking cost 6.0446 ms
I0327 11:44:09.384903  5833 ic_gvins.cc:811] Insert keyframe 267 at 373064.561127 with 22 new mappoints
I0327 11:44:09.385268  5833 ic_gvins.cc:816] Add new keyframe time node at 373064.561127
I0327 11:44:09.385382  5835 ic_gvins.cc:1917] Total 16 pose states from 373061.561136 to 373064.561127
I0327 11:44:09.386632  5835 ic_gvins.cc:1241] Add 15 preintegration, 0 GNSS, 355 reprojection
I0327 11:44:09.386963  5834 tracking.cc:451] Track 46 map points
I0327 11:44:09.388803  5834 tracking.cc:570] Track 67 reference points
I0327 11:44:09.391008  5834 tracking.cc:691] Add 108 new features to 113
I0327 11:44:09.394834  5835 ic_gvins.cc:1250] Ceres Solver Report: Iterations: 6, Initial cost: 9.006930e+04, Final cost: 2.292862e+03, Termination: NO_CONVERGENCE
I0327 11:44:09.394941  5835 ic_gvins.cc:1360] Remove 18 reprojection factors
I0327 11:44:09.406066  5835 ic_gvins.cc:1284] Ceres Solver Report: Iterations: 13, Initial cost: 2.513738e+02, Final cost: 2.501085e+02, Termination: CONVERGENCE
I0327 11:44:09.406710  5835 ic_gvins.cc:1188] Culled 16 mappoint with 17 bad observed features 0, 13, 3
I0327 11:44:09.407029  5835 ic_gvins.cc:1494] Marginalize 1 states, last time 373061.761102
I0327 11:44:09.408151  5835 ic_gvins.cc:534] Optimization costs 22.789 ms with 8.18906 and 11.1748 with marginalization costs 1.06839
I0327 11:44:09.422595  5833 misc.cc:229] Redo INS mechanization at 373064.561127 to 373064.771609 is 0.210483 s
I0327 11:44:09.424206  5834 tracking.cc:451] Track 28 map points
I0327 11:44:09.426132  5834 tracking.cc:570] Track 67 reference points
I0327 11:44:09.426187  5834 tracking.cc:278] Keyframe at 373064.761312, mappoints 28, interval 0.200185, parallax 24.6465
I0327 11:44:09.426291  5834 tracking.cc:799] Triangulate 26 3D points with 41 left, 22 reset, 0 outtime and 0 outliers
I0327 11:44:09.428695  5834 tracking.cc:691] Add 126 new features to 95
I0327 11:44:09.428793  5834 ic_gvins.cc:610] Tracking cost 6.13563 ms
I0327 11:44:09.460095  5833 ic_gvins.cc:811] Insert keyframe 268 at 373064.761312 with 26 new mappoints
I0327 11:44:09.460460  5833 ic_gvins.cc:816] Add new keyframe time node at 373064.761312
I0327 11:44:09.460610  5835 ic_gvins.cc:1917] Total 16 pose states from 373061.761102 to 373064.761312
I0327 11:44:09.461870  5835 ic_gvins.cc:1241] Add 15 preintegration, 0 GNSS, 359 reprojection
I0327 11:44:09.462177  5834 tracking.cc:451] Track 50 map points
I0327 11:44:09.464098  5834 tracking.cc:570] Track 60 reference points
I0327 11:44:09.468571  5834 tracking.cc:691] Add 112 new features to 110
I0327 11:44:09.470779  5835 ic_gvins.cc:1250] Ceres Solver Report: Iterations: 6, Initial cost: 2.775455e+04, Final cost: 1.682699e+03, Termination: NO_CONVERGENCE
I0327 11:44:09.470878  5835 ic_gvins.cc:1360] Remove 10 reprojection factors
I0327 11:44:09.481132  5835 ic_gvins.cc:1284] Ceres Solver Report: Iterations: 13, Initial cost: 2.496748e+02, Final cost: 2.483280e+02, Termination: CONVERGENCE
I0327 11:44:09.481298  5835 ic_gvins.cc:1188] Culled 9 mappoint with 10 bad observed features 0, 8, 1
I0327 11:44:09.481503  5835 ic_gvins.cc:1494] Marginalize 1 states, last time 373061.960934
I0327 11:44:09.482084  5835 ic_gvins.cc:534] Optimization costs 21.4858 ms with 8.91548 and 10.2644 with marginalization costs 0.576164
I0327 11:44:09.498126  5833 misc.cc:229] Redo INS mechanization at 373064.761312 to 373064.971556 is 0.210244 s
I0327 11:44:09.499624  5834 tracking.cc:451] Track 37 map points
I0327 11:44:09.501389  5834 tracking.cc:570] Track 72 reference points
I0327 11:44:09.501396  5834 tracking.cc:278] Keyframe at 373064.961120, mappoints 37, interval 0.199808, parallax 21.5821
I0327 11:44:09.501466  5834 tracking.cc:799] Triangulate 14 3D points with 54 left, 29 reset, 2 outtime and 2 outliers
I0327 11:44:09.503578  5834 tracking.cc:691] Add 114 new features to 105
I0327 11:44:09.503693  5834 ic_gvins.cc:610] Tracking cost 5.60808 ms
I0327 11:44:09.535871  5833 ic_gvins.cc:811] Insert keyframe 269 at 373064.961120 with 14 new mappoints
I0327 11:44:09.536305  5833 ic_gvins.cc:816] Add new keyframe time node at 373064.961120
I0327 11:44:09.536336  5835 ic_gvins.cc:1917] Total 16 pose states from 373061.960934 to 373064.961120
I0327 11:44:09.537714  5835 ic_gvins.cc:1241] Add 15 preintegration, 0 GNSS, 373 reprojection
I0327 11:44:09.537734  5834 tracking.cc:451] Track 44 map points
I0327 11:44:09.539727  5834 tracking.cc:570] Track 59 reference points
I0327 11:44:09.542179  5834 tracking.cc:691] Add 115 new features to 103
I0327 11:44:09.545944  5835 ic_gvins.cc:1250] Ceres Solver Report: Iterations: 6, Initial cost: 2.153973e+04, Final cost: 1.172666e+03, Termination: NO_CONVERGENCE
I0327 11:44:09.546051  5835 ic_gvins.cc:1360] Remove 10 reprojection factors
I0327 11:44:09.555372  5835 ic_gvins.cc:1284] Ceres Solver Report: Iterations: 12, Initial cost: 2.582771e+02, Final cost: 2.567335e+02, Termination: CONVERGENCE
I0327 11:44:09.555552  5835 ic_gvins.cc:1188] Culled 6 mappoint with 10 bad observed features 0, 5, 1
I0327 11:44:09.555790  5835 ic_gvins.cc:1494] Marginalize 1 states, last time 373062.161091
I0327 11:44:09.556269  5835 ic_gvins.cc:534] Optimization costs 19.9479 ms with 8.23629 and 9.33699 with marginalization costs 0.456056
I0327 11:44:09.574301  5833 misc.cc:229] Redo INS mechanization at 373064.961120 to 373065.171546 is 0.210426 s
I0327 11:44:09.575884  5834 tracking.cc:451] Track 31 map points
I0327 11:44:09.577836  5834 tracking.cc:570] Track 66 reference points
I0327 11:44:09.577844  5834 tracking.cc:278] Keyframe at 373065.161197, mappoints 31, interval 0.200077, parallax 17.2933
I0327 11:44:09.577913  5834 tracking.cc:799] Triangulate 16 3D points with 50 left, 24 reset, 0 outtime and 0 outliers
I0327 11:44:09.580278  5834 tracking.cc:691] Add 120 new features to 97
I0327 11:44:09.580387  5834 ic_gvins.cc:610] Tracking cost 6.16691 ms
I0327 11:44:09.611835  5833 ic_gvins.cc:811] Insert keyframe 270 at 373065.161197 with 16 new mappoints
I0327 11:44:09.612246  5833 ic_gvins.cc:816] Add new keyframe time node at 373065.161197
I0327 11:44:09.612339  5835 ic_gvins.cc:1917] Total 16 pose states from 373062.161091 to 373065.161197
I0327 11:44:09.613643  5835 ic_gvins.cc:1241] Add 15 preintegration, 0 GNSS, 392 reprojection
I0327 11:44:09.613744  5834 tracking.cc:451] Track 36 map points
I0327 11:44:09.615545  5834 tracking.cc:570] Track 61 reference points
I0327 11:44:09.617892  5834 tracking.cc:691] Add 120 new features to 97
I0327 11:44:09.621837  5835 ic_gvins.cc:1250] Ceres Solver Report: Iterations: 6, Initial cost: 3.768832e+04, Final cost: 1.355146e+03, Termination: NO_CONVERGENCE
I0327 11:44:09.621953  5835 ic_gvins.cc:1360] Remove 13 reprojection factors
I0327 11:44:09.631724  5835 ic_gvins.cc:1284] Ceres Solver Report: Iterations: 13, Initial cost: 2.741909e+02, Final cost: 2.698939e+02, Termination: CONVERGENCE
I0327 11:44:09.631886  5835 ic_gvins.cc:1188] Culled 9 mappoint with 13 bad observed features 0, 7, 2
I0327 11:44:09.632115  5835 ic_gvins.cc:1494] Marginalize 1 states, last time 373062.361016
I0327 11:44:09.632634  5835 ic_gvins.cc:534] Optimization costs 20.3054 ms with 8.20383 and 9.77872 with marginalization costs 0.468193
I0327 11:44:09.649865  5833 misc.cc:229] Redo INS mechanization at 373065.161197 to 373065.371550 is 0.210353 s
I0327 11:44:09.651450  5834 tracking.cc:451] Track 21 map points
I0327 11:44:09.653276  5834 tracking.cc:570] Track 69 reference points
I0327 11:44:09.653285  5834 tracking.cc:278] Keyframe at 373065.361248, mappoints 21, interval 0.200051, parallax 16.6589
I0327 11:44:09.653359  5834 tracking.cc:799] Triangulate 16 3D points with 51 left, 23 reset, 0 outtime and 2 outliers
I0327 11:44:09.655562  5834 tracking.cc:691] Add 131 new features to 88
I0327 11:44:09.655652  5834 ic_gvins.cc:610] Tracking cost 5.86339 ms
I0327 11:44:09.688560  5833 ic_gvins.cc:811] Insert keyframe 271 at 373065.361248 with 16 new mappoints
I0327 11:44:09.689010  5833 ic_gvins.cc:816] Add new keyframe time node at 373065.361248
I0327 11:44:09.689042  5835 ic_gvins.cc:1917] Total 16 pose states from 373062.361016 to 373065.361248
I0327 11:44:09.690028  5835 ic_gvins.cc:1241] Add 15 preintegration, 0 GNSS, 376 reprojection
I0327 11:44:09.690690  5834 tracking.cc:451] Track 32 map points
I0327 11:44:09.694177  5834 tracking.cc:570] Track 63 reference points
I0327 11:44:09.696117  5834 tracking.cc:691] Add 121 new features to 95
I0327 11:44:09.700320  5835 ic_gvins.cc:1250] Ceres Solver Report: Iterations: 6, Initial cost: 2.221204e+04, Final cost: 1.275840e+03, Termination: NO_CONVERGENCE
I0327 11:44:09.700450  5835 ic_gvins.cc:1360] Remove 14 reprojection factors
I0327 11:44:09.709203  5835 ic_gvins.cc:1284] Ceres Solver Report: Iterations: 12, Initial cost: 2.717487e+02, Final cost: 2.675671e+02, Termination: CONVERGENCE
I0327 11:44:09.709365  5835 ic_gvins.cc:1188] Culled 9 mappoint with 14 bad observed features 0, 7, 2
I0327 11:44:09.709625  5835 ic_gvins.cc:1494] Marginalize 1 states, last time 373062.560962
I0327 11:44:09.710093  5835 ic_gvins.cc:534] Optimization costs 21.0607 ms with 10.3224 and 8.76058 with marginalization costs 0.451673
I0327 11:44:09.728284  5833 misc.cc:229] Redo INS mechanization at 373065.361248 to 373065.571526 is 0.210278 s
I0327 11:44:09.730093  5834 tracking.cc:451] Track 21 map points
I0327 11:44:09.732092  5834 tracking.cc:570] Track 69 reference points
I0327 11:44:09.732154  5834 tracking.cc:278] Keyframe at 373065.561363, mappoints 21, interval 0.200115, parallax 21.1546
I0327 11:44:09.732264  5834 tracking.cc:799] Triangulate 16 3D points with 52 left, 26 reset, 0 outtime and 1 outliers
I0327 11:44:09.734848  5834 tracking.cc:691] Add 132 new features to 89
I0327 11:44:09.735023  5834 ic_gvins.cc:610] Tracking cost 6.83905 ms
I0327 11:44:09.768088  5833 ic_gvins.cc:811] Insert keyframe 272 at 373065.561363 with 16 new mappoints
I0327 11:44:09.768708  5833 ic_gvins.cc:816] Add new keyframe time node at 373065.561363
I0327 11:44:09.768767  5835 ic_gvins.cc:1917] Total 16 pose states from 373062.560962 to 373065.561363
I0327 11:44:09.770109  5834 tracking.cc:451] Track 32 map points
I0327 11:44:09.770395  5835 ic_gvins.cc:1241] Add 15 preintegration, 0 GNSS, 365 reprojection
I0327 11:44:09.772184  5834 tracking.cc:570] Track 66 reference points
I0327 11:44:09.774598  5834 tracking.cc:691] Add 123 new features to 98
I0327 11:44:09.778290  5835 ic_gvins.cc:1250] Ceres Solver Report: Iterations: 6, Initial cost: 3.682886e+04, Final cost: 1.416327e+03, Termination: NO_CONVERGENCE
I0327 11:44:09.778394  5835 ic_gvins.cc:1360] Remove 15 reprojection factors
I0327 11:44:09.787266  5835 ic_gvins.cc:1284] Ceres Solver Report: Iterations: 12, Initial cost: 2.668352e+02, Final cost: 2.615646e+02, Termination: CONVERGENCE
I0327 11:44:09.787420  5835 ic_gvins.cc:1188] Culled 6 mappoint with 13 bad observed features 0, 6, 0
I0327 11:44:09.787642  5835 ic_gvins.cc:1494] Marginalize 1 states, last time 373062.761240
I0327 11:44:09.788599  5835 ic_gvins.cc:534] Optimization costs 19.8494 ms with 7.90495 and 8.87814 with marginalization costs 0.958136
I0327 11:44:09.808640  5833 misc.cc:229] Redo INS mechanization at 373065.561363 to 373065.771525 is 0.210162 s
I0327 11:44:09.811338  5834 tracking.cc:451] Track 25 map points
I0327 11:44:09.813239  5834 tracking.cc:570] Track 76 reference points
I0327 11:44:09.813248  5834 tracking.cc:278] Keyframe at 373065.761218, mappoints 25, interval 0.199855, parallax 18.2648
I0327 11:44:09.813328  5834 tracking.cc:799] Triangulate 17 3D points with 58 left, 24 reset, 0 outtime and 1 outliers
I0327 11:44:09.815472  5834 tracking.cc:691] Add 118 new features to 100
I0327 11:44:09.815560  5834 ic_gvins.cc:610] Tracking cost 6.96857 ms
I0327 11:44:09.848345  5833 ic_gvins.cc:811] Insert keyframe 273 at 373065.761218 with 17 new mappoints
I0327 11:44:09.848863  5833 ic_gvins.cc:816] Add new keyframe time node at 373065.761218
I0327 11:44:09.848891  5835 ic_gvins.cc:1917] Total 16 pose states from 373062.761240 to 373065.761218
I0327 11:44:09.850114  5835 ic_gvins.cc:1241] Add 15 preintegration, 0 GNSS, 355 reprojection
I0327 11:44:09.850483  5834 tracking.cc:451] Track 33 map points
I0327 11:44:09.852535  5834 tracking.cc:570] Track 68 reference points
