I0327 11:44:06.355165  5833 ic_gvins.cc:816] Add new keyframe time node at 373056.561096
I0327 11:44:06.356777  5834 tracking.cc:451] Track 45 map points
I0327 11:44:06.358832  5834 tracking.cc:570] Track 37 reference points
I0327 11:44:06.358845  5834 tracking.cc:278] Keyframe at 373056.660937, mappoints 45, interval 0.0998411, parallax 17.2764
I0327 11:44:06.358939  5834 tracking.cc:799] Triangulate 12 3D points with 22 left, 0 reset, 0 outtime and 3 outliers
I0327 11:44:06.359108  5835 ic_gvins.cc:1917] Total 16 pose states from 373055.061237 to 373056.561096
I0327 11:44:06.361305  5835 ic_gvins.cc:1241] Add 15 preintegration, 0 GNSS, 349 reprojection
I0327 11:44:06.364481  5834 tracking.cc:691] Add 133 new features to 79
I0327 11:44:06.365077  5834 ic_gvins.cc:610] Tracking cost 10.1201 ms
I0327 11:44:06.370137  5835 ic_gvins.cc:1250] Ceres Solver Report: Iterations: 6, Initial cost: 3.702198e+03, Final cost: 3.542289e+02, Termination: NO_CONVERGENCE
I0327 11:44:06.370255  5835 ic_gvins.cc:1360] Remove 14 reprojection factors
I0327 11:44:06.381901  5835 ic_gvins.cc:1284] Ceres Solver Report: Iterations: 14, Initial cost: 2.755808e+02, Final cost: 2.747173e+02, Termination: CONVERGENCE
I0327 11:44:06.382046  5835 ic_gvins.cc:1188] Culled 6 mappoint with 9 bad observed features 0, 0, 6
I0327 11:44:06.382246  5835 ic_gvins.cc:1494] Marginalize 1 states, last time 373055.161319
I0327 11:44:06.383337  5835 ic_gvins.cc:534] Optimization costs 24.242 ms with 8.813 and 11.652 with marginalization costs 1.10711
I0327 11:44:06.392439  5833 misc.cc:229] Redo INS mechanization at 373056.561096 to 373056.771890 is 0.210794 s
I0327 11:44:06.392468  5833 ic_gvins.cc:811] Insert keyframe 222 at 373056.660937 with 12 new mappoints
I0327 11:44:06.392664  5833 ic_gvins.cc:816] Add new keyframe time node at 373056.660937
I0327 11:44:06.394233  5834 tracking.cc:451] Track 42 map points
I0327 11:44:06.396037  5834 tracking.cc:570] Track 42 reference points
I0327 11:44:06.396080  5834 tracking.cc:278] Keyframe at 373056.761122, mappoints 42, interval 0.100185, parallax 15.4598
I0327 11:44:06.396179  5834 tracking.cc:799] Triangulate 20 3D points with 22 left, 0 reset, 0 outtime and 0 outliers
I0327 11:44:06.396612  5835 ic_gvins.cc:1917] Total 16 pose states from 373055.161319 to 373056.660937
I0327 11:44:06.398663  5834 tracking.cc:691] Add 127 new features to 84
I0327 11:44:06.398962  5834 ic_gvins.cc:610] Tracking cost 6.23715 ms
I0327 11:44:06.399238  5835 ic_gvins.cc:1241] Add 15 preintegration, 0 GNSS, 316 reprojection
I0327 11:44:06.407145  5835 ic_gvins.cc:1250] Ceres Solver Report: Iterations: 6, Initial cost: 1.770249e+03, Final cost: 4.948899e+02, Termination: NO_CONVERGENCE
I0327 11:44:06.407236  5835 ic_gvins.cc:1360] Remove 11 reprojection factors
I0327 11:44:06.418864  5835 ic_gvins.cc:1284] Ceres Solver Report: Iterations: 14, Initial cost: 2.669288e+02, Final cost: 2.661892e+02, Termination: CONVERGENCE
I0327 11:44:06.419005  5835 ic_gvins.cc:1188] Culled 4 mappoint with 8 bad observed features 0, 1, 3
I0327 11:44:06.419204  5835 ic_gvins.cc:1494] Marginalize 1 states, last time 373055.261020
I0327 11:44:06.420096  5835 ic_gvins.cc:534] Optimization costs 23.5315 ms with 7.90332 and 11.634 with marginalization costs 0.899298
I0327 11:44:06.429877  5833 misc.cc:229] Redo INS mechanization at 373056.660937 to 373056.871889 is 0.210952 s
I0327 11:44:06.429898  5833 ic_gvins.cc:811] Insert keyframe 223 at 373056.761122 with 20 new mappoints
I0327 11:44:06.430117  5833 ic_gvins.cc:816] Add new keyframe time node at 373056.761122
I0327 11:44:06.431612  5834 tracking.cc:451] Track 52 map points
I0327 11:44:06.433491  5834 tracking.cc:570] Track 38 reference points
I0327 11:44:06.434002  5835 ic_gvins.cc:1917] Total 16 pose states from 373055.261020 to 373056.761122
I0327 11:44:06.435845  5835 ic_gvins.cc:1241] Add 15 preintegration, 0 GNSS, 321 reprojection
I0327 11:44:06.436030  5834 tracking.cc:691] Add 129 new features to 90
I0327 11:44:06.443325  5835 ic_gvins.cc:1250] Ceres Solver Report: Iterations: 6, Initial cost: 2.184734e+04, Final cost: 1.214781e+03, Termination: NO_CONVERGENCE
I0327 11:44:06.443521  5835 ic_gvins.cc:1360] Remove 13 reprojection factors
I0327 11:44:06.455377  5835 ic_gvins.cc:1284] Ceres Solver Report: Iterations: 14, Initial cost: 2.681176e+02, Final cost: 2.673683e+02, Termination: CONVERGENCE
I0327 11:44:06.455520  5835 ic_gvins.cc:1188] Culled 5 mappoint with 10 bad observed features 0, 3, 2
I0327 11:44:06.455737  5835 ic_gvins.cc:1494] Marginalize 1 states, last time 373055.361022
I0327 11:44:06.456488  5835 ic_gvins.cc:534] Optimization costs 22.5326 ms with 7.54335 and 11.8631 with marginalization costs 0.762347
I0327 11:44:06.467447  5833 misc.cc:229] Redo INS mechanization at 373056.761122 to 373056.971881 is 0.210759 s
I0327 11:44:06.469507  5834 tracking.cc:451] Track 45 map points
I0327 11:44:06.471550  5834 tracking.cc:570] Track 41 reference points
I0327 11:44:06.471557  5834 tracking.cc:278] Keyframe at 373056.961195, mappoints 45, interval 0.200073, parallax 32.3951
I0327 11:44:06.471613  5834 tracking.cc:799] Triangulate 3 3D points with 28 left, 22 reset, 4 outtime and 6 outliers
I0327 11:44:06.474010  5834 tracking.cc:691] Add 140 new features to 76
I0327 11:44:06.474126  5834 ic_gvins.cc:610] Tracking cost 6.24405 ms
I0327 11:44:06.504896  5833 ic_gvins.cc:811] Insert keyframe 224 at 373056.961195 with 3 new mappoints
I0327 11:44:06.505302  5833 ic_gvins.cc:816] Add new keyframe time node at 373056.961195
I0327 11:44:06.506498  5834 tracking.cc:451] Track 40 map points
I0327 11:44:06.508163  5835 ic_gvins.cc:1917] Total 16 pose states from 373055.361022 to 373056.961195
I0327 11:44:06.508406  5834 tracking.cc:570] Track 43 reference points
I0327 11:44:06.508414  5834 tracking.cc:278] Keyframe at 373057.061088, mappoints 40, interval 0.0998933, parallax 15.1023
I0327 11:44:06.508497  5834 tracking.cc:799] Triangulate 21 3D points with 21 left, 0 reset, 0 outtime and 1 outliers
I0327 11:44:06.509755  5835 ic_gvins.cc:1241] Add 15 preintegration, 0 GNSS, 326 reprojection
I0327 11:44:06.510972  5834 tracking.cc:691] Add 135 new features to 82
I0327 11:44:06.511071  5834 ic_gvins.cc:610] Tracking cost 6.25979 ms
I0327 11:44:06.515722  5835 ic_gvins.cc:1250] Ceres Solver Report: Iterations: 6, Initial cost: 1.107452e+03, Final cost: 3.521778e+02, Termination: NO_CONVERGENCE
I0327 11:44:06.515826  5835 ic_gvins.cc:1360] Remove 22 reprojection factors
I0327 11:44:06.528815  5835 ic_gvins.cc:1284] Ceres Solver Report: Iterations: 14, Initial cost: 2.728530e+02, Final cost: 2.723594e+02, Termination: CONVERGENCE
I0327 11:44:06.528959  5835 ic_gvins.cc:1188] Culled 4 mappoint with 16 bad observed features 0, 0, 4
I0327 11:44:06.529162  5835 ic_gvins.cc:1494] Marginalize 1 states, last time 373055.460966
I0327 11:44:06.530018  5835 ic_gvins.cc:534] Optimization costs 21.862 ms with 5.93502 and 13.0015 with marginalization costs 0.873299
I0327 11:44:06.542897  5833 misc.cc:229] Redo INS mechanization at 373056.961195 to 373057.171916 is 0.210721 s
I0327 11:44:06.542922  5833 ic_gvins.cc:811] Insert keyframe 225 at 373057.061088 with 21 new mappoints
I0327 11:44:06.543080  5833 ic_gvins.cc:816] Add new keyframe time node at 373057.061088
I0327 11:44:06.543136  5835 ic_gvins.cc:1917] Total 16 pose states from 373055.460966 to 373057.061088
I0327 11:44:06.544061  5835 ic_gvins.cc:1241] Add 15 preintegration, 0 GNSS, 306 reprojection
I0327 11:44:06.546428  5834 tracking.cc:451] Track 54 map points
I0327 11:44:06.550248  5834 tracking.cc:570] Track 43 reference points
I0327 11:44:06.550437  5834 tracking.cc:278] Keyframe at 373057.161136, mappoints 54, interval 0.100048, parallax 17.5017
I0327 11:44:06.550595  5834 tracking.cc:799] Triangulate 24 3D points with 19 left, 0 reset, 0 outtime and 0 outliers
I0327 11:44:06.553054  5834 tracking.cc:691] Add 127 new features to 97
I0327 11:44:06.553194  5834 ic_gvins.cc:610] Tracking cost 10.3034 ms
I0327 11:44:06.554222  5835 ic_gvins.cc:1250] Ceres Solver Report: Iterations: 6, Initial cost: 2.508076e+03, Final cost: 4.546930e+02, Termination: NO_CONVERGENCE
I0327 11:44:06.554313  5835 ic_gvins.cc:1360] Remove 21 reprojection factors
I0327 11:44:06.566989  5835 ic_gvins.cc:1284] Ceres Solver Report: Iterations: 14, Initial cost: 2.733345e+02, Final cost: 2.728667e+02, Termination: CONVERGENCE
I0327 11:44:06.567135  5835 ic_gvins.cc:1188] Culled 6 mappoint with 15 bad observed features 0, 1, 5
I0327 11:44:06.567353  5835 ic_gvins.cc:1494] Marginalize 1 states, last time 373055.562714
I0327 11:44:06.567883  5835 ic_gvins.cc:534] Optimization costs 24.753 ms with 10.1645 and 12.6908 with marginalization costs 0.543708
I0327 11:44:06.580318  5833 misc.cc:229] Redo INS mechanization at 373057.061088 to 373057.271865 is 0.210777 s
I0327 11:44:06.580343  5833 ic_gvins.cc:811] Insert keyframe 226 at 373057.161136 with 24 new mappoints
I0327 11:44:06.580569  5833 ic_gvins.cc:816] Add new keyframe time node at 373057.161136
I0327 11:44:06.580754  5835 ic_gvins.cc:1917] Total 16 pose states from 373055.562714 to 373057.161136
I0327 11:44:06.581967  5834 tracking.cc:451] Track 59 map points
I0327 11:44:06.581990  5835 ic_gvins.cc:1241] Add 15 preintegration, 0 GNSS, 333 reprojection
I0327 11:44:06.583770  5834 tracking.cc:570] Track 25 reference points
I0327 11:44:06.583778  5834 tracking.cc:278] Keyframe at 373057.261128, mappoints 59, interval 0.0999915, parallax 17.2452
I0327 11:44:06.583823  5834 tracking.cc:799] Triangulate 10 3D points with 15 left, 0 reset, 0 outtime and 0 outliers
I0327 11:44:06.585897  5834 tracking.cc:691] Add 137 new features to 84
I0327 11:44:06.586048  5834 ic_gvins.cc:610] Tracking cost 5.79676 ms
I0327 11:44:06.590235  5835 ic_gvins.cc:1250] Ceres Solver Report: Iterations: 6, Initial cost: 1.938737e+04, Final cost: 1.160387e+03, Termination: NO_CONVERGENCE
I0327 11:44:06.590332  5835 ic_gvins.cc:1360] Remove 21 reprojection factors
I0327 11:44:06.601578  5835 ic_gvins.cc:1284] Ceres Solver Report: Iterations: 14, Initial cost: 2.820782e+02, Final cost: 2.813592e+02, Termination: CONVERGENCE
I0327 11:44:06.601989  5835 ic_gvins.cc:1188] Culled 13 mappoint with 13 bad observed features 0, 2, 11
I0327 11:44:06.602705  5835 ic_gvins.cc:1494] Marginalize 1 states, last time 373055.661156
I0327 11:44:06.603747  5835 ic_gvins.cc:534] Optimization costs 23.0032 ms with 8.17333 and 11.4384 with marginalization costs 1.53031
I0327 11:44:06.617617  5833 misc.cc:229] Redo INS mechanization at 373057.161136 to 373057.371859 is 0.210722 s
I0327 11:44:06.617641  5833 ic_gvins.cc:811] Insert keyframe 227 at 373057.261128 with 10 new mappoints
I0327 11:44:06.617837  5833 ic_gvins.cc:816] Add new keyframe time node at 373057.261128
I0327 11:44:06.617871  5835 ic_gvins.cc:1917] Total 16 pose states from 373055.661156 to 373057.261128
I0327 11:44:06.618849  5835 ic_gvins.cc:1241] Add 15 preintegration, 0 GNSS, 323 reprojection
I0327 11:44:06.621019  5834 tracking.cc:451] Track 50 map points
I0327 11:44:06.623124  5834 tracking.cc:570] Track 31 reference points
I0327 11:44:06.623132  5834 tracking.cc:278] Keyframe at 373057.361284, mappoints 50, interval 0.100156, parallax 15.869
I0327 11:44:06.623190  5834 tracking.cc:799] Triangulate 12 3D points with 19 left, 0 reset, 0 outtime and 0 outliers
I0327 11:44:06.625864  5834 tracking.cc:691] Add 138 new features to 81
I0327 11:44:06.626040  5834 ic_gvins.cc:610] Tracking cost 7.94824 ms
I0327 11:44:06.629201  5835 ic_gvins.cc:1250] Ceres Solver Report: Iterations: 6, Initial cost: 9.889799e+02, Final cost: 3.463545e+02, Termination: NO_CONVERGENCE
I0327 11:44:06.629299  5835 ic_gvins.cc:1360] Remove 19 reprojection factors
I0327 11:44:06.642256  5835 ic_gvins.cc:1284] Ceres Solver Report: Iterations: 14, Initial cost: 2.738260e+02, Final cost: 2.728909e+02, Termination: CONVERGENCE
I0327 11:44:06.642446  5835 ic_gvins.cc:1188] Culled 10 mappoint with 13 bad observed features 0, 0, 10
I0327 11:44:06.642930  5835 ic_gvins.cc:1494] Marginalize 1 states, last time 373055.761056
I0327 11:44:06.643930  5835 ic_gvins.cc:534] Optimization costs 26.0643 ms with 10.3624 and 12.9846 with marginalization costs 1.27723
I0327 11:44:06.655077  5833 misc.cc:229] Redo INS mechanization at 373057.261128 to 373057.471873 is 0.210745 s
I0327 11:44:06.655102  5833 ic_gvins.cc:811] Insert keyframe 228 at 373057.361284 with 12 new mappoints
I0327 11:44:06.655314  5833 ic_gvins.cc:816] Add new keyframe time node at 373057.361284
I0327 11:44:06.656872  5834 tracking.cc:451] Track 43 map points
I0327 11:44:06.658772  5834 tracking.cc:570] Track 33 reference points
I0327 11:44:06.658779  5834 tracking.cc:278] Keyframe at 373057.461379, mappoints 43, interval 0.100095, parallax 16.4724
I0327 11:44:06.658825  5834 tracking.cc:799] Triangulate 10 3D points with 23 left, 0 reset, 0 outtime and 0 outliers
I0327 11:44:06.659224  5835 ic_gvins.cc:1917] Total 16 pose states from 373055.761056 to 373057.361284
I0327 11:44:06.660847  5834 tracking.cc:691] Add 148 new features to 76
I0327 11:44:06.660923  5835 ic_gvins.cc:1241] Add 15 preintegration, 0 GNSS, 312 reprojection
I0327 11:44:06.660962  5834 ic_gvins.cc:610] Tracking cost 5.61691 ms
I0327 11:44:06.666800  5835 ic_gvins.cc:1250] Ceres Solver Report: Iterations: 6, Initial cost: 1.641396e+03, Final cost: 3.070992e+02, Termination: NO_CONVERGENCE
I0327 11:44:06.666893  5835 ic_gvins.cc:1360] Remove 12 reprojection factors
I0327 11:44:06.680375  5835 ic_gvins.cc:1284] Ceres Solver Report: Iterations: 14, Initial cost: 2.499914e+02, Final cost: 2.490227e+02, Termination: CONVERGENCE
I0327 11:44:06.681321  5835 ic_gvins.cc:1188] Culled 5 mappoint with 12 bad observed features 0, 0, 5
I0327 11:44:06.681785  5835 ic_gvins.cc:1494] Marginalize 1 states, last time 373055.861174
I0327 11:44:06.682823  5835 ic_gvins.cc:534] Optimization costs 23.6478 ms with 5.87686 and 13.5797 with marginalization costs 1.13671
I0327 11:44:06.693239  5833 misc.cc:229] Redo INS mechanization at 373057.361284 to 373057.571891 is 0.210607 s
I0327 11:44:06.693289  5833 ic_gvins.cc:811] Insert keyframe 229 at 373057.461379 with 10 new mappoints
I0327 11:44:06.693528  5833 ic_gvins.cc:816] Add new keyframe time node at 373057.461379
I0327 11:44:06.694903  5834 tracking.cc:451] Track 42 map points
I0327 11:44:06.696653  5834 tracking.cc:570] Track 48 reference points
I0327 11:44:06.697224  5835 ic_gvins.cc:1917] Total 16 pose states from 373055.861174 to 373057.461379
I0327 11:44:06.698908  5834 tracking.cc:691] Add 131 new features to 90
I0327 11:44:06.699218  5835 ic_gvins.cc:1241] Add 15 preintegration, 0 GNSS, 316 reprojection
I0327 11:44:06.704567  5835 ic_gvins.cc:1250] Ceres Solver Report: Iterations: 6, Initial cost: 3.206560e+03, Final cost: 7.192710e+02, Termination: NO_CONVERGENCE
I0327 11:44:06.704660  5835 ic_gvins.cc:1360] Remove 16 reprojection factors
I0327 11:44:06.716516  5835 ic_gvins.cc:1284] Ceres Solver Report: Iterations: 14, Initial cost: 2.301035e+02, Final cost: 2.285766e+02, Termination: CONVERGENCE
I0327 11:44:06.716667  5835 ic_gvins.cc:1188] Culled 6 mappoint with 13 bad observed features 0, 2, 4
I0327 11:44:06.716897  5835 ic_gvins.cc:1494] Marginalize 1 states, last time 373055.961239
I0327 11:44:06.717564  5835 ic_gvins.cc:534] Optimization costs 20.3842 ms with 5.35527 and 11.8605 with marginalization costs 0.690301
I0327 11:44:06.730654  5833 misc.cc:229] Redo INS mechanization at 373057.461379 to 373057.671873 is 0.210494 s
I0327 11:44:06.732194  5834 tracking.cc:451] Track 35 map points
I0327 11:44:06.734138  5834 tracking.cc:570] Track 47 reference points
I0327 11:44:06.734145  5834 tracking.cc:278] Keyframe at 373057.661374, mappoints 35, interval 0.199995, parallax 30.3763
I0327 11:44:06.734202  5834 tracking.cc:799] Triangulate 6 3D points with 32 left, 16 reset, 0 outtime and 9 outliers
I0327 11:44:06.736511  5834 tracking.cc:691] Add 151 new features to 73
I0327 11:44:06.736632  5834 ic_gvins.cc:610] Tracking cost 6.01952 ms
I0327 11:44:06.768103  5833 ic_gvins.cc:811] Insert keyframe 230 at 373057.661374 with 6 new mappoints
I0327 11:44:06.768524  5833 ic_gvins.cc:816] Add new keyframe time node at 373057.661374
I0327 11:44:06.768620  5835 ic_gvins.cc:1917] Total 16 pose states from 373055.961239 to 373057.661374
I0327 11:44:06.769891  5835 ic_gvins.cc:1241] Add 15 preintegration, 0 GNSS, 305 reprojection
I0327 11:44:06.769937  5834 tracking.cc:451] Track 38 map points
I0327 11:44:06.771972  5834 tracking.cc:570] Track 49 reference points
I0327 11:44:06.771981  5834 tracking.cc:278] Keyframe at 373057.761402, mappoints 38, interval 0.100028, parallax 15.468
I0327 11:44:06.772061  5834 tracking.cc:799] Triangulate 19 3D points with 27 left, 0 reset, 0 outtime and 3 outliers
I0327 11:44:06.774581  5834 tracking.cc:691] Add 139 new features to 84
I0327 11:44:06.774698  5834 ic_gvins.cc:610] Tracking cost 6.67827 ms
I0327 11:44:06.777627  5835 ic_gvins.cc:1250] Ceres Solver Report: Iterations: 6, Initial cost: 5.447511e+02, Final cost: 3.403039e+02, Termination: NO_CONVERGENCE
I0327 11:44:06.777750  5835 ic_gvins.cc:1360] Remove 19 reprojection factors
I0327 11:44:06.787932  5835 ic_gvins.cc:1284] Ceres Solver Report: Iterations: 14, Initial cost: 2.264895e+02, Final cost: 2.248607e+02, Termination: CONVERGENCE
I0327 11:44:06.788074  5835 ic_gvins.cc:1188] Culled 5 mappoint with 17 bad observed features 0, 1, 4
I0327 11:44:06.788277  5835 ic_gvins.cc:1494] Marginalize 1 states, last time 373056.061220
I0327 11:44:06.788901  5835 ic_gvins.cc:534] Optimization costs 20.2896 ms with 7.73334 and 10.1897 with marginalization costs 0.635845
I0327 11:44:06.805572  5833 misc.cc:229] Redo INS mechanization at 373057.661374 to 373057.871843 is 0.210469 s
I0327 11:44:06.805605  5833 ic_gvins.cc:811] Insert keyframe 231 at 373057.761402 with 19 new mappoints
I0327 11:44:06.805805  5833 ic_gvins.cc:816] Add new keyframe time node at 373057.761402
I0327 11:44:06.807546  5834 tracking.cc:451] Track 45 map points
I0327 11:44:06.808174  5835 ic_gvins.cc:1917] Total 16 pose states from 373056.061220 to 373057.761402
I0327 11:44:06.809186  5835 ic_gvins.cc:1241] Add 15 preintegration, 0 GNSS, 306 reprojection
I0327 11:44:06.809384  5834 tracking.cc:570] Track 48 reference points
I0327 11:44:06.809392  5834 tracking.cc:278] Keyframe at 373057.861250, mappoints 45, interval 0.0998482, parallax 16.9017
I0327 11:44:06.809454  5834 tracking.cc:799] Triangulate 15 3D points with 31 left, 0 reset, 0 outtime and 2 outliers
I0327 11:44:06.811514  5834 tracking.cc:691] Add 132 new features to 91
I0327 11:44:06.811645  5834 ic_gvins.cc:610] Tracking cost 6.0372 ms
I0327 11:44:06.816143  5835 ic_gvins.cc:1250] Ceres Solver Report: Iterations: 6, Initial cost: 1.881488e+03, Final cost: 3.262803e+02, Termination: NO_CONVERGENCE
I0327 11:44:06.816241  5835 ic_gvins.cc:1360] Remove 21 reprojection factors
I0327 11:44:06.826126  5835 ic_gvins.cc:1284] Ceres Solver Report: Iterations: 14, Initial cost: 2.232883e+02, Final cost: 2.206771e+02, Termination: CONVERGENCE
I0327 11:44:06.826265  5835 ic_gvins.cc:1188] Culled 0 mappoint with 18 bad observed features 0, 0, 0
I0327 11:44:06.826474  5835 ic_gvins.cc:1494] Marginalize 1 states, last time 373056.161232
I0327 11:44:06.827448  5835 ic_gvins.cc:534] Optimization costs 19.2805 ms with 6.94663 and 9.8952 with marginalization costs 0.983939
I0327 11:44:06.845115  5833 misc.cc:229] Redo INS mechanization at 373057.761402 to 373057.971839 is 0.210437 s
I0327 11:44:06.845151  5833 ic_gvins.cc:811] Insert keyframe 232 at 373057.861250 with 15 new mappoints
I0327 11:44:06.845350  5833 ic_gvins.cc:816] Add new keyframe time node at 373057.861250
I0327 11:44:06.845865  5834 tracking.cc:451] Track 53 map points
I0327 11:44:06.847774  5834 tracking.cc:570] Track 49 reference points
I0327 11:44:06.847782  5834 tracking.cc:278] Keyframe at 373057.961288, mappoints 53, interval 0.100038, parallax 15.4887
I0327 11:44:06.847847  5834 tracking.cc:799] Triangulate 14 3D points with 34 left, 0 reset, 0 outtime and 1 outliers
I0327 11:44:06.848258  5835 ic_gvins.cc:1917] Total 16 pose states from 373056.161232 to 373057.861250
I0327 11:44:06.850054  5834 tracking.cc:691] Add 126 new features to 101
I0327 11:44:06.850194  5834 ic_gvins.cc:610] Tracking cost 6.18317 ms
I0327 11:44:06.850205  5835 ic_gvins.cc:1241] Add 15 preintegration, 0 GNSS, 333 reprojection
I0327 11:44:06.857517  5835 ic_gvins.cc:1250] Ceres Solver Report: Iterations: 6, Initial cost: 2.586733e+03, Final cost: 5.073931e+02, Termination: NO_CONVERGENCE
I0327 11:44:06.857620  5835 ic_gvins.cc:1360] Remove 24 reprojection factors
I0327 11:44:06.870792  5835 ic_gvins.cc:1284] Ceres Solver Report: Iterations: 14, Initial cost: 2.425792e+02, Final cost: 2.387447e+02, Termination: CONVERGENCE
I0327 11:44:06.870932  5835 ic_gvins.cc:1188] Culled 10 mappoint with 19 bad observed features 0, 1, 9
I0327 11:44:06.871145  5835 ic_gvins.cc:1494] Marginalize 1 states, last time 373056.260939
I0327 11:44:06.872334  5835 ic_gvins.cc:534] Optimization costs 24.1149 ms with 7.31935 and 13.1803 with marginalization costs 1.19739
I0327 11:44:06.883544  5833 misc.cc:229] Redo INS mechanization at 373057.861250 to 373058.071878 is 0.210628 s
I0327 11:44:06.883605  5833 ic_gvins.cc:811] Insert keyframe 233 at 373057.961288 with 14 new mappoints
I0327 11:44:06.883818  5833 ic_gvins.cc:816] Add new keyframe time node at 373057.961288
I0327 11:44:06.883852  5835 ic_gvins.cc:1917] Total 16 pose states from 373056.260939 to 373057.961288
I0327 11:44:06.888154  5834 tracking.cc:451] Track 50 map points
I0327 11:44:06.889928  5834 tracking.cc:570] Track 40 reference points
I0327 11:44:06.890136  5835 ic_gvins.cc:1241] Add 15 preintegration, 0 GNSS, 319 reprojection
I0327 11:44:06.892006  5834 tracking.cc:691] Add 135 new features to 90
I0327 11:44:06.897167  5835 ic_gvins.cc:1250] Ceres Solver Report: Iterations: 6, Initial cost: 3.579122e+03, Final cost: 6.354636e+02, Termination: NO_CONVERGENCE
I0327 11:44:06.897269  5835 ic_gvins.cc:1360] Remove 27 reprojection factors
I0327 11:44:06.909588  5835 ic_gvins.cc:1284] Ceres Solver Report: Iterations: 14, Initial cost: 2.327610e+02, Final cost: 2.276984e+02, Termination: CONVERGENCE
I0327 11:44:06.909821  5835 ic_gvins.cc:1188] Culled 6 mappoint with 23 bad observed features 0, 4, 2
I0327 11:44:06.910068  5835 ic_gvins.cc:1494] Marginalize 1 states, last time 373056.360919
I0327 11:44:06.911273  5835 ic_gvins.cc:534] Optimization costs 27.4297 ms with 7.02581 and 12.3466 with marginalization costs 1.24194
I0327 11:44:06.922138  5833 misc.cc:229] Redo INS mechanization at 373057.961288 to 373058.171820 is 0.210532 s
I0327 11:44:06.924831  5834 tracking.cc:451] Track 42 map points
I0327 11:44:06.926663  5834 tracking.cc:570] Track 54 reference points
I0327 11:44:06.926671  5834 tracking.cc:278] Keyframe at 373058.161424, mappoints 42, interval 0.200136, parallax 30.3722
I0327 11:44:06.926735  5834 tracking.cc:799] Triangulate 14 3D points with 40 left, 27 reset, 0 outtime and 0 outliers
I0327 11:44:06.928699  5834 tracking.cc:691] Add 128 new features to 96
I0327 11:44:06.928795  5834 ic_gvins.cc:610] Tracking cost 6.7116 ms
I0327 11:44:06.961359  5833 ic_gvins.cc:811] Insert keyframe 234 at 373058.161424 with 14 new mappoints
I0327 11:44:06.961750  5833 ic_gvins.cc:816] Add new keyframe time node at 373058.161424
I0327 11:44:06.961827  5835 ic_gvins.cc:1917] Total 16 pose states from 373056.360919 to 373058.161424
I0327 11:44:06.963694  5835 ic_gvins.cc:1241] Add 15 preintegration, 0 GNSS, 322 reprojection
I0327 11:44:06.964504  5834 tracking.cc:451] Track 50 map points
I0327 11:44:06.966428  5834 tracking.cc:570] Track 52 reference points
I0327 11:44:06.969635  5834 tracking.cc:691] Add 121 new features to 102
I0327 11:44:06.974710  5835 ic_gvins.cc:1250] Ceres Solver Report: Iterations: 6, Initial cost: 1.424109e+05, Final cost: 5.802060e+03, Termination: NO_CONVERGENCE
I0327 11:44:06.974819  5835 ic_gvins.cc:1360] Remove 30 reprojection factors
I0327 11:44:06.987918  5835 ic_gvins.cc:1284] Ceres Solver Report: Iterations: 14, Initial cost: 2.371811e+02, Final cost: 2.312692e+02, Termination: CONVERGENCE
I0327 11:44:06.988091  5835 ic_gvins.cc:1188] Culled 10 mappoint with 28 bad observed features 0, 9, 1
I0327 11:44:06.988332  5835 ic_gvins.cc:1494] Marginalize 1 states, last time 373056.461111
I0327 11:44:06.989440  5835 ic_gvins.cc:534] Optimization costs 27.6262 ms with 11.0187 and 13.111 with marginalization costs 1.12375
I0327 11:44:06.999554  5833 misc.cc:229] Redo INS mechanization at 373058.161424 to 373058.351826 is 0.190402 s
I0327 11:44:07.003165  5834 tracking.cc:451] Track 41 map points
I0327 11:44:07.005784  5834 tracking.cc:570] Track 50 reference points
I0327 11:44:07.005796  5834 tracking.cc:278] Keyframe at 373058.361022, mappoints 41, interval 0.199597, parallax 28.6319
I0327 11:44:07.005872  5834 tracking.cc:799] Triangulate 23 3D points with 26 left, 12 reset, 0 outtime and 1 outliers
I0327 11:44:07.007820  5834 tracking.cc:691] Add 134 new features to 90
I0327 11:44:07.007917  5834 ic_gvins.cc:610] Tracking cost 8.32189 ms
I0327 11:44:07.036914  5833 ic_gvins.cc:811] Insert keyframe 235 at 373058.361022 with 23 new mappoints
I0327 11:44:07.037361  5833 ic_gvins.cc:816] Add new keyframe time node at 373058.361022
I0327 11:44:07.037395  5835 ic_gvins.cc:1917] Total 16 pose states from 373056.461111 to 373058.361022
I0327 11:44:07.038934  5835 ic_gvins.cc:1241] Add 15 preintegration, 0 GNSS, 336 reprojection
I0327 11:44:07.039402  5834 tracking.cc:451] Track 62 map points
I0327 11:44:07.044605  5834 tracking.cc:570] Track 41 reference points
I0327 11:44:07.047287  5834 tracking.cc:691] Add 123 new features to 103
I0327 11:44:07.050772  5835 ic_gvins.cc:1250] Ceres Solver Report: Iterations: 6, Initial cost: 2.849287e+04, Final cost: 1.539371e+03, Termination: NO_CONVERGENCE
I0327 11:44:07.050876  5835 ic_gvins.cc:1360] Remove 19 reprojection factors
I0327 11:44:07.063202  5835 ic_gvins.cc:1284] Ceres Solver Report: Iterations: 14, Initial cost: 2.593516e+02, Final cost: 2.545180e+02, Termination: CONVERGENCE
I0327 11:44:07.063356  5835 ic_gvins.cc:1188] Culled 7 mappoint with 17 bad observed features 0, 3, 4
I0327 11:44:07.063604  5835 ic_gvins.cc:1494] Marginalize 1 states, last time 373056.561096
I0327 11:44:07.064679  5835 ic_gvins.cc:534] Optimization costs 27.2977 ms with 11.841 and 12.3328 with marginalization costs 1.10034
I0327 11:44:07.074412  5833 misc.cc:229] Redo INS mechanization at 373058.361022 to 373058.571813 is 0.210791 s
I0327 11:44:07.076890  5834 tracking.cc:451] Track 50 map points
I0327 11:44:07.078858  5834 tracking.cc:570] Track 39 reference points
I0327 11:44:07.078877  5834 tracking.cc:278] Keyframe at 373058.561327, mappoints 50, interval 0.200306, parallax 29.5637
I0327 11:44:07.078965  5834 tracking.cc:799] Triangulate 11 3D points with 28 left, 14 reset, 0 outtime and 0 outliers
I0327 11:44:07.081974  5834 tracking.cc:691] Add 136 new features to 89
I0327 11:44:07.082267  5834 ic_gvins.cc:610] Tracking cost 7.93718 ms
I0327 11:44:07.111688  5833 ic_gvins.cc:811] Insert keyframe 236 at 373058.561327 with 11 new mappoints
I0327 11:44:07.112052  5833 ic_gvins.cc:816] Add new keyframe time node at 373058.561327
I0327 11:44:07.112166  5835 ic_gvins.cc:1917] Total 16 pose states from 373056.561096 to 373058.561327
I0327 11:44:07.113415  5835 ic_gvins.cc:1241] Add 15 preintegration, 0 GNSS, 333 reprojection
I0327 11:44:07.113821  5834 tracking.cc:451] Track 57 map points
I0327 11:44:07.115723  5834 tracking.cc:570] Track 48 reference points
I0327 11:44:07.115731  5834 tracking.cc:278] Keyframe at 373058.661284, mappoints 57, interval 0.0999565, parallax 16.094
I0327 11:44:07.115792  5834 tracking.cc:799] Triangulate 15 3D points with 33 left, 0 reset, 0 outtime and 0 outliers
I0327 11:44:07.122702  5834 tracking.cc:691] Add 116 new features to 105
I0327 11:44:07.122906  5834 ic_gvins.cc:610] Tracking cost 10.7558 ms
I0327 11:44:07.128274  5835 ic_gvins.cc:1250] Ceres Solver Report: Iterations: 6, Initial cost: 1.232233e+03, Final cost: 3.722955e+02, Termination: NO_CONVERGENCE
I0327 11:44:07.128378  5835 ic_gvins.cc:1360] Remove 25 reprojection factors
I0327 11:44:07.140097  5835 ic_gvins.cc:1284] Ceres Solver Report: Iterations: 14, Initial cost: 2.701857e+02, Final cost: 2.625984e+02, Termination: CONVERGENCE
I0327 11:44:07.140247  5835 ic_gvins.cc:1188] Culled 5 mappoint with 20 bad observed features 0, 0, 5
I0327 11:44:07.140465  5835 ic_gvins.cc:1494] Marginalize 1 states, last time 373056.660937
I0327 11:44:07.141392  5835 ic_gvins.cc:534] Optimization costs 29.2362 ms with 14.869 and 11.731 with marginalization costs 0.942737
I0327 11:44:07.148995  5833 misc.cc:229] Redo INS mechanization at 373058.561327 to 373058.771821 is 0.210494 s
I0327 11:44:07.149020  5833 ic_gvins.cc:811] Insert keyframe 237 at 373058.661284 with 15 new mappoints
I0327 11:44:07.149188  5833 ic_gvins.cc:816] Add new keyframe time node at 373058.661284
I0327 11:44:07.149344  5835 ic_gvins.cc:1917] Total 16 pose states from 373056.660937 to 373058.661284
I0327 11:44:07.150604  5835 ic_gvins.cc:1241] Add 15 preintegration, 0 GNSS, 342 reprojection
I0327 11:44:07.150645  5834 tracking.cc:451] Track 56 map points
I0327 11:44:07.152429  5834 tracking.cc:570] Track 40 reference points
I0327 11:44:07.154548  5834 tracking.cc:691] Add 124 new features to 96
I0327 11:44:07.159231  5835 ic_gvins.cc:1250] Ceres Solver Report: Iterations: 6, Initial cost: 2.886272e+03, Final cost: 5.551293e+02, Termination: NO_CONVERGENCE
I0327 11:44:07.159415  5835 ic_gvins.cc:1360] Remove 22 reprojection factors
I0327 11:44:07.172503  5835 ic_gvins.cc:1284] Ceres Solver Report: Iterations: 14, Initial cost: 2.836032e+02, Final cost: 2.739077e+02, Termination: CONVERGENCE
I0327 11:44:07.172686  5835 ic_gvins.cc:1188] Culled 9 mappoint with 18 bad observed features 0, 1, 8
I0327 11:44:07.172935  5835 ic_gvins.cc:1494] Marginalize 1 states, last time 373056.761122
I0327 11:44:07.173889  5835 ic_gvins.cc:534] Optimization costs 24.5519 ms with 8.65091 and 13.0987 with marginalization costs 0.946396
I0327 11:44:07.186291  5833 misc.cc:229] Redo INS mechanization at 373058.661284 to 373058.871792 is 0.210508 s
I0327 11:44:07.188319  5834 tracking.cc:451] Track 42 map points
I0327 11:44:07.190244  5834 tracking.cc:570] Track 38 reference points
I0327 11:44:07.190311  5834 tracking.cc:278] Keyframe at 373058.861288, mappoints 42, interval 0.200004, parallax 25.298
I0327 11:44:07.190399  5834 tracking.cc:799] Triangulate 13 3D points with 25 left, 10 reset, 0 outtime and 0 outliers
I0327 11:44:07.193182  5834 tracking.cc:691] Add 138 new features to 80
I0327 11:44:07.193282  5834 ic_gvins.cc:610] Tracking cost 6.50453 ms
I0327 11:44:07.223599  5833 ic_gvins.cc:811] Insert keyframe 238 at 373058.861288 with 13 new mappoints
I0327 11:44:07.223965  5833 ic_gvins.cc:816] Add new keyframe time node at 373058.861288
I0327 11:44:07.223980  5835 ic_gvins.cc:1917] Total 16 pose states from 373056.761122 to 373058.861288
I0327 11:44:07.225162  5835 ic_gvins.cc:1241] Add 15 preintegration, 0 GNSS, 326 reprojection
I0327 11:44:07.226575  5834 tracking.cc:451] Track 49 map points
I0327 11:44:07.229916  5834 tracking.cc:570] Track 50 reference points
I0327 11:44:07.232422  5834 tracking.cc:691] Add 122 new features to 99
I0327 11:44:07.234328  5835 ic_gvins.cc:1250] Ceres Solver Report: Iterations: 6, Initial cost: 4.194820e+03, Final cost: 9.730429e+02, Termination: NO_CONVERGENCE
I0327 11:44:07.234443  5835 ic_gvins.cc:1360] Remove 25 reprojection factors
I0327 11:44:07.247575  5835 ic_gvins.cc:1284] Ceres Solver Report: Iterations: 14, Initial cost: 2.727559e+02, Final cost: 2.585437e+02, Termination: CONVERGENCE
I0327 11:44:07.247742  5835 ic_gvins.cc:1188] Culled 10 mappoint with 20 bad observed features 0, 4, 6
I0327 11:44:07.247979  5835 ic_gvins.cc:1494] Marginalize 1 states, last time 373056.961195
I0327 11:44:07.248703  5835 ic_gvins.cc:534] Optimization costs 24.73 ms with 9.18642 and 13.147 with marginalization costs 0.750311
I0327 11:44:07.261267  5833 misc.cc:229] Redo INS mechanization at 373058.861288 to 373059.071798 is 0.21051 s
I0327 11:44:07.263836  5834 tracking.cc:451] Track 35 map points
I0327 11:44:07.265833  5834 tracking.cc:570] Track 52 reference points
I0327 11:44:07.265880  5834 tracking.cc:278] Keyframe at 373059.061966, mappoints 35, interval 0.200679, parallax 21.8257
I0327 11:44:07.266053  5834 tracking.cc:799] Triangulate 21 3D points with 31 left, 21 reset, 0 outtime and 0 outliers
I0327 11:44:07.268640  5834 tracking.cc:691] Add 129 new features to 87
I0327 11:44:07.268841  5834 ic_gvins.cc:610] Tracking cost 6.54632 ms
I0327 11:44:07.298900  5833 ic_gvins.cc:811] Insert keyframe 239 at 373059.061966 with 21 new mappoints
I0327 11:44:07.299293  5833 ic_gvins.cc:816] Add new keyframe time node at 373059.061966
I0327 11:44:07.299311  5835 ic_gvins.cc:1917] Total 16 pose states from 373056.961195 to 373059.061966
I0327 11:44:07.300604  5835 ic_gvins.cc:1241] Add 15 preintegration, 0 GNSS, 335 reprojection
I0327 11:44:07.303076  5834 tracking.cc:451] Track 47 map points
I0327 11:44:07.306635  5834 tracking.cc:570] Track 39 reference points
I0327 11:44:07.308948  5834 tracking.cc:691] Add 134 new features to 86
I0327 11:44:07.310426  5835 ic_gvins.cc:1250] Ceres Solver Report: Iterations: 6, Initial cost: 4.967991e+03, Final cost: 1.158089e+03, Termination: NO_CONVERGENCE
I0327 11:44:07.310532  5835 ic_gvins.cc:1360] Remove 27 reprojection factors
I0327 11:44:07.321839  5835 ic_gvins.cc:1284] Ceres Solver Report: Iterations: 14, Initial cost: 2.668148e+02, Final cost: 2.465044e+02, Termination: CONVERGENCE
I0327 11:44:07.322815  5835 ic_gvins.cc:1188] Culled 7 mappoint with 23 bad observed features 0, 5, 2
I0327 11:44:07.323304  5835 ic_gvins.cc:1494] Marginalize 1 states, last time 373057.061088
I0327 11:44:07.324615  5835 ic_gvins.cc:534] Optimization costs 25.3147 ms with 9.78618 and 11.4074 with marginalization costs 1.3394
I0327 11:44:07.336794  5833 misc.cc:229] Redo INS mechanization at 373059.061966 to 373059.271783 is 0.209816 s
I0327 11:44:07.338239  5834 tracking.cc:451] Track 41 map points
I0327 11:44:07.340026  5834 tracking.cc:570] Track 50 reference points
I0327 11:44:07.340034  5834 tracking.cc:278] Keyframe at 373059.261246, mappoints 41, interval 0.19928, parallax 23.8114
I0327 11:44:07.340142  5834 tracking.cc:799] Triangulate 15 3D points with 33 left, 19 reset, 2 outtime and 0 outliers
I0327 11:44:07.342644  5834 tracking.cc:691] Add 131 new features to 89
I0327 11:44:07.342754  5834 ic_gvins.cc:610] Tracking cost 6.03786 ms
I0327 11:44:07.374150  5833 ic_gvins.cc:811] Insert keyframe 240 at 373059.261246 with 15 new mappoints
I0327 11:44:07.374557  5833 ic_gvins.cc:816] Add new keyframe time node at 373059.261246
I0327 11:44:07.374595  5835 ic_gvins.cc:1917] Total 16 pose states from 373057.061088 to 373059.261246
I0327 11:44:07.375826  5834 tracking.cc:451] Track 46 map points
I0327 11:44:07.375892  5835 ic_gvins.cc:1241] Add 15 preintegration, 0 GNSS, 323 reprojection
I0327 11:44:07.377799  5834 tracking.cc:570] Track 39 reference points
I0327 11:44:07.380285  5834 tracking.cc:691] Add 131 new features to 85
I0327 11:44:07.383468  5835 ic_gvins.cc:1250] Ceres Solver Report: Iterations: 6, Initial cost: 1.002289e+05, Final cost: 3.672535e+03, Termination: NO_CONVERGENCE
I0327 11:44:07.383569  5835 ic_gvins.cc:1360] Remove 24 reprojection factors
I0327 11:44:07.394547  5835 ic_gvins.cc:1284] Ceres Solver Report: Iterations: 14, Initial cost: 2.679479e+02, Final cost: 2.521857e+02, Termination: CONVERGENCE
I0327 11:44:07.394716  5835 ic_gvins.cc:1188] Culled 5 mappoint with 17 bad observed features 0, 2, 3
I0327 11:44:07.394979  5835 ic_gvins.cc:1494] Marginalize 1 states, last time 373057.161136
I0327 11:44:07.395885  5835 ic_gvins.cc:534] Optimization costs 21.3047 ms with 7.58465 and 10.9936 with marginalization costs 0.948905
I0327 11:44:07.411609  5833 misc.cc:229] Redo INS mechanization at 373059.261246 to 373059.471823 is 0.210577 s
I0327 11:44:07.413043  5834 tracking.cc:451] Track 39 map points
I0327 11:44:07.414644  5834 tracking.cc:570] Track 49 reference points
I0327 11:44:07.414651  5834 tracking.cc:278] Keyframe at 373059.461157, mappoints 39, interval 0.19991, parallax 20.728
I0327 11:44:07.414711  5834 tracking.cc:799] Triangulate 14 3D points with 34 left, 22 reset, 0 outtime and 1 outliers
I0327 11:44:07.417201  5834 tracking.cc:691] Add 126 new features to 87
I0327 11:44:07.417313  5834 ic_gvins.cc:610] Tracking cost 5.78231 ms
I0327 11:44:07.449676  5833 ic_gvins.cc:811] Insert keyframe 241 at 373059.461157 with 14 new mappoints
I0327 11:44:07.450073  5833 ic_gvins.cc:816] Add new keyframe time node at 373059.461157
I0327 11:44:07.450472  5835 ic_gvins.cc:1917] Total 16 pose states from 373057.161136 to 373059.461157
I0327 11:44:07.451551  5835 ic_gvins.cc:1241] Add 15 preintegration, 0 GNSS, 303 reprojection
I0327 11:44:07.452652  5834 tracking.cc:451] Track 47 map points
I0327 11:44:07.454573  5834 tracking.cc:570] Track 45 reference points
I0327 11:44:07.456575  5834 tracking.cc:691] Add 122 new features to 92
I0327 11:44:07.460101  5835 ic_gvins.cc:1250] Ceres Solver Report: Iterations: 6, Initial cost: 4.570508e+02, Final cost: 3.991456e+02, Termination: NO_CONVERGENCE
I0327 11:44:07.460203  5835 ic_gvins.cc:1360] Remove 25 reprojection factors
I0327 11:44:07.470474  5835 ic_gvins.cc:1284] Ceres Solver Report: Iterations: 14, Initial cost: 2.623078e+02, Final cost: 2.454406e+02, Termination: CONVERGENCE
I0327 11:44:07.470618  5835 ic_gvins.cc:1188] Culled 3 mappoint with 16 bad observed features 0, 0, 3
I0327 11:44:07.470816  5835 ic_gvins.cc:1494] Marginalize 1 states, last time 373057.261128
I0327 11:44:07.471453  5835 ic_gvins.cc:534] Optimization costs 20.9872 ms with 8.55527 and 10.2757 with marginalization costs 0.656258
I0327 11:44:07.487115  5833 misc.cc:229] Redo INS mechanization at 373059.461157 to 373059.671764 is 0.210607 s
I0327 11:44:07.490550  5834 tracking.cc:451] Track 37 map points
I0327 11:44:07.495429  5834 tracking.cc:570] Track 48 reference points
I0327 11:44:07.495441  5834 tracking.cc:278] Keyframe at 373059.661210, mappoints 37, interval 0.200053, parallax 23.112
I0327 11:44:07.495505  5834 tracking.cc:799] Triangulate 11 3D points with 36 left, 18 reset, 0 outtime and 1 outliers
I0327 11:44:07.497481  5834 tracking.cc:691] Add 133 new features to 84
I0327 11:44:07.497581  5834 ic_gvins.cc:610] Tracking cost 10.5054 ms
I0327 11:44:07.525506  5833 ic_gvins.cc:811] Insert keyframe 242 at 373059.661210 with 11 new mappoints
I0327 11:44:07.525952  5833 ic_gvins.cc:816] Add new keyframe time node at 373059.661210
I0327 11:44:07.525986  5835 ic_gvins.cc:1917] Total 16 pose states from 373057.261128 to 373059.661210
I0327 11:44:07.527411  5835 ic_gvins.cc:1241] Add 15 preintegration, 0 GNSS, 316 reprojection
I0327 11:44:07.527899  5834 tracking.cc:451] Track 44 map points
I0327 11:44:07.529868  5834 tracking.cc:570] Track 54 reference points
I0327 11:44:07.531826  5834 tracking.cc:691] Add 120 new features to 98
I0327 11:44:07.535739  5835 ic_gvins.cc:1250] Ceres Solver Report: Iterations: 6, Initial cost: 1.645525e+03, Final cost: 7.938255e+02, Termination: NO_CONVERGENCE
I0327 11:44:07.535843  5835 ic_gvins.cc:1360] Remove 27 reprojection factors
I0327 11:44:07.545579  5835 ic_gvins.cc:1284] Ceres Solver Report: Iterations: 13, Initial cost: 2.654032e+02, Final cost: 2.548274e+02, Termination: CONVERGENCE
I0327 11:44:07.545727  5835 ic_gvins.cc:1188] Culled 7 mappoint with 16 bad observed features 0, 3, 4
I0327 11:44:07.545924  5835 ic_gvins.cc:1494] Marginalize 1 states, last time 373057.361284
I0327 11:44:07.546561  5835 ic_gvins.cc:534] Optimization costs 20.589 ms with 8.33294 and 9.74196 with marginalization costs 0.641553
I0327 11:44:07.563989  5833 misc.cc:229] Redo INS mechanization at 373059.661210 to 373059.871775 is 0.210566 s
I0327 11:44:07.566596  5834 tracking.cc:451] Track 27 map points
I0327 11:44:07.568486  5834 tracking.cc:570] Track 54 reference points
I0327 11:44:07.568493  5834 tracking.cc:278] Keyframe at 373059.861150, mappoints 27, interval 0.19994, parallax 22.3462
I0327 11:44:07.568559  5834 tracking.cc:799] Triangulate 16 3D points with 38 left, 18 reset, 0 outtime and 0 outliers
I0327 11:44:07.570791  5834 tracking.cc:691] Add 136 new features to 81
I0327 11:44:07.570878  5834 ic_gvins.cc:610] Tracking cost 6.45596 ms
I0327 11:44:07.602002  5833 ic_gvins.cc:811] Insert keyframe 243 at 373059.861150 with 16 new mappoints
I0327 11:44:07.602423  5833 ic_gvins.cc:816] Add new keyframe time node at 373059.861150
I0327 11:44:07.602445  5835 ic_gvins.cc:1917] Total 16 pose states from 373057.361284 to 373059.861150
I0327 11:44:07.604607  5835 ic_gvins.cc:1241] Add 15 preintegration, 0 GNSS, 313 reprojection
I0327 11:44:07.606721  5834 tracking.cc:451] Track 35 map points
I0327 11:44:07.608855  5834 tracking.cc:570] Track 43 reference points
I0327 11:44:07.611335  5834 tracking.cc:691] Add 141 new features to 78
I0327 11:44:07.615054  5835 ic_gvins.cc:1250] Ceres Solver Report: Iterations: 6, Initial cost: 7.542964e+04, Final cost: 2.795224e+03, Termination: NO_CONVERGENCE
I0327 11:44:07.615150  5835 ic_gvins.cc:1360] Remove 16 reprojection factors
I0327 11:44:07.624682  5835 ic_gvins.cc:1284] Ceres Solver Report: Iterations: 13, Initial cost: 2.607822e+02, Final cost: 2.577294e+02, Termination: CONVERGENCE
I0327 11:44:07.624833  5835 ic_gvins.cc:1188] Culled 6 mappoint with 9 bad observed features 0, 3, 3
I0327 11:44:07.625062  5835 ic_gvins.cc:1494] Marginalize 1 states, last time 373057.461379
I0327 11:44:07.625511  5835 ic_gvins.cc:534] Optimization costs 23.0764 ms with 10.4228 and 9.54436 with marginalization costs 0.468765
I0327 11:44:07.639457  5833 misc.cc:229] Redo INS mechanization at 373059.861150 to 373060.071795 is 0.210645 s
I0327 11:44:07.641377  5834 tracking.cc:451] Track 26 map points
I0327 11:44:07.646410  5834 tracking.cc:570] Track 49 reference points
I0327 11:44:07.646487  5834 tracking.cc:278] Keyframe at 373060.061226, mappoints 26, interval 0.200076, parallax 22.154
I0327 11:44:07.646641  5834 tracking.cc:799] Triangulate 9 3D points with 39 left, 20 reset, 0 outtime and 1 outliers
I0327 11:44:07.648758  5834 tracking.cc:691] Add 144 new features to 74
I0327 11:44:07.648866  5834 ic_gvins.cc:610] Tracking cost 9.36953 ms
I0327 11:44:07.676859  5833 ic_gvins.cc:811] Insert keyframe 244 at 373060.061226 with 9 new mappoints
I0327 11:44:07.677222  5833 ic_gvins.cc:816] Add new keyframe time node at 373060.061226
I0327 11:44:07.677311  5835 ic_gvins.cc:1917] Total 16 pose states from 373057.461379 to 373060.061226
I0327 11:44:07.678505  5835 ic_gvins.cc:1241] Add 15 preintegration, 0 GNSS, 326 reprojection
I0327 11:44:07.678926  5834 tracking.cc:451] Track 35 map points
I0327 11:44:07.681973  5834 tracking.cc:570] Track 42 reference points
I0327 11:44:07.684265  5834 tracking.cc:691] Add 143 new features to 77
I0327 11:44:07.689942  5835 ic_gvins.cc:1250] Ceres Solver Report: Iterations: 6, Initial cost: 3.965198e+02, Final cost: 3.518908e+02, Termination: NO_CONVERGENCE
I0327 11:44:07.690065  5835 ic_gvins.cc:1360] Remove 15 reprojection factors
I0327 11:44:07.699105  5835 ic_gvins.cc:1284] Ceres Solver Report: Iterations: 13, Initial cost: 2.676212e+02, Final cost: 2.644880e+02, Termination: CONVERGENCE
I0327 11:44:07.699249  5835 ic_gvins.cc:1188] Culled 4 mappoint with 14 bad observed features 0, 0, 4
I0327 11:44:07.699465  5835 ic_gvins.cc:1494] Marginalize 1 states, last time 373057.661374
I0327 11:44:07.699980  5835 ic_gvins.cc:534] Optimization costs 22.677 ms with 11.4646 and 9.04593 with marginalization costs 0.508363
I0327 11:44:07.714460  5833 misc.cc:229] Redo INS mechanization at 373060.061226 to 373060.271750 is 0.210524 s
I0327 11:44:07.716500  5834 tracking.cc:451] Track 28 map points
I0327 11:44:07.719179  5834 tracking.cc:570] Track 55 reference points
I0327 11:44:07.719192  5834 tracking.cc:278] Keyframe at 373060.261039, mappoints 28, interval 0.199813, parallax 19.4788
I0327 11:44:07.719251  5834 tracking.cc:799] Triangulate 9 3D points with 45 left, 27 reset, 0 outtime and 1 outliers
I0327 11:44:07.721292  5834 tracking.cc:691] Add 132 new features to 82
I0327 11:44:07.721536  5834 ic_gvins.cc:610] Tracking cost 6.90352 ms
I0327 11:44:07.751825  5833 ic_gvins.cc:811] Insert keyframe 245 at 373060.261039 with 9 new mappoints
I0327 11:44:07.752192  5833 ic_gvins.cc:816] Add new keyframe time node at 373060.261039
I0327 11:44:07.752329  5835 ic_gvins.cc:1917] Total 16 pose states from 373057.661374 to 373060.261039
I0327 11:44:07.753594  5835 ic_gvins.cc:1241] Add 15 preintegration, 0 GNSS, 325 reprojection
I0327 11:44:07.753943  5834 tracking.cc:451] Track 34 map points
I0327 11:44:07.755860  5834 tracking.cc:570] Track 51 reference points
I0327 11:44:07.757817  5834 tracking.cc:691] Add 132 new features to 85
I0327 11:44:07.762480  5835 ic_gvins.cc:1250] Ceres Solver Report: Iterations: 6, Initial cost: 2.350913e+04, Final cost: 9.599399e+02, Termination: NO_CONVERGENCE
I0327 11:44:07.762769  5835 ic_gvins.cc:1360] Remove 13 reprojection factors
I0327 11:44:07.774364  5835 ic_gvins.cc:1284] Ceres Solver Report: Iterations: 13, Initial cost: 2.660663e+02, Final cost: 2.636049e+02, Termination: CONVERGENCE
I0327 11:44:07.774505  5835 ic_gvins.cc:1188] Culled 3 mappoint with 12 bad observed features 0, 1, 2
I0327 11:44:07.774699  5835 ic_gvins.cc:1494] Marginalize 1 states, last time 373057.761402
I0327 11:44:07.775382  5835 ic_gvins.cc:534] Optimization costs 23.062 ms with 8.98187 and 11.5912 with marginalization costs 0.700567
I0327 11:44:07.789302  5833 misc.cc:229] Redo INS mechanization at 373060.261039 to 373060.471780 is 0.210741 s
I0327 11:44:07.791219  5834 tracking.cc:451] Track 30 map points
I0327 11:44:07.793290  5834 tracking.cc:570] Track 55 reference points
I0327 11:44:07.793298  5834 tracking.cc:278] Keyframe at 373060.461225, mappoints 30, interval 0.200186, parallax 17.9176
I0327 11:44:07.793339  5834 tracking.cc:799] Triangulate 5 3D points with 50 left, 19 reset, 0 outtime and 0 outliers
I0327 11:44:07.795480  5834 tracking.cc:691] Add 134 new features to 85
I0327 11:44:07.795583  5834 ic_gvins.cc:610] Tracking cost 5.83921 ms
I0327 11:44:07.826740  5833 ic_gvins.cc:811] Insert keyframe 246 at 373060.461225 with 5 new mappoints
I0327 11:44:07.827104  5833 ic_gvins.cc:816] Add new keyframe time node at 373060.461225
I0327 11:44:07.827145  5835 ic_gvins.cc:1917] Total 16 pose states from 373057.761402 to 373060.461225
I0327 11:44:07.828308  5835 ic_gvins.cc:1241] Add 15 preintegration, 0 GNSS, 316 reprojection
I0327 11:44:07.828763  5834 tracking.cc:451] Track 33 map points
I0327 11:44:07.830621  5834 tracking.cc:570] Track 66 reference points
I0327 11:44:07.830628  5834 tracking.cc:278] Keyframe at 373060.561186, mappoints 33, interval 0.0999608, parallax 15.6788
I0327 11:44:07.830718  5834 tracking.cc:799] Triangulate 22 3D points with 44 left, 0 reset, 0 outtime and 0 outliers
I0327 11:44:07.832830  5834 tracking.cc:691] Add 118 new features to 99
I0327 11:44:07.833034  5834 ic_gvins.cc:610] Tracking cost 5.84594 ms
I0327 11:44:07.836910  5835 ic_gvins.cc:1250] Ceres Solver Report: Iterations: 6, Initial cost: 4.730664e+02, Final cost: 3.437809e+02, Termination: NO_CONVERGENCE
I0327 11:44:07.836997  5835 ic_gvins.cc:1360] Remove 10 reprojection factors
I0327 11:44:07.850024  5835 ic_gvins.cc:1284] Ceres Solver Report: Iterations: 13, Initial cost: 2.654753e+02, Final cost: 2.632262e+02, Termination: CONVERGENCE
I0327 11:44:07.850191  5835 ic_gvins.cc:1188] Culled 2 mappoint with 10 bad observed features 0, 0, 2
I0327 11:44:07.850431  5835 ic_gvins.cc:1494] Marginalize 1 states, last time 373057.861250
I0327 11:44:07.851106  5835 ic_gvins.cc:534] Optimization costs 23.9667 ms with 8.44241 and 13.0417 with marginalization costs 0.680451
I0327 11:44:07.864166  5833 misc.cc:229] Redo INS mechanization at 373060.461225 to 373060.671736 is 0.210511 s
I0327 11:44:07.864190  5833 ic_gvins.cc:811] Insert keyframe 247 at 373060.561186 with 22 new mappoints
I0327 11:44:07.864382  5833 ic_gvins.cc:816] Add new keyframe time node at 373060.561186
I0327 11:44:07.865967  5834 tracking.cc:451] Track 44 map points
I0327 11:44:07.867663  5834 tracking.cc:570] Track 54 reference points
I0327 11:44:07.868186  5835 ic_gvins.cc:1917] Total 16 pose states from 373057.861250 to 373060.561186
I0327 11:44:07.869855  5835 ic_gvins.cc:1241] Add 15 preintegration, 0 GNSS, 334 reprojection
I0327 11:44:07.870600  5834 tracking.cc:691] Add 122 new features to 98
I0327 11:44:07.876332  5835 ic_gvins.cc:1250] Ceres Solver Report: Iterations: 6, Initial cost: 9.033439e+02, Final cost: 3.300616e+02, Termination: NO_CONVERGENCE
I0327 11:44:07.876446  5835 ic_gvins.cc:1360] Remove 11 reprojection factors
I0327 11:44:07.887701  5835 ic_gvins.cc:1284] Ceres Solver Report: Iterations: 13, Initial cost: 2.607567e+02, Final cost: 2.580041e+02, Termination: CONVERGENCE
I0327 11:44:07.887851  5835 ic_gvins.cc:1188] Culled 1 mappoint with 11 bad observed features 0, 1, 0
I0327 11:44:07.888059  5835 ic_gvins.cc:1494] Marginalize 1 states, last time 373057.961288
I0327 11:44:07.888671  5835 ic_gvins.cc:534] Optimization costs 20.4927 ms with 6.46634 and 11.2677 with marginalization costs 0.626518
I0327 11:44:07.902215  5833 misc.cc:229] Redo INS mechanization at 373060.561186 to 373060.771758 is 0.210572 s
I0327 11:44:07.903870  5834 tracking.cc:451] Track 34 map points
I0327 11:44:07.905767  5834 tracking.cc:570] Track 54 reference points
