I0327 11:44:00.168542  5835 ic_gvins.cc:1250] Ceres Solver Report: Iterations: 6, Initial cost: 4.044628e+02, Final cost: 3.538029e+02, Termination: NO_CONVERGENCE
I0327 11:44:00.168670  5835 ic_gvins.cc:1360] Remove 9 reprojection factors
I0327 11:44:00.181169  5835 ic_gvins.cc:1284] Ceres Solver Report: Iterations: 12, Initial cost: 2.266110e+02, Final cost: 2.257438e+02, Termination: CONVERGENCE
I0327 11:44:00.181345  5835 ic_gvins.cc:1188] Culled 3 mappoint with 7 bad observed features 0, 1, 2
I0327 11:44:00.181653  5835 ic_gvins.cc:1494] Marginalize 1 states, last time 373037.360111
I0327 11:44:00.182926  5835 ic_gvins.cc:534] Optimization costs 25.8687 ms with 10.2289 and 12.5038 with marginalization costs 1.24701
I0327 11:44:00.194736  5833 misc.cc:229] Redo INS mechanization at 373040.160193 to 373040.372586 is 0.212393 s
I0327 11:44:00.194846  5833 ic_gvins.cc:811] Insert keyframe 81 at 373040.260254 with 16 new mappoints
I0327 11:44:00.195885  5833 ic_gvins.cc:816] Add new keyframe time node at 373040.260254
I0327 11:44:00.195935  5835 ic_gvins.cc:1917] Total 16 pose states from 373037.360111 to 373040.260254
I0327 11:44:00.199968  5834 tracking.cc:451] Track 53 map points
I0327 11:44:00.200793  5835 ic_gvins.cc:1241] Add 15 preintegration, 0 GNSS, 471 reprojection
I0327 11:44:00.201762  5834 tracking.cc:570] Track 39 reference points
I0327 11:44:00.201824  5834 tracking.cc:278] Keyframe at 373040.360312, mappoints 53, interval 0.100058, parallax 17.395
I0327 11:44:00.201910  5834 tracking.cc:799] Triangulate 13 3D points with 25 left, 0 reset, 0 outtime and 1 outliers
I0327 11:44:00.210772  5834 tracking.cc:691] Add 113 new features to 91
I0327 11:44:00.210904  5834 ic_gvins.cc:610] Tracking cost 16.259 ms
I0327 11:44:00.216187  5835 ic_gvins.cc:1250] Ceres Solver Report: Iterations: 6, Initial cost: 4.565677e+02, Final cost: 2.671882e+02, Termination: NO_CONVERGENCE
I0327 11:44:00.216308  5835 ic_gvins.cc:1360] Remove 9 reprojection factors
I0327 11:44:00.228577  5835 ic_gvins.cc:1284] Ceres Solver Report: Iterations: 12, Initial cost: 2.254132e+02, Final cost: 2.240298e+02, Termination: CONVERGENCE
I0327 11:44:00.228763  5835 ic_gvins.cc:1188] Culled 3 mappoint with 6 bad observed features 0, 0, 3
I0327 11:44:00.229063  5835 ic_gvins.cc:1494] Marginalize 1 states, last time 373037.559946
I0327 11:44:00.230087  5835 ic_gvins.cc:534] Optimization costs 34.1698 ms with 15.3992 and 12.2609 with marginalization costs 0.99282
I0327 11:44:00.232586  5833 misc.cc:229] Redo INS mechanization at 373040.260254 to 373040.472575 is 0.212321 s
I0327 11:44:00.232640  5833 ic_gvins.cc:811] Insert keyframe 82 at 373040.360312 with 13 new mappoints
I0327 11:44:00.232978  5833 ic_gvins.cc:816] Add new keyframe time node at 373040.360312
I0327 11:44:00.235106  5835 ic_gvins.cc:1917] Total 16 pose states from 373037.559946 to 373040.360312
I0327 11:44:00.237459  5834 tracking.cc:451] Track 53 map points
I0327 11:44:00.237834  5835 ic_gvins.cc:1241] Add 15 preintegration, 0 GNSS, 505 reprojection
I0327 11:44:00.241205  5834 tracking.cc:570] Track 45 reference points
I0327 11:44:00.243383  5834 tracking.cc:691] Add 110 new features to 98
I0327 11:44:00.248162  5835 ic_gvins.cc:1250] Ceres Solver Report: Iterations: 6, Initial cost: 1.404631e+03, Final cost: 2.516394e+02, Termination: NO_CONVERGENCE
I0327 11:44:00.248301  5835 ic_gvins.cc:1360] Remove 5 reprojection factors
I0327 11:44:00.259994  5835 ic_gvins.cc:1284] Ceres Solver Report: Iterations: 12, Initial cost: 2.301261e+02, Final cost: 2.293706e+02, Termination: CONVERGENCE
I0327 11:44:00.260200  5835 ic_gvins.cc:1188] Culled 2 mappoint with 3 bad observed features 0, 0, 2
I0327 11:44:00.260464  5835 ic_gvins.cc:1494] Marginalize 1 states, last time 373037.760254
I0327 11:44:00.261471  5835 ic_gvins.cc:534] Optimization costs 26.3866 ms with 10.3316 and 11.7088 with marginalization costs 0.995953
I0327 11:44:00.270001  5833 misc.cc:229] Redo INS mechanization at 373040.360312 to 373040.572547 is 0.212235 s
I0327 11:44:00.271688  5834 tracking.cc:451] Track 41 map points
I0327 11:44:00.273703  5834 tracking.cc:570] Track 53 reference points
I0327 11:44:00.273713  5834 tracking.cc:278] Keyframe at 373040.560592, mappoints 41, interval 0.20028, parallax 31.8882
I0327 11:44:00.273813  5834 tracking.cc:799] Triangulate 9 3D points with 44 left, 26 reset, 0 outtime and 0 outliers
I0327 11:44:00.278671  5834 tracking.cc:691] Add 112 new features to 94
I0327 11:44:00.278919  5834 ic_gvins.cc:610] Tracking cost 8.76958 ms
I0327 11:44:00.307462  5833 ic_gvins.cc:811] Insert keyframe 83 at 373040.560592 with 9 new mappoints
I0327 11:44:00.307876  5833 ic_gvins.cc:816] Add new keyframe time node at 373040.560592
I0327 11:44:00.307956  5835 ic_gvins.cc:1917] Total 16 pose states from 373037.760254 to 373040.560592
I0327 11:44:00.309187  5834 tracking.cc:451] Track 39 map points
I0327 11:44:00.309393  5835 ic_gvins.cc:1241] Add 15 preintegration, 0 GNSS, 507 reprojection
I0327 11:44:00.311372  5834 tracking.cc:570] Track 51 reference points
I0327 11:44:00.311389  5834 tracking.cc:278] Keyframe at 373040.660426, mappoints 39, interval 0.0998333, parallax 16.8837
I0327 11:44:00.311509  5834 tracking.cc:799] Triangulate 22 3D points with 29 left, 0 reset, 0 outtime and 0 outliers
I0327 11:44:00.314610  5834 tracking.cc:691] Add 113 new features to 90
I0327 11:44:00.315022  5834 ic_gvins.cc:610] Tracking cost 7.63731 ms
I0327 11:44:00.322036  5835 ic_gvins.cc:1250] Ceres Solver Report: Iterations: 6, Initial cost: 5.706545e+02, Final cost: 3.062917e+02, Termination: NO_CONVERGENCE
I0327 11:44:00.322160  5835 ic_gvins.cc:1360] Remove 4 reprojection factors
I0327 11:44:00.333973  5835 ic_gvins.cc:1284] Ceres Solver Report: Iterations: 12, Initial cost: 2.329911e+02, Final cost: 2.326816e+02, Termination: CONVERGENCE
I0327 11:44:00.334163  5835 ic_gvins.cc:1188] Culled 4 mappoint with 3 bad observed features 0, 1, 3
I0327 11:44:00.334399  5835 ic_gvins.cc:1494] Marginalize 1 states, last time 373037.960159
I0327 11:44:00.335347  5835 ic_gvins.cc:534] Optimization costs 27.3977 ms with 12.6556 and 11.8273 with marginalization costs 0.948774
I0327 11:44:00.344854  5833 misc.cc:229] Redo INS mechanization at 373040.560592 to 373040.772587 is 0.211994 s
I0327 11:44:00.344882  5833 ic_gvins.cc:811] Insert keyframe 84 at 373040.660426 with 22 new mappoints
I0327 11:44:00.345104  5833 ic_gvins.cc:816] Add new keyframe time node at 373040.660426
I0327 11:44:00.346369  5834 tracking.cc:451] Track 45 map points
I0327 11:44:00.347951  5834 tracking.cc:570] Track 42 reference points
I0327 11:44:00.347959  5834 tracking.cc:278] Keyframe at 373040.760451, mappoints 45, interval 0.100025, parallax 20.6955
I0327 11:44:00.348001  5834 tracking.cc:799] Triangulate 8 3D points with 34 left, 0 reset, 0 outtime and 0 outliers
I0327 11:44:00.349817  5835 ic_gvins.cc:1917] Total 16 pose states from 373037.960159 to 373040.660426
I0327 11:44:00.350231  5834 tracking.cc:691] Add 117 new features to 87
I0327 11:44:00.350323  5834 ic_gvins.cc:610] Tracking cost 5.55771 ms
I0327 11:44:00.351305  5835 ic_gvins.cc:1241] Add 15 preintegration, 0 GNSS, 506 reprojection
I0327 11:44:00.359823  5835 ic_gvins.cc:1250] Ceres Solver Report: Iterations: 6, Initial cost: 1.070784e+03, Final cost: 2.380970e+02, Termination: NO_CONVERGENCE
I0327 11:44:00.359977  5835 ic_gvins.cc:1360] Remove 4 reprojection factors
I0327 11:44:00.371404  5835 ic_gvins.cc:1284] Ceres Solver Report: Iterations: 12, Initial cost: 2.238609e+02, Final cost: 2.236106e+02, Termination: CONVERGENCE
I0327 11:44:00.371596  5835 ic_gvins.cc:1188] Culled 3 mappoint with 3 bad observed features 0, 1, 2
I0327 11:44:00.371877  5835 ic_gvins.cc:1494] Marginalize 1 states, last time 373038.159992
I0327 11:44:00.372660  5835 ic_gvins.cc:534] Optimization costs 22.8537 ms with 8.55446 and 11.435 with marginalization costs 0.776631
I0327 11:44:00.382268  5833 misc.cc:229] Redo INS mechanization at 373040.660426 to 373040.872514 is 0.212088 s
I0327 11:44:00.382298  5833 ic_gvins.cc:811] Insert keyframe 85 at 373040.760451 with 8 new mappoints
I0327 11:44:00.382516  5833 ic_gvins.cc:816] Add new keyframe time node at 373040.760451
I0327 11:44:00.384001  5834 tracking.cc:451] Track 36 map points
I0327 11:44:00.385785  5834 tracking.cc:570] Track 45 reference points
I0327 11:44:00.385794  5834 tracking.cc:278] Keyframe at 373040.860647, mappoints 36, interval 0.100196, parallax 19.3846
I0327 11:44:00.385850  5834 tracking.cc:799] Triangulate 11 3D points with 32 left, 0 reset, 0 outtime and 2 outliers
I0327 11:44:00.386399  5835 ic_gvins.cc:1917] Total 16 pose states from 373038.159992 to 373040.760451
I0327 11:44:00.388593  5835 ic_gvins.cc:1241] Add 15 preintegration, 0 GNSS, 523 reprojection
I0327 11:44:00.395295  5834 tracking.cc:691] Add 127 new features to 79
I0327 11:44:00.396148  5834 ic_gvins.cc:610] Tracking cost 13.9485 ms
I0327 11:44:00.400621  5835 ic_gvins.cc:1250] Ceres Solver Report: Iterations: 6, Initial cost: 2.406393e+02, Final cost: 2.329046e+02, Termination: NO_CONVERGENCE
I0327 11:44:00.400745  5835 ic_gvins.cc:1360] Remove 2 reprojection factors
I0327 11:44:00.411648  5835 ic_gvins.cc:1284] Ceres Solver Report: Iterations: 12, Initial cost: 2.265936e+02, Final cost: 2.257833e+02, Termination: CONVERGENCE
I0327 11:44:00.411834  5835 ic_gvins.cc:1188] Culled 4 mappoint with 1 bad observed features 0, 0, 4
I0327 11:44:00.412091  5835 ic_gvins.cc:1494] Marginalize 1 states, last time 373038.360028
I0327 11:44:00.413192  5835 ic_gvins.cc:534] Optimization costs 26.848 ms with 12.0313 and 10.91 with marginalization costs 1.10115
I0327 11:44:00.419890  5833 misc.cc:229] Redo INS mechanization at 373040.760451 to 373040.972538 is 0.212087 s
I0327 11:44:00.419934  5833 ic_gvins.cc:811] Insert keyframe 86 at 373040.860647 with 11 new mappoints
I0327 11:44:00.420156  5833 ic_gvins.cc:816] Add new keyframe time node at 373040.860647
I0327 11:44:00.422046  5834 tracking.cc:451] Track 35 map points
I0327 11:44:00.423838  5834 tracking.cc:570] Track 46 reference points
I0327 11:44:00.423851  5834 tracking.cc:278] Keyframe at 373040.960728, mappoints 35, interval 0.100081, parallax 17.6922
I0327 11:44:00.424065  5834 tracking.cc:799] Triangulate 9 3D points with 37 left, 0 reset, 0 outtime and 0 outliers
I0327 11:44:00.424269  5835 ic_gvins.cc:1917] Total 16 pose states from 373038.360028 to 373040.860647
I0327 11:44:00.426582  5834 tracking.cc:691] Add 126 new features to 81
I0327 11:44:00.426674  5834 ic_gvins.cc:610] Tracking cost 6.86983 ms
I0327 11:44:00.426975  5835 ic_gvins.cc:1241] Add 15 preintegration, 0 GNSS, 522 reprojection
I0327 11:44:00.434904  5835 ic_gvins.cc:1250] Ceres Solver Report: Iterations: 6, Initial cost: 2.285705e+02, Final cost: 2.207412e+02, Termination: NO_CONVERGENCE
I0327 11:44:00.435130  5835 ic_gvins.cc:1360] Remove 1 reprojection factors
I0327 11:44:00.449993  5835 ic_gvins.cc:1284] Ceres Solver Report: Iterations: 12, Initial cost: 2.175260e+02, Final cost: 2.173510e+02, Termination: CONVERGENCE
I0327 11:44:00.450206  5835 ic_gvins.cc:1188] Culled 1 mappoint with 1 bad observed features 0, 0, 1
I0327 11:44:00.450562  5835 ic_gvins.cc:1494] Marginalize 1 states, last time 373038.560913
I0327 11:44:00.451740  5835 ic_gvins.cc:534] Optimization costs 27.505 ms with 8.00721 and 14.8694 with marginalization costs 1.13868
I0327 11:44:00.457252  5833 misc.cc:229] Redo INS mechanization at 373040.860647 to 373041.072523 is 0.211876 s
I0327 11:44:00.457273  5833 ic_gvins.cc:811] Insert keyframe 87 at 373040.960728 with 9 new mappoints
I0327 11:44:00.457491  5833 ic_gvins.cc:816] Add new keyframe time node at 373040.960728
I0327 11:44:00.458806  5834 tracking.cc:451] Track 36 map points
I0327 11:44:00.460697  5834 tracking.cc:570] Track 62 reference points
I0327 11:44:00.460703  5834 tracking.cc:278] Keyframe at 373041.060796, mappoints 36, interval 0.100068, parallax 18.3065
I0327 11:44:00.460768  5834 tracking.cc:799] Triangulate 17 3D points with 45 left, 0 reset, 0 outtime and 0 outliers
I0327 11:44:00.461256  5835 ic_gvins.cc:1917] Total 16 pose states from 373038.560913 to 373040.960728
I0327 11:44:00.463454  5835 ic_gvins.cc:1241] Add 15 preintegration, 0 GNSS, 548 reprojection
I0327 11:44:00.463483  5834 tracking.cc:691] Add 108 new features to 98
I0327 11:44:00.463636  5834 ic_gvins.cc:610] Tracking cost 6.45777 ms
I0327 11:44:00.469919  5835 ic_gvins.cc:1250] Ceres Solver Report: Iterations: 6, Initial cost: 2.316029e+02, Final cost: 2.247403e+02, Termination: NO_CONVERGENCE
I0327 11:44:00.470041  5835 ic_gvins.cc:1360] Remove 0 reprojection factors
I0327 11:44:00.471554  5835 ic_gvins.cc:1284] Ceres Solver Report: Iterations: 1, Initial cost: 2.247403e+02, Final cost: 2.247403e+02, Termination: CONVERGENCE
I0327 11:44:00.471732  5835 ic_gvins.cc:1188] Culled 1 mappoint with 0 bad observed features 0, 0, 1
I0327 11:44:00.472435  5835 ic_gvins.cc:1494] Marginalize 1 states, last time 373038.760280
I0327 11:44:00.475584  5835 ic_gvins.cc:534] Optimization costs 14.3689 ms with 6.46239 and 1.51852 with marginalization costs 3.23324
I0327 11:44:00.494683  5833 misc.cc:229] Redo INS mechanization at 373040.960728 to 373041.172524 is 0.211796 s
I0327 11:44:00.494715  5833 ic_gvins.cc:811] Insert keyframe 88 at 373041.060796 with 17 new mappoints
I0327 11:44:00.494938  5833 ic_gvins.cc:816] Add new keyframe time node at 373041.060796
I0327 11:44:00.494982  5835 ic_gvins.cc:1917] Total 16 pose states from 373038.760280 to 373041.060796
I0327 11:44:00.496511  5835 ic_gvins.cc:1241] Add 15 preintegration, 0 GNSS, 518 reprojection
I0327 11:44:00.497032  5834 tracking.cc:451] Track 40 map points
I0327 11:44:00.498852  5834 tracking.cc:570] Track 58 reference points
I0327 11:44:00.498858  5834 tracking.cc:278] Keyframe at 373041.160229, mappoints 40, interval 0.0994331, parallax 21.6105
I0327 11:44:00.498936  5834 tracking.cc:799] Triangulate 20 3D points with 37 left, 0 reset, 0 outtime and 1 outliers
I0327 11:44:00.501009  5834 tracking.cc:691] Add 111 new features to 97
I0327 11:44:00.501103  5834 ic_gvins.cc:610] Tracking cost 6.5003 ms
I0327 11:44:00.505091  5835 ic_gvins.cc:1250] Ceres Solver Report: Iterations: 6, Initial cost: 6.214889e+02, Final cost: 3.252598e+02, Termination: NO_CONVERGENCE
I0327 11:44:00.505235  5835 ic_gvins.cc:1360] Remove 1 reprojection factors
I0327 11:44:00.523077  5835 ic_gvins.cc:1284] Ceres Solver Report: Iterations: 13, Initial cost: 2.196857e+02, Final cost: 2.194665e+02, Termination: CONVERGENCE
I0327 11:44:00.523376  5835 ic_gvins.cc:1188] Culled 2 mappoint with 1 bad observed features 0, 1, 1
I0327 11:44:00.523795  5835 ic_gvins.cc:1494] Marginalize 1 states, last time 373038.960310
I0327 11:44:00.525947  5835 ic_gvins.cc:534] Optimization costs 30.9715 ms with 8.55302 and 17.8581 with marginalization costs 2.16114
I0327 11:44:00.532065  5833 misc.cc:229] Redo INS mechanization at 373041.060796 to 373041.272497 is 0.211701 s
I0327 11:44:00.532088  5833 ic_gvins.cc:811] Insert keyframe 89 at 373041.160229 with 20 new mappoints
I0327 11:44:00.532279  5833 ic_gvins.cc:816] Add new keyframe time node at 373041.160229
I0327 11:44:00.532290  5835 ic_gvins.cc:1917] Total 16 pose states from 373038.960310 to 373041.160229
I0327 11:44:00.533803  5835 ic_gvins.cc:1241] Add 15 preintegration, 0 GNSS, 522 reprojection
I0327 11:44:00.534085  5834 tracking.cc:451] Track 46 map points
I0327 11:44:00.535750  5834 tracking.cc:570] Track 52 reference points
I0327 11:44:00.535758  5834 tracking.cc:278] Keyframe at 373041.260882, mappoints 46, interval 0.100652, parallax 16.8694
I0327 11:44:00.535817  5834 tracking.cc:799] Triangulate 15 3D points with 37 left, 0 reset, 0 outtime and 0 outliers
I0327 11:44:00.538237  5834 tracking.cc:691] Add 106 new features to 98
I0327 11:44:00.538393  5834 ic_gvins.cc:610] Tracking cost 5.9642 ms
I0327 11:44:00.544097  5835 ic_gvins.cc:1250] Ceres Solver Report: Iterations: 6, Initial cost: 1.289336e+03, Final cost: 2.228059e+02, Termination: NO_CONVERGENCE
I0327 11:44:00.544263  5835 ic_gvins.cc:1360] Remove 0 reprojection factors
I0327 11:44:00.560586  5835 ic_gvins.cc:1284] Ceres Solver Report: Iterations: 13, Initial cost: 2.228059e+02, Final cost: 2.222901e+02, Termination: CONVERGENCE
I0327 11:44:00.560807  5835 ic_gvins.cc:1188] Culled 1 mappoint with 0 bad observed features 0, 0, 1
I0327 11:44:00.561132  5835 ic_gvins.cc:1494] Marginalize 1 states, last time 373039.160179
I0327 11:44:00.562320  5835 ic_gvins.cc:534] Optimization costs 30.0359 ms with 10.3014 and 16.3388 with marginalization costs 1.16589
I0327 11:44:00.570116  5833 misc.cc:229] Redo INS mechanization at 373041.160229 to 373041.372500 is 0.212271 s
I0327 11:44:00.570158  5833 ic_gvins.cc:811] Insert keyframe 90 at 373041.260882 with 15 new mappoints
I0327 11:44:00.570384  5833 ic_gvins.cc:816] Add new keyframe time node at 373041.260882
I0327 11:44:00.570511  5835 ic_gvins.cc:1917] Total 16 pose states from 373039.160179 to 373041.260882
I0327 11:44:00.571704  5834 tracking.cc:451] Track 48 map points
I0327 11:44:00.572108  5835 ic_gvins.cc:1241] Add 15 preintegration, 0 GNSS, 547 reprojection
I0327 11:44:00.573522  5834 tracking.cc:570] Track 46 reference points
I0327 11:44:00.573566  5834 tracking.cc:278] Keyframe at 373041.360436, mappoints 48, interval 0.0995547, parallax 18.7531
I0327 11:44:00.573673  5834 tracking.cc:799] Triangulate 17 3D points with 28 left, 0 reset, 0 outtime and 1 outliers
I0327 11:44:00.575987  5834 tracking.cc:691] Add 115 new features to 93
I0327 11:44:00.576114  5834 ic_gvins.cc:610] Tracking cost 6.04045 ms
I0327 11:44:00.581485  5835 ic_gvins.cc:1250] Ceres Solver Report: Iterations: 6, Initial cost: 1.439892e+03, Final cost: 3.460844e+02, Termination: NO_CONVERGENCE
I0327 11:44:00.581617  5835 ic_gvins.cc:1360] Remove 2 reprojection factors
I0327 11:44:00.595536  5835 ic_gvins.cc:1284] Ceres Solver Report: Iterations: 13, Initial cost: 2.257718e+02, Final cost: 2.252428e+02, Termination: CONVERGENCE
I0327 11:44:00.595966  5835 ic_gvins.cc:1188] Culled 4 mappoint with 1 bad observed features 0, 1, 3
I0327 11:44:00.596817  5835 ic_gvins.cc:1494] Marginalize 1 states, last time 373039.360379
I0327 11:44:00.597985  5835 ic_gvins.cc:534] Optimization costs 27.4836 ms with 9.38682 and 13.9742 with marginalization costs 1.5876
I0327 11:44:00.607470  5833 misc.cc:229] Redo INS mechanization at 373041.260882 to 373041.472494 is 0.211612 s
I0327 11:44:00.607499  5833 ic_gvins.cc:811] Insert keyframe 91 at 373041.360436 with 17 new mappoints
I0327 11:44:00.607694  5833 ic_gvins.cc:816] Add new keyframe time node at 373041.360436
I0327 11:44:00.607707  5835 ic_gvins.cc:1917] Total 16 pose states from 373039.360379 to 373041.360436
I0327 11:44:00.609308  5835 ic_gvins.cc:1241] Add 15 preintegration, 0 GNSS, 558 reprojection
I0327 11:44:00.609683  5834 tracking.cc:451] Track 46 map points
I0327 11:44:00.613078  5834 tracking.cc:570] Track 46 reference points
I0327 11:44:00.613292  5834 tracking.cc:278] Keyframe at 373041.460701, mappoints 46, interval 0.100265, parallax 16.7955
I0327 11:44:00.613396  5834 tracking.cc:799] Triangulate 13 3D points with 33 left, 0 reset, 0 outtime and 0 outliers
I0327 11:44:00.615653  5834 tracking.cc:691] Add 118 new features to 92
I0327 11:44:00.615779  5834 ic_gvins.cc:610] Tracking cost 8.28368 ms
I0327 11:44:00.620774  5835 ic_gvins.cc:1250] Ceres Solver Report: Iterations: 6, Initial cost: 7.441333e+02, Final cost: 2.903349e+02, Termination: NO_CONVERGENCE
I0327 11:44:00.620903  5835 ic_gvins.cc:1360] Remove 2 reprojection factors
I0327 11:44:00.633509  5835 ic_gvins.cc:1284] Ceres Solver Report: Iterations: 13, Initial cost: 2.184767e+02, Final cost: 2.182499e+02, Termination: CONVERGENCE
I0327 11:44:00.634174  5835 ic_gvins.cc:1188] Culled 5 mappoint with 2 bad observed features 0, 1, 4
I0327 11:44:00.635170  5835 ic_gvins.cc:1494] Marginalize 1 states, last time 373039.560574
I0327 11:44:00.637135  5835 ic_gvins.cc:534] Optimization costs 29.438 ms with 11.4705 and 12.6385 with marginalization costs 2.14513
I0327 11:44:00.645035  5833 misc.cc:229] Redo INS mechanization at 373041.360436 to 373041.572490 is 0.212054 s
I0327 11:44:00.645100  5833 ic_gvins.cc:811] Insert keyframe 92 at 373041.460701 with 13 new mappoints
I0327 11:44:00.645330  5833 ic_gvins.cc:816] Add new keyframe time node at 373041.460701
I0327 11:44:00.645932  5835 ic_gvins.cc:1917] Total 16 pose states from 373039.560574 to 373041.460701
I0327 11:44:00.646787  5834 tracking.cc:451] Track 41 map points
I0327 11:44:00.647580  5835 ic_gvins.cc:1241] Add 15 preintegration, 0 GNSS, 545 reprojection
I0327 11:44:00.648620  5834 tracking.cc:570] Track 42 reference points
I0327 11:44:00.648633  5834 tracking.cc:278] Keyframe at 373041.560054, mappoints 41, interval 0.0993529, parallax 16.9505
I0327 11:44:00.648684  5834 tracking.cc:799] Triangulate 10 3D points with 31 left, 0 reset, 0 outtime and 1 outliers
I0327 11:44:00.650825  5834 tracking.cc:691] Add 121 new features to 82
I0327 11:44:00.650923  5834 ic_gvins.cc:610] Tracking cost 5.91928 ms
I0327 11:44:00.656714  5835 ic_gvins.cc:1250] Ceres Solver Report: Iterations: 6, Initial cost: 3.638609e+02, Final cost: 2.911456e+02, Termination: NO_CONVERGENCE
I0327 11:44:00.656847  5835 ic_gvins.cc:1360] Remove 2 reprojection factors
I0327 11:44:00.670619  5835 ic_gvins.cc:1284] Ceres Solver Report: Iterations: 13, Initial cost: 2.032835e+02, Final cost: 2.031382e+02, Termination: CONVERGENCE
I0327 11:44:00.670816  5835 ic_gvins.cc:1188] Culled 3 mappoint with 1 bad observed features 0, 1, 2
I0327 11:44:00.671103  5835 ic_gvins.cc:1494] Marginalize 1 states, last time 373039.760310
I0327 11:44:00.673135  5835 ic_gvins.cc:534] Optimization costs 27.2146 ms with 9.13856 and 13.7801 with marginalization costs 1.91505
I0327 11:44:00.682382  5833 misc.cc:229] Redo INS mechanization at 373041.460701 to 373041.672480 is 0.211779 s
I0327 11:44:00.682418  5833 ic_gvins.cc:811] Insert keyframe 93 at 373041.560054 with 10 new mappoints
I0327 11:44:00.682651  5833 ic_gvins.cc:816] Add new keyframe time node at 373041.560054
I0327 11:44:00.682838  5835 ic_gvins.cc:1917] Total 16 pose states from 373039.760310 to 373041.560054
I0327 11:44:00.683934  5835 ic_gvins.cc:1241] Add 15 preintegration, 0 GNSS, 535 reprojection
I0327 11:44:00.684391  5834 tracking.cc:451] Track 39 map points
I0327 11:44:00.686259  5834 tracking.cc:570] Track 49 reference points
I0327 11:44:00.686311  5834 tracking.cc:278] Keyframe at 373041.660582, mappoints 39, interval 0.100528, parallax 19.4006
I0327 11:44:00.686414  5834 tracking.cc:799] Triangulate 18 3D points with 30 left, 0 reset, 0 outtime and 1 outliers
I0327 11:44:00.688886  5834 tracking.cc:691] Add 122 new features to 87
I0327 11:44:00.688997  5834 ic_gvins.cc:610] Tracking cost 6.58784 ms
I0327 11:44:00.693933  5835 ic_gvins.cc:1250] Ceres Solver Report: Iterations: 6, Initial cost: 3.060936e+02, Final cost: 2.012900e+02, Termination: NO_CONVERGENCE
I0327 11:44:00.694056  5835 ic_gvins.cc:1360] Remove 1 reprojection factors
I0327 11:44:00.709126  5835 ic_gvins.cc:1284] Ceres Solver Report: Iterations: 13, Initial cost: 1.990237e+02, Final cost: 1.989433e+02, Termination: CONVERGENCE
I0327 11:44:00.709312  5835 ic_gvins.cc:1188] Culled 2 mappoint with 0 bad observed features 0, 0, 2
I0327 11:44:00.709563  5835 ic_gvins.cc:1494] Marginalize 1 states, last time 373039.960345
I0327 11:44:00.710708  5835 ic_gvins.cc:534] Optimization costs 27.8768 ms with 10.0047 and 15.0827 with marginalization costs 1.15447
I0327 11:44:00.719677  5833 misc.cc:229] Redo INS mechanization at 373041.560054 to 373041.772545 is 0.21249 s
I0327 11:44:00.719708  5833 ic_gvins.cc:811] Insert keyframe 94 at 373041.660582 with 18 new mappoints
I0327 11:44:00.719906  5833 ic_gvins.cc:816] Add new keyframe time node at 373041.660582
I0327 11:44:00.721613  5834 tracking.cc:451] Track 42 map points
I0327 11:44:00.723623  5834 tracking.cc:570] Track 44 reference points
I0327 11:44:00.723634  5834 tracking.cc:278] Keyframe at 373041.760307, mappoints 42, interval 0.0997253, parallax 16.9126
I0327 11:44:00.723690  5834 tracking.cc:799] Triangulate 11 3D points with 33 left, 0 reset, 0 outtime and 0 outliers
I0327 11:44:00.724031  5835 ic_gvins.cc:1917] Total 16 pose states from 373039.960345 to 373041.660582
I0327 11:44:00.726291  5835 ic_gvins.cc:1241] Add 15 preintegration, 0 GNSS, 542 reprojection
I0327 11:44:00.727537  5834 tracking.cc:691] Add 120 new features to 86
I0327 11:44:00.727631  5834 ic_gvins.cc:610] Tracking cost 7.92042 ms
I0327 11:44:00.734400  5835 ic_gvins.cc:1250] Ceres Solver Report: Iterations: 6, Initial cost: 7.323737e+02, Final cost: 2.085053e+02, Termination: NO_CONVERGENCE
I0327 11:44:00.734527  5835 ic_gvins.cc:1360] Remove 2 reprojection factors
I0327 11:44:00.737212  5835 ic_gvins.cc:1284] Ceres Solver Report: Iterations: 2, Initial cost: 1.999114e+02, Final cost: 1.999085e+02, Termination: CONVERGENCE
I0327 11:44:00.737485  5835 ic_gvins.cc:1188] Culled 2 mappoint with 2 bad observed features 0, 1, 1
I0327 11:44:00.738368  5835 ic_gvins.cc:1494] Marginalize 1 states, last time 373040.160193
I0327 11:44:00.739509  5835 ic_gvins.cc:534] Optimization costs 15.5191 ms with 8.11189 and 2.6923 with marginalization costs 1.13553
I0327 11:44:00.758163  5833 misc.cc:229] Redo INS mechanization at 373041.660582 to 373041.872550 is 0.211967 s
I0327 11:44:00.758199  5833 ic_gvins.cc:811] Insert keyframe 95 at 373041.760307 with 11 new mappoints
I0327 11:44:00.758399  5833 ic_gvins.cc:816] Add new keyframe time node at 373041.760307
I0327 11:44:00.758419  5835 ic_gvins.cc:1917] Total 16 pose states from 373040.160193 to 373041.760307
I0327 11:44:00.759855  5835 ic_gvins.cc:1241] Add 15 preintegration, 0 GNSS, 552 reprojection
I0327 11:44:00.760885  5834 tracking.cc:451] Track 38 map points
I0327 11:44:00.763522  5834 tracking.cc:570] Track 45 reference points
I0327 11:44:00.763532  5834 tracking.cc:278] Keyframe at 373041.860216, mappoints 38, interval 0.0999082, parallax 19.6084
I0327 11:44:00.763604  5834 tracking.cc:799] Triangulate 16 3D points with 29 left, 0 reset, 0 outtime and 0 outliers
I0327 11:44:00.766444  5834 tracking.cc:691] Add 126 new features to 83
I0327 11:44:00.766549  5834 ic_gvins.cc:610] Tracking cost 8.10944 ms
I0327 11:44:00.770361  5835 ic_gvins.cc:1250] Ceres Solver Report: Iterations: 6, Initial cost: 7.493570e+02, Final cost: 2.089502e+02, Termination: NO_CONVERGENCE
I0327 11:44:00.770530  5835 ic_gvins.cc:1360] Remove 0 reprojection factors
I0327 11:44:00.783440  5835 ic_gvins.cc:1284] Ceres Solver Report: Iterations: 13, Initial cost: 2.089502e+02, Final cost: 2.086758e+02, Termination: CONVERGENCE
I0327 11:44:00.783627  5835 ic_gvins.cc:1188] Culled 4 mappoint with 0 bad observed features 0, 0, 4
I0327 11:44:00.783951  5835 ic_gvins.cc:1494] Marginalize 1 states, last time 373040.260254
I0327 11:44:00.785367  5835 ic_gvins.cc:534] Optimization costs 26.9555 ms with 10.5496 and 12.9184 with marginalization costs 1.40001
I0327 11:44:00.797372  5833 misc.cc:229] Redo INS mechanization at 373041.760307 to 373041.972480 is 0.212172 s
I0327 11:44:00.797454  5833 ic_gvins.cc:811] Insert keyframe 96 at 373041.860216 with 16 new mappoints
I0327 11:44:00.797683  5833 ic_gvins.cc:816] Add new keyframe time node at 373041.860216
I0327 11:44:00.799647  5834 tracking.cc:451] Track 42 map points
I0327 11:44:00.801514  5834 tracking.cc:570] Track 43 reference points
I0327 11:44:00.801576  5834 tracking.cc:278] Keyframe at 373041.960341, mappoints 42, interval 0.100126, parallax 18.712
I0327 11:44:00.801704  5834 tracking.cc:799] Triangulate 11 3D points with 32 left, 0 reset, 0 outtime and 0 outliers
I0327 11:44:00.802089  5835 ic_gvins.cc:1917] Total 16 pose states from 373040.260254 to 373041.860216
I0327 11:44:00.803696  5834 tracking.cc:691] Add 124 new features to 85
I0327 11:44:00.803818  5834 ic_gvins.cc:610] Tracking cost 6.54908 ms
I0327 11:44:00.804237  5835 ic_gvins.cc:1241] Add 15 preintegration, 0 GNSS, 512 reprojection
I0327 11:44:00.810876  5835 ic_gvins.cc:1250] Ceres Solver Report: Iterations: 6, Initial cost: 5.826328e+02, Final cost: 1.962978e+02, Termination: NO_CONVERGENCE
I0327 11:44:00.810999  5835 ic_gvins.cc:1360] Remove 1 reprojection factors
I0327 11:44:00.824909  5835 ic_gvins.cc:1284] Ceres Solver Report: Iterations: 13, Initial cost: 1.943227e+02, Final cost: 1.941218e+02, Termination: CONVERGENCE
I0327 11:44:00.825081  5835 ic_gvins.cc:1188] Culled 0 mappoint with 0 bad observed features 0, 0, 0
I0327 11:44:00.825376  5835 ic_gvins.cc:1494] Marginalize 1 states, last time 373040.360312
I0327 11:44:00.826591  5835 ic_gvins.cc:534] Optimization costs 24.528 ms with 6.64144 and 13.9177 with marginalization costs 1.19413
I0327 11:44:00.836364  5833 misc.cc:229] Redo INS mechanization at 373041.860216 to 373042.072495 is 0.21228 s
I0327 11:44:00.836525  5833 ic_gvins.cc:811] Insert keyframe 97 at 373041.960341 with 11 new mappoints
I0327 11:44:00.836864  5833 ic_gvins.cc:816] Add new keyframe time node at 373041.960341
I0327 11:44:00.837085  5835 ic_gvins.cc:1917] Total 16 pose states from 373040.360312 to 373041.960341
I0327 11:44:00.839326  5835 ic_gvins.cc:1241] Add 15 preintegration, 0 GNSS, 539 reprojection
I0327 11:44:00.839643  5834 tracking.cc:451] Track 38 map points
I0327 11:44:00.841601  5834 tracking.cc:570] Track 51 reference points
I0327 11:44:00.841609  5834 tracking.cc:278] Keyframe at 373042.060346, mappoints 38, interval 0.100005, parallax 16.6982
I0327 11:44:00.841686  5834 tracking.cc:799] Triangulate 18 3D points with 33 left, 0 reset, 0 outtime and 0 outliers
I0327 11:44:00.849336  5834 tracking.cc:691] Add 129 new features to 89
I0327 11:44:00.849494  5834 ic_gvins.cc:610] Tracking cost 13.2435 ms
I0327 11:44:00.853863  5835 ic_gvins.cc:1250] Ceres Solver Report: Iterations: 6, Initial cost: 5.115748e+03, Final cost: 5.324891e+02, Termination: NO_CONVERGENCE
I0327 11:44:00.854002  5835 ic_gvins.cc:1360] Remove 5 reprojection factors
I0327 11:44:00.867491  5835 ic_gvins.cc:1284] Ceres Solver Report: Iterations: 13, Initial cost: 2.047356e+02, Final cost: 2.035222e+02, Termination: CONVERGENCE
I0327 11:44:00.867776  5835 ic_gvins.cc:1188] Culled 2 mappoint with 3 bad observed features 0, 1, 1
I0327 11:44:00.868068  5835 ic_gvins.cc:1494] Marginalize 1 states, last time 373040.560592
I0327 11:44:00.869143  5835 ic_gvins.cc:534] Optimization costs 32.0713 ms with 14.5377 and 13.5158 with marginalization costs 1.07862
I0327 11:44:00.875878  5833 misc.cc:229] Redo INS mechanization at 373041.960341 to 373042.172466 is 0.212124 s
I0327 11:44:00.875954  5833 ic_gvins.cc:811] Insert keyframe 98 at 373042.060346 with 18 new mappoints
I0327 11:44:00.876160  5833 ic_gvins.cc:816] Add new keyframe time node at 373042.060346
I0327 11:44:00.876652  5835 ic_gvins.cc:1917] Total 16 pose states from 373040.560592 to 373042.060346
I0327 11:44:00.878669  5834 tracking.cc:451] Track 45 map points
I0327 11:44:00.880527  5834 tracking.cc:570] Track 33 reference points
I0327 11:44:00.880533  5834 tracking.cc:278] Keyframe at 373042.160512, mappoints 45, interval 0.100166, parallax 22.4654
I0327 11:44:00.880604  5834 tracking.cc:799] Triangulate 19 3D points with 14 left, 0 reset, 0 outtime and 0 outliers
I0327 11:44:00.883036  5834 tracking.cc:691] Add 136 new features to 78
I0327 11:44:00.883082  5835 ic_gvins.cc:1241] Add 15 preintegration, 0 GNSS, 577 reprojection
I0327 11:44:00.883157  5834 ic_gvins.cc:610] Tracking cost 7.37644 ms
I0327 11:44:00.889539  5835 ic_gvins.cc:1250] Ceres Solver Report: Iterations: 6, Initial cost: 1.139431e+03, Final cost: 2.124098e+02, Termination: NO_CONVERGENCE
I0327 11:44:00.889676  5835 ic_gvins.cc:1360] Remove 1 reprojection factors
I0327 11:44:00.902953  5835 ic_gvins.cc:1284] Ceres Solver Report: Iterations: 13, Initial cost: 2.103974e+02, Final cost: 2.101905e+02, Termination: CONVERGENCE
I0327 11:44:00.903146  5835 ic_gvins.cc:1188] Culled 1 mappoint with 0 bad observed features 0, 0, 1
I0327 11:44:00.903434  5835 ic_gvins.cc:1494] Marginalize 1 states, last time 373040.660426
I0327 11:44:00.904592  5835 ic_gvins.cc:534] Optimization costs 27.9639 ms with 6.45837 and 13.283 with marginalization costs 1.16464
I0327 11:44:00.913681  5833 misc.cc:229] Redo INS mechanization at 373042.060346 to 373042.272507 is 0.212161 s
I0327 11:44:00.913754  5833 ic_gvins.cc:811] Insert keyframe 99 at 373042.160512 with 19 new mappoints
I0327 11:44:00.913990  5833 ic_gvins.cc:816] Add new keyframe time node at 373042.160512
I0327 11:44:00.914064  5835 ic_gvins.cc:1917] Total 16 pose states from 373040.660426 to 373042.160512
I0327 11:44:00.915885  5834 tracking.cc:451] Track 47 map points
I0327 11:44:00.916059  5835 ic_gvins.cc:1241] Add 15 preintegration, 0 GNSS, 566 reprojection
I0327 11:44:00.918018  5834 tracking.cc:570] Track 30 reference points
I0327 11:44:00.918026  5834 tracking.cc:278] Keyframe at 373042.260682, mappoints 47, interval 0.100171, parallax 22.9658
I0327 11:44:00.918088  5834 tracking.cc:799] Triangulate 17 3D points with 13 left, 0 reset, 0 outtime and 0 outliers
I0327 11:44:00.920344  5834 tracking.cc:691] Add 137 new features to 77
I0327 11:44:00.920668  5834 ic_gvins.cc:610] Tracking cost 6.96453 ms
I0327 11:44:00.928378  5835 ic_gvins.cc:1250] Ceres Solver Report: Iterations: 6, Initial cost: 7.745438e+02, Final cost: 2.102879e+02, Termination: NO_CONVERGENCE
I0327 11:44:00.928512  5835 ic_gvins.cc:1360] Remove 1 reprojection factors
I0327 11:44:00.941350  5835 ic_gvins.cc:1284] Ceres Solver Report: Iterations: 13, Initial cost: 2.083206e+02, Final cost: 2.081388e+02, Termination: CONVERGENCE
I0327 11:44:00.941545  5835 ic_gvins.cc:1188] Culled 1 mappoint with 0 bad observed features 0, 0, 1
I0327 11:44:00.941839  5835 ic_gvins.cc:1494] Marginalize 1 states, last time 373040.760451
I0327 11:44:00.943205  5835 ic_gvins.cc:534] Optimization costs 29.1522 ms with 12.3312 and 12.8496 with marginalization costs 1.36847
I0327 11:44:00.951133  5833 misc.cc:229] Redo INS mechanization at 373042.160512 to 373042.372496 is 0.211984 s
I0327 11:44:00.951155  5833 ic_gvins.cc:811] Insert keyframe 100 at 373042.260682 with 17 new mappoints
I0327 11:44:00.951346  5833 ic_gvins.cc:816] Add new keyframe time node at 373042.260682
I0327 11:44:00.952991  5834 tracking.cc:451] Track 47 map points
I0327 11:44:00.953081  5835 ic_gvins.cc:1917] Total 16 pose states from 373040.760451 to 373042.260682
I0327 11:44:00.954555  5835 ic_gvins.cc:1241] Add 15 preintegration, 0 GNSS, 566 reprojection
I0327 11:44:00.954922  5834 tracking.cc:570] Track 33 reference points
I0327 11:44:00.954947  5834 tracking.cc:278] Keyframe at 373042.360553, mappoints 47, interval 0.0998703, parallax 24.3125
I0327 11:44:00.955010  5834 tracking.cc:799] Triangulate 17 3D points with 16 left, 0 reset, 0 outtime and 0 outliers
I0327 11:44:00.957084  5834 tracking.cc:691] Add 135 new features to 80
I0327 11:44:00.957451  5834 ic_gvins.cc:610] Tracking cost 6.29268 ms
I0327 11:44:00.966746  5835 ic_gvins.cc:1250] Ceres Solver Report: Iterations: 6, Initial cost: 8.541286e+02, Final cost: 2.213291e+02, Termination: NO_CONVERGENCE
I0327 11:44:00.966885  5835 ic_gvins.cc:1360] Remove 2 reprojection factors
I0327 11:44:00.981014  5835 ic_gvins.cc:1284] Ceres Solver Report: Iterations: 13, Initial cost: 2.157200e+02, Final cost: 2.156902e+02, Termination: CONVERGENCE
I0327 11:44:00.981204  5835 ic_gvins.cc:1188] Culled 3 mappoint with 1 bad observed features 0, 0, 3
I0327 11:44:00.981495  5835 ic_gvins.cc:1494] Marginalize 1 states, last time 373040.860647
I0327 11:44:00.982985  5835 ic_gvins.cc:534] Optimization costs 29.9117 ms with 12.2015 and 14.1342 with marginalization costs 1.48791
I0327 11:44:00.988735  5833 misc.cc:229] Redo INS mechanization at 373042.260682 to 373042.472498 is 0.211815 s
I0327 11:44:00.988756  5833 ic_gvins.cc:811] Insert keyframe 101 at 373042.360553 with 17 new mappoints
I0327 11:44:00.988946  5833 ic_gvins.cc:816] Add new keyframe time node at 373042.360553
I0327 11:44:00.988957  5835 ic_gvins.cc:1917] Total 16 pose states from 373040.860647 to 373042.360553
I0327 11:44:00.990516  5835 ic_gvins.cc:1241] Add 15 preintegration, 0 GNSS, 571 reprojection
I0327 11:44:00.990620  5834 tracking.cc:451] Track 51 map points
I0327 11:44:00.992602  5834 tracking.cc:570] Track 38 reference points
I0327 11:44:00.992650  5834 tracking.cc:278] Keyframe at 373042.460389, mappoints 51, interval 0.0998361, parallax 21.581
I0327 11:44:00.992734  5834 tracking.cc:799] Triangulate 13 3D points with 25 left, 0 reset, 0 outtime and 0 outliers
I0327 11:44:00.996562  5834 tracking.cc:691] Add 126 new features to 89
I0327 11:44:00.996861  5834 ic_gvins.cc:610] Tracking cost 8.09915 ms
I0327 11:44:01.003422  5835 ic_gvins.cc:1250] Ceres Solver Report: Iterations: 6, Initial cost: 1.076242e+03, Final cost: 2.249806e+02, Termination: NO_CONVERGENCE
I0327 11:44:01.003563  5835 ic_gvins.cc:1360] Remove 3 reprojection factors
I0327 11:44:01.008575  5835 ic_gvins.cc:1284] Ceres Solver Report: Iterations: 4, Initial cost: 2.178015e+02, Final cost: 2.175848e+02, Termination: CONVERGENCE
I0327 11:44:01.008767  5835 ic_gvins.cc:1188] Culled 2 mappoint with 2 bad observed features 0, 0, 2
I0327 11:44:01.009057  5835 ic_gvins.cc:1494] Marginalize 1 states, last time 373040.960728
I0327 11:44:01.010327  5835 ic_gvins.cc:534] Optimization costs 21.3754 ms with 12.9152 and 5.01127 with marginalization costs 1.27632
I0327 11:44:01.026336  5833 misc.cc:229] Redo INS mechanization at 373042.360553 to 373042.572493 is 0.211941 s
I0327 11:44:01.026367  5833 ic_gvins.cc:811] Insert keyframe 102 at 373042.460389 with 13 new mappoints
I0327 11:44:01.026561  5833 ic_gvins.cc:816] Add new keyframe time node at 373042.460389
I0327 11:44:01.026829  5835 ic_gvins.cc:1917] Total 16 pose states from 373040.960728 to 373042.460389
I0327 11:44:01.028834  5835 ic_gvins.cc:1241] Add 15 preintegration, 0 GNSS, 582 reprojection
I0327 11:44:01.029085  5834 tracking.cc:451] Track 44 map points
I0327 11:44:01.030969  5834 tracking.cc:570] Track 37 reference points
I0327 11:44:01.030979  5834 tracking.cc:278] Keyframe at 373042.560378, mappoints 44, interval 0.0999887, parallax 22.0937
I0327 11:44:01.031040  5834 tracking.cc:799] Triangulate 15 3D points with 22 left, 0 reset, 0 outtime and 0 outliers
I0327 11:44:01.037921  5834 tracking.cc:691] Add 131 new features to 81
I0327 11:44:01.038563  5834 ic_gvins.cc:610] Tracking cost 12.2079 ms
I0327 11:44:01.043892  5835 ic_gvins.cc:1250] Ceres Solver Report: Iterations: 6, Initial cost: 1.030064e+03, Final cost: 3.173809e+02, Termination: NO_CONVERGENCE
I0327 11:44:01.044054  5835 ic_gvins.cc:1360] Remove 5 reprojection factors
I0327 11:44:01.059873  5835 ic_gvins.cc:1284] Ceres Solver Report: Iterations: 14, Initial cost: 2.270217e+02, Final cost: 2.268509e+02, Termination: CONVERGENCE
I0327 11:44:01.060094  5835 ic_gvins.cc:1188] Culled 2 mappoint with 4 bad observed features 0, 1, 1
I0327 11:44:01.060416  5835 ic_gvins.cc:1494] Marginalize 1 states, last time 373041.060796
I0327 11:44:01.061990  5835 ic_gvins.cc:534] Optimization costs 35.169 ms with 15.0666 and 15.8085 with marginalization costs 1.55126
I0327 11:44:01.064046  5833 misc.cc:229] Redo INS mechanization at 373042.460389 to 373042.672444 is 0.212055 s
I0327 11:44:01.064074  5833 ic_gvins.cc:811] Insert keyframe 103 at 373042.560378 with 15 new mappoints
I0327 11:44:01.064291  5833 ic_gvins.cc:816] Add new keyframe time node at 373042.560378
I0327 11:44:01.065727  5834 tracking.cc:451] Track 42 map points
I0327 11:44:01.067672  5834 tracking.cc:570] Track 51 reference points
I0327 11:44:01.067715  5834 tracking.cc:278] Keyframe at 373042.660300, mappoints 42, interval 0.0999228, parallax 21.5761
I0327 11:44:01.067826  5834 tracking.cc:799] Triangulate 20 3D points with 30 left, 0 reset, 0 outtime and 1 outliers
I0327 11:44:01.067955  5835 ic_gvins.cc:1917] Total 16 pose states from 373041.060796 to 373042.560378
I0327 11:44:01.070432  5834 tracking.cc:691] Add 122 new features to 92
I0327 11:44:01.070544  5834 ic_gvins.cc:610] Tracking cost 6.57013 ms
I0327 11:44:01.070966  5835 ic_gvins.cc:1241] Add 15 preintegration, 0 GNSS, 536 reprojection
I0327 11:44:01.080201  5835 ic_gvins.cc:1250] Ceres Solver Report: Iterations: 6, Initial cost: 8.100850e+02, Final cost: 2.534445e+02, Termination: NO_CONVERGENCE
I0327 11:44:01.080405  5835 ic_gvins.cc:1360] Remove 8 reprojection factors
I0327 11:44:01.094616  5835 ic_gvins.cc:1284] Ceres Solver Report: Iterations: 13, Initial cost: 2.256554e+02, Final cost: 2.253779e+02, Termination: CONVERGENCE
I0327 11:44:01.094816  5835 ic_gvins.cc:1188] Culled 4 mappoint with 5 bad observed features 0, 0, 4
I0327 11:44:01.095129  5835 ic_gvins.cc:1494] Marginalize 1 states, last time 373041.160229
I0327 11:44:01.096591  5835 ic_gvins.cc:534] Optimization costs 28.6423 ms with 9.2475 and 14.2221 with marginalization costs 1.45406
I0327 11:44:01.101614  5833 misc.cc:229] Redo INS mechanization at 373042.560378 to 373042.772459 is 0.212082 s
I0327 11:44:01.101644  5833 ic_gvins.cc:811] Insert keyframe 104 at 373042.660300 with 20 new mappoints
I0327 11:44:01.101871  5833 ic_gvins.cc:816] Add new keyframe time node at 373042.660300
I0327 11:44:01.102079  5835 ic_gvins.cc:1917] Total 16 pose states from 373041.160229 to 373042.660300
I0327 11:44:01.103261  5834 tracking.cc:451] Track 48 map points
I0327 11:44:01.103690  5835 ic_gvins.cc:1241] Add 15 preintegration, 0 GNSS, 516 reprojection
I0327 11:44:01.105031  5834 tracking.cc:570] Track 53 reference points
I0327 11:44:01.105042  5834 tracking.cc:278] Keyframe at 373042.760412, mappoints 48, interval 0.100111, parallax 21.1009
I0327 11:44:01.105118  5834 tracking.cc:799] Triangulate 21 3D points with 32 left, 0 reset, 0 outtime and 0 outliers
I0327 11:44:01.107312  5834 tracking.cc:691] Add 115 new features to 101
I0327 11:44:01.107398  5834 ic_gvins.cc:610] Tracking cost 5.8271 ms
I0327 11:44:01.114302  5835 ic_gvins.cc:1250] Ceres Solver Report: Iterations: 6, Initial cost: 4.044380e+03, Final cost: 4.454531e+02, Termination: NO_CONVERGENCE
I0327 11:44:01.114496  5835 ic_gvins.cc:1360] Remove 7 reprojection factors
I0327 11:44:01.130162  5835 ic_gvins.cc:1284] Ceres Solver Report: Iterations: 13, Initial cost: 2.205828e+02, Final cost: 2.202508e+02, Termination: CONVERGENCE
I0327 11:44:01.130358  5835 ic_gvins.cc:1188] Culled 2 mappoint with 6 bad observed features 0, 1, 1
I0327 11:44:01.130699  5835 ic_gvins.cc:1494] Marginalize 1 states, last time 373041.260882
I0327 11:44:01.131929  5835 ic_gvins.cc:534] Optimization costs 29.8571 ms with 10.6541 and 15.662 with marginalization costs 1.25426
I0327 11:44:01.139463  5833 misc.cc:229] Redo INS mechanization at 373042.660300 to 373042.872448 is 0.212148 s
I0327 11:44:01.139499  5833 ic_gvins.cc:811] Insert keyframe 105 at 373042.760412 with 21 new mappoints
I0327 11:44:01.139717  5833 ic_gvins.cc:816] Add new keyframe time node at 373042.760412
I0327 11:44:01.141054  5834 tracking.cc:451] Track 52 map points
I0327 11:44:01.142784  5834 tracking.cc:570] Track 53 reference points
I0327 11:44:01.142791  5834 tracking.cc:278] Keyframe at 373042.860299, mappoints 52, interval 0.0998873, parallax 17.8987
I0327 11:44:01.142849  5834 tracking.cc:799] Triangulate 14 3D points with 39 left, 0 reset, 0 outtime and 0 outliers
I0327 11:44:01.143330  5835 ic_gvins.cc:1917] Total 16 pose states from 373041.260882 to 373042.760412
I0327 11:44:01.145162  5834 tracking.cc:691] Add 114 new features to 105
I0327 11:44:01.145267  5834 ic_gvins.cc:610] Tracking cost 5.87274 ms
I0327 11:44:01.146049  5835 ic_gvins.cc:1241] Add 15 preintegration, 0 GNSS, 552 reprojection
I0327 11:44:01.152624  5835 ic_gvins.cc:1250] Ceres Solver Report: Iterations: 6, Initial cost: 1.452770e+03, Final cost: 4.517621e+02, Termination: NO_CONVERGENCE
I0327 11:44:01.152791  5835 ic_gvins.cc:1360] Remove 9 reprojection factors
I0327 11:44:01.169750  5835 ic_gvins.cc:1284] Ceres Solver Report: Iterations: 13, Initial cost: 2.329031e+02, Final cost: 2.323100e+02, Termination: CONVERGENCE
I0327 11:44:01.169953  5835 ic_gvins.cc:1188] Culled 6 mappoint with 8 bad observed features 0, 2, 4
I0327 11:44:01.170240  5835 ic_gvins.cc:1494] Marginalize 1 states, last time 373041.360436
I0327 11:44:01.171653  5835 ic_gvins.cc:534] Optimization costs 28.3555 ms with 6.60253 and 16.972 with marginalization costs 1.42143
I0327 11:44:01.177608  5833 misc.cc:229] Redo INS mechanization at 373042.760412 to 373042.972438 is 0.212026 s
I0327 11:44:01.177630  5833 ic_gvins.cc:811] Insert keyframe 106 at 373042.860299 with 14 new mappoints
I0327 11:44:01.177840  5833 ic_gvins.cc:816] Add new keyframe time node at 373042.860299
I0327 11:44:01.177883  5835 ic_gvins.cc:1917] Total 16 pose states from 373041.360436 to 373042.860299
I0327 11:44:01.179251  5834 tracking.cc:451] Track 48 map points
I0327 11:44:01.179591  5835 ic_gvins.cc:1241] Add 15 preintegration, 0 GNSS, 539 reprojection
I0327 11:44:01.181074  5834 tracking.cc:570] Track 43 reference points
I0327 11:44:01.181082  5834 tracking.cc:278] Keyframe at 373042.960550, mappoints 48, interval 0.100252, parallax 20.4167
I0327 11:44:01.181141  5834 tracking.cc:799] Triangulate 14 3D points with 29 left, 0 reset, 0 outtime and 0 outliers
I0327 11:44:01.183563  5834 tracking.cc:691] Add 130 new features to 91
I0327 11:44:01.183662  5834 ic_gvins.cc:610] Tracking cost 6.07531 ms
I0327 11:44:01.189826  5835 ic_gvins.cc:1250] Ceres Solver Report: Iterations: 6, Initial cost: 1.055330e+03, Final cost: 2.548275e+02, Termination: NO_CONVERGENCE
I0327 11:44:01.189962  5835 ic_gvins.cc:1360] Remove 7 reprojection factors
I0327 11:44:01.207137  5835 ic_gvins.cc:1284] Ceres Solver Report: Iterations: 13, Initial cost: 2.221116e+02, Final cost: 2.211585e+02, Termination: CONVERGENCE
I0327 11:44:01.207330  5835 ic_gvins.cc:1188] Culled 2 mappoint with 6 bad observed features 0, 0, 2
I0327 11:44:01.207604  5835 ic_gvins.cc:1494] Marginalize 1 states, last time 373041.460701
I0327 11:44:01.209116  5835 ic_gvins.cc:534] Optimization costs 31.2387 ms with 10.208 and 17.1872 with marginalization costs 1.51819
I0327 11:44:01.215160  5833 misc.cc:229] Redo INS mechanization at 373042.860299 to 373043.072438 is 0.212139 s
I0327 11:44:01.215185  5833 ic_gvins.cc:811] Insert keyframe 107 at 373042.960550 with 14 new mappoints
I0327 11:44:01.215407  5833 ic_gvins.cc:816] Add new keyframe time node at 373042.960550
I0327 11:44:01.215449  5835 ic_gvins.cc:1917] Total 16 pose states from 373041.460701 to 373042.960550
I0327 11:44:01.216758  5834 tracking.cc:451] Track 49 map points
I0327 11:44:01.217140  5835 ic_gvins.cc:1241] Add 15 preintegration, 0 GNSS, 518 reprojection
I0327 11:44:01.220011  5834 tracking.cc:570] Track 43 reference points
I0327 11:44:01.220041  5834 tracking.cc:278] Keyframe at 373043.061228, mappoints 49, interval 0.100678, parallax 17.9869
I0327 11:44:01.220352  5834 tracking.cc:799] Triangulate 10 3D points with 33 left, 0 reset, 0 outtime and 0 outliers
I0327 11:44:01.222786  5834 tracking.cc:691] Add 129 new features to 92
I0327 11:44:01.222921  5834 ic_gvins.cc:610] Tracking cost 7.7886 ms
I0327 11:44:01.228789  5835 ic_gvins.cc:1250] Ceres Solver Report: Iterations: 6, Initial cost: 1.531825e+03, Final cost: 2.578937e+02, Termination: NO_CONVERGENCE
I0327 11:44:01.228915  5835 ic_gvins.cc:1360] Remove 6 reprojection factors
I0327 11:44:01.244797  5835 ic_gvins.cc:1284] Ceres Solver Report: Iterations: 13, Initial cost: 2.286074e+02, Final cost: 2.260512e+02, Termination: CONVERGENCE
I0327 11:44:01.244987  5835 ic_gvins.cc:1188] Culled 2 mappoint with 5 bad observed features 0, 0, 2
I0327 11:44:01.245250  5835 ic_gvins.cc:1494] Marginalize 1 states, last time 373041.560054
I0327 11:44:01.246441  5835 ic_gvins.cc:534] Optimization costs 30.9963 ms with 11.6514 and 15.8966 with marginalization costs 1.20376
I0327 11:44:01.252894  5833 misc.cc:229] Redo INS mechanization at 373042.960550 to 373043.172415 is 0.211865 s
I0327 11:44:01.252946  5833 ic_gvins.cc:811] Insert keyframe 108 at 373043.061228 with 10 new mappoints
I0327 11:44:01.253166  5833 ic_gvins.cc:816] Add new keyframe time node at 373043.061228
I0327 11:44:01.254487  5834 tracking.cc:451] Track 43 map points
I0327 11:44:01.256323  5834 tracking.cc:570] Track 55 reference points
I0327 11:44:01.256330  5834 tracking.cc:278] Keyframe at 373043.160849, mappoints 43, interval 0.0996208, parallax 18.2145
I0327 11:44:01.256397  5834 tracking.cc:799] Triangulate 18 3D points with 37 left, 0 reset, 0 outtime and 0 outliers
I0327 11:44:01.256862  5835 ic_gvins.cc:1917] Total 16 pose states from 373041.560054 to 373043.061228
I0327 11:44:01.258533  5834 tracking.cc:691] Add 124 new features to 98
I0327 11:44:01.258616  5834 ic_gvins.cc:610] Tracking cost 5.76 ms
I0327 11:44:01.259505  5835 ic_gvins.cc:1241] Add 15 preintegration, 0 GNSS, 541 reprojection
I0327 11:44:01.266232  5835 ic_gvins.cc:1250] Ceres Solver Report: Iterations: 6, Initial cost: 8.729176e+02, Final cost: 2.654588e+02, Termination: NO_CONVERGENCE
I0327 11:44:01.266364  5835 ic_gvins.cc:1360] Remove 9 reprojection factors
I0327 11:44:01.282864  5835 ic_gvins.cc:1284] Ceres Solver Report: Iterations: 13, Initial cost: 2.297808e+02, Final cost: 2.274136e+02, Termination: CONVERGENCE
I0327 11:44:01.283078  5835 ic_gvins.cc:1188] Culled 1 mappoint with 7 bad observed features 0, 0, 1
I0327 11:44:01.283401  5835 ic_gvins.cc:1494] Marginalize 1 states, last time 373041.660582
I0327 11:44:01.284729  5835 ic_gvins.cc:534] Optimization costs 27.9141 ms with 6.73317 and 16.5152 with marginalization costs 1.36697
