I20230204 20:38:59.560227 257534 ic_gvins.cc:777] Add new keyframe time node at 364460.176932
I20230204 20:38:59.560277 257534 ic_gvins.cc:922] Add new GNSS time node 364460.129585
I20230204 20:38:59.560519 257536 ic_gvins.cc:1878] Total 13 pose states from 364458.876512 to 364460.176932
I20230204 20:38:59.563828 257536 ic_gvins.cc:1202] Add 12 preintegration, 2 GNSS, 446 reprojection
I20230204 20:38:59.576560 257536 ic_gvins.cc:1211] Ceres Solver Report: Iterations: 6, Initial cost: 1.142288e+02, Final cost: 8.677722e+01, Termination: NO_CONVERGENCE
I20230204 20:38:59.576853 257536 ic_gvins.cc:1321] Remove 0 reprojection factors
I20230204 20:38:59.604843 257536 ic_gvins.cc:1245] Ceres Solver Report: Iterations: 13, Initial cost: 8.775897e+01, Final cost: 8.576012e+01, Termination: CONVERGENCE
I20230204 20:38:59.605257 257536 ic_gvins.cc:1149] Culled 4 mappoint with 0 bad observed features 0, 0, 4
I20230204 20:38:59.605718 257536 ic_gvins.cc:1455] Marginalize 1 states, last time 364458.976502
I20230204 20:38:59.607887 257536 ic_gvins.cc:499] Optimization costs 47.385 ms with 12.7423 and 28.0089 with marginalization costs 2.05314
I20230204 20:38:59.609974 257534 misc.cc:220] Redo INS mechanization at 364460.176932 to 364460.247277 is 0.070345 s
I20230204 20:38:59.651165 257535 tracking.cc:452] Track 69 map points
I20230204 20:38:59.655055 257535 tracking.cc:571] Track 58 reference points
I20230204 20:38:59.655081 257535 tracking.cc:279] Keyframe at 364460.276670, mappoints 69, interval 0.0997374, parallax 21.0455
I20230204 20:38:59.655226 257535 tracking.cc:795] Triangulate 20 3D points with 38 left, 0 reset, 0 outtime and 0 outliers
I20230204 20:38:59.661119 257535 tracking.cc:687] Add 59 new features to 127
I20230204 20:38:59.661293 257535 ic_gvins.cc:574] Tracking cost 17.2008 ms
I20230204 20:38:59.669996 257534 ic_gvins.cc:772] Insert keyframe 26 at 364460.276670 with 20 new mappoints
I20230204 20:38:59.670228 257534 ic_gvins.cc:777] Add new keyframe time node at 364460.276670
I20230204 20:38:59.670302 257536 ic_gvins.cc:1878] Total 13 pose states from 364458.976502 to 364460.276670
I20230204 20:38:59.673261 257536 ic_gvins.cc:1202] Add 12 preintegration, 2 GNSS, 479 reprojection
I20230204 20:38:59.688638 257536 ic_gvins.cc:1211] Ceres Solver Report: Iterations: 6, Initial cost: 9.657722e+01, Final cost: 7.267256e+01, Termination: NO_CONVERGENCE
I20230204 20:38:59.688931 257536 ic_gvins.cc:1321] Remove 1 reprojection factors
I20230204 20:38:59.717792 257536 ic_gvins.cc:1245] Ceres Solver Report: Iterations: 14, Initial cost: 7.071614e+01, Final cost: 7.040896e+01, Termination: CONVERGENCE
I20230204 20:38:59.718113 257536 ic_gvins.cc:1149] Culled 1 mappoint with 0 bad observed features 0, 0, 1
I20230204 20:38:59.718488 257536 ic_gvins.cc:1455] Marginalize 1 states, last time 364459.076536
I20230204 20:38:59.720163 257536 ic_gvins.cc:499] Optimization costs 49.8738 ms with 15.3905 and 28.8716 with marginalization costs 1.61513
I20230204 20:38:59.730289 257534 misc.cc:220] Redo INS mechanization at 364460.276670 to 364460.367328 is 0.090658 s
I20230204 20:38:59.754691 257535 tracking.cc:452] Track 68 map points
I20230204 20:38:59.767699 257535 tracking.cc:571] Track 63 reference points
I20230204 20:38:59.767791 257535 tracking.cc:279] Keyframe at 364460.376718, mappoints 68, interval 0.100049, parallax 19.3229
I20230204 20:38:59.768458 257535 tracking.cc:795] Triangulate 36 3D points with 27 left, 0 reset, 0 outtime and 0 outliers
I20230204 20:38:59.784740 257535 tracking.cc:687] Add 56 new features to 131
I20230204 20:38:59.785146 257535 ic_gvins.cc:574] Tracking cost 44.7503 ms
I20230204 20:38:59.790153 257534 ic_gvins.cc:772] Insert keyframe 27 at 364460.376718 with 36 new mappoints
I20230204 20:38:59.791397 257534 ic_gvins.cc:777] Add new keyframe time node at 364460.376718
I20230204 20:38:59.791523 257536 ic_gvins.cc:1878] Total 13 pose states from 364459.076536 to 364460.376718
I20230204 20:38:59.806949 257536 ic_gvins.cc:1202] Add 12 preintegration, 2 GNSS, 533 reprojection
I20230204 20:38:59.837842 257508 fusion_ros.cc:270] Raw data time in image recv image,imu,gnss 364460.474089, 364460.467320, 364460.129585
I20230204 20:38:59.846055 257536 ic_gvins.cc:1211] Ceres Solver Report: Iterations: 6, Initial cost: 1.040967e+02, Final cost: 7.419950e+01, Termination: NO_CONVERGENCE
I20230204 20:38:59.846990 257536 ic_gvins.cc:1321] Remove 1 reprojection factors
I20230204 20:38:59.858064 257535 tracking.cc:452] Track 83 map points
I20230204 20:38:59.866748 257535 tracking.cc:571] Track 41 reference points
I20230204 20:38:59.866787 257535 tracking.cc:279] Keyframe at 364460.476631, mappoints 83, interval 0.0999126, parallax 16.2234
I20230204 20:38:59.866991 257535 tracking.cc:795] Triangulate 14 3D points with 27 left, 0 reset, 0 outtime and 0 outliers
I20230204 20:38:59.881415 257535 tracking.cc:687] Add 61 new features to 124
I20230204 20:38:59.881721 257535 ic_gvins.cc:574] Tracking cost 39.5792 ms
I20230204 20:38:59.943506 257536 ic_gvins.cc:1245] Ceres Solver Report: Iterations: 15, Initial cost: 7.223591e+01, Final cost: 7.197504e+01, Termination: CONVERGENCE
I20230204 20:38:59.944619 257536 ic_gvins.cc:1149] Culled 0 mappoint with 0 bad observed features 0, 0, 0
I20230204 20:38:59.946570 257536 ic_gvins.cc:1455] Marginalize 2 states, last time 364459.176578
I20230204 20:38:59.950418 257535 tracking.cc:452] Track 89 map points
I20230204 20:38:59.953397 257536 ic_gvins.cc:499] Optimization costs 161.932 ms with 39.112 and 96.5276 with marginalization costs 5.96271
I20230204 20:38:59.960041 257534 misc.cc:220] Redo INS mechanization at 364460.376718 to 364460.597259 is 0.22054 s
I20230204 20:38:59.960127 257534 ic_gvins.cc:772] Insert keyframe 28 at 364460.476631 with 14 new mappoints
I20230204 20:38:59.960614 257534 ic_gvins.cc:777] Add new keyframe time node at 364460.476631
I20230204 20:38:59.960788 257536 ic_gvins.cc:1878] Total 12 pose states from 364459.176578 to 364460.476631
I20230204 20:38:59.967767 257535 tracking.cc:571] Track 43 reference points
I20230204 20:38:59.967820 257535 tracking.cc:279] Keyframe at 364460.576700, mappoints 89, interval 0.100069, parallax 16.5745
I20230204 20:38:59.968153 257535 tracking.cc:795] Triangulate 17 3D points with 26 left, 0 reset, 0 outtime and 0 outliers
I20230204 20:38:59.969835 257536 ic_gvins.cc:1202] Add 11 preintegration, 1 GNSS, 607 reprojection
I20230204 20:38:59.979384 257535 tracking.cc:687] Add 53 new features to 132
I20230204 20:38:59.979693 257535 ic_gvins.cc:574] Tracking cost 39.6412 ms
I20230204 20:38:59.998119 257536 ic_gvins.cc:1211] Ceres Solver Report: Iterations: 6, Initial cost: 8.932910e+01, Final cost: 8.484817e+01, Termination: NO_CONVERGENCE
I20230204 20:38:59.998668 257536 ic_gvins.cc:1321] Remove 1 reprojection factors
I20230204 20:39:00.035308 257536 ic_gvins.cc:1245] Ceres Solver Report: Iterations: 13, Initial cost: 8.287545e+01, Final cost: 8.264399e+01, Termination: CONVERGENCE
I20230204 20:39:00.035776 257536 ic_gvins.cc:1149] Culled 2 mappoint with 0 bad observed features 0, 0, 2
I20230204 20:39:00.036257 257536 ic_gvins.cc:1455] Marginalize 1 states, last time 364459.376428
I20230204 20:39:00.038269 257536 ic_gvins.cc:499] Optimization costs 77.5159 ms with 28.2837 and 36.6488 with marginalization costs 1.89507
I20230204 20:39:00.040825 257534 misc.cc:220] Redo INS mechanization at 364460.476631 to 364460.677289 is 0.200657 s
I20230204 20:39:00.040861 257534 ic_gvins.cc:772] Insert keyframe 29 at 364460.576700 with 17 new mappoints
I20230204 20:39:00.040998 257534 ic_gvins.cc:777] Add new keyframe time node at 364460.576700
I20230204 20:39:00.041016 257536 ic_gvins.cc:1878] Total 12 pose states from 364459.376428 to 364460.576700
I20230204 20:39:00.044035 257536 ic_gvins.cc:1202] Add 11 preintegration, 1 GNSS, 630 reprojection
I20230204 20:39:00.046020 257535 tracking.cc:452] Track 84 map points
I20230204 20:39:00.048892 257535 tracking.cc:571] Track 39 reference points
I20230204 20:39:00.048911 257535 tracking.cc:279] Keyframe at 364460.676612, mappoints 84, interval 0.0999115, parallax 15.9864
I20230204 20:39:00.048986 257535 tracking.cc:795] Triangulate 13 3D points with 23 left, 0 reset, 0 outtime and 3 outliers
I20230204 20:39:00.054131 257535 tracking.cc:687] Add 66 new features to 120
I20230204 20:39:00.054356 257535 ic_gvins.cc:574] Tracking cost 12.8726 ms
I20230204 20:39:00.060503 257536 ic_gvins.cc:1211] Ceres Solver Report: Iterations: 6, Initial cost: 9.613790e+01, Final cost: 8.931610e+01, Termination: NO_CONVERGENCE
I20230204 20:39:00.060746 257536 ic_gvins.cc:1321] Remove 2 reprojection factors
I20230204 20:39:00.082556 257536 ic_gvins.cc:1245] Ceres Solver Report: Iterations: 14, Initial cost: 8.456035e+01, Final cost: 8.425723e+01, Termination: CONVERGENCE
I20230204 20:39:00.082880 257536 ic_gvins.cc:1149] Culled 1 mappoint with 1 bad observed features 0, 0, 1
I20230204 20:39:00.083243 257536 ic_gvins.cc:1455] Marginalize 1 states, last time 364459.577865
I20230204 20:39:00.084641 257536 ic_gvins.cc:499] Optimization costs 43.6339 ms with 16.4684 and 21.8223 with marginalization costs 1.33
I20230204 20:39:00.090101 257534 misc.cc:220] Redo INS mechanization at 364460.576700 to 364460.727257 is 0.150556 s
I20230204 20:39:00.090204 257534 ic_gvins.cc:772] Insert keyframe 30 at 364460.676612 with 13 new mappoints
I20230204 20:39:00.090458 257534 ic_gvins.cc:777] Add new keyframe time node at 364460.676612
I20230204 20:39:00.090516 257536 ic_gvins.cc:1878] Total 12 pose states from 364459.577865 to 364460.676612
I20230204 20:39:00.095727 257536 ic_gvins.cc:1202] Add 11 preintegration, 1 GNSS, 666 reprojection
I20230204 20:39:00.105182 257536 ic_gvins.cc:1211] Ceres Solver Report: Iterations: 6, Initial cost: 1.146204e+02, Final cost: 9.291293e+01, Termination: NO_CONVERGENCE
I20230204 20:39:00.105422 257536 ic_gvins.cc:1321] Remove 0 reprojection factors
I20230204 20:39:00.108073 257536 ic_gvins.cc:1245] Ceres Solver Report: Iterations: 1, Initial cost: 9.291293e+01, Final cost: 9.291293e+01, Termination: CONVERGENCE
I20230204 20:39:00.108388 257536 ic_gvins.cc:1149] Culled 2 mappoint with 0 bad observed features 0, 0, 2
I20230204 20:39:00.108763 257536 ic_gvins.cc:1455] Marginalize 1 states, last time 364459.776783
I20230204 20:39:00.110792 257536 ic_gvins.cc:499] Optimization costs 20.2943 ms with 9.45551 and 2.65637 with marginalization costs 1.92937
I20230204 20:39:00.120285 257534 misc.cc:220] Redo INS mechanization at 364460.676612 to 364460.757304 is 0.0806927 s
I20230204 20:39:00.144368 257535 tracking.cc:452] Track 76 map points
I20230204 20:39:00.146925 257535 tracking.cc:571] Track 51 reference points
I20230204 20:39:00.146945 257535 tracking.cc:279] Keyframe at 364460.777147, mappoints 76, interval 0.100535, parallax 15.728
I20230204 20:39:00.147053 257535 tracking.cc:795] Triangulate 19 3D points with 31 left, 0 reset, 1 outtime and 0 outliers
I20230204 20:39:00.153214 257535 tracking.cc:687] Add 61 new features to 126
I20230204 20:39:00.153488 257535 ic_gvins.cc:574] Tracking cost 12.7962 ms
I20230204 20:39:00.159868 257534 ic_gvins.cc:772] Insert keyframe 31 at 364460.777147 with 19 new mappoints
I20230204 20:39:00.160037 257534 ic_gvins.cc:777] Add new keyframe time node at 364460.777147
I20230204 20:39:00.160104 257536 ic_gvins.cc:1878] Total 12 pose states from 364459.776783 to 364460.777147
I20230204 20:39:00.162473 257536 ic_gvins.cc:1202] Add 11 preintegration, 1 GNSS, 619 reprojection
I20230204 20:39:00.173836 257536 ic_gvins.cc:1211] Ceres Solver Report: Iterations: 6, Initial cost: 1.051661e+02, Final cost: 8.737319e+01, Termination: NO_CONVERGENCE
I20230204 20:39:00.174702 257536 ic_gvins.cc:1321] Remove 1 reprojection factors
I20230204 20:39:00.199910 257536 ic_gvins.cc:1245] Ceres Solver Report: Iterations: 14, Initial cost: 8.537064e+01, Final cost: 8.529408e+01, Termination: CONVERGENCE
I20230204 20:39:00.200281 257536 ic_gvins.cc:1149] Culled 3 mappoint with 0 bad observed features 0, 0, 3
I20230204 20:39:00.200840 257536 ic_gvins.cc:1455] Marginalize 1 states, last time 364459.876660
I20230204 20:39:00.202852 257536 ic_gvins.cc:499] Optimization costs 42.7605 ms with 11.4768 and 25.2016 with marginalization costs 1.93077
I20230204 20:39:00.210003 257534 misc.cc:220] Redo INS mechanization at 364460.777147 to 364460.847265 is 0.0701185 s
I20230204 20:39:00.250598 257535 tracking.cc:452] Track 71 map points
I20230204 20:39:00.254479 257535 tracking.cc:571] Track 57 reference points
I20230204 20:39:00.254506 257535 tracking.cc:279] Keyframe at 364460.876661, mappoints 71, interval 0.099514, parallax 17.521
I20230204 20:39:00.254681 257535 tracking.cc:795] Triangulate 27 3D points with 29 left, 0 reset, 1 outtime and 0 outliers
I20230204 20:39:00.259722 257535 tracking.cc:687] Add 57 new features to 127
I20230204 20:39:00.259959 257535 ic_gvins.cc:574] Tracking cost 16.369 ms
I20230204 20:39:00.260010 257534 ic_gvins.cc:772] Insert keyframe 32 at 364460.876661 with 27 new mappoints
I20230204 20:39:00.260331 257534 ic_gvins.cc:777] Add new keyframe time node at 364460.876661
I20230204 20:39:00.260358 257536 ic_gvins.cc:1878] Total 12 pose states from 364459.876660 to 364460.876661
I20230204 20:39:00.263236 257536 ic_gvins.cc:1202] Add 11 preintegration, 1 GNSS, 617 reprojection
I20230204 20:39:00.278196 257536 ic_gvins.cc:1211] Ceres Solver Report: Iterations: 6, Initial cost: 1.064135e+02, Final cost: 7.823798e+01, Termination: NO_CONVERGENCE
I20230204 20:39:00.278513 257536 ic_gvins.cc:1321] Remove 0 reprojection factors
I20230204 20:39:00.298950 257536 ic_gvins.cc:1245] Ceres Solver Report: Iterations: 9, Initial cost: 7.823798e+01, Final cost: 7.821725e+01, Termination: CONVERGENCE
I20230204 20:39:00.299386 257536 ic_gvins.cc:1149] Culled 0 mappoint with 0 bad observed features 0, 0, 0
I20230204 20:39:00.299968 257536 ic_gvins.cc:1455] Marginalize 1 states, last time 364459.976502
I20230204 20:39:00.301918 257536 ic_gvins.cc:499] Optimization costs 41.5709 ms with 14.9738 and 20.4559 with marginalization costs 1.95961
I20230204 20:39:00.309979 257534 misc.cc:220] Redo INS mechanization at 364460.876661 to 364460.947277 is 0.0706163 s
I20230204 20:39:00.347853 257535 tracking.cc:452] Track 73 map points
I20230204 20:39:00.353499 257535 tracking.cc:571] Track 45 reference points
I20230204 20:39:00.353552 257535 tracking.cc:279] Keyframe at 364460.976830, mappoints 73, interval 0.100169, parallax 15.9895
I20230204 20:39:00.353693 257535 tracking.cc:795] Triangulate 18 3D points with 26 left, 0 reset, 0 outtime and 1 outliers
I20230204 20:39:00.359413 257535 tracking.cc:687] Add 67 new features to 117
I20230204 20:39:00.359658 257535 ic_gvins.cc:574] Tracking cost 19.4605 ms
I20230204 20:39:00.359935 257534 ic_gvins.cc:772] Insert keyframe 33 at 364460.976830 with 18 new mappoints
I20230204 20:39:00.360149 257534 ic_gvins.cc:777] Add new keyframe time node at 364460.976830
I20230204 20:39:00.360219 257536 ic_gvins.cc:1878] Total 12 pose states from 364459.976502 to 364460.976830
I20230204 20:39:00.364682 257536 ic_gvins.cc:1202] Add 11 preintegration, 1 GNSS, 671 reprojection
I20230204 20:39:00.377704 257536 ic_gvins.cc:1211] Ceres Solver Report: Iterations: 6, Initial cost: 9.895477e+01, Final cost: 8.520568e+01, Termination: NO_CONVERGENCE
I20230204 20:39:00.378049 257536 ic_gvins.cc:1321] Remove 0 reprojection factors
I20230204 20:39:00.383889 257536 ic_gvins.cc:1245] Ceres Solver Report: Iterations: 2, Initial cost: 8.520568e+01, Final cost: 8.520558e+01, Termination: CONVERGENCE
I20230204 20:39:00.384404 257536 ic_gvins.cc:1149] Culled 1 mappoint with 0 bad observed features 0, 0, 1
I20230204 20:39:00.385102 257536 ic_gvins.cc:1455] Marginalize 1 states, last time 364460.076479
I20230204 20:39:00.388896 257536 ic_gvins.cc:499] Optimization costs 28.6943 ms with 13.0223 and 5.85008 with marginalization costs 3.72339
I20230204 20:39:00.389943 257534 misc.cc:220] Redo INS mechanization at 364460.976830 to 364461.027248 is 0.0504184 s
I20230204 20:39:00.459177 257535 tracking.cc:452] Track 54 map points
I20230204 20:39:00.471814 257535 tracking.cc:571] Track 47 reference points
I20230204 20:39:00.471868 257535 tracking.cc:279] Keyframe at 364461.076927, mappoints 54, interval 0.100097, parallax 19.0773
I20230204 20:39:00.472262 257535 tracking.cc:795] Triangulate 21 3D points with 25 left, 0 reset, 1 outtime and 0 outliers
I20230204 20:39:00.492391 257535 tracking.cc:687] Add 88 new features to 100
I20230204 20:39:00.492689 257535 ic_gvins.cc:574] Tracking cost 48.8183 ms
I20230204 20:39:00.500200 257534 ic_gvins.cc:772] Insert keyframe 34 at 364461.076927 with 21 new mappoints
I20230204 20:39:00.500880 257534 ic_gvins.cc:777] Add new keyframe time node at 364461.076927
I20230204 20:39:00.500973 257536 ic_gvins.cc:1878] Total 12 pose states from 364460.076479 to 364461.076927
I20230204 20:39:00.510782 257536 ic_gvins.cc:1202] Add 11 preintegration, 1 GNSS, 533 reprojection
I20230204 20:39:00.565129 257535 tracking.cc:452] Track 58 map points
I20230204 20:39:00.567629 257536 ic_gvins.cc:1211] Ceres Solver Report: Iterations: 6, Initial cost: 9.835808e+01, Final cost: 7.427792e+01, Termination: NO_CONVERGENCE
I20230204 20:39:00.568857 257536 ic_gvins.cc:1321] Remove 1 reprojection factors
I20230204 20:39:00.580837 257535 tracking.cc:571] Track 59 reference points
I20230204 20:39:00.580904 257535 tracking.cc:279] Keyframe at 364461.176779, mappoints 58, interval 0.0998528, parallax 15.7575
I20230204 20:39:00.581281 257535 tracking.cc:795] Triangulate 15 3D points with 44 left, 0 reset, 0 outtime and 0 outliers
I20230204 20:39:00.602906 257535 tracking.cc:687] Add 70 new features to 117
I20230204 20:39:00.603330 257535 ic_gvins.cc:574] Tracking cost 63.2018 ms
I20230204 20:39:00.650758 257535 tracking.cc:452] Track 60 map points
I20230204 20:39:00.660252 257535 tracking.cc:571] Track 61 reference points
I20230204 20:39:00.660297 257535 tracking.cc:279] Keyframe at 364461.276735, mappoints 60, interval 0.0999553, parallax 20.2894
I20230204 20:39:00.660648 257535 tracking.cc:795] Triangulate 34 3D points with 27 left, 0 reset, 0 outtime and 0 outliers
I20230204 20:39:00.666591 257536 ic_gvins.cc:1245] Ceres Solver Report: Iterations: 13, Initial cost: 7.093981e+01, Final cost: 7.060730e+01, Termination: CONVERGENCE
I20230204 20:39:00.668269 257536 ic_gvins.cc:1149] Culled 0 mappoint with 1 bad observed features 0, 0, 0
I20230204 20:39:00.670420 257536 ic_gvins.cc:1455] Marginalize 2 states, last time 364460.176932
I20230204 20:39:00.672127 257535 tracking.cc:687] Add 63 new features to 121
I20230204 20:39:00.672461 257535 ic_gvins.cc:574] Tracking cost 28.607 ms
I20230204 20:39:00.675668 257536 ic_gvins.cc:499] Optimization costs 174.725 ms with 56.884 and 97.8233 with marginalization costs 5.26353
I20230204 20:39:00.679841 257534 misc.cc:220] Redo INS mechanization at 364461.076927 to 364461.317280 is 0.240353 s
I20230204 20:39:00.679894 257534 ic_gvins.cc:772] Insert keyframe 35 at 364461.176779 with 15 new mappoints
I20230204 20:39:00.680231 257534 ic_gvins.cc:777] Add new keyframe time node at 364461.176779
I20230204 20:39:00.680244 257534 ic_gvins.cc:772] Insert keyframe 36 at 364461.276735 with 34 new mappoints
I20230204 20:39:00.680565 257534 ic_gvins.cc:777] Add new keyframe time node at 364461.276735
I20230204 20:39:00.680583 257534 ic_gvins.cc:922] Add new GNSS time node 364461.131858
I20230204 20:39:00.681273 257536 ic_gvins.cc:1878] Total 13 pose states from 364460.176932 to 364461.276735
I20230204 20:39:00.684576 257536 ic_gvins.cc:1202] Add 12 preintegration, 1 GNSS, 604 reprojection
I20230204 20:39:00.698238 257536 ic_gvins.cc:1211] Ceres Solver Report: Iterations: 6, Initial cost: 1.009860e+02, Final cost: 8.849351e+01, Termination: NO_CONVERGENCE
I20230204 20:39:00.698561 257536 ic_gvins.cc:1321] Remove 1 reprojection factors
I20230204 20:39:00.732441 257536 ic_gvins.cc:1245] Ceres Solver Report: Iterations: 13, Initial cost: 8.693241e+01, Final cost: 8.547451e+01, Termination: CONVERGENCE
I20230204 20:39:00.732892 257536 ic_gvins.cc:1149] Culled 2 mappoint with 0 bad observed features 0, 0, 2
I20230204 20:39:00.733659 257536 ic_gvins.cc:1455] Marginalize 1 states, last time 364460.276670
I20230204 20:39:00.735834 257536 ic_gvins.cc:1455] Marginalize 1 states, last time 364460.376718
I20230204 20:39:00.738314 257536 ic_gvins.cc:499] Optimization costs 57.059 ms with 13.6736 and 33.9015 with marginalization costs 4.64682
I20230204 20:39:00.739886 257534 misc.cc:220] Redo INS mechanization at 364461.276735 to 364461.377240 is 0.100505 s
I20230204 20:39:00.744427 257535 tracking.cc:452] Track 72 map points
I20230204 20:39:00.747290 257535 tracking.cc:571] Track 40 reference points
I20230204 20:39:00.747314 257535 tracking.cc:279] Keyframe at 364461.376816, mappoints 72, interval 0.100081, parallax 19.084
I20230204 20:39:00.747409 257535 tracking.cc:795] Triangulate 12 3D points with 19 left, 0 reset, 9 outtime and 0 outliers
I20230204 20:39:00.752940 257535 tracking.cc:687] Add 79 new features to 103
I20230204 20:39:00.753170 257535 ic_gvins.cc:574] Tracking cost 12.6666 ms
I20230204 20:39:00.759893 257534 ic_gvins.cc:772] Insert keyframe 37 at 364461.376816 with 12 new mappoints
I20230204 20:39:00.760116 257534 ic_gvins.cc:777] Add new keyframe time node at 364461.376816
I20230204 20:39:00.760192 257536 ic_gvins.cc:1878] Total 12 pose states from 364460.376718 to 364461.376816
I20230204 20:39:00.762874 257536 ic_gvins.cc:1202] Add 11 preintegration, 1 GNSS, 489 reprojection
I20230204 20:39:00.773121 257536 ic_gvins.cc:1211] Ceres Solver Report: Iterations: 6, Initial cost: 9.286870e+01, Final cost: 6.847074e+01, Termination: NO_CONVERGENCE
I20230204 20:39:00.773372 257536 ic_gvins.cc:1321] Remove 1 reprojection factors
I20230204 20:39:00.789886 257536 ic_gvins.cc:1245] Ceres Solver Report: Iterations: 9, Initial cost: 6.194852e+01, Final cost: 6.077032e+01, Termination: CONVERGENCE
I20230204 20:39:00.790243 257536 ic_gvins.cc:1149] Culled 2 mappoint with 1 bad observed features 0, 0, 2
I20230204 20:39:00.790657 257536 ic_gvins.cc:1455] Marginalize 1 states, last time 364460.476631
I20230204 20:39:00.792722 257536 ic_gvins.cc:499] Optimization costs 32.5485 ms with 10.2548 and 16.5289 with marginalization costs 1.9989
I20230204 20:39:00.799955 257534 misc.cc:220] Redo INS mechanization at 364461.376816 to 364461.437301 is 0.0604853 s
I20230204 20:39:00.848923 257535 tracking.cc:452] Track 57 map points
I20230204 20:39:00.853248 257535 tracking.cc:571] Track 55 reference points
I20230204 20:39:00.853343 257535 tracking.cc:279] Keyframe at 364461.476755, mappoints 57, interval 0.0999392, parallax 18.2468
I20230204 20:39:00.853574 257535 tracking.cc:795] Triangulate 29 3D points with 26 left, 0 reset, 0 outtime and 0 outliers
I20230204 20:39:00.860736 257535 tracking.cc:687] Add 74 new features to 112
I20230204 20:39:00.860968 257535 ic_gvins.cc:574] Tracking cost 17.2314 ms
I20230204 20:39:00.870091 257534 ic_gvins.cc:772] Insert keyframe 38 at 364461.476755 with 29 new mappoints
I20230204 20:39:00.870520 257534 ic_gvins.cc:777] Add new keyframe time node at 364461.476755
I20230204 20:39:00.870621 257536 ic_gvins.cc:1878] Total 12 pose states from 364460.476631 to 364461.476755
I20230204 20:39:00.875895 257536 ic_gvins.cc:1202] Add 11 preintegration, 1 GNSS, 501 reprojection
I20230204 20:39:00.910706 257536 ic_gvins.cc:1211] Ceres Solver Report: Iterations: 6, Initial cost: 9.368593e+01, Final cost: 6.128451e+01, Termination: NO_CONVERGENCE
I20230204 20:39:00.911546 257536 ic_gvins.cc:1321] Remove 0 reprojection factors
I20230204 20:39:00.922528 257536 ic_gvins.cc:1245] Ceres Solver Report: Iterations: 1, Initial cost: 6.128451e+01, Final cost: 6.128451e+01, Termination: CONVERGENCE
I20230204 20:39:00.923714 257536 ic_gvins.cc:1149] Culled 2 mappoint with 0 bad observed features 0, 0, 2
I20230204 20:39:00.924906 257536 ic_gvins.cc:1455] Marginalize 1 states, last time 364460.576700
I20230204 20:39:00.931130 257536 ic_gvins.cc:499] Optimization costs 60.5432 ms with 34.8359 and 11.0173 with marginalization costs 6.01999
I20230204 20:39:00.940610 257534 misc.cc:220] Redo INS mechanization at 364461.476755 to 364461.577239 is 0.100484 s
I20230204 20:39:00.957345 257535 tracking.cc:452] Track 65 map points
I20230204 20:39:00.973068 257535 tracking.cc:571] Track 58 reference points
I20230204 20:39:00.973132 257535 tracking.cc:279] Keyframe at 364461.576730, mappoints 65, interval 0.0999751, parallax 20.7185
I20230204 20:39:00.973606 257535 tracking.cc:795] Triangulate 27 3D points with 30 left, 0 reset, 1 outtime and 0 outliers
I20230204 20:39:00.988410 257535 tracking.cc:687] Add 67 new features to 122
I20230204 20:39:00.988694 257535 ic_gvins.cc:574] Tracking cost 46.9635 ms
I20230204 20:39:00.990031 257534 ic_gvins.cc:772] Insert keyframe 39 at 364461.576730 with 27 new mappoints
I20230204 20:39:00.990520 257534 ic_gvins.cc:777] Add new keyframe time node at 364461.576730
I20230204 20:39:00.990599 257536 ic_gvins.cc:1878] Total 12 pose states from 364460.576700 to 364461.576730
I20230204 20:39:00.997779 257536 ic_gvins.cc:1202] Add 11 preintegration, 1 GNSS, 514 reprojection
I20230204 20:39:01.031710 257536 ic_gvins.cc:1211] Ceres Solver Report: Iterations: 6, Initial cost: 8.506941e+01, Final cost: 5.714176e+01, Termination: NO_CONVERGENCE
I20230204 20:39:01.032423 257536 ic_gvins.cc:1321] Remove 0 reprojection factors
I20230204 20:39:01.042716 257536 ic_gvins.cc:1245] Ceres Solver Report: Iterations: 1, Initial cost: 5.714176e+01, Final cost: 5.714176e+01, Termination: CONVERGENCE
I20230204 20:39:01.043743 257536 ic_gvins.cc:1149] Culled 0 mappoint with 0 bad observed features 0, 0, 0
I20230204 20:39:01.045316 257536 ic_gvins.cc:1455] Marginalize 1 states, last time 364460.676612
I20230204 20:39:01.055163 257536 ic_gvins.cc:499] Optimization costs 64.6135 ms with 33.943 and 10.3164 with marginalization costs 8.88522
I20230204 20:39:01.060165 257534 misc.cc:220] Redo INS mechanization at 364461.576730 to 364461.697269 is 0.120539 s
I20230204 20:39:01.068439 257535 tracking.cc:452] Track 77 map points
I20230204 20:39:01.087635 257535 tracking.cc:571] Track 53 reference points
I20230204 20:39:01.087697 257535 tracking.cc:279] Keyframe at 364461.676769, mappoints 77, interval 0.100039, parallax 20.4056
I20230204 20:39:01.088152 257535 tracking.cc:795] Triangulate 24 3D points with 29 left, 0 reset, 0 outtime and 0 outliers
I20230204 20:39:01.100770 257535 tracking.cc:687] Add 59 new features to 130
I20230204 20:39:01.101052 257535 ic_gvins.cc:574] Tracking cost 56.277 ms
I20230204 20:39:01.109926 257534 ic_gvins.cc:772] Insert keyframe 40 at 364461.676769 with 24 new mappoints
I20230204 20:39:01.110565 257534 ic_gvins.cc:777] Add new keyframe time node at 364461.676769
I20230204 20:39:01.110623 257536 ic_gvins.cc:1878] Total 12 pose states from 364460.676612 to 364461.676769
I20230204 20:39:01.119551 257536 ic_gvins.cc:1202] Add 11 preintegration, 1 GNSS, 586 reprojection
I20230204 20:39:01.145864 257535 tracking.cc:452] Track 80 map points
I20230204 20:39:01.149622 257535 tracking.cc:571] Track 39 reference points
I20230204 20:39:01.149649 257535 tracking.cc:279] Keyframe at 364461.776729, mappoints 80, interval 0.0999599, parallax 17.2443
I20230204 20:39:01.149755 257535 tracking.cc:795] Triangulate 14 3D points with 25 left, 0 reset, 0 outtime and 0 outliers
I20230204 20:39:01.155241 257536 ic_gvins.cc:1211] Ceres Solver Report: Iterations: 6, Initial cost: 1.011722e+02, Final cost: 6.808744e+01, Termination: NO_CONVERGENCE
I20230204 20:39:01.155679 257536 ic_gvins.cc:1321] Remove 1 reprojection factors
I20230204 20:39:01.156723 257535 tracking.cc:687] Add 71 new features to 119
I20230204 20:39:01.156920 257535 ic_gvins.cc:574] Tracking cost 15.9109 ms
I20230204 20:39:01.179455 257536 ic_gvins.cc:1245] Ceres Solver Report: Iterations: 13, Initial cost: 6.561508e+01, Final cost: 6.544464e+01, Termination: CONVERGENCE
I20230204 20:39:01.179826 257536 ic_gvins.cc:1149] Culled 2 mappoint with 1 bad observed features 0, 0, 2
I20230204 20:39:01.180187 257536 ic_gvins.cc:1455] Marginalize 1 states, last time 364460.777147
I20230204 20:39:01.182250 257536 ic_gvins.cc:499] Optimization costs 71.6543 ms with 35.6759 and 23.7792 with marginalization costs 1.91905
I20230204 20:39:01.189836 257534 misc.cc:220] Redo INS mechanization at 364461.676769 to 364461.827220 is 0.150451 s
I20230204 20:39:01.189869 257534 ic_gvins.cc:772] Insert keyframe 41 at 364461.776729 with 14 new mappoints
I20230204 20:39:01.189996 257534 ic_gvins.cc:777] Add new keyframe time node at 364461.776729
I20230204 20:39:01.190070 257536 ic_gvins.cc:1878] Total 12 pose states from 364460.777147 to 364461.776729
I20230204 20:39:01.192201 257536 ic_gvins.cc:1202] Add 11 preintegration, 1 GNSS, 578 reprojection
I20230204 20:39:01.202963 257536 ic_gvins.cc:1211] Ceres Solver Report: Iterations: 6, Initial cost: 6.127069e+01, Final cost: 5.655897e+01, Termination: NO_CONVERGENCE
I20230204 20:39:01.203300 257536 ic_gvins.cc:1321] Remove 0 reprojection factors
I20230204 20:39:01.206440 257536 ic_gvins.cc:1245] Ceres Solver Report: Iterations: 1, Initial cost: 5.655897e+01, Final cost: 5.655897e+01, Termination: CONVERGENCE
I20230204 20:39:01.206869 257536 ic_gvins.cc:1149] Culled 0 mappoint with 0 bad observed features 0, 0, 0
I20230204 20:39:01.207332 257536 ic_gvins.cc:1455] Marginalize 1 states, last time 364460.876661
I20230204 20:39:01.209254 257536 ic_gvins.cc:499] Optimization costs 19.1949 ms with 10.7788 and 3.1484 with marginalization costs 1.85792
I20230204 20:39:01.209820 257534 misc.cc:220] Redo INS mechanization at 364461.776729 to 364461.847217 is 0.0704877 s
I20230204 20:39:01.247959 257535 tracking.cc:452] Track 75 map points
I20230204 20:39:01.251245 257535 tracking.cc:571] Track 49 reference points
I20230204 20:39:01.251263 257535 tracking.cc:279] Keyframe at 364461.876785, mappoints 75, interval 0.100056, parallax 19.5079
I20230204 20:39:01.251363 257535 tracking.cc:795] Triangulate 22 3D points with 26 left, 0 reset, 1 outtime and 0 outliers
I20230204 20:39:01.256959 257535 tracking.cc:687] Add 68 new features to 123
I20230204 20:39:01.257346 257535 ic_gvins.cc:574] Tracking cost 13.8341 ms
I20230204 20:39:01.259768 257534 ic_gvins.cc:772] Insert keyframe 42 at 364461.876785 with 22 new mappoints
I20230204 20:39:01.260015 257534 ic_gvins.cc:777] Add new keyframe time node at 364461.876785
I20230204 20:39:01.260110 257536 ic_gvins.cc:1878] Total 12 pose states from 364460.876661 to 364461.876785
I20230204 20:39:01.263471 257536 ic_gvins.cc:1202] Add 11 preintegration, 1 GNSS, 567 reprojection
I20230204 20:39:01.272279 257536 ic_gvins.cc:1211] Ceres Solver Report: Iterations: 6, Initial cost: 8.404116e+01, Final cost: 5.800530e+01, Termination: NO_CONVERGENCE
I20230204 20:39:01.272485 257536 ic_gvins.cc:1321] Remove 0 reprojection factors
I20230204 20:39:01.296347 257536 ic_gvins.cc:1245] Ceres Solver Report: Iterations: 13, Initial cost: 5.800530e+01, Final cost: 5.799265e+01, Termination: CONVERGENCE
I20230204 20:39:01.296831 257536 ic_gvins.cc:1149] Culled 2 mappoint with 0 bad observed features 0, 0, 2
I20230204 20:39:01.297363 257536 ic_gvins.cc:1455] Marginalize 1 states, last time 364460.976830
I20230204 20:39:01.299047 257536 ic_gvins.cc:499] Optimization costs 38.967 ms with 8.80527 and 23.8894 with marginalization costs 1.57939
I20230204 20:39:01.299806 257534 misc.cc:220] Redo INS mechanization at 364461.876785 to 364461.937223 is 0.0604383 s
I20230204 20:39:01.348109 257535 tracking.cc:452] Track 74 map points
I20230204 20:39:01.350852 257535 tracking.cc:571] Track 56 reference points
I20230204 20:39:01.350878 257535 tracking.cc:279] Keyframe at 364461.977022, mappoints 74, interval 0.100237, parallax 19.475
I20230204 20:39:01.350988 257535 tracking.cc:795] Triangulate 24 3D points with 32 left, 0 reset, 0 outtime and 0 outliers
I20230204 20:39:01.355248 257535 tracking.cc:687] Add 59 new features to 130
I20230204 20:39:01.355540 257535 ic_gvins.cc:574] Tracking cost 14.6819 ms
I20230204 20:39:01.359887 257534 ic_gvins.cc:772] Insert keyframe 43 at 364461.977022 with 24 new mappoints
I20230204 20:39:01.360049 257534 ic_gvins.cc:777] Add new keyframe time node at 364461.977022
I20230204 20:39:01.360066 257536 ic_gvins.cc:1878] Total 12 pose states from 364460.976830 to 364461.977022
I20230204 20:39:01.362188 257536 ic_gvins.cc:1202] Add 11 preintegration, 1 GNSS, 594 reprojection
I20230204 20:39:01.370607 257536 ic_gvins.cc:1211] Ceres Solver Report: Iterations: 6, Initial cost: 1.039065e+02, Final cost: 7.273720e+01, Termination: NO_CONVERGENCE
I20230204 20:39:01.370831 257536 ic_gvins.cc:1321] Remove 1 reprojection factors
I20230204 20:39:01.385938 257536 ic_gvins.cc:1245] Ceres Solver Report: Iterations: 9, Initial cost: 5.437711e+01, Final cost: 5.411294e+01, Termination: CONVERGENCE
I20230204 20:39:01.386260 257536 ic_gvins.cc:1149] Culled 0 mappoint with 1 bad observed features 0, 0, 0
I20230204 20:39:01.386662 257536 ic_gvins.cc:1455] Marginalize 1 states, last time 364461.076927
I20230204 20:39:01.388283 257536 ic_gvins.cc:499] Optimization costs 28.2283 ms with 8.41947 and 15.093 with marginalization costs 1.5471
I20230204 20:39:01.389781 257534 misc.cc:220] Redo INS mechanization at 364461.977022 to 364462.027214 is 0.0501918 s
I20230204 20:39:01.445160 257535 tracking.cc:452] Track 77 map points
I20230204 20:39:01.448055 257535 tracking.cc:571] Track 51 reference points
I20230204 20:39:01.448081 257535 tracking.cc:279] Keyframe at 364462.077042, mappoints 77, interval 0.10002, parallax 21.4221
I20230204 20:39:01.448216 257535 tracking.cc:795] Triangulate 23 3D points with 28 left, 0 reset, 0 outtime and 0 outliers
I20230204 20:39:01.452894 257535 tracking.cc:687] Add 61 new features to 128
I20230204 20:39:01.453040 257535 ic_gvins.cc:574] Tracking cost 11.3982 ms
I20230204 20:39:01.459909 257534 ic_gvins.cc:772] Insert keyframe 44 at 364462.077042 with 23 new mappoints
I20230204 20:39:01.460117 257534 ic_gvins.cc:777] Add new keyframe time node at 364462.077042
I20230204 20:39:01.460187 257536 ic_gvins.cc:1878] Total 12 pose states from 364461.076927 to 364462.077042
I20230204 20:39:01.463466 257536 ic_gvins.cc:1202] Add 11 preintegration, 1 GNSS, 611 reprojection
I20230204 20:39:01.478988 257536 ic_gvins.cc:1211] Ceres Solver Report: Iterations: 6, Initial cost: 9.378702e+01, Final cost: 6.325266e+01, Termination: NO_CONVERGENCE
I20230204 20:39:01.479404 257536 ic_gvins.cc:1321] Remove 1 reprojection factors
I20230204 20:39:01.486394 257536 ic_gvins.cc:1245] Ceres Solver Report: Iterations: 2, Initial cost: 5.937248e+01, Final cost: 5.914613e+01, Termination: CONVERGENCE
I20230204 20:39:01.486913 257536 ic_gvins.cc:1149] Culled 0 mappoint with 1 bad observed features 0, 0, 0
I20230204 20:39:01.487658 257536 ic_gvins.cc:1455] Marginalize 2 states, last time 364461.176779
I20230204 20:39:01.491750 257536 ic_gvins.cc:499] Optimization costs 31.5752 ms with 15.5434 and 6.99865 with marginalization costs 4.02629
I20230204 20:39:01.499841 257534 misc.cc:220] Redo INS mechanization at 364462.077042 to 364462.137210 is 0.0601679 s
I20230204 20:39:01.547874 257535 tracking.cc:452] Track 62 map points
I20230204 20:39:01.553354 257535 tracking.cc:571] Track 46 reference points
I20230204 20:39:01.553386 257535 tracking.cc:279] Keyframe at 364462.176926, mappoints 62, interval 0.0998834, parallax 20.6986
I20230204 20:39:01.553552 257535 tracking.cc:795] Triangulate 17 3D points with 29 left, 0 reset, 0 outtime and 0 outliers
I20230204 20:39:01.561926 257535 tracking.cc:687] Add 80 new features to 108
I20230204 20:39:01.562250 257535 ic_gvins.cc:574] Tracking cost 21.658 ms
I20230204 20:39:01.569855 257534 ic_gvins.cc:772] Insert keyframe 45 at 364462.176926 with 17 new mappoints
I20230204 20:39:01.570152 257534 ic_gvins.cc:777] Add new keyframe time node at 364462.176926
I20230204 20:39:01.570178 257534 ic_gvins.cc:922] Add new GNSS time node 364462.130587
I20230204 20:39:01.570576 257536 ic_gvins.cc:1878] Total 12 pose states from 364461.176779 to 364462.176926
I20230204 20:39:01.573988 257536 ic_gvins.cc:1202] Add 11 preintegration, 1 GNSS, 524 reprojection
I20230204 20:39:01.592082 257536 ic_gvins.cc:1211] Ceres Solver Report: Iterations: 6, Initial cost: 7.854169e+01, Final cost: 6.289766e+01, Termination: NO_CONVERGENCE
I20230204 20:39:01.592118 257536 ic_gvins.cc:1292] Detect 1 GNSS outliers at 364462.176926
I20230204 20:39:01.592451 257536 ic_gvins.cc:1321] Remove 1 reprojection factors
I20230204 20:39:01.627394 257536 ic_gvins.cc:1245] Ceres Solver Report: Iterations: 14, Initial cost: 5.950654e+01, Final cost: 5.883197e+01, Termination: CONVERGENCE
I20230204 20:39:01.627828 257536 ic_gvins.cc:1149] Culled 1 mappoint with 0 bad observed features 0, 0, 1
I20230204 20:39:01.628260 257536 ic_gvins.cc:1455] Marginalize 1 states, last time 364461.276735
I20230204 20:39:01.629779 257536 ic_gvins.cc:499] Optimization costs 59.2152 ms with 18.1024 and 34.9502 with marginalization costs 1.44342
I20230204 20:39:01.642277 257534 misc.cc:220] Redo INS mechanization at 364462.176926 to 364462.277287 is 0.100361 s
I20230204 20:39:01.646509 257535 tracking.cc:452] Track 59 map points
I20230204 20:39:01.649868 257535 tracking.cc:571] Track 58 reference points
I20230204 20:39:01.649894 257535 tracking.cc:279] Keyframe at 364462.276853, mappoints 59, interval 0.0999271, parallax 20.6839
I20230204 20:39:01.650036 257535 tracking.cc:795] Triangulate 28 3D points with 30 left, 0 reset, 0 outtime and 0 outliers
I20230204 20:39:01.654469 257535 tracking.cc:687] Add 73 new features to 117
I20230204 20:39:01.654664 257535 ic_gvins.cc:574] Tracking cost 12.1935 ms
I20230204 20:39:01.659799 257534 ic_gvins.cc:772] Insert keyframe 46 at 364462.276853 with 28 new mappoints
I20230204 20:39:01.659950 257534 ic_gvins.cc:777] Add new keyframe time node at 364462.276853
I20230204 20:39:01.660017 257536 ic_gvins.cc:1878] Total 12 pose states from 364461.276735 to 364462.276853
I20230204 20:39:01.662009 257536 ic_gvins.cc:1202] Add 11 preintegration, 1 GNSS, 563 reprojection
I20230204 20:39:01.671095 257536 ic_gvins.cc:1211] Ceres Solver Report: Iterations: 6, Initial cost: 9.222144e+01, Final cost: 6.489306e+01, Termination: NO_CONVERGENCE
I20230204 20:39:01.671308 257536 ic_gvins.cc:1321] Remove 0 reprojection factors
I20230204 20:39:01.689438 257536 ic_gvins.cc:1245] Ceres Solver Report: Iterations: 13, Initial cost: 6.576196e+01, Final cost: 6.575168e+01, Termination: CONVERGENCE
I20230204 20:39:01.689752 257536 ic_gvins.cc:1149] Culled 0 mappoint with 0 bad observed features 0, 0, 0
I20230204 20:39:01.690199 257536 ic_gvins.cc:1455] Marginalize 1 states, last time 364461.376816
I20230204 20:39:01.691447 257536 ic_gvins.cc:499] Optimization costs 31.4421 ms with 9.09836 and 18.1397 with marginalization costs 1.19162
I20230204 20:39:01.699846 257534 misc.cc:220] Redo INS mechanization at 364462.276853 to 364462.337205 is 0.0603522 s
I20230204 20:39:01.744041 257535 tracking.cc:452] Track 65 map points
I20230204 20:39:01.746879 257535 tracking.cc:571] Track 48 reference points
I20230204 20:39:01.746906 257535 tracking.cc:279] Keyframe at 364462.376700, mappoints 65, interval 0.0998468, parallax 20.4907
I20230204 20:39:01.747009 257535 tracking.cc:795] Triangulate 21 3D points with 27 left, 0 reset, 0 outtime and 0 outliers
I20230204 20:39:01.751185 257535 tracking.cc:687] Add 78 new features to 113
I20230204 20:39:01.751449 257535 ic_gvins.cc:574] Tracking cost 10.6585 ms
I20230204 20:39:01.759867 257534 ic_gvins.cc:772] Insert keyframe 47 at 364462.376700 with 21 new mappoints
I20230204 20:39:01.760030 257534 ic_gvins.cc:777] Add new keyframe time node at 364462.376700
I20230204 20:39:01.760080 257536 ic_gvins.cc:1878] Total 12 pose states from 364461.376816 to 364462.376700
I20230204 20:39:01.762151 257536 ic_gvins.cc:1202] Add 11 preintegration, 1 GNSS, 609 reprojection
I20230204 20:39:01.770810 257536 ic_gvins.cc:1211] Ceres Solver Report: Iterations: 6, Initial cost: 8.440536e+01, Final cost: 6.956224e+01, Termination: NO_CONVERGENCE
I20230204 20:39:01.771032 257536 ic_gvins.cc:1321] Remove 0 reprojection factors
I20230204 20:39:01.773496 257536 ic_gvins.cc:1245] Ceres Solver Report: Iterations: 1, Initial cost: 7.043873e+01, Final cost: 7.043873e+01, Termination: CONVERGENCE
I20230204 20:39:01.773829 257536 ic_gvins.cc:1149] Culled 0 mappoint with 0 bad observed features 0, 0, 0
I20230204 20:39:01.774279 257536 ic_gvins.cc:1455] Marginalize 1 states, last time 364461.476755
I20230204 20:39:01.776160 257536 ic_gvins.cc:499] Optimization costs 16.0953 ms with 8.67039 and 2.4682 with marginalization costs 1.85292
I20230204 20:39:01.779865 257534 misc.cc:220] Redo INS mechanization at 364462.376700 to 364462.417216 is 0.0405163 s
I20230204 20:39:01.837323 257508 fusion_ros.cc:270] Raw data time in image recv image,imu,gnss 364462.474186, 364462.467195, 364462.130587
I20230204 20:39:01.846897 257535 tracking.cc:452] Track 67 map points
I20230204 20:39:01.849372 257535 tracking.cc:571] Track 53 reference points
I20230204 20:39:01.849393 257535 tracking.cc:279] Keyframe at 364462.476739, mappoints 67, interval 0.100039, parallax 18.7259
I20230204 20:39:01.849498 257535 tracking.cc:795] Triangulate 24 3D points with 20 left, 0 reset, 9 outtime and 0 outliers
I20230204 20:39:01.853520 257535 tracking.cc:687] Add 82 new features to 111
I20230204 20:39:01.853711 257535 ic_gvins.cc:574] Tracking cost 9.9032 ms
I20230204 20:39:01.859840 257534 ic_gvins.cc:772] Insert keyframe 48 at 364462.476739 with 24 new mappoints
I20230204 20:39:01.859979 257534 ic_gvins.cc:777] Add new keyframe time node at 364462.476739
I20230204 20:39:01.860033 257536 ic_gvins.cc:1878] Total 12 pose states from 364461.476755 to 364462.476739
I20230204 20:39:01.862128 257536 ic_gvins.cc:1202] Add 11 preintegration, 1 GNSS, 629 reprojection
I20230204 20:39:01.871435 257536 ic_gvins.cc:1211] Ceres Solver Report: Iterations: 6, Initial cost: 9.993607e+01, Final cost: 7.237642e+01, Termination: NO_CONVERGENCE
I20230204 20:39:01.871659 257536 ic_gvins.cc:1321] Remove 0 reprojection factors
I20230204 20:39:01.874184 257536 ic_gvins.cc:1245] Ceres Solver Report: Iterations: 1, Initial cost: 7.327596e+01, Final cost: 7.327596e+01, Termination: CONVERGENCE
I20230204 20:39:01.874487 257536 ic_gvins.cc:1149] Culled 1 mappoint with 0 bad observed features 0, 0, 1
I20230204 20:39:01.874949 257536 ic_gvins.cc:1455] Marginalize 1 states, last time 364461.576730
I20230204 20:39:01.877065 257536 ic_gvins.cc:499] Optimization costs 17.0448 ms with 9.32052 and 2.52726 with marginalization costs 1.9739
I20230204 20:39:01.879788 257534 misc.cc:220] Redo INS mechanization at 364462.476739 to 364462.517198 is 0.0404592 s
I20230204 20:39:01.943763 257535 tracking.cc:452] Track 74 map points
I20230204 20:39:01.946554 257535 tracking.cc:571] Track 55 reference points
I20230204 20:39:01.946579 257535 tracking.cc:279] Keyframe at 364462.576618, mappoints 74, interval 0.0998795, parallax 16.6646
I20230204 20:39:01.946694 257535 tracking.cc:795] Triangulate 25 3D points with 29 left, 0 reset, 1 outtime and 0 outliers
I20230204 20:39:01.950819 257535 tracking.cc:687] Add 63 new features to 128
I20230204 20:39:01.951076 257535 ic_gvins.cc:574] Tracking cost 10.6686 ms
I20230204 20:39:01.959921 257534 ic_gvins.cc:772] Insert keyframe 49 at 364462.576618 with 25 new mappoints
I20230204 20:39:01.960070 257534 ic_gvins.cc:777] Add new keyframe time node at 364462.576618
I20230204 20:39:01.960131 257536 ic_gvins.cc:1878] Total 12 pose states from 364461.576730 to 364462.576618
I20230204 20:39:01.962628 257536 ic_gvins.cc:1202] Add 11 preintegration, 1 GNSS, 569 reprojection
I20230204 20:39:01.971338 257536 ic_gvins.cc:1211] Ceres Solver Report: Iterations: 6, Initial cost: 5.412849e+02, Final cost: 6.126272e+01, Termination: NO_CONVERGENCE
I20230204 20:39:01.971556 257536 ic_gvins.cc:1321] Remove 1 reprojection factors
I20230204 20:39:01.995105 257536 ic_gvins.cc:1245] Ceres Solver Report: Iterations: 14, Initial cost: 6.005009e+01, Final cost: 5.995637e+01, Termination: CONVERGENCE
I20230204 20:39:01.995421 257536 ic_gvins.cc:1149] Culled 2 mappoint with 1 bad observed features 1, 1, 0
I20230204 20:39:01.995801 257536 ic_gvins.cc:1455] Marginalize 1 states, last time 364461.676769
I20230204 20:39:01.997596 257536 ic_gvins.cc:499] Optimization costs 37.4744 ms with 8.70649 and 23.5616 with marginalization costs 1.72788
I20230204 20:39:01.999761 257534 misc.cc:220] Redo INS mechanization at 364462.576618 to 364462.637206 is 0.0605875 s
I20230204 20:39:02.046062 257535 tracking.cc:452] Track 80 map points
I20230204 20:39:02.048619 257535 tracking.cc:571] Track 40 reference points
I20230204 20:39:02.048641 257535 tracking.cc:279] Keyframe at 364462.676648, mappoints 80, interval 0.10003, paral