Log file created at: 2023/02/04 20:38:27
Running on machine: divenire-TM1801
Running duration (h:mm:ss): 0:00:00
Log line format: [IWEF]yyyymmdd hh:mm:ss.uuuuuu threadid file:line] msg
I20230204 20:38:27.550913 257535 ic_gvins.cc:512] Tracking thread is started
I20230204 20:38:27.551169 257534 ic_gvins.cc:265] Fusion thread is started
I20230204 20:38:27.551216 257536 ic_gvins.cc:424] Optimization thread is started
I20230204 20:38:27.556268 257508 fusion_ros.cc:129] Waiting ROS message...
I20230204 20:38:49.845873 257508 fusion_ros.cc:270] Raw data time in image recv image,imu,gnss 364450.473806, 364450.467677, 0.000000
I20230204 20:38:50.494138 257508 ic_gvins.cc:225] gnss origin is initialized as 0.652702
02.21844
0046.514
I20230204 20:38:50.501777 257508 ic_gvins.cc:226] Local gravity is initialized as 9.799259
I20230204 20:38:51.500618 257534 ic_gvins.cc:654] Zero velocity get gyroscope bias -317.373 0520.458 00416.44, roll 1.44166, pitch -1.87965
I20230204 20:38:51.838323 257508 fusion_ros.cc:270] Raw data time in image recv image,imu,gnss 364452.473908, 364452.467571, 364452.130166
I20230204 20:38:52.500452 257534 ic_gvins.cc:654] Zero velocity get gyroscope bias -290.051 0510.789 0402.182, roll 1.43377, pitch -1.87232
I20230204 20:38:53.837281 257508 fusion_ros.cc:270] Raw data time in image recv image,imu,gnss 364454.474133, 364454.467559, 364454.131045
I20230204 20:38:54.500484 257534 ic_gvins.cc:677] Initialized heading from GNSS as 2.9388 deg
I20230204 20:38:54.500602 257534 misc.cc:220] Redo INS mechanization at 364454.131045 to 364455.137475 is 1.00643 s
W20230204 20:38:54.500639 257534 misc.cc:223] Do INS mechanization with a long time 1.00643 s
I20230204 20:38:54.501744 257534 ic_gvins.cc:716] Initialization at 364455.131584
I20230204 20:38:54.501821 257534 ic_gvins.cc:922] Add new GNSS time node 364455.131584
I20230204 20:38:54.510387 257534 misc.cc:220] Redo INS mechanization at 364455.131584 to 364455.147468 is 0.0158834 s
I20230204 20:38:55.500109 257534 ic_gvins.cc:922] Add new GNSS time node 364456.130294
I20230204 20:38:55.501147 257536 ic_gvins.cc:1878] Total 3 pose states from 364454.131045 to 364456.130294
I20230204 20:38:55.509681 257536 ic_gvins.cc:750] Ceres Solver Report: Iterations: 12, Initial cost: 2.112391e+01, Final cost: 2.298482e+00, Termination: CONVERGENCE
I20230204 20:38:55.509718 257536 ic_gvins.cc:446] GINS initialization is finished
I20230204 20:38:55.509729 257536 ic_gvins.cc:499] Optimization costs 8.6246 ms with 0 and 0 with marginalization costs 0
I20230204 20:38:55.510011 257534 misc.cc:220] Redo INS mechanization at 364456.130294 to 364456.147440 is 0.0171459 s
I20230204 20:38:55.554021 257535 tracking.cc:687] Add 182 new features to 0
I20230204 20:38:55.554054 257535 ic_gvins.cc:574] Tracking cost 13.1668 ms
I20230204 20:38:55.560178 257534 ic_gvins.cc:772] Insert keyframe 0 at 364456.174012 with 0 new mappoints
I20230204 20:38:55.560269 257534 ic_gvins.cc:777] Add new keyframe time node at 364456.174012
I20230204 20:38:55.658851 257535 tracking.cc:571] Track 144 reference points
I20230204 20:38:55.754585 257535 tracking.cc:571] Track 131 reference points
I20230204 20:38:55.754635 257535 tracking.cc:180] Initialization tracking with parallax 15.1054
I20230204 20:38:55.755282 257535 tracking.cc:795] Triangulate 57 3D points with 71 left, 0 reset, 0 outtime and 3 outliers
I20230204 20:38:55.763648 257535 tracking.cc:687] Add 55 new features to 128
I20230204 20:38:55.763774 257535 ic_gvins.cc:574] Tracking cost 22.8093 ms
I20230204 20:38:55.770047 257534 ic_gvins.cc:772] Insert keyframe 1 at 364456.374036 with 57 new mappoints
I20230204 20:38:55.770443 257534 ic_gvins.cc:777] Add new keyframe time node at 364456.374036
I20230204 20:38:55.770476 257536 ic_gvins.cc:1878] Total 5 pose states from 364454.131045 to 364456.374036
I20230204 20:38:55.771111 257536 ic_gvins.cc:1202] Add 4 preintegration, 3 GNSS, 57 reprojection
I20230204 20:38:55.773955 257536 ic_gvins.cc:1211] Ceres Solver Report: Iterations: 6, Initial cost: 2.342313e+01, Final cost: 4.883676e+00, Termination: NO_CONVERGENCE
I20230204 20:38:55.774008 257536 ic_gvins.cc:1321] Remove 0 reprojection factors
I20230204 20:38:55.778491 257536 ic_gvins.cc:1245] Ceres Solver Report: Iterations: 14, Initial cost: 5.041102e+00, Final cost: 4.275189e+00, Termination: CONVERGENCE
W20230204 20:38:55.781064 257536 ic_gvins.cc:1720] Reintegration 4 preintegration
I20230204 20:38:55.781208 257536 ic_gvins.cc:1149] Culled 0 mappoint with 0 bad observed features 0, 0, 0
I20230204 20:38:55.781373 257536 ic_gvins.cc:499] Optimization costs 10.9096 ms with 2.84784 and 4.49364 with marginalization costs 0.011493
I20230204 20:38:55.790172 257534 misc.cc:220] Redo INS mechanization at 364456.374036 to 364456.427444 is 0.0534079 s
I20230204 20:38:55.841778 257508 fusion_ros.cc:270] Raw data time in image recv image,imu,gnss 364456.474137, 364456.467475, 364456.130294
I20230204 20:38:55.858914 257535 tracking.cc:452] Track 50 map points
I20230204 20:38:55.870256 257535 tracking.cc:571] Track 94 reference points
I20230204 20:38:55.876700 257535 tracking.cc:687] Add 39 new features to 144
I20230204 20:38:55.952015 257535 tracking.cc:452] Track 45 map points
I20230204 20:38:55.961975 257535 tracking.cc:571] Track 101 reference points
I20230204 20:38:55.962050 257535 tracking.cc:279] Keyframe at 364456.574106, mappoints 45, interval 0.20007, parallax 29.822
I20230204 20:38:55.962608 257535 tracking.cc:795] Triangulate 37 3D points with 64 left, 14 reset, 0 outtime and 0 outliers
I20230204 20:38:55.971273 257535 tracking.cc:687] Add 34 new features to 146
I20230204 20:38:55.971585 257535 ic_gvins.cc:574] Tracking cost 31.1064 ms
I20230204 20:38:55.980116 257534 ic_gvins.cc:772] Insert keyframe 2 at 364456.574106 with 37 new mappoints
I20230204 20:38:55.980552 257534 ic_gvins.cc:777] Add new keyframe time node at 364456.574106
I20230204 20:38:55.980628 257536 ic_gvins.cc:1878] Total 6 pose states from 364454.131045 to 364456.574106
I20230204 20:38:55.981712 257536 ic_gvins.cc:1202] Add 5 preintegration, 3 GNSS, 139 reprojection
I20230204 20:38:55.986227 257536 ic_gvins.cc:1211] Ceres Solver Report: Iterations: 6, Initial cost: 1.441429e+01, Final cost: 7.810113e+00, Termination: NO_CONVERGENCE
I20230204 20:38:55.986327 257536 ic_gvins.cc:1321] Remove 0 reprojection factors
I20230204 20:38:55.999197 257536 ic_gvins.cc:1245] Ceres Solver Report: Iterations: 13, Initial cost: 7.821045e+00, Final cost: 7.816400e+00, Termination: CONVERGENCE
I20230204 20:38:55.999419 257536 ic_gvins.cc:1149] Culled 0 mappoint with 0 bad observed features 0, 0, 0
I20230204 20:38:55.999898 257536 ic_gvins.cc:499] Optimization costs 19.2855 ms with 4.53374 and 12.8811 with marginalization costs 0.050804
I20230204 20:38:56.000097 257534 misc.cc:220] Redo INS mechanization at 364456.574106 to 364456.637453 is 0.0633469 s
I20230204 20:38:56.049307 257535 tracking.cc:452] Track 74 map points
I20230204 20:38:56.057662 257535 tracking.cc:571] Track 71 reference points
I20230204 20:38:56.064707 257535 tracking.cc:687] Add 37 new features to 145
I20230204 20:38:56.146164 257535 tracking.cc:452] Track 68 map points
I20230204 20:38:56.151237 257535 tracking.cc:571] Track 73 reference points
I20230204 20:38:56.151265 257535 tracking.cc:279] Keyframe at 364456.774084, mappoints 68, interval 0.199978, parallax 25.5491
I20230204 20:38:56.151460 257535 tracking.cc:795] Triangulate 22 3D points with 51 left, 15 reset, 0 outtime and 0 outliers
I20230204 20:38:56.158638 257535 tracking.cc:687] Add 41 new features to 141
I20230204 20:38:56.158838 257535 ic_gvins.cc:574] Tracking cost 17.9276 ms
I20230204 20:38:56.160297 257534 ic_gvins.cc:772] Insert keyframe 3 at 364456.774084 with 22 new mappoints
I20230204 20:38:56.161293 257534 ic_gvins.cc:777] Add new keyframe time node at 364456.774084
I20230204 20:38:56.161391 257536 ic_gvins.cc:1878] Total 7 pose states from 364454.131045 to 364456.774084
I20230204 20:38:56.163940 257536 ic_gvins.cc:1202] Add 6 preintegration, 3 GNSS, 229 reprojection
I20230204 20:38:56.172207 257536 ic_gvins.cc:1211] Ceres Solver Report: Iterations: 6, Initial cost: 2.200761e+01, Final cost: 1.631805e+01, Termination: NO_CONVERGENCE
I20230204 20:38:56.172477 257536 ic_gvins.cc:1321] Remove 1 reprojection factors
I20230204 20:38:56.188742 257536 ic_gvins.cc:1245] Ceres Solver Report: Iterations: 13, Initial cost: 1.377586e+01, Final cost: 1.366651e+01, Termination: CONVERGENCE
W20230204 20:38:56.196734 257536 ic_gvins.cc:1720] Reintegration 6 preintegration
I20230204 20:38:56.196998 257536 ic_gvins.cc:1149] Culled 0 mappoint with 1 bad observed features 0, 0, 0
I20230204 20:38:56.197374 257536 ic_gvins.cc:499] Optimization costs 36.0021 ms with 8.26904 and 16.34 with marginalization costs 0.032388
I20230204 20:38:56.200209 257534 misc.cc:220] Redo INS mechanization at 364456.774084 to 364456.837451 is 0.0633664 s
I20230204 20:38:56.254034 257535 tracking.cc:452] Track 82 map points
I20230204 20:38:56.258752 257535 tracking.cc:571] Track 59 reference points
I20230204 20:38:56.265424 257535 tracking.cc:687] Add 39 new features to 141
I20230204 20:38:56.347829 257535 tracking.cc:452] Track 74 map points
I20230204 20:38:56.354372 257535 tracking.cc:571] Track 66 reference points
I20230204 20:38:56.354406 257535 tracking.cc:279] Keyframe at 364456.974214, mappoints 74, interval 0.200129, parallax 23.4996
I20230204 20:38:56.354678 257535 tracking.cc:795] Triangulate 24 3D points with 42 left, 12 reset, 0 outtime and 0 outliers
I20230204 20:38:56.362871 257535 tracking.cc:687] Add 39 new features to 140
I20230204 20:38:56.363155 257535 ic_gvins.cc:574] Tracking cost 22.236 ms
I20230204 20:38:56.370172 257534 ic_gvins.cc:772] Insert keyframe 4 at 364456.974214 with 24 new mappoints
I20230204 20:38:56.370851 257534 ic_gvins.cc:777] Add new keyframe time node at 364456.974214
I20230204 20:38:56.370952 257536 ic_gvins.cc:1878] Total 8 pose states from 364454.131045 to 364456.974214
I20230204 20:38:56.374384 257536 ic_gvins.cc:1202] Add 7 preintegration, 3 GNSS, 326 reprojection
I20230204 20:38:56.384961 257536 ic_gvins.cc:1211] Ceres Solver Report: Iterations: 6, Initial cost: 3.682224e+01, Final cost: 2.515859e+01, Termination: NO_CONVERGENCE
I20230204 20:38:56.385274 257536 ic_gvins.cc:1321] Remove 0 reprojection factors
I20230204 20:38:56.401192 257536 ic_gvins.cc:1245] Ceres Solver Report: Iterations: 14, Initial cost: 2.515859e+01, Final cost: 2.508111e+01, Termination: CONVERGENCE
W20230204 20:38:56.405510 257536 ic_gvins.cc:1720] Reintegration 7 preintegration
I20230204 20:38:56.405779 257536 ic_gvins.cc:1149] Culled 0 mappoint with 0 bad observed features 0, 0, 0
I20230204 20:38:56.406977 257536 ic_gvins.cc:499] Optimization costs 36.047 ms with 10.5875 and 15.9212 with marginalization costs 0.071393
I20230204 20:38:56.409608 257534 misc.cc:220] Redo INS mechanization at 364456.974214 to 364457.047068 is 0.072854 s
I20230204 20:38:56.445268 257535 tracking.cc:452] Track 93 map points
I20230204 20:38:56.447374 257535 tracking.cc:571] Track 51 reference points
I20230204 20:38:56.451282 257535 tracking.cc:687] Add 35 new features to 144
I20230204 20:38:56.555830 257535 tracking.cc:452] Track 82 map points
I20230204 20:38:56.561913 257535 tracking.cc:571] Track 63 reference points
I20230204 20:38:56.561949 257535 tracking.cc:279] Keyframe at 364457.174118, mappoints 82, interval 0.199904, parallax 22.5086
I20230204 20:38:56.562180 257535 tracking.cc:795] Triangulate 27 3D points with 36 left, 13 reset, 0 outtime and 0 outliers
I20230204 20:38:56.569237 257535 tracking.cc:687] Add 35 new features to 145
I20230204 20:38:56.569437 257535 ic_gvins.cc:574] Tracking cost 27.8634 ms
I20230204 20:38:56.570022 257534 ic_gvins.cc:772] Insert keyframe 5 at 364457.174118 with 27 new mappoints
I20230204 20:38:56.570384 257534 ic_gvins.cc:777] Add new keyframe time node at 364457.174118
I20230204 20:38:56.570396 257534 ic_gvins.cc:922] Add new GNSS time node 364457.130491
I20230204 20:38:56.570762 257536 ic_gvins.cc:1878] Total 10 pose states from 364454.131045 to 364457.174118
I20230204 20:38:56.573020 257536 ic_gvins.cc:1202] Add 9 preintegration, 4 GNSS, 435 reprojection
I20230204 20:38:56.580718 257536 ic_gvins.cc:1211] Ceres Solver Report: Iterations: 6, Initial cost: 5.570298e+01, Final cost: 4.601421e+01, Termination: NO_CONVERGENCE
I20230204 20:38:56.580746 257536 ic_gvins.cc:1292] Detect 1 GNSS outliers at 364457.174118
I20230204 20:38:56.580927 257536 ic_gvins.cc:1321] Remove 0 reprojection factors
I20230204 20:38:56.597350 257536 ic_gvins.cc:1245] Ceres Solver Report: Iterations: 14, Initial cost: 4.711277e+01, Final cost: 4.353515e+01, Termination: CONVERGENCE
W20230204 20:38:56.600558 257536 ic_gvins.cc:1720] Reintegration 9 preintegration
I20230204 20:38:56.600852 257536 ic_gvins.cc:1149] Culled 1 mappoint with 0 bad observed features 0, 0, 1
I20230204 20:38:56.601404 257536 ic_gvins.cc:499] Optimization costs 30.6518 ms with 7.70802 and 16.3953 with marginalization costs 0.05364
I20230204 20:38:56.610054 257534 misc.cc:220] Redo INS mechanization at 364457.174118 to 364457.247442 is 0.073324 s
I20230204 20:38:56.647130 257535 tracking.cc:452] Track 95 map points
I20230204 20:38:56.649659 257535 tracking.cc:571] Track 45 reference points
I20230204 20:38:56.654287 257535 tracking.cc:687] Add 43 new features to 140
I20230204 20:38:56.748894 257535 tracking.cc:452] Track 86 map points
I20230204 20:38:56.754364 257535 tracking.cc:571] Track 51 reference points
I20230204 20:38:56.754395 257535 tracking.cc:279] Keyframe at 364457.374026, mappoints 86, interval 0.199908, parallax 20.5209
I20230204 20:38:56.754578 257535 tracking.cc:795] Triangulate 19 3D points with 32 left, 14 reset, 0 outtime and 0 outliers
I20230204 20:38:56.761353 257535 tracking.cc:687] Add 46 new features to 137
I20230204 20:38:56.761590 257535 ic_gvins.cc:574] Tracking cost 20.9944 ms
I20230204 20:38:56.770376 257534 ic_gvins.cc:772] Insert keyframe 6 at 364457.374026 with 19 new mappoints
I20230204 20:38:56.771457 257534 ic_gvins.cc:777] Add new keyframe time node at 364457.374026
I20230204 20:38:56.771564 257536 ic_gvins.cc:1878] Total 11 pose states from 364454.131045 to 364457.374026
I20230204 20:38:56.779776 257536 ic_gvins.cc:1202] Add 10 preintegration, 4 GNSS, 537 reprojection
I20230204 20:38:56.802119 257536 ic_gvins.cc:1211] Ceres Solver Report: Iterations: 6, Initial cost: 7.353622e+01, Final cost: 6.119442e+01, Termination: NO_CONVERGENCE
I20230204 20:38:56.802511 257536 ic_gvins.cc:1321] Remove 1 reprojection factors
I20230204 20:38:56.824787 257536 ic_gvins.cc:1245] Ceres Solver Report: Iterations: 11, Initial cost: 5.761022e+01, Final cost: 5.728192e+01, Termination: CONVERGENCE
I20230204 20:38:56.825167 257536 ic_gvins.cc:1149] Culled 0 mappoint with 1 bad observed features 0, 0, 0
I20230204 20:38:56.825891 257536 ic_gvins.cc:499] Optimization costs 54.3467 ms with 22.3481 and 22.2544 with marginalization costs 0.076504
I20230204 20:38:56.830042 257534 misc.cc:220] Redo INS mechanization at 364457.374026 to 364457.467368 is 0.0933423 s
I20230204 20:38:56.846830 257535 tracking.cc:452] Track 98 map points
I20230204 20:38:56.850292 257535 tracking.cc:571] Track 45 reference points
I20230204 20:38:56.855077 257535 tracking.cc:687] Add 40 new features to 143
I20230204 20:38:56.953656 257535 tracking.cc:452] Track 86 map points
I20230204 20:38:56.971628 257535 tracking.cc:571] Track 57 reference points
I20230204 20:38:56.971706 257535 tracking.cc:279] Keyframe at 364457.573940, mappoints 86, interval 0.199914, parallax 20.2883
I20230204 20:38:56.972087 257535 tracking.cc:795] Triangulate 20 3D points with 37 left, 18 reset, 0 outtime and 0 outliers
I20230204 20:38:56.986689 257535 tracking.cc:687] Add 40 new features to 143
I20230204 20:38:56.987126 257535 ic_gvins.cc:574] Tracking cost 46.0263 ms
I20230204 20:38:56.990279 257534 ic_gvins.cc:772] Insert keyframe 7 at 364457.573940 with 20 new mappoints
I20230204 20:38:56.992142 257534 ic_gvins.cc:777] Add new keyframe time node at 364457.573940
I20230204 20:38:56.992296 257536 ic_gvins.cc:1878] Total 12 pose states from 364454.131045 to 364457.573940
I20230204 20:38:57.002609 257536 ic_gvins.cc:1202] Add 11 preintegration, 4 GNSS, 642 reprojection
I20230204 20:38:57.033385 257536 ic_gvins.cc:1211] Ceres Solver Report: Iterations: 6, Initial cost: 1.109634e+02, Final cost: 9.815160e+01, Termination: NO_CONVERGENCE
I20230204 20:38:57.034224 257536 ic_gvins.cc:1321] Remove 2 reprojection factors
I20230204 20:38:57.072134 257535 tracking.cc:452] Track 93 map points
I20230204 20:38:57.084386 257535 tracking.cc:571] Track 42 reference points
I20230204 20:38:57.099270 257535 tracking.cc:687] Add 48 new features to 135
I20230204 20:38:57.122810 257536 ic_gvins.cc:1245] Ceres Solver Report: Iterations: 12, Initial cost: 8.169698e+01, Final cost: 8.065330e+01, Termination: CONVERGENCE
I20230204 20:38:57.124091 257536 ic_gvins.cc:1149] Culled 1 mappoint with 2 bad observed features 0, 0, 1
I20230204 20:38:57.126766 257536 ic_gvins.cc:499] Optimization costs 134.509 ms with 30.7875 and 88.6026 with marginalization costs 0.275653
I20230204 20:38:57.130842 257534 misc.cc:220] Redo INS mechanization at 364457.573940 to 364457.767418 is 0.193478 s
I20230204 20:38:57.156742 257535 tracking.cc:452] Track 85 map points
I20230204 20:38:57.172261 257535 tracking.cc:571] Track 48 reference points
I20230204 20:38:57.172325 257535 tracking.cc:279] Keyframe at 364457.776454, mappoints 85, interval 0.202514, parallax 20.048
I20230204 20:38:57.172633 257535 tracking.cc:795] Triangulate 14 3D points with 34 left, 13 reset, 0 outtime and 0 outliers
I20230204 20:38:57.189363 257535 tracking.cc:687] Add 50 new features to 133
I20230204 20:38:57.189666 257535 ic_gvins.cc:574] Tracking cost 47.5366 ms
I20230204 20:38:57.190356 257534 ic_gvins.cc:772] Insert keyframe 8 at 364457.776454 with 14 new mappoints
I20230204 20:38:57.191135 257534 ic_gvins.cc:777] Add new keyframe time node at 364457.776454
I20230204 20:38:57.191185 257536 ic_gvins.cc:1878] Total 13 pose states from 364454.131045 to 364457.776454
I20230204 20:38:57.198431 257536 ic_gvins.cc:1202] Add 12 preintegration, 4 GNSS, 735 reprojection
I20230204 20:38:57.224903 257536 ic_gvins.cc:1211] Ceres Solver Report: Iterations: 6, Initial cost: 1.541516e+02, Final cost: 1.398002e+02, Termination: NO_CONVERGENCE
I20230204 20:38:57.225965 257536 ic_gvins.cc:1321] Remove 4 reprojection factors
I20230204 20:38:57.251897 257535 tracking.cc:452] Track 89 map points
I20230204 20:38:57.258006 257535 tracking.cc:571] Track 48 reference points
I20230204 20:38:57.269634 257535 tracking.cc:687] Add 48 new features to 137
I20230204 20:38:57.284456 257536 ic_gvins.cc:1245] Ceres Solver Report: Iterations: 13, Initial cost: 1.017803e+02, Final cost: 9.839684e+01, Termination: CONVERGENCE
I20230204 20:38:57.285219 257536 ic_gvins.cc:1149] Culled 3 mappoint with 2 bad observed features 0, 0, 3
I20230204 20:38:57.286795 257536 ic_gvins.cc:499] Optimization costs 95.6304 ms with 26.519 and 58.4656 with marginalization costs 0.192706
I20230204 20:38:57.290122 257534 misc.cc:220] Redo INS mechanization at 364457.776454 to 364457.927360 is 0.150905 s
I20230204 20:38:57.348589 257535 tracking.cc:452] Track 79 map points
I20230204 20:38:57.354395 257535 tracking.cc:571] Track 52 reference points
I20230204 20:38:57.354429 257535 tracking.cc:279] Keyframe at 364457.973962, mappoints 79, interval 0.197508, parallax 22.0208
I20230204 20:38:57.354633 257535 tracking.cc:795] Triangulate 18 3D points with 33 left, 13 reset, 0 outtime and 1 outliers
I20230204 20:38:57.362022 257535 tracking.cc:687] Add 55 new features to 130
I20230204 20:38:57.362351 257535 ic_gvins.cc:574] Tracking cost 21.3755 ms
I20230204 20:38:57.370070 257534 ic_gvins.cc:772] Insert keyframe 9 at 364457.973962 with 18 new mappoints
I20230204 20:38:57.370739 257534 ic_gvins.cc:777] Add new keyframe time node at 364457.973962
I20230204 20:38:57.370813 257536 ic_gvins.cc:1878] Total 14 pose states from 364454.131045 to 364457.973962
I20230204 20:38:57.376415 257536 ic_gvins.cc:1202] Add 13 preintegration, 4 GNSS, 815 reprojection
I20230204 20:38:57.395031 257536 ic_gvins.cc:1211] Ceres Solver Report: Iterations: 6, Initial cost: 1.596221e+02, Final cost: 1.322322e+02, Termination: NO_CONVERGENCE
I20230204 20:38:57.395603 257536 ic_gvins.cc:1321] Remove 7 reprojection factors
I20230204 20:38:57.441099 257536 ic_gvins.cc:1245] Ceres Solver Report: Iterations: 13, Initial cost: 1.099521e+02, Final cost: 1.079939e+02, Termination: CONVERGENCE
I20230204 20:38:57.441891 257536 ic_gvins.cc:1149] Culled 1 mappoint with 5 bad observed features 0, 0, 1
I20230204 20:38:57.443500 257536 ic_gvins.cc:499] Optimization costs 72.7029 ms with 18.6336 and 45.5081 with marginalization costs 0.167702
I20230204 20:38:57.450204 257534 misc.cc:220] Redo INS mechanization at 364457.973962 to 364458.087380 is 0.113418 s
I20230204 20:38:57.450624 257535 tracking.cc:452] Track 82 map points
I20230204 20:38:57.456701 257535 tracking.cc:571] Track 48 reference points
I20230204 20:38:57.463642 257535 tracking.cc:687] Add 54 new features to 130
I20230204 20:38:57.552731 257535 tracking.cc:452] Track 73 map points
I20230204 20:38:57.565383 257535 tracking.cc:571] Track 55 reference points
I20230204 20:38:57.565439 257535 tracking.cc:279] Keyframe at 364458.174048, mappoints 73, interval 0.200086, parallax 23.3026
I20230204 20:38:57.565840 257535 tracking.cc:795] Triangulate 19 3D points with 35 left, 16 reset, 0 outtime and 1 outliers
I20230204 20:38:57.580268 257535 tracking.cc:687] Add 56 new features to 127
I20230204 20:38:57.580639 257535 ic_gvins.cc:574] Tracking cost 40.1663 ms
I20230204 20:38:57.590230 257534 ic_gvins.cc:772] Insert keyframe 10 at 364458.174048 with 19 new mappoints
I20230204 20:38:57.591466 257534 ic_gvins.cc:777] Add new keyframe time node at 364458.174048
I20230204 20:38:57.591523 257534 ic_gvins.cc:922] Add new GNSS time node 364458.131223
I20230204 20:38:57.592572 257536 ic_gvins.cc:1878] Total 16 pose states from 364454.131045 to 364458.174048
I20230204 20:38:57.611335 257536 ic_gvins.cc:1202] Add 15 preintegration, 5 GNSS, 898 reprojection
I20230204 20:38:57.665832 257535 tracking.cc:452] Track 84 map points
I20230204 20:38:57.674811 257535 tracking.cc:571] Track 43 reference points
I20230204 20:38:57.682914 257535 tracking.cc:687] Add 55 new features to 127
I20230204 20:38:57.686511 257536 ic_gvins.cc:1211] Ceres Solver Report: Iterations: 6, Initial cost: 1.589493e+02, Final cost: 1.377407e+02, Termination: NO_CONVERGENCE
I20230204 20:38:57.687294 257536 ic_gvins.cc:1321] Remove 2 reprojection factors
I20230204 20:38:57.728209 257536 ic_gvins.cc:1245] Ceres Solver Report: Iterations: 14, Initial cost: 1.320423e+02, Final cost: 1.294999e+02, Termination: CONVERGENCE
I20230204 20:38:57.728669 257536 ic_gvins.cc:1149] Culled 2 mappoint with 2 bad observed features 0, 0, 2
I20230204 20:38:57.729341 257536 ic_gvins.cc:1455] Marginalize 4 states, last time 364456.374036
I20230204 20:38:57.739845 257536 ic_gvins.cc:499] Optimization costs 147.296 ms with 75.168 and 40.9016 with marginalization costs 10.4788
I20230204 20:38:57.739931 257534 misc.cc:220] Redo INS mechanization at 364458.174048 to 364458.377342 is 0.203294 s
I20230204 20:38:57.743266 257535 tracking.cc:452] Track 37 map points
I20230204 20:38:57.747833 257535 tracking.cc:571] Track 45 reference points
I20230204 20:38:57.747860 257535 tracking.cc:279] Keyframe at 364458.375930, mappoints 37, interval 0.201882, parallax 31.5725
I20230204 20:38:57.747946 257535 tracking.cc:795] Triangulate 16 3D points with 17 left, 14 reset, 12 outtime and 0 outliers
I20230204 20:38:57.754120 257535 tracking.cc:687] Add 113 new features to 70
I20230204 20:38:57.754429 257535 ic_gvins.cc:574] Tracking cost 13.9562 ms
I20230204 20:38:57.760000 257534 ic_gvins.cc:772] Insert keyframe 11 at 364458.375930 with 16 new mappoints
I20230204 20:38:57.760232 257534 ic_gvins.cc:777] Add new keyframe time node at 364458.375930
I20230204 20:38:57.760291 257536 ic_gvins.cc:1878] Total 13 pose states from 364456.374036 to 364458.375930
I20230204 20:38:57.761714 257536 ic_gvins.cc:1202] Add 12 preintegration, 2 GNSS, 393 reprojection
I20230204 20:38:57.768347 257536 ic_gvins.cc:1211] Ceres Solver Report: Iterations: 6, Initial cost: 9.544557e+01, Final cost: 8.630514e+01, Termination: NO_CONVERGENCE
I20230204 20:38:57.768504 257536 ic_gvins.cc:1321] Remove 2 reprojection factors
I20230204 20:38:57.786515 257536 ic_gvins.cc:1245] Ceres Solver Report: Iterations: 16, Initial cost: 8.067119e+01, Final cost: 8.042527e+01, Termination: NO_CONVERGENCE
I20230204 20:38:57.786860 257536 ic_gvins.cc:1149] Culled 2 mappoint with 1 bad observed features 0, 0, 2
I20230204 20:38:57.787382 257536 ic_gvins.cc:1455] Marginalize 1 states, last time 364456.574106
I20230204 20:38:57.788905 257536 ic_gvins.cc:499] Optimization costs 28.6249 ms with 6.65018 and 18.0362 with marginalization costs 1.51692
I20230204 20:38:57.790035 257534 misc.cc:220] Redo INS mechanization at 364458.375930 to 364458.427389 is 0.0514591 s
I20230204 20:38:57.837188 257508 fusion_ros.cc:270] Raw data time in image recv image,imu,gnss 364458.474147, 364458.467361, 364458.131223
I20230204 20:38:57.846405 257535 tracking.cc:452] Track 45 map points
I20230204 20:38:57.852819 257535 tracking.cc:571] Track 81 reference points
I20230204 20:38:57.856823 257535 tracking.cc:687] Add 56 new features to 126
I20230204 20:38:57.959673 257535 tracking.cc:452] Track 40 map points
I20230204 20:38:57.975666 257535 tracking.cc:571] Track 95 reference points
I20230204 20:38:57.975739 257535 tracking.cc:279] Keyframe at 364458.575971, mappoints 40, interval 0.200041, parallax 20.7291
I20230204 20:38:57.976684 257535 tracking.cc:795] Triangulate 34 3D points with 61 left, 18 reset, 0 outtime and 0 outliers
I20230204 20:38:57.993676 257535 tracking.cc:687] Add 49 new features to 135
I20230204 20:38:57.994135 257535 ic_gvins.cc:574] Tracking cost 53.7508 ms
I20230204 20:38:58.000216 257534 ic_gvins.cc:772] Insert keyframe 12 at 364458.575971 with 34 new mappoints
I20230204 20:38:58.001567 257534 ic_gvins.cc:777] Add new keyframe time node at 364458.575971
I20230204 20:38:58.001680 257536 ic_gvins.cc:1878] Total 13 pose states from 364456.574106 to 364458.575971
I20230204 20:38:58.010865 257536 ic_gvins.cc:1202] Add 12 preintegration, 2 GNSS, 407 reprojection
I20230204 20:38:58.052182 257536 ic_gvins.cc:1211] Ceres Solver Report: Iterations: 6, Initial cost: 1.084234e+02, Final cost: 7.704802e+01, Termination: NO_CONVERGENCE
I20230204 20:38:58.052826 257536 ic_gvins.cc:1321] Remove 3 reprojection factors
I20230204 20:38:58.056959 257535 tracking.cc:452] Track 62 map points
I20230204 20:38:58.062892 257535 tracking.cc:571] Track 70 reference points
I20230204 20:38:58.062923 257535 tracking.cc:279] Keyframe at 364458.676123, mappoints 62, interval 0.100152, parallax 15.5029
I20230204 20:38:58.063136 257535 tracking.cc:795] Triangulate 30 3D points with 40 left, 0 reset, 0 outtime and 0 outliers
I20230204 20:38:58.069453 257535 tracking.cc:687] Add 53 new features to 132
I20230204 20:38:58.069707 257535 ic_gvins.cc:574] Tracking cost 25.9994 ms
I20230204 20:38:58.087657 257536 ic_gvins.cc:1245] Ceres Solver Report: Iterations: 13, Initial cost: 6.605969e+01, Final cost: 6.459405e+01, Termination: CONVERGENCE
I20230204 20:38:58.087952 257536 ic_gvins.cc:1149] Culled 1 mappoint with 3 bad observed features 0, 0, 1
I20230204 20:38:58.088454 257536 ic_gvins.cc:1455] Marginalize 1 states, last time 364456.774084
I20230204 20:38:58.089789 257536 ic_gvins.cc:499] Optimization costs 88.1308 ms with 41.3704 and 34.8144 with marginalization costs 1.29851
I20230204 20:38:58.089972 257534 misc.cc:220] Redo INS mechanization at 364458.575971 to 364458.727333 is 0.151362 s
I20230204 20:38:58.089995 257534 ic_gvins.cc:772] Insert keyframe 13 at 364458.676123 with 30 new mappoints
I20230204 20:38:58.090144 257534 ic_gvins.cc:777] Add new keyframe time node at 364458.676123
I20230204 20:38:58.090211 257536 ic_gvins.cc:1878] Total 13 pose states from 364456.774084 to 364458.676123
I20230204 20:38:58.092190 257536 ic_gvins.cc:1202] Add 12 preintegration, 2 GNSS, 454 reprojection
I20230204 20:38:58.101183 257536 ic_gvins.cc:1211] Ceres Solver Report: Iterations: 6, Initial cost: 7.355056e+01, Final cost: 7.112483e+01, Termination: NO_CONVERGENCE
I20230204 20:38:58.101370 257536 ic_gvins.cc:1321] Remove 0 reprojection factors
I20230204 20:38:58.117540 257536 ic_gvins.cc:1245] Ceres Solver Report: Iterations: 11, Initial cost: 7.112483e+01, Final cost: 7.110014e+01, Termination: CONVERGENCE
I20230204 20:38:58.117820 257536 ic_gvins.cc:1149] Culled 1 mappoint with 0 bad observed features 0, 0, 1
I20230204 20:38:58.118129 257536 ic_gvins.cc:1455] Marginalize 1 states, last time 364456.974214
I20230204 20:38:58.119557 257536 ic_gvins.cc:499] Optimization costs 29.3529 ms with 9.00825 and 16.1805 with marginalization costs 1.39143
I20230204 20:38:58.119864 257534 misc.cc:220] Redo INS mechanization at 364458.676123 to 364458.757366 is 0.0812428 s
I20230204 20:38:58.144815 257535 tracking.cc:452] Track 72 map points
I20230204 20:38:58.147557 257535 tracking.cc:571] Track 59 reference points
I20230204 20:38:58.147581 257535 tracking.cc:279] Keyframe at 364458.776373, mappoints 72, interval 0.10025, parallax 15.39
I20230204 20:38:58.147725 257535 tracking.cc:795] Triangulate 23 3D points with 36 left, 0 reset, 0 outtime and 0 outliers
I20230204 20:38:58.151513 257535 tracking.cc:687] Add 53 new features to 131
I20230204 20:38:58.151672 257535 ic_gvins.cc:574] Tracking cost 10.7013 ms
I20230204 20:38:58.159998 257534 ic_gvins.cc:772] Insert keyframe 14 at 364458.776373 with 23 new mappoints
I20230204 20:38:58.160156 257534 ic_gvins.cc:777] Add new keyframe time node at 364458.776373
I20230204 20:38:58.160224 257536 ic_gvins.cc:1878] Total 13 pose states from 364456.974214 to 364458.776373
I20230204 20:38:58.162212 257536 ic_gvins.cc:1202] Add 12 preintegration, 2 GNSS, 481 reprojection
I20230204 20:38:58.170197 257536 ic_gvins.cc:1211] Ceres Solver Report: Iterations: 6, Initial cost: 8.700503e+01, Final cost: 7.641802e+01, Termination: NO_CONVERGENCE
I20230204 20:38:58.170379 257536 ic_gvins.cc:1321] Remove 0 reprojection factors
I20230204 20:38:58.173110 257536 ic_gvins.cc:1245] Ceres Solver Report: Iterations: 1, Initial cost: 7.641802e+01, Final cost: 7.641802e+01, Termination: CONVERGENCE
I20230204 20:38:58.173462 257536 ic_gvins.cc:1149] Culled 2 mappoint with 0 bad observed features 0, 0, 2
I20230204 20:38:58.174007 257536 ic_gvins.cc:1455] Marginalize 2 states, last time 364457.174118
I20230204 20:38:58.176276 257536 ic_gvins.cc:499] Optimization costs 16.0627 ms with 7.99293 and 2.73349 with marginalization costs 2.27401
I20230204 20:38:58.179989 257534 misc.cc:220] Redo INS mechanization at 364458.776373 to 364458.817326 is 0.0409529 s
I20230204 20:38:58.256230 257535 tracking.cc:452] Track 84 map points
I20230204 20:38:58.273403 257535 tracking.cc:571] Track 53 reference points
I20230204 20:38:58.273469 257535 tracking.cc:279] Keyframe at 364458.876512, mappoints 84, interval 0.100139, parallax 15.5478
I20230204 20:38:58.273926 257535 tracking.cc:795] Triangulate 17 3D points with 36 left, 0 reset, 0 outtime and 0 outliers
I20230204 20:38:58.290637 257535 tracking.cc:687] Add 47 new features to 137
I20230204 20:38:58.291055 257535 ic_gvins.cc:574] Tracking cost 47.2182 ms
I20230204 20:38:58.300242 257534 ic_gvins.cc:772] Insert keyframe 15 at 364458.876512 with 17 new mappoints
I20230204 20:38:58.300855 257534 ic_gvins.cc:777] Add new keyframe time node at 364458.876512
I20230204 20:38:58.300962 257536 ic_gvins.cc:1878] Total 12 pose states from 364457.174118 to 364458.876512
I20230204 20:38:58.311218 257536 ic_gvins.cc:1202] Add 11 preintegration, 1 GNSS, 517 reprojection
I20230204 20:38:58.353543 257535 tracking.cc:452] Track 88 map points
I20230204 20:38:58.364003 257536 ic_gvins.cc:1211] Ceres Solver Report: Iterations: 6, Initial cost: 9.484180e+01, Final cost: 7.865207e+01, Termination: NO_CONVERGENCE
I20230204 20:38:58.366324 257536 ic_gvins.cc:1321] Remove 2 reprojection factors
I20230204 20:38:58.370410 257535 tracking.cc:571] Track 51 reference points
I20230204 20:38:58.370465 257535 tracking.cc:279] Keyframe at 364458.976502, mappoints 88, interval 0.0999897, parallax 15.5472
I20230204 20:38:58.370914 257535 tracking.cc:795] Triangulate 21 3D points with 30 left, 0 reset, 0 outtime and 0 outliers
I20230204 20:38:58.385552 257535 tracking.cc:687] Add 42 new features to 139
I20230204 20:38:58.385952 257535 ic_gvins.cc:574] Tracking cost 45.3869 ms
I20230204 20:38:58.447319 257535 tracking.cc:452] Track 95 map points
I20230204 20:38:58.452311 257535 tracking.cc:571] Track 41 reference points
I20230204 20:38:58.452337 257535 tracking.cc:279] Keyframe at 364459.076536, mappoints 95, interval 0.100035, parallax 15.9226
I20230204 20:38:58.452491 257535 tracking.cc:795] Triangulate 17 3D points with 24 left, 0 reset, 0 outtime and 0 outliers
I20230204 20:38:58.454195 257536 ic_gvins.cc:1245] Ceres Solver Report: Iterations: 16, Initial cost: 7.361451e+01, Final cost: 7.332517e+01, Termination: NO_CONVERGENCE
I20230204 20:38:58.455096 257536 ic_gvins.cc:1149] Culled 1 mappoint with 1 bad observed features 0, 0, 1
I20230204 20:38:58.457504 257536 ic_gvins.cc:1455] Marginalize 1 states, last time 364457.374026
I20230204 20:38:58.457748 257535 tracking.cc:687] Add 44 new features to 136
I20230204 20:38:58.457914 257535 ic_gvins.cc:574] Tracking cost 16.5986 ms
I20230204 20:38:58.460104 257536 ic_gvins.cc:499] Optimization costs 159.168 ms with 52.8327 and 87.8208 with marginalization costs 2.52237
I20230204 20:38:58.470069 257534 misc.cc:220] Redo INS mechanization at 364458.876512 to 364459.107390 is 0.230878 s
I20230204 20:38:58.470110 257534 ic_gvins.cc:772] Insert keyframe 16 at 364458.976502 with 21 new mappoints
I20230204 20:38:58.470340 257534 ic_gvins.cc:777] Add new keyframe time node at 364458.976502
I20230204 20:38:58.470352 257534 ic_gvins.cc:772] Insert keyframe 17 at 364459.076536 with 17 new mappoints
I20230204 20:38:58.470574 257534 ic_gvins.cc:777] Add new keyframe time node at 364459.076536
I20230204 20:38:58.470640 257536 ic_gvins.cc:1878] Total 13 pose states from 364457.374026 to 364459.076536
I20230204 20:38:58.474260 257536 ic_gvins.cc:1202] Add 12 preintegration, 1 GNSS, 682 reprojection
I20230204 20:38:58.489117 257536 ic_gvins.cc:1211] Ceres Solver Report: Iterations: 6, Initial cost: 1.338486e+02, Final cost: 1.081407e+02, Termination: NO_CONVERGENCE
I20230204 20:38:58.489524 257536 ic_gvins.cc:1321] Remove 1 reprojection factors
I20230204 20:38:58.524418 257536 ic_gvins.cc:1245] Ceres Solver Report: Iterations: 16, Initial cost: 1.040610e+02, Final cost: 1.036959e+02, Termination: NO_CONVERGENCE
I20230204 20:38:58.524869 257536 ic_gvins.cc:1149] Culled 2 mappoint with 1 bad observed features 0, 0, 2
I20230204 20:38:58.525385 257536 ic_gvins.cc:1455] Marginalize 1 states, last time 364457.573940
I20230204 20:38:58.527628 257536 ic_gvins.cc:1455] Marginalize 1 states, last time 364457.776454
I20230204 20:38:58.529539 257536 ic_gvins.cc:499] Optimization costs 58.91 ms with 14.8839 and 34.9118 with marginalization costs 4.0602
I20230204 20:38:58.529906 257534 misc.cc:220] Redo INS mechanization at 364459.076536 to 364459.167326 is 0.0907894 s
I20230204 20:38:58.545694 257535 tracking.cc:452] Track 92 map points
I20230204 20:38:58.548548 257535 tracking.cc:571] Track 36 reference points
I20230204 20:38:58.548578 257535 tracking.cc:279] Keyframe at 364459.176578, mappoints 92, interval 0.100042, parallax 16.308
I20230204 20:38:58.548672 257535 tracking.cc:795] Triangulate 10 3D points with 25 left, 0 reset, 1 outtime and 0 outliers
I20230204 20:38:58.554219 257535 tracking.cc:687] Add 55 new features to 127
I20230204 20:38:58.554519 257535 ic_gvins.cc:574] Tracking cost 13.7316 ms
I20230204 20:38:58.559986 257534 ic_gvins.cc:772] Insert keyframe 18 at 364459.176578 with 10 new mappoints
I20230204 20:38:58.560209 257534 ic_gvins.cc:777] Add new keyframe time node at 364459.176578
I20230204 20:38:58.560223 257534 ic_gvins.cc:922] Add new GNSS time node 364459.132936
I20230204 20:38:58.560444 257536 ic_gvins.cc:1878] Total 13 pose states from 364457.776454 to 364459.176578
I20230204 20:38:58.563263 257536 ic_gvins.cc:1202] Add 12 preintegration, 2 GNSS, 653 reprojection
I20230204 20:38:58.575786 257536 ic_gvins.cc:1211] Ceres Solver Report: Iterations: 6, Initial cost: 1.030775e+02, Final cost: 9.241865e+01, Termination: NO_CONVERGENCE
I20230204 20:38:58.575815 257536 ic_gvins.cc:1292] Detect 1 GNSS outliers at 364459.176578
I20230204 20:38:58.576114 257536 ic_gvins.cc:1321] Remove 0 reprojection factors
I20230204 20:38:58.608515 257536 ic_gvins.cc:1245] Ceres Solver Report: Iterations: 15, Initial cost: 9.392243e+01, Final cost: 9.076885e+01, Termination: CONVERGENCE
I20230204 20:38:58.608917 257536 ic_gvins.cc:1149] Culled 1 mappoint with 0 bad observed features 0, 0, 1
I20230204 20:38:58.609337 257536 ic_gvins.cc:1455] Marginalize 1 states, last time 364457.973962
I20230204 20:38:58.611217 257536 ic_gvins.cc:499] Optimization costs 50.7832 ms with 12.529 and 32.4106 with marginalization costs 1.75477
I20230204 20:38:58.619899 257534 misc.cc:220] Redo INS mechanization at 364459.176578 to 364459.257308 is 0.0807293 s
I20230204 20:38:58.657245 257535 tracking.cc:452] Track 84 map points
I20230204 20:38:58.670735 257535 tracking.cc:571] Track 46 reference points
I20230204 20:38:58.687193 257535 tracking.cc:687] Add 53 new features to 130
I20230204 20:38:58.754477 257535 tracking.cc:452] Track 71 map points
I20230204 20:38:58.766608 257535 tracking.cc:571] Track 60 reference points
I20230204 20:38:58.766669 257535 tracking.cc:279] Keyframe at 364459.376428, mappoints 71, interval 0.19985, parallax 24.5213
I20230204 20:38:58.767107 257535 tracking.cc:795] Triangulate 21 3D points with 39 left, 18 reset, 0 outtime and 0 outliers
I20230204 20:38:58.798758 257535 tracking.cc:687] Add 52 new features to 131
I20230204 20:38:58.799381 257535 ic_gvins.cc:574] Tracking cost 59.0897 ms
I20230204 20:38:58.800297 257534 ic_gvins.cc:772] Insert keyframe 19 at 364459.376428 with 21 new mappoints
I20230204 20:38:58.802067 257534 ic_gvins.cc:777] Add new keyframe time node at 364459.376428
I20230204 20:38:58.802181 257536 ic_gvins.cc:1878] Total 13 pose states from 364457.973962 to 364459.376428
I20230204 20:38:58.822605 257536 ic_gvins.cc:1202] Add 12 preintegration, 2 GNSS, 709 reprojection
I20230204 20:38:58.861492 257535 tracking.cc:452] Track 81 map points
I20230204 20:38:58.870465 257535 tracking.cc:571] Track 45 reference points
I20230204 20:38:58.877068 257535 tracking.cc:687] Add 54 new features to 126
I20230204 20:38:58.885188 257536 ic_gvins.cc:1211] Ceres Solver Report: Iterations: 6, Initial cost: 1.239334e+02, Final cost: 1.085782e+02, Termination: NO_CONVERGENCE
I20230204 20:38:58.885506 257536 ic_gvins.cc:1321] Remove 3 reprojection factors
I20230204 20:38:58.913931 257536 ic_gvins.cc:1245] Ceres Solver Report: Iterations: 14, Initial cost: 1.016368e+02, Final cost: 1.015450e+02, Termination: CONVERGENCE
I20230204 20:38:58.914274 257536 ic_gvins.cc:1149] Culled 1 mappoint with 1 bad observed features 0, 0, 1
I20230204 20:38:58.914681 257536 ic_gvins.cc:1455] Marginalize 2 states, last time 364458.174048
I20230204 20:38:58.916487 257536 ic_gvins.cc:499] Optimization costs 114.34 ms with 62.5359 and 28.4377 with marginalization costs 1.66189
I20230204 20:38:58.920054 257534 misc.cc:220] Redo INS mechanization at 364459.376428 to 364459.557345 is 0.180917 s
I20230204 20:38:58.954931 257535 tracking.cc:452] Track 66 map points
I20230204 20:38:58.957212 257535 tracking.cc:571] Track 57 reference points
I20230204 20:38:58.957239 257535 tracking.cc:279] Keyframe at 364459.577865, mappoints 66, interval 0.201437, parallax 27.4559
I20230204 20:38:58.957381 257535 tracking.cc:795] Triangulate 19 3D points with 37 left, 16 reset, 1 outtime and 0 outliers
I20230204 20:38:58.962114 257535 tracking.cc:687] Add 55 new features to 122
I20230204 20:38:58.962277 257535 ic_gvins.cc:574] Tracking cost 11.3606 ms
I20230204 20:38:58.970127 257534 ic_gvins.cc:772] Insert keyframe 20 at 364459.577865 with 19 new mappoints
I20230204 20:38:58.970405 257534 ic_gvins.cc:777] Add new keyframe time node at 364459.577865
I20230204 20:38:58.970455 257536 ic_gvins.cc:1878] Total 12 pose states from 364458.174048 to 364459.577865
I20230204 20:38:58.972654 257536 ic_gvins.cc:1202] Add 11 preintegration, 1 GNSS, 706 reprojection
I20230204 20:38:58.983853 257536 ic_gvins.cc:1211] Ceres Solver Report: Iterations: 6, Initial cost: 1.372126e+02, Final cost: 1.098655e+02, Termination: NO_CONVERGENCE
I20230204 20:38:58.984313 257536 ic_gvins.cc:1321] Remove 3 reprojection factors
I20230204 20:38:59.009841 257536 ic_gvins.cc:1245] Ceres Solver Report: Iterations: 14, Initial cost: 1.021647e+02, Final cost: 1.013822e+02, Termination: CONVERGENCE
I20230204 20:38:59.010207 257536 ic_gvins.cc:1149] Culled 1 mappoint with 1 bad observed features 0, 0, 1
I20230204 20:38:59.010587 257536 ic_gvins.cc:1455] Marginalize 1 states, last time 364458.375930
I20230204 20:38:59.012023 257536 ic_gvins.cc:499] Optimization costs 41.5784 ms with 11.231 and 25.5332 with marginalization costs 1.33141
I20230204 20:38:59.019914 257534 misc.cc:220] Redo INS mechanization at 364459.577865 to 364459.657302 is 0.0794363 s
I20230204 20:38:59.061357 257535 tracking.cc:452] Track 74 map points
I20230204 20:38:59.073654 257535 tracking.cc:571] Track 52 reference points
I20230204 20:38:59.092540 257535 tracking.cc:687] Add 57 new features to 126
I20230204 20:38:59.156698 257535 tracking.cc:452] Track 62 map points
I20230204 20:38:59.167866 257535 tracking.cc:571] Track 63 reference points
I20230204 20:38:59.167923 257535 tracking.cc:279] Keyframe at 364459.776783, mappoints 62, interval 0.198918, parallax 25.5549
I20230204 20:38:59.168377 257535 tracking.cc:795] Triangulate 26 3D points with 36 left, 17 reset, 0 outtime and 1 outliers
I20230204 20:38:59.182715 257535 tracking.cc:687] Add 60 new features to 124
I20230204 20:38:59.183132 257535 ic_gvins.cc:574] Tracking cost 42.5622 ms
I20230204 20:38:59.190178 257534 ic_gvins.cc:772] Insert keyframe 21 at 364459.776783 with 26 new mappoints
I20230204 20:38:59.191504 257534 ic_gvins.cc:777] Add new keyframe time node at 364459.776783
I20230204 20:38:59.191612 257536 ic_gvins.cc:1878] Total 12 pose states from 364458.375930 to 364459.776783
I20230204 20:38:59.206173 257536 ic_gvins.cc:1202] Add 11 preintegration, 1 GNSS, 753 reprojection
I20230204 20:38:59.256757 257536 ic_gvins.cc:1211] Ceres Solver Report: Iterations: 6, Initial cost: 1.347435e+02, Final cost: 1.275651e+02, Termination: NO_CONVERGENCE
I20230204 20:38:59.258271 257536 ic_gvins.cc:1321] Remove 1 reprojection factors
I20230204 20:38:59.258291 257535 tracking.cc:452] Track 76 map points
I20230204 20:38:59.266176 257535 tracking.cc:571] Track 53 reference points
I20230204 20:38:59.266225 257535 tracking.cc:279] Keyframe at 364459.876660, mappoints 76, interval 0.0998764, parallax 15.8101
I20230204 20:38:59.266500 257535 tracking.cc:795] Triangulate 22 3D points with 31 left, 0 reset, 0 outtime and 0 outliers
I20230204 20:38:59.277695 257535 tracking.cc:687] Add 55 new features to 129
I20230204 20:38:59.278290 257535 ic_gvins.cc:574] Tracking cost 34.6476 ms
I20230204 20:38:59.307706 257536 ic_gvins.cc:1245] Ceres Solver Report: Iterations: 11, Initial cost: 1.255275e+02, Final cost: 1.254654e+02, Termination: CONVERGENCE
I20230204 20:38:59.308264 257536 ic_gvins.cc:1149] Culled 1 mappoint with 0 bad observed features 0, 0, 1
I20230204 20:38:59.309005 257536 ic_gvins.cc:1455] Marginalize 1 states, last time 364458.575971
I20230204 20:38:59.315081 257536 ic_gvins.cc:499] Optimization costs 123.498 ms with 50.6244 and 49.4312 with marginalization costs 6.02309
I20230204 20:38:59.320032 257534 misc.cc:220] Redo INS mechanization at 364459.776783 to 364459.957309 is 0.180526 s
I20230204 20:38:59.320075 257534 ic_gvins.cc:772] Insert keyframe 22 at 364459.876660 with 22 new mappoints
I20230204 20:38:59.320271 257534 ic_gvins.cc:777] Add new keyframe time node at 364459.876660
I20230204 20:38:59.320335 257536 ic_gvins.cc:1878] Total 12 pose states from 364458.575971 to 364459.876660
I20230204 20:38:59.323288 257536 ic_gvins.cc:1202] Add 11 preintegration, 1 GNSS, 469 reprojection
I20230204 20:38:59.336222 257536 ic_gvins.cc:1211] Ceres Solver Report: Iterations: 6, Initial cost: 8.564546e+01, Final cost: 8.003408e+01, Termination: NO_CONVERGENCE
I20230204 20:38:59.336513 257536 ic_gvins.cc:1321] Remove 2 reprojection factors
I20230204 20:38:59.348155 257535 tracking.cc:452] Track 56 map points
I20230204 20:38:59.356550 257535 tracking.cc:571] Track 49 reference points
I20230204 20:38:59.356591 257535 tracking.cc:279] Keyframe at 364459.976502, mappoints 56, interval 0.0998425, parallax 19.8207
I20230204 20:38:59.356760 257535 tracking.cc:795] Triangulate 20 3D points with 27 left, 0 reset, 0 outtime and 2 outliers
I20230204 20:38:59.363451 257535 tracking.cc:687] Add 85 new features to 103
I20230204 20:38:59.363674 257535 ic_gvins.cc:574] Tracking cost 23.1859 ms
I20230204 20:38:59.383534 257536 ic_gvins.cc:1245] Ceres Solver Report: Iterations: 14, Initial cost: 7.546983e+01, Final cost: 7.534383e+01, Termination: CONVERGENCE
I20230204 20:38:59.383941 257536 ic_gvins.cc:1149] Culled 0 mappoint with 1 bad observed features 0, 0, 0
I20230204 20:38:59.384367 257536 ic_gvins.cc:1455] Marginalize 1 states, last time 364458.676123
I20230204 20:38:59.388471 257536 ic_gvins.cc:499] Optimization costs 68.1518 ms with 12.9431 and 47.0384 with marginalization costs 3.96649
I20230204 20:38:59.390087 257534 misc.cc:220] Redo INS mechanization at 364459.876660 to 364460.027296 is 0.150636 s
I20230204 20:38:59.390260 257534 ic_gvins.cc:772] Insert keyframe 23 at 364459.976502 with 20 new mappoints
I20230204 20:38:59.390688 257534 ic_gvins.cc:777] Add new keyframe time node at 364459.976502
I20230204 20:38:59.390777 257536 ic_gvins.cc:1878] Total 12 pose states from 364458.676123 to 364459.976502
I20230204 20:38:59.394104 257536 ic_gvins.cc:1202] Add 11 preintegration, 1 GNSS, 432 reprojection
I20230204 20:38:59.406669 257536 ic_gvins.cc:1211] Ceres Solver Report: Iterations: 6, Initial cost: 9.087429e+01, Final cost: 8.396236e+01, Termination: NO_CONVERGENCE
I20230204 20:38:59.407147 257536 ic_gvins.cc:1321] Remove 2 reprojection factors
I20230204 20:38:59.435771 257536 ic_gvins.cc:1245] Ceres Solver Report: Iterations: 12, Initial cost: 7.916859e+01, Final cost: 7.898429e+01, Termination: CONVERGENCE
I20230204 20:38:59.436159 257536 ic_gvins.cc:1149] Culled 2 mappoint with 1 bad observed features 0, 0, 2
I20230204 20:38:59.436753 257536 ic_gvins.cc:1455] Marginalize 1 states, last time 364458.776373
I20230204 20:38:59.439374 257536 ic_gvins.cc:499] Optimization costs 48.6191 ms with 12.5826 and 28.6311 with marginalization costs 2.58928
I20230204 20:38:59.442934 257534 misc.cc:220] Redo INS mechanization at 364459.976502 to 364460.077317 is 0.100814 s
I20230204 20:38:59.447789 257535 tracking.cc:452] Track 50 map points
I20230204 20:38:59.451464 257535 tracking.cc:571] Track 71 reference points
I20230204 20:38:59.451489 257535 tracking.cc:279] Keyframe at 364460.076479, mappoints 50, interval 0.0999773, parallax 17.0559
I20230204 20:38:59.451665 257535 tracking.cc:795] Triangulate 28 3D points with 30 left, 0 reset, 13 outtime and 0 outliers
I20230204 20:38:59.458882 257535 tracking.cc:687] Add 77 new features to 108
I20230204 20:38:59.459113 257535 ic_gvins.cc:574] Tracking cost 15.5774 ms
I20230204 20:38:59.460414 257534 ic_gvins.cc:772] Insert keyframe 24 at 364460.076479 with 28 new mappoints
I20230204 20:38:59.460733 257534 ic_gvins.cc:777] Add new keyframe time node at 364460.076479
I20230204 20:38:59.460798 257536 ic_gvins.cc:1878] Total 12 pose states from 364458.776373 to 364460.076479
I20230204 20:38:59.464015 257536 ic_gvins.cc:1202] Add 11 preintegration, 1 GNSS, 434 reprojection
I20230204 20:38:59.478179 257536 ic_gvins.cc:1211] Ceres Solver Report: Iterations: 6, Initial cost: 1.012752e+02, Final cost: 7.488166e+01, Termination: NO_CONVERGENCE
I20230204 20:38:59.478447 257536 ic_gvins.cc:1321] Remove 0 reprojection factors
I20230204 20:38:59.507150 257536 ic_gvins.cc:1245] Ceres Solver Report: Iterations: 13, Initial cost: 7.488166e+01, Final cost: 7.485983e+01, Termination: CONVERGENCE
I20230204 20:38:59.507522 257536 ic_gvins.cc:1149] Culled 0 mappoint with 0 bad observed features 0, 0, 0
I20230204 20:38:59.507992 257536 ic_gvins.cc:1455] Marginalize 1 states, last time 364458.876512
I20230204 20:38:59.510520 257536 ic_gvins.cc:499] Optimization costs 49.7574 ms with 14.1769 and 28.7122 with marginalization costs 2.46386
I20230204 20:38:59.520046 257534 misc.cc:220] Redo INS mechanization at 364460.076479 to 364460.157281 is 0.0808019 s
I20230204 20:38:59.545825 257535 tracking.cc:452] Track 59 map points
I20230204 20:38:59.551028 257535 tracking.cc:571] Track 67 reference points
I20230204 20:38:59.551076 257535 tracking.cc:279] Keyframe at 364460.176932, mappoints 59, interval 0.100453, parallax 17.9766
I20230204 20:38:59.551326 257535 tracking.cc:795] Triangulate 28 3D points with 39 left, 0 reset, 0 outtime and 0 outliers
I20230204 20:38:59.557246 257535 tracking.cc:687] Add 62 new features to 126
I20230204 20:38:59.557446 257535 ic_gvins.cc:574] Tracking cost 17.2319 ms
I20230204 20:38:59.560009 257534 ic_gvins.cc:772] Insert keyframe 25 at 364460.176932 with 28 new mappoints
