I0327 11:33:50.795346  1096 ic_gvins.cc:1188] Culled 1 mappoint with 2 bad observed features 0, 0, 1
I0327 11:33:50.795678  1096 ic_gvins.cc:1494] Marginalize 1 states, last time 372740.361490
I0327 11:33:50.796784  1096 ic_gvins.cc:534] Optimization costs 21.6221 ms with 5.97509 and 12.6726 with marginalization costs 1.08298
I0327 11:33:50.806995  1094 misc.cc:229] Redo INS mechanization at 372742.261624 to 372742.474515 is 0.212891 s
I0327 11:33:50.807024  1094 ic_gvins.cc:811] Insert keyframe 218 at 372742.361466 with 13 new mappoints
I0327 11:33:50.807231  1094 ic_gvins.cc:816] Add new keyframe time node at 372742.361466
I0327 11:33:50.807471  1096 ic_gvins.cc:1917] Total 16 pose states from 372740.361490 to 372742.361466
I0327 11:33:50.808727  1096 ic_gvins.cc:1241] Add 15 preintegration, 0 GNSS, 456 reprojection
I0327 11:33:50.810667  1095 tracking.cc:451] Track 38 map points
I0327 11:33:50.814675  1095 tracking.cc:570] Track 58 reference points
I0327 11:33:50.815135  1095 tracking.cc:278] Keyframe at 372742.461547, mappoints 38, interval 0.100081, parallax 15.6253
I0327 11:33:50.815232  1095 tracking.cc:799] Triangulate 20 3D points with 38 left, 0 reset, 0 outtime and 0 outliers
I0327 11:33:50.817763  1095 tracking.cc:691] Add 122 new features to 96
I0327 11:33:50.817957  1095 ic_gvins.cc:610] Tracking cost 10.9335 ms
I0327 11:33:50.820787  1096 ic_gvins.cc:1250] Ceres Solver Report: Iterations: 6, Initial cost: 6.929863e+02, Final cost: 3.787525e+02, Termination: NO_CONVERGENCE
I0327 11:33:50.820899  1096 ic_gvins.cc:1360] Remove 2 reprojection factors
I0327 11:33:50.834623  1096 ic_gvins.cc:1284] Ceres Solver Report: Iterations: 16, Initial cost: 2.323705e+02, Final cost: 2.308579e+02, Termination: NO_CONVERGENCE
I0327 11:33:50.834787  1096 ic_gvins.cc:1188] Culled 1 mappoint with 2 bad observed features 0, 1, 0
I0327 11:33:50.835094  1096 ic_gvins.cc:1494] Marginalize 1 states, last time 372740.561453
I0327 11:33:50.836529  1096 ic_gvins.cc:534] Optimization costs 29.0649 ms with 12.0298 and 13.7317 with marginalization costs 1.31123
I0327 11:33:50.844573  1094 misc.cc:229] Redo INS mechanization at 372742.361466 to 372742.574480 is 0.213014 s
I0327 11:33:50.844656  1094 ic_gvins.cc:811] Insert keyframe 219 at 372742.461547 with 20 new mappoints
I0327 11:33:50.844877  1094 ic_gvins.cc:816] Add new keyframe time node at 372742.461547
I0327 11:33:50.845268  1096 ic_gvins.cc:1917] Total 16 pose states from 372740.561453 to 372742.461547
I0327 11:33:50.846411  1095 tracking.cc:451] Track 44 map points
I0327 11:33:50.846659  1096 ic_gvins.cc:1241] Add 15 preintegration, 0 GNSS, 461 reprojection
I0327 11:33:50.848342  1095 tracking.cc:570] Track 46 reference points
I0327 11:33:50.848354  1095 tracking.cc:278] Keyframe at 372742.561659, mappoints 44, interval 0.100112, parallax 16.6122
I0327 11:33:50.848412  1095 tracking.cc:799] Triangulate 11 3D points with 34 left, 0 reset, 0 outtime and 1 outliers
I0327 11:33:50.855639  1096 ic_gvins.cc:1250] Ceres Solver Report: Iterations: 6, Initial cost: 2.431692e+02, Final cost: 2.350793e+02, Termination: NO_CONVERGENCE
I0327 11:33:50.855751  1096 ic_gvins.cc:1360] Remove 0 reprojection factors
I0327 11:33:50.857611  1095 tracking.cc:691] Add 128 new features to 89
I0327 11:33:50.857779  1095 ic_gvins.cc:610] Tracking cost 13.2423 ms
I0327 11:33:50.873373  1096 ic_gvins.cc:1284] Ceres Solver Report: Iterations: 15, Initial cost: 2.350793e+02, Final cost: 2.350628e+02, Termination: CONVERGENCE
I0327 11:33:50.873555  1096 ic_gvins.cc:1188] Culled 0 mappoint with 0 bad observed features 0, 0, 0
I0327 11:33:50.873852  1096 ic_gvins.cc:1494] Marginalize 1 states, last time 372740.761570
I0327 11:33:50.875136  1096 ic_gvins.cc:534] Optimization costs 29.8789 ms with 8.98812 and 17.6374 with marginalization costs 1.20971
I0327 11:33:50.883065  1094 misc.cc:229] Redo INS mechanization at 372742.461547 to 372742.674480 is 0.212933 s
I0327 11:33:50.883100  1094 ic_gvins.cc:811] Insert keyframe 220 at 372742.561659 with 11 new mappoints
I0327 11:33:50.883296  1094 ic_gvins.cc:816] Add new keyframe time node at 372742.561659
I0327 11:33:50.883591  1096 ic_gvins.cc:1917] Total 16 pose states from 372740.761570 to 372742.561659
I0327 11:33:50.884743  1096 ic_gvins.cc:1241] Add 15 preintegration, 0 GNSS, 496 reprojection
I0327 11:33:50.885996  1095 tracking.cc:451] Track 38 map points
I0327 11:33:50.887950  1095 tracking.cc:570] Track 59 reference points
I0327 11:33:50.890484  1095 tracking.cc:691] Add 116 new features to 97
I0327 11:33:50.895056  1096 ic_gvins.cc:1250] Ceres Solver Report: Iterations: 6, Initial cost: 5.840171e+02, Final cost: 3.952085e+02, Termination: NO_CONVERGENCE
I0327 11:33:50.895184  1096 ic_gvins.cc:1360] Remove 5 reprojection factors
I0327 11:33:50.910001  1096 ic_gvins.cc:1284] Ceres Solver Report: Iterations: 15, Initial cost: 2.377537e+02, Final cost: 2.366571e+02, Termination: CONVERGENCE
I0327 11:33:50.910178  1096 ic_gvins.cc:1188] Culled 2 mappoint with 4 bad observed features 0, 1, 1
I0327 11:33:50.910449  1096 ic_gvins.cc:1494] Marginalize 1 states, last time 372740.961651
I0327 11:33:50.911505  1096 ic_gvins.cc:534] Optimization costs 27.9232 ms with 10.3231 and 14.8291 with marginalization costs 1.0402
I0327 11:33:50.921761  1094 misc.cc:229] Redo INS mechanization at 372742.561659 to 372742.774470 is 0.212811 s
I0327 11:33:50.925343  1095 tracking.cc:451] Track 29 map points
I0327 11:33:50.928867  1095 tracking.cc:570] Track 63 reference points
I0327 11:33:50.928877  1095 tracking.cc:278] Keyframe at 372742.761460, mappoints 29, interval 0.199801, parallax 28.3425
I0327 11:33:50.928951  1095 tracking.cc:799] Triangulate 15 3D points with 39 left, 22 reset, 9 outtime and 0 outliers
I0327 11:33:50.931911  1095 tracking.cc:691] Add 132 new features to 83
I0327 11:33:50.932029  1095 ic_gvins.cc:610] Tracking cost 9.79378 ms
I0327 11:33:50.960302  1094 ic_gvins.cc:811] Insert keyframe 221 at 372742.761460 with 15 new mappoints
I0327 11:33:50.961205  1094 ic_gvins.cc:816] Add new keyframe time node at 372742.761460
I0327 11:33:50.961237  1096 ic_gvins.cc:1917] Total 16 pose states from 372740.961651 to 372742.761460
I0327 11:33:50.962667  1095 tracking.cc:451] Track 36 map points
I0327 11:33:50.963004  1096 ic_gvins.cc:1241] Add 15 preintegration, 0 GNSS, 501 reprojection
I0327 11:33:50.964599  1095 tracking.cc:570] Track 53 reference points
I0327 11:33:50.967432  1095 tracking.cc:691] Add 129 new features to 89
I0327 11:33:50.972297  1096 ic_gvins.cc:1250] Ceres Solver Report: Iterations: 6, Initial cost: 4.131363e+02, Final cost: 3.466797e+02, Termination: NO_CONVERGENCE
I0327 11:33:50.972417  1096 ic_gvins.cc:1360] Remove 1 reprojection factors
I0327 11:33:50.987370  1096 ic_gvins.cc:1284] Ceres Solver Report: Iterations: 15, Initial cost: 2.383072e+02, Final cost: 2.381347e+02, Termination: CONVERGENCE
I0327 11:33:50.987545  1096 ic_gvins.cc:1188] Culled 1 mappoint with 1 bad observed features 0, 1, 0
I0327 11:33:50.987845  1096 ic_gvins.cc:1494] Marginalize 1 states, last time 372741.061344
I0327 11:33:50.989190  1096 ic_gvins.cc:534] Optimization costs 27.9674 ms with 9.30148 and 14.9597 with marginalization costs 1.30737
I0327 11:33:50.998644  1094 misc.cc:229] Redo INS mechanization at 372742.761460 to 372742.974465 is 0.213004 s
I0327 11:33:51.004999  1095 tracking.cc:451] Track 30 map points
I0327 11:33:51.012575  1095 tracking.cc:570] Track 53 reference points
I0327 11:33:51.012625  1095 tracking.cc:278] Keyframe at 372742.961517, mappoints 30, interval 0.200057, parallax 25.6797
I0327 11:33:51.012775  1095 tracking.cc:799] Triangulate 11 3D points with 41 left, 15 reset, 1 outtime and 0 outliers
I0327 11:33:51.015633  1095 tracking.cc:691] Add 134 new features to 82
I0327 11:33:51.015893  1095 ic_gvins.cc:610] Tracking cost 17.1787 ms
I0327 11:33:51.036196  1094 ic_gvins.cc:811] Insert keyframe 222 at 372742.961517 with 11 new mappoints
I0327 11:33:51.036639  1094 ic_gvins.cc:816] Add new keyframe time node at 372742.961517
I0327 11:33:51.036672  1096 ic_gvins.cc:1917] Total 16 pose states from 372741.061344 to 372742.961517
I0327 11:33:51.037887  1095 tracking.cc:451] Track 32 map points
I0327 11:33:51.038162  1096 ic_gvins.cc:1241] Add 15 preintegration, 0 GNSS, 492 reprojection
I0327 11:33:51.040055  1095 tracking.cc:570] Track 60 reference points
I0327 11:33:51.040064  1095 tracking.cc:278] Keyframe at 372743.061532, mappoints 32, interval 0.100015, parallax 16.5332
I0327 11:33:51.040140  1095 tracking.cc:799] Triangulate 20 3D points with 40 left, 0 reset, 0 outtime and 0 outliers
I0327 11:33:51.042312  1095 tracking.cc:691] Add 124 new features to 92
I0327 11:33:51.042433  1095 ic_gvins.cc:610] Tracking cost 6.26424 ms
I0327 11:33:51.047573  1096 ic_gvins.cc:1250] Ceres Solver Report: Iterations: 6, Initial cost: 2.531207e+02, Final cost: 2.430708e+02, Termination: NO_CONVERGENCE
I0327 11:33:51.047696  1096 ic_gvins.cc:1360] Remove 1 reprojection factors
I0327 11:33:51.066921  1096 ic_gvins.cc:1284] Ceres Solver Report: Iterations: 15, Initial cost: 2.402220e+02, Final cost: 2.401575e+02, Termination: CONVERGENCE
I0327 11:33:51.067174  1096 ic_gvins.cc:1188] Culled 0 mappoint with 1 bad observed features 0, 0, 0
I0327 11:33:51.067621  1096 ic_gvins.cc:1494] Marginalize 1 states, last time 372741.163281
I0327 11:33:51.069222  1096 ic_gvins.cc:534] Optimization costs 32.5658 ms with 9.42404 and 19.242 with marginalization costs 1.69476
I0327 11:33:51.073709  1094 misc.cc:229] Redo INS mechanization at 372742.961517 to 372743.174465 is 0.212948 s
I0327 11:33:51.073736  1094 ic_gvins.cc:811] Insert keyframe 223 at 372743.061532 with 20 new mappoints
I0327 11:33:51.073935  1094 ic_gvins.cc:816] Add new keyframe time node at 372743.061532
I0327 11:33:51.073951  1096 ic_gvins.cc:1917] Total 16 pose states from 372741.163281 to 372743.061532
I0327 11:33:51.075299  1096 ic_gvins.cc:1241] Add 15 preintegration, 0 GNSS, 523 reprojection
I0327 11:33:51.075929  1095 tracking.cc:451] Track 40 map points
I0327 11:33:51.077975  1095 tracking.cc:570] Track 48 reference points
I0327 11:33:51.077986  1095 tracking.cc:278] Keyframe at 372743.161540, mappoints 40, interval 0.100007, parallax 19.2815
I0327 11:33:51.078055  1095 tracking.cc:799] Triangulate 12 3D points with 32 left, 0 reset, 0 outtime and 4 outliers
I0327 11:33:51.080830  1095 tracking.cc:691] Add 132 new features to 84
I0327 11:33:51.080978  1095 ic_gvins.cc:610] Tracking cost 6.78043 ms
I0327 11:33:51.086370  1096 ic_gvins.cc:1250] Ceres Solver Report: Iterations: 6, Initial cost: 2.734308e+02, Final cost: 2.675280e+02, Termination: NO_CONVERGENCE
I0327 11:33:51.086511  1096 ic_gvins.cc:1360] Remove 2 reprojection factors
I0327 11:33:51.103937  1096 ic_gvins.cc:1284] Ceres Solver Report: Iterations: 15, Initial cost: 2.502435e+02, Final cost: 2.471889e+02, Termination: CONVERGENCE
I0327 11:33:51.104249  1096 ic_gvins.cc:1188] Culled 3 mappoint with 2 bad observed features 0, 0, 3
I0327 11:33:51.104611  1096 ic_gvins.cc:1494] Marginalize 1 states, last time 372741.361200
I0327 11:33:51.105731  1096 ic_gvins.cc:534] Optimization costs 31.786 ms with 11.0757 and 17.4645 with marginalization costs 1.12352
I0327 11:33:51.111317  1094 misc.cc:229] Redo INS mechanization at 372743.061532 to 372743.274446 is 0.212913 s
I0327 11:33:51.111346  1094 ic_gvins.cc:811] Insert keyframe 224 at 372743.161540 with 12 new mappoints
I0327 11:33:51.111557  1094 ic_gvins.cc:816] Add new keyframe time node at 372743.161540
I0327 11:33:51.111568  1096 ic_gvins.cc:1917] Total 16 pose states from 372741.361200 to 372743.161540
I0327 11:33:51.112798  1096 ic_gvins.cc:1241] Add 15 preintegration, 0 GNSS, 532 reprojection
I0327 11:33:51.114823  1095 tracking.cc:451] Track 42 map points
I0327 11:33:51.118803  1095 tracking.cc:570] Track 36 reference points
I0327 11:33:51.119062  1095 tracking.cc:278] Keyframe at 372743.261965, mappoints 42, interval 0.100426, parallax 15.9599
I0327 11:33:51.119115  1095 tracking.cc:799] Triangulate 10 3D points with 26 left, 0 reset, 0 outtime and 0 outliers
I0327 11:33:51.121462  1095 tracking.cc:691] Add 135 new features to 78
I0327 11:33:51.121572  1095 ic_gvins.cc:610] Tracking cost 10.283 ms
I0327 11:33:51.125138  1096 ic_gvins.cc:1250] Ceres Solver Report: Iterations: 6, Initial cost: 3.388549e+02, Final cost: 2.464174e+02, Termination: NO_CONVERGENCE
I0327 11:33:51.125272  1096 ic_gvins.cc:1360] Remove 5 reprojection factors
I0327 11:33:51.141248  1096 ic_gvins.cc:1284] Ceres Solver Report: Iterations: 15, Initial cost: 2.349678e+02, Final cost: 2.345667e+02, Termination: CONVERGENCE
I0327 11:33:51.141806  1096 ic_gvins.cc:1188] Culled 2 mappoint with 2 bad observed features 0, 0, 2
I0327 11:33:51.142828  1096 ic_gvins.cc:1494] Marginalize 1 states, last time 372741.561296
I0327 11:33:51.144666  1096 ic_gvins.cc:534] Optimization costs 33.1054 ms with 12.3511 and 16.0264 with marginalization costs 2.18363
I0327 11:33:51.148842  1094 misc.cc:229] Redo INS mechanization at 372743.161540 to 372743.374447 is 0.212907 s
I0327 11:33:51.148877  1094 ic_gvins.cc:811] Insert keyframe 225 at 372743.261965 with 10 new mappoints
I0327 11:33:51.149098  1094 ic_gvins.cc:816] Add new keyframe time node at 372743.261965
I0327 11:33:51.150449  1095 tracking.cc:451] Track 41 map points
I0327 11:33:51.152388  1095 tracking.cc:570] Track 43 reference points
I0327 11:33:51.152397  1095 tracking.cc:278] Keyframe at 372743.361616, mappoints 41, interval 0.0996508, parallax 20.9801
I0327 11:33:51.152449  1095 tracking.cc:799] Triangulate 10 3D points with 32 left, 0 reset, 0 outtime and 1 outliers
I0327 11:33:51.152952  1096 ic_gvins.cc:1917] Total 16 pose states from 372741.561296 to 372743.261965
I0327 11:33:51.154937  1095 tracking.cc:691] Add 133 new features to 83
I0327 11:33:51.155058  1095 ic_gvins.cc:610] Tracking cost 6.24522 ms
I0327 11:33:51.155179  1096 ic_gvins.cc:1241] Add 15 preintegration, 0 GNSS, 496 reprojection
I0327 11:33:51.162052  1096 ic_gvins.cc:1250] Ceres Solver Report: Iterations: 6, Initial cost: 2.376805e+02, Final cost: 2.326161e+02, Termination: NO_CONVERGENCE
I0327 11:33:51.162174  1096 ic_gvins.cc:1360] Remove 0 reprojection factors
I0327 11:33:51.163771  1096 ic_gvins.cc:1284] Ceres Solver Report: Iterations: 1, Initial cost: 2.326161e+02, Final cost: 2.326161e+02, Termination: CONVERGENCE
I0327 11:33:51.163951  1096 ic_gvins.cc:1188] Culled 1 mappoint with 0 bad observed features 0, 0, 1
I0327 11:33:51.164321  1096 ic_gvins.cc:1494] Marginalize 1 states, last time 372741.661347
I0327 11:33:51.165652  1096 ic_gvins.cc:534] Optimization costs 12.7442 ms with 6.87335 and 1.60219 with marginalization costs 1.34349
I0327 11:33:51.186363  1094 misc.cc:229] Redo INS mechanization at 372743.261965 to 372743.474445 is 0.21248 s
I0327 11:33:51.186411  1094 ic_gvins.cc:811] Insert keyframe 226 at 372743.361616 with 10 new mappoints
I0327 11:33:51.186632  1094 ic_gvins.cc:816] Add new keyframe time node at 372743.361616
I0327 11:33:51.188127  1095 tracking.cc:451] Track 36 map points
I0327 11:33:51.189689  1096 ic_gvins.cc:1917] Total 16 pose states from 372741.661347 to 372743.361616
I0327 11:33:51.190557  1095 tracking.cc:570] Track 43 reference points
I0327 11:33:51.193004  1096 ic_gvins.cc:1241] Add 15 preintegration, 0 GNSS, 509 reprojection
I0327 11:33:51.193146  1095 tracking.cc:691] Add 139 new features to 79
I0327 11:33:51.200680  1096 ic_gvins.cc:1250] Ceres Solver Report: Iterations: 6, Initial cost: 3.602399e+02, Final cost: 2.460970e+02, Termination: NO_CONVERGENCE
I0327 11:33:51.200803  1096 ic_gvins.cc:1360] Remove 3 reprojection factors
I0327 11:33:51.216886  1096 ic_gvins.cc:1284] Ceres Solver Report: Iterations: 16, Initial cost: 2.388856e+02, Final cost: 2.367920e+02, Termination: NO_CONVERGENCE
I0327 11:33:51.217072  1096 ic_gvins.cc:1188] Culled 0 mappoint with 3 bad observed features 0, 0, 0
I0327 11:33:51.217357  1096 ic_gvins.cc:1494] Marginalize 1 states, last time 372741.762100
I0327 11:33:51.218798  1096 ic_gvins.cc:534] Optimization costs 29.1195 ms with 7.67202 and 16.0922 with marginalization costs 1.32641
I0327 11:33:51.225136  1094 misc.cc:229] Redo INS mechanization at 372743.361616 to 372743.574506 is 0.21289 s
I0327 11:33:51.228886  1095 tracking.cc:451] Track 31 map points
I0327 11:33:51.231388  1095 tracking.cc:570] Track 63 reference points
I0327 11:33:51.231401  1095 tracking.cc:278] Keyframe at 372743.561546, mappoints 31, interval 0.199929, parallax 27.4358
I0327 11:33:51.231478  1095 tracking.cc:799] Triangulate 9 3D points with 45 left, 29 reset, 7 outtime and 2 outliers
I0327 11:33:51.234218  1095 tracking.cc:691] Add 126 new features to 85
I0327 11:33:51.234364  1095 ic_gvins.cc:610] Tracking cost 9.35433 ms
I0327 11:33:51.262563  1094 ic_gvins.cc:811] Insert keyframe 227 at 372743.561546 with 9 new mappoints
I0327 11:33:51.262997  1094 ic_gvins.cc:816] Add new keyframe time node at 372743.561546
I0327 11:33:51.263022  1096 ic_gvins.cc:1917] Total 16 pose states from 372741.762100 to 372743.561546
I0327 11:33:51.264158  1095 tracking.cc:451] Track 35 map points
I0327 11:33:51.264467  1096 ic_gvins.cc:1241] Add 15 preintegration, 0 GNSS, 500 reprojection
I0327 11:33:51.266078  1095 tracking.cc:570] Track 62 reference points
I0327 11:33:51.268644  1095 tracking.cc:691] Add 122 new features to 97
I0327 11:33:51.274786  1096 ic_gvins.cc:1250] Ceres Solver Report: Iterations: 6, Initial cost: 6.530445e+02, Final cost: 3.425634e+02, Termination: NO_CONVERGENCE
I0327 11:33:51.274909  1096 ic_gvins.cc:1360] Remove 3 reprojection factors
I0327 11:33:51.292488  1096 ic_gvins.cc:1284] Ceres Solver Report: Iterations: 16, Initial cost: 2.456455e+02, Final cost: 2.411993e+02, Termination: NO_CONVERGENCE
I0327 11:33:51.292680  1096 ic_gvins.cc:1188] Culled 2 mappoint with 2 bad observed features 0, 1, 1
I0327 11:33:51.292917  1096 ic_gvins.cc:1494] Marginalize 1 states, last time 372741.861624
I0327 11:33:51.294427  1096 ic_gvins.cc:534] Optimization costs 31.4199 ms with 10.3313 and 17.5952 with marginalization costs 1.49791
I0327 11:33:51.300015  1094 misc.cc:229] Redo INS mechanization at 372743.561546 to 372743.774472 is 0.212927 s
I0327 11:33:51.301474  1095 tracking.cc:451] Track 29 map points
I0327 11:33:51.304425  1095 tracking.cc:570] Track 73 reference points
I0327 11:33:51.304433  1095 tracking.cc:278] Keyframe at 372743.761514, mappoints 29, interval 0.199968, parallax 24.7016
I0327 11:33:51.304509  1095 tracking.cc:799] Triangulate 16 3D points with 53 left, 26 reset, 0 outtime and 4 outliers
I0327 11:33:51.307238  1095 tracking.cc:691] Add 118 new features to 98
I0327 11:33:51.307371  1095 ic_gvins.cc:610] Tracking cost 7.38338 ms
I0327 11:33:51.337416  1094 ic_gvins.cc:811] Insert keyframe 228 at 372743.761514 with 16 new mappoints
I0327 11:33:51.337790  1094 ic_gvins.cc:816] Add new keyframe time node at 372743.761514
I0327 11:33:51.338979  1096 ic_gvins.cc:1917] Total 16 pose states from 372741.861624 to 372743.761514
I0327 11:33:51.339521  1095 tracking.cc:451] Track 38 map points
I0327 11:33:51.340287  1096 ic_gvins.cc:1241] Add 15 preintegration, 0 GNSS, 486 reprojection
I0327 11:33:51.341426  1095 tracking.cc:570] Track 53 reference points
I0327 11:33:51.341432  1095 tracking.cc:278] Keyframe at 372743.861721, mappoints 38, interval 0.100208, parallax 17.5902
I0327 11:33:51.341499  1095 tracking.cc:799] Triangulate 17 3D points with 35 left, 0 reset, 0 outtime and 1 outliers
I0327 11:33:51.351467  1095 tracking.cc:691] Add 130 new features to 90
I0327 11:33:51.351593  1095 ic_gvins.cc:610] Tracking cost 14.1502 ms
I0327 11:33:51.351763  1096 ic_gvins.cc:1250] Ceres Solver Report: Iterations: 6, Initial cost: 4.767296e+02, Final cost: 2.488739e+02, Termination: NO_CONVERGENCE
I0327 11:33:51.351945  1096 ic_gvins.cc:1360] Remove 1 reprojection factors
I0327 11:33:51.370396  1096 ic_gvins.cc:1284] Ceres Solver Report: Iterations: 15, Initial cost: 2.467380e+02, Final cost: 2.466797e+02, Termination: CONVERGENCE
I0327 11:33:51.370576  1096 ic_gvins.cc:1188] Culled 1 mappoint with 0 bad observed features 0, 0, 1
I0327 11:33:51.370860  1096 ic_gvins.cc:1494] Marginalize 1 states, last time 372741.961581
I0327 11:33:51.372170  1096 ic_gvins.cc:534] Optimization costs 33.1998 ms with 11.4938 and 18.4624 with marginalization costs 1.30405
I0327 11:33:51.374886  1094 misc.cc:229] Redo INS mechanization at 372743.761514 to 372743.974437 is 0.212923 s
I0327 11:33:51.374907  1094 ic_gvins.cc:811] Insert keyframe 229 at 372743.861721 with 17 new mappoints
I0327 11:33:51.375097  1094 ic_gvins.cc:816] Add new keyframe time node at 372743.861721
I0327 11:33:51.376744  1095 tracking.cc:451] Track 41 map points
I0327 11:33:51.378652  1095 tracking.cc:570] Track 56 reference points
I0327 11:33:51.378659  1095 tracking.cc:278] Keyframe at 372743.961791, mappoints 41, interval 0.10007, parallax 19.1653
I0327 11:33:51.378728  1095 tracking.cc:799] Triangulate 16 3D points with 36 left, 0 reset, 0 outtime and 4 outliers
I0327 11:33:51.380208  1096 ic_gvins.cc:1917] Total 16 pose states from 372741.961581 to 372743.861721
I0327 11:33:51.380802  1095 tracking.cc:691] Add 122 new features to 93
I0327 11:33:51.380921  1095 ic_gvins.cc:610] Tracking cost 6.00226 ms
I0327 11:33:51.381603  1096 ic_gvins.cc:1241] Add 15 preintegration, 0 GNSS, 495 reprojection
I0327 11:33:51.387879  1096 ic_gvins.cc:1250] Ceres Solver Report: Iterations: 6, Initial cost: 3.035029e+02, Final cost: 2.495092e+02, Termination: NO_CONVERGENCE
I0327 11:33:51.388015  1096 ic_gvins.cc:1360] Remove 0 reprojection factors
I0327 11:33:51.389488  1096 ic_gvins.cc:1284] Ceres Solver Report: Iterations: 1, Initial cost: 2.495092e+02, Final cost: 2.495092e+02, Termination: CONVERGENCE
I0327 11:33:51.389685  1096 ic_gvins.cc:1188] Culled 1 mappoint with 0 bad observed features 0, 0, 1
I0327 11:33:51.389958  1096 ic_gvins.cc:1494] Marginalize 1 states, last time 372742.061602
I0327 11:33:51.391391  1096 ic_gvins.cc:534] Optimization costs 11.1977 ms with 6.2845 and 1.47735 with marginalization costs 1.4403
I0327 11:33:51.412374  1094 misc.cc:229] Redo INS mechanization at 372743.861721 to 372744.074420 is 0.212699 s
I0327 11:33:51.412423  1094 ic_gvins.cc:811] Insert keyframe 230 at 372743.961791 with 16 new mappoints
I0327 11:33:51.412694  1094 ic_gvins.cc:816] Add new keyframe time node at 372743.961791
I0327 11:33:51.412760  1096 ic_gvins.cc:1917] Total 16 pose states from 372742.061602 to 372743.961791
I0327 11:33:51.414192  1096 ic_gvins.cc:1241] Add 15 preintegration, 0 GNSS, 472 reprojection
I0327 11:33:51.414613  1095 tracking.cc:451] Track 45 map points
I0327 11:33:51.416532  1095 tracking.cc:570] Track 51 reference points
I0327 11:33:51.416539  1095 tracking.cc:278] Keyframe at 372744.061599, mappoints 45, interval 0.0998077, parallax 21.9329
I0327 11:33:51.416606  1095 tracking.cc:799] Triangulate 18 3D points with 33 left, 0 reset, 0 outtime and 0 outliers
I0327 11:33:51.418671  1095 tracking.cc:691] Add 117 new features to 96
I0327 11:33:51.418805  1095 ic_gvins.cc:610] Tracking cost 6.46894 ms
I0327 11:33:51.423944  1096 ic_gvins.cc:1250] Ceres Solver Report: Iterations: 6, Initial cost: 5.199723e+02, Final cost: 3.630177e+02, Termination: NO_CONVERGENCE
I0327 11:33:51.424079  1096 ic_gvins.cc:1360] Remove 1 reprojection factors
I0327 11:33:51.439790  1096 ic_gvins.cc:1284] Ceres Solver Report: Iterations: 15, Initial cost: 2.454886e+02, Final cost: 2.451917e+02, Termination: CONVERGENCE
I0327 11:33:51.439971  1096 ic_gvins.cc:1188] Culled 3 mappoint with 1 bad observed features 0, 1, 2
I0327 11:33:51.440238  1096 ic_gvins.cc:1494] Marginalize 1 states, last time 372742.161461
I0327 11:33:51.441458  1096 ic_gvins.cc:534] Optimization costs 28.7063 ms with 9.71708 and 15.7178 with marginalization costs 1.22575
I0327 11:33:51.450462  1094 misc.cc:229] Redo INS mechanization at 372743.961791 to 372744.174410 is 0.212619 s
I0327 11:33:51.450497  1094 ic_gvins.cc:811] Insert keyframe 231 at 372744.061599 with 18 new mappoints
I0327 11:33:51.450721  1094 ic_gvins.cc:816] Add new keyframe time node at 372744.061599
I0327 11:33:51.450945  1096 ic_gvins.cc:1917] Total 16 pose states from 372742.161461 to 372744.061599
I0327 11:33:51.452458  1096 ic_gvins.cc:1241] Add 15 preintegration, 0 GNSS, 489 reprojection
I0327 11:33:51.452715  1095 tracking.cc:451] Track 47 map points
I0327 11:33:51.454630  1095 tracking.cc:570] Track 45 reference points
I0327 11:33:51.454674  1095 tracking.cc:278] Keyframe at 372744.161486, mappoints 47, interval 0.0998877, parallax 19.1461
I0327 11:33:51.454733  1095 tracking.cc:799] Triangulate 14 3D points with 31 left, 0 reset, 0 outtime and 0 outliers
I0327 11:33:51.463276  1095 tracking.cc:691] Add 124 new features to 92
I0327 11:33:51.464354  1095 ic_gvins.cc:610] Tracking cost 13.8709 ms
I0327 11:33:51.468264  1096 ic_gvins.cc:1250] Ceres Solver Report: Iterations: 6, Initial cost: 2.512671e+02, Final cost: 2.458432e+02, Termination: NO_CONVERGENCE
I0327 11:33:51.468463  1096 ic_gvins.cc:1360] Remove 0 reprojection factors
I0327 11:33:51.486763  1096 ic_gvins.cc:1284] Ceres Solver Report: Iterations: 15, Initial cost: 2.458432e+02, Final cost: 2.457616e+02, Termination: CONVERGENCE
I0327 11:33:51.486979  1096 ic_gvins.cc:1188] Culled 1 mappoint with 0 bad observed features 0, 0, 1
I0327 11:33:51.487253  1096 ic_gvins.cc:1494] Marginalize 1 states, last time 372742.261624
I0327 11:33:51.488512  1096 ic_gvins.cc:534] Optimization costs 37.5798 ms with 15.8341 and 18.301 with marginalization costs 1.22069
I0327 11:33:51.489729  1095 tracking.cc:451] Track 50 map points
I0327 11:33:51.491463  1095 tracking.cc:570] Track 50 reference points
I0327 11:33:51.491472  1095 tracking.cc:278] Keyframe at 372744.261586, mappoints 50, interval 0.1001, parallax 20.591
I0327 11:33:51.491525  1095 tracking.cc:799] Triangulate 7 3D points with 21 left, 0 reset, 22 outtime and 0 outliers
I0327 11:33:51.493484  1095 tracking.cc:691] Add 140 new features to 78
I0327 11:33:51.493613  1095 ic_gvins.cc:610] Tracking cost 5.52915 ms
I0327 11:33:51.525722  1094 misc.cc:229] Redo INS mechanization at 372744.061599 to 372744.374403 is 0.312805 s
I0327 11:33:51.525758  1094 ic_gvins.cc:811] Insert keyframe 232 at 372744.161486 with 14 new mappoints
I0327 11:33:51.525954  1094 ic_gvins.cc:816] Add new keyframe time node at 372744.161486
I0327 11:33:51.525959  1094 ic_gvins.cc:811] Insert keyframe 233 at 372744.261586 with 7 new mappoints
I0327 11:33:51.526139  1094 ic_gvins.cc:816] Add new keyframe time node at 372744.261586
I0327 11:33:51.526222  1096 ic_gvins.cc:1917] Total 17 pose states from 372742.261624 to 372744.261586
I0327 11:33:51.527833  1096 ic_gvins.cc:1241] Add 16 preintegration, 0 GNSS, 585 reprojection
I0327 11:33:51.527927  1095 tracking.cc:451] Track 45 map points
I0327 11:33:51.529814  1095 tracking.cc:570] Track 49 reference points
I0327 11:33:51.529860  1095 tracking.cc:278] Keyframe at 372744.361550, mappoints 45, interval 0.0999641, parallax 19.1743
I0327 11:33:51.529963  1095 tracking.cc:799] Triangulate 19 3D points with 25 left, 0 reset, 0 outtime and 5 outliers
I0327 11:33:51.532289  1095 tracking.cc:691] Add 122 new features to 89
I0327 11:33:51.532447  1095 ic_gvins.cc:610] Tracking cost 6.69662 ms
I0327 11:33:51.538417  1096 ic_gvins.cc:1250] Ceres Solver Report: Iterations: 6, Initial cost: 2.029575e+03, Final cost: 1.367703e+03, Termination: NO_CONVERGENCE
I0327 11:33:51.538556  1096 ic_gvins.cc:1360] Remove 7 reprojection factors
I0327 11:33:51.559022  1096 ic_gvins.cc:1284] Ceres Solver Report: Iterations: 16, Initial cost: 2.788661e+02, Final cost: 2.759758e+02, Termination: NO_CONVERGENCE
I0327 11:33:51.559226  1096 ic_gvins.cc:1188] Culled 5 mappoint with 6 bad observed features 0, 4, 1
I0327 11:33:51.559527  1096 ic_gvins.cc:1494] Marginalize 1 states, last time 372742.361466
I0327 11:33:51.560988  1096 ic_gvins.cc:1494] Marginalize 1 states, last time 372742.461547
I0327 11:33:51.562510  1096 ic_gvins.cc:534] Optimization costs 36.2993 ms with 10.5917 and 20.4809 with marginalization costs 2.98556
I0327 11:33:51.563963  1094 misc.cc:229] Redo INS mechanization at 372744.261586 to 372744.474410 is 0.212824 s
I0327 11:33:51.563988  1094 ic_gvins.cc:811] Insert keyframe 234 at 372744.361550 with 19 new mappoints
I0327 11:33:51.564204  1094 ic_gvins.cc:816] Add new keyframe time node at 372744.361550
I0327 11:33:51.564772  1096 ic_gvins.cc:1917] Total 16 pose states from 372742.461547 to 372744.361550
I0327 11:33:51.566059  1096 ic_gvins.cc:1241] Add 15 preintegration, 0 GNSS, 518 reprojection
I0327 11:33:51.567185  1095 tracking.cc:451] Track 40 map points
I0327 11:33:51.568998  1095 tracking.cc:570] Track 46 reference points
I0327 11:33:51.569046  1095 tracking.cc:278] Keyframe at 372744.461474, mappoints 40, interval 0.0999235, parallax 20.2595
I0327 11:33:51.569139  1095 tracking.cc:799] Triangulate 17 3D points with 29 left, 0 reset, 0 outtime and 0 outliers
I0327 11:33:51.571524  1095 tracking.cc:691] Add 126 new features to 86
I0327 11:33:51.571671  1095 ic_gvins.cc:610] Tracking cost 7.73185 ms
I0327 11:33:51.577396  1096 ic_gvins.cc:1250] Ceres Solver Report: Iterations: 6, Initial cost: 2.922259e+02, Final cost: 2.745557e+02, Termination: NO_CONVERGENCE
I0327 11:33:51.577531  1096 ic_gvins.cc:1360] Remove 3 reprojection factors
I0327 11:33:51.596808  1096 ic_gvins.cc:1284] Ceres Solver Report: Iterations: 15, Initial cost: 2.674163e+02, Final cost: 2.668593e+02, Termination: CONVERGENCE
I0327 11:33:51.597002  1096 ic_gvins.cc:1188] Culled 1 mappoint with 1 bad observed features 0, 0, 1
I0327 11:33:51.597275  1096 ic_gvins.cc:1494] Marginalize 1 states, last time 372742.561659
I0327 11:33:51.598619  1096 ic_gvins.cc:534] Optimization costs 33.854 ms with 11.3449 and 19.2913 with marginalization costs 1.3483
I0327 11:33:51.601523  1094 misc.cc:229] Redo INS mechanization at 372744.361550 to 372744.574400 is 0.212849 s
I0327 11:33:51.601549  1094 ic_gvins.cc:811] Insert keyframe 235 at 372744.461474 with 17 new mappoints
I0327 11:33:51.601771  1094 ic_gvins.cc:816] Add new keyframe time node at 372744.461474
I0327 11:33:51.601783  1096 ic_gvins.cc:1917] Total 16 pose states from 372742.561659 to 372744.461474
I0327 11:33:51.603271  1096 ic_gvins.cc:1241] Add 15 preintegration, 0 GNSS, 544 reprojection
I0327 11:33:51.603402  1095 tracking.cc:451] Track 43 map points
I0327 11:33:51.605130  1095 tracking.cc:570] Track 45 reference points
I0327 11:33:51.605137  1095 tracking.cc:278] Keyframe at 372744.561593, mappoints 43, interval 0.100119, parallax 16.3447
I0327 11:33:51.605209  1095 tracking.cc:799] Triangulate 17 3D points with 22 left, 0 reset, 0 outtime and 6 outliers
I0327 11:33:51.610854  1095 tracking.cc:691] Add 129 new features to 82
I0327 11:33:51.610997  1095 ic_gvins.cc:610] Tracking cost 9.42323 ms
I0327 11:33:51.616155  1096 ic_gvins.cc:1250] Ceres Solver Report: Iterations: 6, Initial cost: 1.211931e+03, Final cost: 6.163042e+02, Termination: NO_CONVERGENCE
I0327 11:33:51.616284  1096 ic_gvins.cc:1360] Remove 3 reprojection factors
I0327 11:33:51.632541  1096 ic_gvins.cc:1284] Ceres Solver Report: Iterations: 14, Initial cost: 2.803879e+02, Final cost: 2.803102e+02, Termination: CONVERGENCE
I0327 11:33:51.633298  1096 ic_gvins.cc:1188] Culled 3 mappoint with 2 bad observed features 0, 2, 1
I0327 11:33:51.634871  1096 ic_gvins.cc:1494] Marginalize 1 states, last time 372742.761460
I0327 11:33:51.636544  1096 ic_gvins.cc:534] Optimization costs 34.769 ms with 12.8806 and 16.2934 with marginalization costs 2.1481
I0327 11:33:51.640974  1094 misc.cc:229] Redo INS mechanization at 372744.461474 to 372744.674433 is 0.212959 s
I0327 11:33:51.641014  1094 ic_gvins.cc:811] Insert keyframe 236 at 372744.561593 with 17 new mappoints
I0327 11:33:51.641227  1094 ic_gvins.cc:816] Add new keyframe time node at 372744.561593
I0327 11:33:51.641243  1096 ic_gvins.cc:1917] Total 16 pose states from 372742.761460 to 372744.561593
I0327 11:33:51.642866  1096 ic_gvins.cc:1241] Add 15 preintegration, 0 GNSS, 553 reprojection
I0327 11:33:51.643507  1095 tracking.cc:451] Track 42 map points
I0327 11:33:51.645387  1095 tracking.cc:570] Track 43 reference points
I0327 11:33:51.645395  1095 tracking.cc:278] Keyframe at 372744.661498, mappoints 42, interval 0.0999049, parallax 19.3616
I0327 11:33:51.645474  1095 tracking.cc:799] Triangulate 22 3D points with 21 left, 0 reset, 0 outtime and 0 outliers
I0327 11:33:51.647915  1095 tracking.cc:691] Add 130 new features to 85
I0327 11:33:51.648197  1095 ic_gvins.cc:610] Tracking cost 7.27426 ms
I0327 11:33:51.654937  1096 ic_gvins.cc:1250] Ceres Solver Report: Iterations: 6, Initial cost: 7.810292e+02, Final cost: 4.409457e+02, Termination: NO_CONVERGENCE
I0327 11:33:51.655133  1096 ic_gvins.cc:1360] Remove 4 reprojection factors
I0327 11:33:51.675011  1096 ic_gvins.cc:1284] Ceres Solver Report: Iterations: 14, Initial cost: 2.809866e+02, Final cost: 2.808018e+02, Termination: CONVERGENCE
I0327 11:33:51.675235  1096 ic_gvins.cc:1188] Culled 5 mappoint with 1 bad observed features 0, 1, 4
I0327 11:33:51.675658  1096 ic_gvins.cc:1494] Marginalize 1 states, last time 372742.961517
I0327 11:33:51.677136  1096 ic_gvins.cc:534] Optimization costs 35.8994 ms with 12.1097 and 19.8934 with marginalization costs 1.49387
I0327 11:33:51.679910  1094 misc.cc:229] Redo INS mechanization at 372744.561593 to 372744.774386 is 0.212793 s
I0327 11:33:51.679936  1094 ic_gvins.cc:811] Insert keyframe 237 at 372744.661498 with 22 new mappoints
I0327 11:33:51.680158  1094 ic_gvins.cc:816] Add new keyframe time node at 372744.661498
I0327 11:33:51.680305  1095 tracking.cc:451] Track 34 map points
I0327 11:33:51.682448  1095 tracking.cc:570] Track 32 reference points
I0327 11:33:51.682456  1095 tracking.cc:278] Keyframe at 372744.761457, mappoints 34, interval 0.0999585, parallax 15.3546
I0327 11:33:51.682500  1095 tracking.cc:799] Triangulate 6 3D points with 26 left, 0 reset, 0 outtime and 0 outliers
I0327 11:33:51.682966  1096 ic_gvins.cc:1917] Total 16 pose states from 372742.961517 to 372744.661498
I0327 11:33:51.684583  1095 tracking.cc:691] Add 150 new features to 66
I0327 11:33:51.684697  1095 ic_gvins.cc:610] Tracking cost 6.21251 ms
I0327 11:33:51.685272  1096 ic_gvins.cc:1241] Add 15 preintegration, 0 GNSS, 553 reprojection
I0327 11:33:51.692153  1096 ic_gvins.cc:1250] Ceres Solver Report: Iterations: 6, Initial cost: 1.660061e+03, Final cost: 8.681004e+02, Termination: NO_CONVERGENCE
I0327 11:33:51.692291  1096 ic_gvins.cc:1360] Remove 6 reprojection factors
I0327 11:33:51.710960  1096 ic_gvins.cc:1284] Ceres Solver Report: Iterations: 16, Initial cost: 2.693932e+02, Final cost: 2.689889e+02, Termination: NO_CONVERGENCE
I0327 11:33:51.711203  1096 ic_gvins.cc:1188] Culled 4 mappoint with 4 bad observed features 0, 3, 1
I0327 11:33:51.711555  1096 ic_gvins.cc:1494] Marginalize 1 states, last time 372743.061532
I0327 11:33:51.713183  1096 ic_gvins.cc:534] Optimization costs 30.2599 ms with 6.88579 and 18.6825 with marginalization costs 1.63853
I0327 11:33:51.717355  1094 misc.cc:229] Redo INS mechanization at 372744.661498 to 372744.874388 is 0.21289 s
I0327 11:33:51.717389  1094 ic_gvins.cc:811] Insert keyframe 238 at 372744.761457 with 6 new mappoints
I0327 11:33:51.717605  1094 ic_gvins.cc:816] Add new keyframe time node at 372744.761457
I0327 11:33:51.717617  1096 ic_gvins.cc:1917] Total 16 pose states from 372743.061532 to 372744.761457
I0327 11:33:51.718955  1095 tracking.cc:451] Track 30 map points
I0327 11:33:51.719102  1096 ic_gvins.cc:1241] Add 15 preintegration, 0 GNSS, 494 reprojection
I0327 11:33:51.720835  1095 tracking.cc:570] Track 55 reference points
I0327 11:33:51.722965  1095 tracking.cc:691] Add 132 new features to 85
I0327 11:33:51.728266  1096 ic_gvins.cc:1250] Ceres Solver Report: Iterations: 6, Initial cost: 2.763348e+02, Final cost: 2.723062e+02, Termination: NO_CONVERGENCE
I0327 11:33:51.728389  1096 ic_gvins.cc:1360] Remove 1 reprojection factors
I0327 11:33:51.745527  1096 ic_gvins.cc:1284] Ceres Solver Report: Iterations: 14, Initial cost: 2.701360e+02, Final cost: 2.696204e+02, Termination: CONVERGENCE
I0327 11:33:51.745748  1096 ic_gvins.cc:1188] Culled 0 mappoint with 1 bad observed features 0, 0, 0
I0327 11:33:51.745990  1096 ic_gvins.cc:1494] Marginalize 1 states, last time 372743.161540
I0327 11:33:51.747218  1096 ic_gvins.cc:534] Optimization costs 29.6067 ms with 9.17068 and 17.1515 with marginalization costs 1.23259
I0327 11:33:51.755499  1094 misc.cc:229] Redo INS mechanization at 372744.761457 to 372744.974391 is 0.212934 s
I0327 11:33:51.756901  1095 tracking.cc:451] Track 23 map points
I0327 11:33:51.758627  1095 tracking.cc:570] Track 69 reference points
I0327 11:33:51.758634  1095 tracking.cc:278] Keyframe at 372744.961432, mappoints 23, interval 0.199975, parallax 24.5018
I0327 11:33:51.758708  1095 tracking.cc:799] Triangulate 15 3D points with 49 left, 26 reset, 5 outtime and 0 outliers
I0327 11:33:51.760603  1095 tracking.cc:691] Add 127 new features to 87
I0327 11:33:51.760738  1095 ic_gvins.cc:610] Tracking cost 5.31045 ms
I0327 11:33:51.792826  1094 ic_gvins.cc:811] Insert keyframe 239 at 372744.961432 with 15 new mappoints
I0327 11:33:51.793260  1094 ic_gvins.cc:816] Add new keyframe time node at 372744.961432
I0327 11:33:51.793287  1096 ic_gvins.cc:1917] Total 16 pose states from 372743.161540 to 372744.961432
I0327 11:33:51.794418  1095 tracking.cc:451] Track 32 map points
I0327 11:33:51.794914  1096 ic_gvins.cc:1241] Add 15 preintegration, 0 GNSS, 515 reprojection
I0327 11:33:51.796463  1095 tracking.cc:570] Track 51 reference points
I0327 11:33:51.798480  1095 tracking.cc:691] Add 133 new features to 83
I0327 11:33:51.803774  1096 ic_gvins.cc:1250] Ceres Solver Report: Iterations: 6, Initial cost: 2.927953e+02, Final cost: 2.841229e+02, Termination: NO_CONVERGENCE
I0327 11:33:51.803911  1096 ic_gvins.cc:1360] Remove 3 reprojection factors
I0327 11:33:51.819219  1096 ic_gvins.cc:1284] Ceres Solver Report: Iterations: 15, Initial cost: 2.752681e+02, Final cost: 2.751836e+02, Termination: CONVERGENCE
I0327 11:33:51.819598  1096 ic_gvins.cc:1188] Culled 2 mappoint with 1 bad observed features 0, 0, 2
I0327 11:33:51.820080  1096 ic_gvins.cc:1494] Marginalize 1 states, last time 372743.261965
I0327 11:33:51.821830  1096 ic_gvins.cc:534] Optimization costs 28.5641 ms with 8.87162 and 15.3275 with marginalization costs 1.61577
I0327 11:33:51.830344  1094 misc.cc:229] Redo INS mechanization at 372744.961432 to 372745.174368 is 0.212936 s
I0327 11:33:51.832027  1095 tracking.cc:451] Track 26 map points
I0327 11:33:51.835455  1095 tracking.cc:570] Track 68 reference points
I0327 11:33:51.835469  1095 tracking.cc:278] Keyframe at 372745.161763, mappoints 26, interval 0.200331, parallax 26.1107
I0327 11:33:51.835554  1095 tracking.cc:799] Triangulate 12 3D points with 52 left, 26 reset, 0 outtime and 4 outliers
I0327 11:33:51.838431  1095 tracking.cc:691] Add 126 new features to 90
I0327 11:33:51.838626  1095 ic_gvins.cc:610] Tracking cost 8.31382 ms
I0327 11:33:51.868739  1094 ic_gvins.cc:811] Insert keyframe 240 at 372745.161763 with 12 new mappoints
I0327 11:33:51.869177  1094 ic_gvins.cc:816] Add new keyframe time node at 372745.161763
I0327 11:33:51.869200  1096 ic_gvins.cc:1917] Total 16 pose states from 372743.261965 to 372745.161763
I0327 11:33:51.870751  1096 ic_gvins.cc:1241] Add 15 preintegration, 0 GNSS, 513 reprojection
I0327 11:33:51.871079  1095 tracking.cc:451] Track 28 map points
I0327 11:33:51.873111  1095 tracking.cc:570] Track 52 reference points
I0327 11:33:51.873126  1095 tracking.cc:278] Keyframe at 372745.261756, mappoints 28, interval 0.0999932, parallax 18.789
I0327 11:33:51.873212  1095 tracking.cc:799] Triangulate 18 3D points with 30 left, 0 reset, 0 outtime and 4 outliers
I0327 11:33:51.878521  1095 tracking.cc:691] Add 137 new features to 76
I0327 11:33:51.878641  1095 ic_gvins.cc:610] Tracking cost 9.9257 ms
I0327 11:33:51.883678  1096 ic_gvins.cc:1250] Ceres Solver Report: Iterations: 6, Initial cost: 2.810801e+02, Final cost: 2.680732e+02, Termination: NO_CONVERGENCE
I0327 11:33:51.883802  1096 ic_gvins.cc:1360] Remove 1 reprojection factors
I0327 11:33:51.898763  1096 ic_gvins.cc:1284] Ceres Solver Report: Iterations: 16, Initial cost: 2.654601e+02, Final cost: 2.652778e+02, Termination: NO_CONVERGENCE
I0327 11:33:51.899078  1096 ic_gvins.cc:1188] Culled 1 mappoint with 1 bad observed features 0, 0, 1
I0327 11:33:51.899894  1096 ic_gvins.cc:1494] Marginalize 1 states, last time 372743.361616
I0327 11:33:51.902624  1096 ic_gvins.cc:534] Optimization costs 33.4395 ms with 12.9335 and 14.9868 with marginalization costs 2.61354
I0327 11:33:51.906770  1094 misc.cc:229] Redo INS mechanization at 372745.161763 to 372745.374363 is 0.2126 s
I0327 11:33:51.906807  1094 ic_gvins.cc:811] Insert keyframe 241 at 372745.261756 with 18 new mappoints
I0327 11:33:51.907006  1094 ic_gvins.cc:816] Add new keyframe time node at 372745.261756
I0327 11:33:51.908891  1095 tracking.cc:451] Track 29 map points
I0327 11:33:51.909210  1096 ic_gvins.cc:1917] Total 16 pose states from 372743.361616 to 372745.261756
I0327 11:33:51.910683  1096 ic_gvins.cc:1241] Add 15 preintegration, 0 GNSS, 520 reprojection
I0327 11:33:51.910940  1095 tracking.cc:570] Track 48 reference points
I0327 11:33:51.910980  1095 tracking.cc:278] Keyframe at 372745.361877, mappoints 29, interval 0.100121, parallax 16.1439
I0327 11:33:51.911063  1095 tracking.cc:799] Triangulate 9 3D points with 37 left, 0 reset, 0 outtime and 2 outliers
I0327 11:33:51.913439  1095 tracking.cc:691] Add 143 new features to 75
I0327 11:33:51.913539  1095 ic_gvins.cc:610] Tracking cost 6.74082 ms
I0327 11:33:51.919976  1096 ic_gvins.cc:1250] Ceres Solver Report: Iterations: 6, Initial cost: 3.073497e+02, Final cost: 2.738023e+02, Termination: NO_CONVERGENCE
I0327 11:33:51.920109  1096 ic_gvins.cc:1360] Remove 3 reprojection factors
I0327 11:33:51.934636  1096 ic_gvins.cc:1284] Ceres Solver Report: Iterations: 15, Initial cost: 2.631302e+02, Final cost: 2.628446e+02, Termination: CONVERGENCE
I0327 11:33:51.934826  1096 ic_gvins.cc:1188] Culled 1 mappoint with 3 bad observed features 0, 1, 0
I0327 11:33:51.935113  1096 ic_gvins.cc:1494] Marginalize 1 states, last time 372743.561546
I0327 11:33:51.936251  1096 ic_gvins.cc:534] Optimization costs 27.0477 ms with 9.30114 and 14.5407 with marginalization costs 1.13463
I0327 11:33:51.945317  1094 misc.cc:229] Redo INS mechanization at 372745.261756 to 372745.474365 is 0.212609 s
I0327 11:33:51.945410  1094 ic_gvins.cc:811] Insert keyframe 242 at 372745.361877 with 9 new mappoints
I0327 11:33:51.945683  1094 ic_gvins.cc:816] Add new keyframe time node at 372745.361877
I0327 11:33:51.948252  1095 tracking.cc:451] Track 28 map points
I0327 11:33:51.950783  1096 ic_gvins.cc:1917] Total 16 pose states from 372743.561546 to 372745.361877
I0327 11:33:51.951810  1095 tracking.cc:570] Track 49 reference points
I0327 11:33:51.952255  1095 tracking.cc:278] Keyframe at 372745.461874, mappoints 28, interval 0.099997, parallax 21.268
I0327 11:33:51.952323  1095 tracking.cc:799] Triangulate 18 3D points with 31 left, 0 reset, 0 outtime and 0 outliers
I0327 11:33:51.952180  1096 ic_gvins.cc:1241] Add 15 preintegration, 0 GNSS, 510 reprojection
I0327 11:33:51.954624  1095 tracking.cc:691] Add 138 new features to 77
I0327 11:33:51.954748  1095 ic_gvins.cc:610] Tracking cost 9.52456 ms
I0327 11:33:51.961722  1096 ic_gvins.cc:1250] Ceres Solver Report: Iterations: 6, Initial cost: 3.374129e+02, Final cost: 2.616123e+02, Termination: NO_CONVERGENCE
I0327 11:33:51.961850  1096 ic_gvins.cc:1360] Remove 0 reprojection factors
I0327 11:33:51.979336  1096 ic_gvins.cc:1284] Ceres Solver Report: Iterations: 15, Initial cost: 2.616123e+02, Final cost: 2.615965e+02, Termination: CONVERGENCE
I0327 11:33:51.979535  1096 ic_gvins.cc:1188] Culled 1 mappoint with 0 bad observed features 0, 0, 1
I0327 11:33:51.979852  1096 ic_gvins.cc:1494] Marginalize 1 states, last time 372743.761514
I0327 11:33:51.981570  1096 ic_gvins.cc:534] Optimization costs 30.7939 ms with 8.81765 and 17.4945 with marginalization costs 1.60406
I0327 11:33:51.984570  1094 misc.cc:229] Redo INS mechanization at 372745.361877 to 372745.574367 is 0.212489 s
I0327 11:33:51.984608  1094 ic_gvins.cc:811] Insert keyframe 243 at 372745.461874 with 18 new mappoints
I0327 11:33:51.985013  1094 ic_gvins.cc:816] Add new keyframe time node at 372745.461874
I0327 11:33:51.985899  1096 ic_gvins.cc:1917] Total 16 pose states from 372743.761514 to 372745.461874
I0327 11:33:51.986928  1095 tracking.cc:451] Track 27 map points
I0327 11:33:51.987145  1096 ic_gvins.cc:1241] Add 15 preintegration, 0 GNSS, 467 reprojection
I0327 11:33:51.988879  1095 tracking.cc:570] Track 48 reference points
I0327 11:33:51.988888  1095 tracking.cc:278] Keyframe at 372745.561806, mappoints 27, interval 0.0999318, parallax 15.8665
I0327 11:33:51.988936  1095 tracking.cc:799] Triangulate 10 3D points with 38 left, 0 reset, 0 outtime and 0 outliers
I0327 11:33:51.991254  1095 tracking.cc:691] Add 140 new features to 75
I0327 11:33:51.991389  1095 ic_gvins.cc:610] Tracking cost 6.85391 ms
I0327 11:33:51.996575  1096 ic_gvins.cc:1250] Ceres Solver Report: Iterations: 6, Initial cost: 2.646231e+02, Final cost: 2.585989e+02, Termination: NO_CONVERGENCE
I0327 11:33:51.996692  1096 ic_gvins.cc:1360] Remove 1 reprojection factors
I0327 11:33:52.010995  1096 ic_gvins.cc:1284] Ceres Solver Report: Iterations: 14, Initial cost: 2.565595e+02, Final cost: 2.545749e+02, Termination: CONVERGENCE
I0327 11:33:52.011166  1096 ic_gvins.cc:1188] Culled 0 mappoint with 1 bad observed features 0, 0, 0
I0327 11:33:52.011548  1096 ic_gvins.cc:1494] Marginalize 1 states, last time 372743.861721
I0327 11:33:52.013080  1096 ic_gvins.cc:534] Optimization costs 27.194 ms with 9.44087 and 14.3084 with marginalization costs 1.53416
I0327 11:33:52.023795  1094 misc.cc:229] Redo INS mechanization at 372745.461874 to 372745.674356 is 0.212481 s
I0327 11:33:52.023877  1094 ic_gvins.cc:811] Insert keyframe 244 at 372745.561806 with 10 new mappoints
I0327 11:33:52.024143  1094 ic_gvins.cc:816] Add new keyframe time node at 372745.561806
I0327 11:33:52.027007  1095 tracking.cc:451] Track 27 map points
I0327 11:33:52.029403  1096 ic_gvins.cc:1917] Total 16 pose states from 372743.861721 to 372745.561806
I0327 11:33:52.031379  1095 tracking.cc:570] Track 43 reference points
I0327 11:33:52.031390  1095 tracking.cc:278] Keyframe at 372745.661751, mappoints 27, interval 0.0999452, parallax 16.5289
I0327 11:33:52.031432  1096 ic_gvins.cc:1241] Add 15 preintegration, 0 GNSS, 421 reprojection
I0327 11:33:52.031450  1095 tracking.cc:799] Triangulate 9 3D points with 34 left, 0 reset, 0 outtime and 0 outliers
I0327 11:33:52.034206  1095 tracking.cc:691] Add 143 new features to 70
I0327 11:33:52.034507  1095 ic_gvins.cc:610] Tracking cost 10.7971 ms
I0327 11:33:52.044245  1096 ic_gvins.cc:1250] Ceres Solver Report: Iterations: 6, Initial cost: 2.605058e+02, Final cost: 2.468097e+02, Termination: NO_CONVERGENCE
I0327 11:33:52.044507  1096 ic_gvins.cc:1360] Remove 1 reprojection factors
I0327 11:33:52.061838  1096 ic_gvins.cc:1284] Ceres Solver Report: Iterations: 15, Initial cost: 2.436552e+02, Final cost: 2.436410e+02, Termination: CONVERGENCE
I0327 11:33:52.062202  1096 ic_gvins.cc:1188] Culled 1 mappoint with 1 bad observed features 0, 0, 1
I0327 11:33:52.063004  1095 tracking.cc:451] Track 28 map points
I0327 11:33:52.065152  1095 tracking.cc:570] Track 43 reference points
I0327 11:33:52.065197  1095 tracking.cc:278] Keyframe at 372745.761744, mappoints 28, interval 0.099993, parallax 16.1602
I0327 11:33:52.065282  1095 tracking.cc:799] Triangulate 11 3D points with 31 left, 0 reset, 0 outtime and 1 outliers
I0327 11:33:52.067404  1096 ic_gvins.cc:1494] Marginalize 1 states, last time 372743.961791
I0327 11:33:52.067521  1095 tracking.cc:691] Add 142 new features to 70
I0327 11:33:52.067667  1095 ic_gvins.cc:610] Tracking cost 6.28317 ms
I0327 11:33:52.069146  1096 ic_gvins.cc:534] Optimization costs 39.7805 ms with 12.965 and 17.3787 with marginalization costs 1.72032
I0327 11:33:52.098896  1094 misc.cc:229] Redo INS mechanization at 372745.561806 to 372745.874346 is 0.31254 s
I0327 11:33:52.098927  1094 ic_gvins.cc:811] Insert keyframe 245 at 372745.661751 with 9 new mappoints
I0327 11:33:52.099120  1094 ic_gvins.cc:816] Add new keyframe time node at 372745.661751
I0327 11:33:52.099124  1094 ic_gvins.cc:811] Insert keyframe 246 at 372745.761744 with 11 new mappoints
I0327 11:33:52.099313  1094 ic_gvins.cc:816] Add new keyframe time node at 372745.761744
I0327 11:33:52.099331  1096 ic_gvins.cc:1917] Total 17 pose states from 372743.961791 to 372745.761744
I0327 11:33:52.100641  1096 ic_gvins.cc:1241] Add 16 preintegration, 0 GNSS, 443 reprojection
I0327 11:33:52.102281  1095 tracking.cc:451] Track 31 map points
I0327 11:33:52.104071  1095 tracking.cc:570] Track 47 reference points
I0327 11:33:52.104080  1095 tracking.cc:278] Keyframe at 372745.861708, mappoints 31, interval 0.0999633, parallax 15.7794
I0327 11:33:52.104156  1095 tracking.cc:799] Triangulate 17 3D points with 30 left, 0 reset, 0 outtime and 0 outliers
I0327 11:33:52.106222  1095 tracking.cc:691] Add 134 new features to 78
I0327 11:33:52.106326  1095 ic_gvins.cc:610] Tracking cost 6.99086 ms
I0327 11:33:52.110106  1096 ic_gvins.cc:1250] Ceres Solver Report: Iterations: 6, Initial cost: 2.916858e+02, Final cost: 2.640971e+02, Termination: NO_CONVERGENCE
I0327 11:33:52.110217  1096 ic_gvins.cc:1360] Remove 3 reprojection factors
