I0327 11:33:39.442091  1096 ic_gvins.cc:1360] Remove 5 reprojection factors
I0327 11:33:39.446115  1095 tracking.cc:691] Add 143 new features to 77
I0327 11:33:39.446228  1095 ic_gvins.cc:610] Tracking cost 14.7888 ms
I0327 11:33:39.456292  1096 ic_gvins.cc:1284] Ceres Solver Report: Iterations: 13, Initial cost: 2.556141e+02, Final cost: 2.532600e+02, Termination: CONVERGENCE
I0327 11:33:39.456423  1096 ic_gvins.cc:1188] Culled 2 mappoint with 5 bad observed features 0, 0, 2
I0327 11:33:39.456646  1096 ic_gvins.cc:1494] Marginalize 1 states, last time 372710.955733
I0327 11:33:39.458089  1096 ic_gvins.cc:534] Optimization costs 26.2509 ms with 8.85723 and 14.2088 with marginalization costs 1.46028
I0327 11:33:39.469002  1094 misc.cc:229] Redo INS mechanization at 372712.458740 to 372712.675672 is 0.216932 s
I0327 11:33:39.469056  1094 ic_gvins.cc:811] Insert keyframe 28 at 372712.558230 with 10 new mappoints
I0327 11:33:39.469280  1094 ic_gvins.cc:816] Add new keyframe time node at 372712.558230
I0327 11:33:39.470561  1095 tracking.cc:451] Track 31 map points
I0327 11:33:39.473378  1096 ic_gvins.cc:1917] Total 16 pose states from 372710.955733 to 372712.558230
I0327 11:33:39.473801  1095 tracking.cc:570] Track 61 reference points
I0327 11:33:39.473809  1095 tracking.cc:278] Keyframe at 372712.658366, mappoints 31, interval 0.100135, parallax 23.191
I0327 11:33:39.473902  1095 tracking.cc:799] Triangulate 24 3D points with 29 left, 0 reset, 0 outtime and 8 outliers
I0327 11:33:39.475821  1096 ic_gvins.cc:1241] Add 15 preintegration, 2 GNSS, 251 reprojection
I0327 11:33:39.476258  1095 tracking.cc:691] Add 134 new features to 84
I0327 11:33:39.476382  1095 ic_gvins.cc:610] Tracking cost 7.41712 ms
I0327 11:33:39.481747  1096 ic_gvins.cc:1250] Ceres Solver Report: Iterations: 6, Initial cost: 6.119172e+02, Final cost: 2.488846e+02, Termination: NO_CONVERGENCE
I0327 11:33:39.481825  1096 ic_gvins.cc:1360] Remove 3 reprojection factors
I0327 11:33:39.493175  1096 ic_gvins.cc:1284] Ceres Solver Report: Iterations: 13, Initial cost: 2.403883e+02, Final cost: 2.373333e+02, Termination: CONVERGENCE
I0327 11:33:39.493294  1096 ic_gvins.cc:1188] Culled 1 mappoint with 3 bad observed features 0, 0, 1
I0327 11:33:39.493476  1096 ic_gvins.cc:1494] Marginalize 1 states, last time 372711.055780
I0327 11:33:39.494776  1096 ic_gvins.cc:534] Optimization costs 21.406 ms with 5.92391 and 11.3559 with marginalization costs 1.32769
I0327 11:33:39.506593  1094 misc.cc:229] Redo INS mechanization at 372712.558230 to 372712.775670 is 0.21744 s
I0327 11:33:39.506635  1094 ic_gvins.cc:811] Insert keyframe 29 at 372712.658366 with 24 new mappoints
I0327 11:33:39.506865  1094 ic_gvins.cc:816] Add new keyframe time node at 372712.658366
I0327 11:33:39.506964  1096 ic_gvins.cc:1917] Total 16 pose states from 372711.055780 to 372712.658366
I0327 11:33:39.507898  1096 ic_gvins.cc:1241] Add 15 preintegration, 1 GNSS, 276 reprojection
I0327 11:33:39.508263  1095 tracking.cc:451] Track 48 map points
I0327 11:33:39.510169  1095 tracking.cc:570] Track 56 reference points
I0327 11:33:39.510176  1095 tracking.cc:278] Keyframe at 372712.760831, mappoints 48, interval 0.102466, parallax 18.6836
I0327 11:33:39.510263  1095 tracking.cc:799] Triangulate 18 3D points with 29 left, 0 reset, 0 outtime and 9 outliers
I0327 11:33:39.519883  1096 ic_gvins.cc:1250] Ceres Solver Report: Iterations: 6, Initial cost: 2.997344e+03, Final cost: 2.506670e+02, Termination: NO_CONVERGENCE
I0327 11:33:39.520000  1096 ic_gvins.cc:1360] Remove 3 reprojection factors
I0327 11:33:39.523880  1095 tracking.cc:691] Add 123 new features to 95
I0327 11:33:39.524010  1095 ic_gvins.cc:610] Tracking cost 17.4508 ms
I0327 11:33:39.534746  1096 ic_gvins.cc:1284] Ceres Solver Report: Iterations: 13, Initial cost: 2.416256e+02, Final cost: 2.388707e+02, Termination: CONVERGENCE
I0327 11:33:39.534878  1096 ic_gvins.cc:1188] Culled 1 mappoint with 2 bad observed features 0, 0, 1
I0327 11:33:39.535085  1096 ic_gvins.cc:1494] Marginalize 1 states, last time 372711.155531
I0327 11:33:39.536389  1096 ic_gvins.cc:534] Optimization costs 29.4321 ms with 11.574 and 14.5404 with marginalization costs 1.32519
I0327 11:33:39.545204  1094 misc.cc:229] Redo INS mechanization at 372712.658366 to 372712.875679 is 0.217313 s
I0327 11:33:39.545358  1094 ic_gvins.cc:811] Insert keyframe 30 at 372712.760831 with 18 new mappoints
I0327 11:33:39.545773  1094 ic_gvins.cc:816] Add new keyframe time node at 372712.760831
I0327 11:33:39.545836  1096 ic_gvins.cc:1917] Total 16 pose states from 372711.155531 to 372712.760831
I0327 11:33:39.547363  1096 ic_gvins.cc:1241] Add 15 preintegration, 1 GNSS, 307 reprojection
I0327 11:33:39.550427  1095 tracking.cc:451] Track 60 map points
I0327 11:33:39.557366  1095 tracking.cc:570] Track 40 reference points
I0327 11:33:39.557843  1095 tracking.cc:278] Keyframe at 372712.858447, mappoints 60, interval 0.0976152, parallax 16.1271
I0327 11:33:39.557929  1095 tracking.cc:799] Triangulate 8 3D points with 27 left, 0 reset, 0 outtime and 5 outliers
I0327 11:33:39.561461  1095 tracking.cc:691] Add 121 new features to 95
I0327 11:33:39.561764  1095 ic_gvins.cc:610] Tracking cost 16.4132 ms
I0327 11:33:39.567128  1096 ic_gvins.cc:1250] Ceres Solver Report: Iterations: 6, Initial cost: 3.636765e+03, Final cost: 4.439933e+02, Termination: NO_CONVERGENCE
I0327 11:33:39.567241  1096 ic_gvins.cc:1360] Remove 4 reprojection factors
I0327 11:33:39.578473  1096 ic_gvins.cc:1284] Ceres Solver Report: Iterations: 13, Initial cost: 2.564402e+02, Final cost: 2.535320e+02, Termination: CONVERGENCE
I0327 11:33:39.578631  1096 ic_gvins.cc:1188] Culled 2 mappoint with 4 bad observed features 0, 2, 0
I0327 11:33:39.578904  1096 ic_gvins.cc:1494] Marginalize 1 states, last time 372711.255487
I0327 11:33:39.580021  1096 ic_gvins.cc:534] Optimization costs 34.201 ms with 18.3996 and 11.234 with marginalization costs 1.16275
I0327 11:33:39.582542  1094 misc.cc:229] Redo INS mechanization at 372712.760831 to 372712.975658 is 0.214826 s
I0327 11:33:39.582567  1094 ic_gvins.cc:811] Insert keyframe 31 at 372712.858447 with 8 new mappoints
I0327 11:33:39.582790  1094 ic_gvins.cc:816] Add new keyframe time node at 372712.858447
I0327 11:33:39.584288  1095 tracking.cc:451] Track 56 map points
I0327 11:33:39.586071  1095 tracking.cc:570] Track 41 reference points
I0327 11:33:39.586077  1095 tracking.cc:278] Keyframe at 372712.959187, mappoints 56, interval 0.10074, parallax 15.9783
I0327 11:33:39.586144  1095 tracking.cc:799] Triangulate 18 3D points with 23 left, 0 reset, 0 outtime and 0 outliers
I0327 11:33:39.586684  1096 ic_gvins.cc:1917] Total 16 pose states from 372711.255487 to 372712.858447
I0327 11:33:39.588302  1095 tracking.cc:691] Add 123 new features to 97
I0327 11:33:39.588413  1095 ic_gvins.cc:610] Tracking cost 5.89951 ms
I0327 11:33:39.588867  1096 ic_gvins.cc:1241] Add 15 preintegration, 1 GNSS, 369 reprojection
I0327 11:33:39.594450  1096 ic_gvins.cc:1250] Ceres Solver Report: Iterations: 6, Initial cost: 7.370141e+02, Final cost: 3.008676e+02, Termination: NO_CONVERGENCE
I0327 11:33:39.594547  1096 ic_gvins.cc:1360] Remove 4 reprojection factors
I0327 11:33:39.608336  1096 ic_gvins.cc:1284] Ceres Solver Report: Iterations: 13, Initial cost: 2.836352e+02, Final cost: 2.807900e+02, Termination: CONVERGENCE
I0327 11:33:39.608498  1096 ic_gvins.cc:1188] Culled 3 mappoint with 4 bad observed features 0, 1, 2
I0327 11:33:39.608723  1096 ic_gvins.cc:1494] Marginalize 1 states, last time 372711.455508
I0327 11:33:39.609750  1096 ic_gvins.cc:534] Optimization costs 23.0959 ms with 5.58354 and 13.8004 with marginalization costs 1.01766
I0327 11:33:39.620003  1094 misc.cc:229] Redo INS mechanization at 372712.858447 to 372713.075696 is 0.217249 s
I0327 11:33:39.620041  1094 ic_gvins.cc:811] Insert keyframe 32 at 372712.959187 with 18 new mappoints
I0327 11:33:39.620267  1094 ic_gvins.cc:816] Add new keyframe time node at 372712.959187
I0327 11:33:39.620326  1096 ic_gvins.cc:1917] Total 16 pose states from 372711.455508 to 372712.959187
I0327 11:33:39.621714  1095 tracking.cc:451] Track 62 map points
I0327 11:33:39.621901  1096 ic_gvins.cc:1241] Add 15 preintegration, 1 GNSS, 431 reprojection
I0327 11:33:39.623557  1095 tracking.cc:570] Track 33 reference points
I0327 11:33:39.623565  1095 tracking.cc:278] Keyframe at 372713.059642, mappoints 62, interval 0.100455, parallax 16.0284
I0327 11:33:39.623618  1095 tracking.cc:799] Triangulate 5 3D points with 23 left, 0 reset, 0 outtime and 5 outliers
I0327 11:33:39.625958  1095 tracking.cc:691] Add 135 new features to 90
I0327 11:33:39.626067  1095 ic_gvins.cc:610] Tracking cost 6.13914 ms
I0327 11:33:39.630625  1096 ic_gvins.cc:1250] Ceres Solver Report: Iterations: 6, Initial cost: 2.625309e+03, Final cost: 3.376855e+02, Termination: NO_CONVERGENCE
I0327 11:33:39.630739  1096 ic_gvins.cc:1360] Remove 6 reprojection factors
I0327 11:33:39.643214  1096 ic_gvins.cc:1284] Ceres Solver Report: Iterations: 13, Initial cost: 3.118059e+02, Final cost: 3.091377e+02, Termination: CONVERGENCE
I0327 11:33:39.643554  1096 ic_gvins.cc:1188] Culled 8 mappoint with 4 bad observed features 0, 1, 7
I0327 11:33:39.644963  1096 ic_gvins.cc:1494] Marginalize 1 states, last time 372711.555551
I0327 11:33:39.646490  1096 ic_gvins.cc:534] Optimization costs 26.1774 ms with 8.72981 and 12.4936 with marginalization costs 2.18092
I0327 11:33:39.657461  1094 misc.cc:229] Redo INS mechanization at 372712.959187 to 372713.175658 is 0.216471 s
I0327 11:33:39.657485  1094 ic_gvins.cc:811] Insert keyframe 33 at 372713.059642 with 5 new mappoints
I0327 11:33:39.657682  1094 ic_gvins.cc:816] Add new keyframe time node at 372713.059642
I0327 11:33:39.657689  1094 ic_gvins.cc:926] Add new GNSS 372713.058290 align to 372713.059642
I0327 11:33:39.657722  1096 ic_gvins.cc:1917] Total 16 pose states from 372711.555551 to 372713.059642
I0327 11:33:39.659072  1096 ic_gvins.cc:1241] Add 15 preintegration, 2 GNSS, 447 reprojection
I0327 11:33:39.660393  1095 tracking.cc:451] Track 52 map points
I0327 11:33:39.664198  1095 tracking.cc:570] Track 33 reference points
I0327 11:33:39.664211  1095 tracking.cc:278] Keyframe at 372713.159846, mappoints 52, interval 0.100204, parallax 15.2303
I0327 11:33:39.664266  1095 tracking.cc:799] Triangulate 11 3D points with 20 left, 0 reset, 0 outtime and 2 outliers
I0327 11:33:39.666332  1095 tracking.cc:691] Add 140 new features to 83
I0327 11:33:39.666445  1095 ic_gvins.cc:610] Tracking cost 8.53932 ms
I0327 11:33:39.668689  1096 ic_gvins.cc:1250] Ceres Solver Report: Iterations: 6, Initial cost: 4.289768e+03, Final cost: 9.435070e+02, Termination: NO_CONVERGENCE
I0327 11:33:39.668707  1096 ic_gvins.cc:1331] Detect 1 GNSS outliers at 372713.059642
I0327 11:33:39.668824  1096 ic_gvins.cc:1360] Remove 12 reprojection factors
I0327 11:33:39.683676  1096 ic_gvins.cc:1284] Ceres Solver Report: Iterations: 14, Initial cost: 3.264552e+02, Final cost: 3.226009e+02, Termination: CONVERGENCE
I0327 11:33:39.684690  1096 ic_gvins.cc:1188] Culled 7 mappoint with 6 bad observed features 0, 2, 5
I0327 11:33:39.685087  1096 ic_gvins.cc:1494] Marginalize 1 states, last time 372711.656025
I0327 11:33:39.686638  1096 ic_gvins.cc:534] Optimization costs 28.9335 ms with 9.60547 and 14.9721 with marginalization costs 1.51626
I0327 11:33:39.694927  1094 misc.cc:229] Redo INS mechanization at 372713.059642 to 372713.275646 is 0.216005 s
I0327 11:33:39.694957  1094 ic_gvins.cc:811] Insert keyframe 34 at 372713.159846 with 11 new mappoints
I0327 11:33:39.695149  1094 ic_gvins.cc:816] Add new keyframe time node at 372713.159846
I0327 11:33:39.696894  1095 tracking.cc:451] Track 49 map points
I0327 11:33:39.698905  1095 tracking.cc:570] Track 34 reference points
I0327 11:33:39.699388  1096 ic_gvins.cc:1917] Total 16 pose states from 372711.656025 to 372713.159846
I0327 11:33:39.701231  1096 ic_gvins.cc:1241] Add 15 preintegration, 2 GNSS, 446 reprojection
I0327 11:33:39.707159  1095 tracking.cc:691] Add 138 new features to 83
I0327 11:33:39.709986  1096 ic_gvins.cc:1250] Ceres Solver Report: Iterations: 6, Initial cost: 3.765741e+03, Final cost: 5.646890e+02, Termination: NO_CONVERGENCE
I0327 11:33:39.710111  1096 ic_gvins.cc:1360] Remove 18 reprojection factors
I0327 11:33:39.721277  1096 ic_gvins.cc:1284] Ceres Solver Report: Iterations: 13, Initial cost: 3.449956e+02, Final cost: 3.429568e+02, Termination: CONVERGENCE
I0327 11:33:39.721613  1096 ic_gvins.cc:1188] Culled 8 mappoint with 14 bad observed features 0, 2, 6
I0327 11:33:39.722074  1096 ic_gvins.cc:1494] Marginalize 1 states, last time 372711.755769
I0327 11:33:39.722956  1096 ic_gvins.cc:534] Optimization costs 23.627 ms with 8.7637 and 11.1822 with marginalization costs 0.948222
I0327 11:33:39.732666  1094 misc.cc:229] Redo INS mechanization at 372713.159846 to 372713.375650 is 0.215804 s
I0327 11:33:39.733870  1095 tracking.cc:451] Track 40 map points
I0327 11:33:39.735697  1095 tracking.cc:570] Track 45 reference points
I0327 11:33:39.735704  1095 tracking.cc:278] Keyframe at 372713.359437, mappoints 40, interval 0.199591, parallax 26.7582
I0327 11:33:39.735767  1095 tracking.cc:799] Triangulate 12 3D points with 28 left, 19 reset, 3 outtime and 2 outliers
I0327 11:33:39.738159  1095 tracking.cc:691] Add 134 new features to 80
I0327 11:33:39.738308  1095 ic_gvins.cc:610] Tracking cost 6.02038 ms
I0327 11:33:39.769722  1094 ic_gvins.cc:811] Insert keyframe 35 at 372713.359437 with 12 new mappoints
I0327 11:33:39.770090  1094 ic_gvins.cc:816] Add new keyframe time node at 372713.359437
I0327 11:33:39.770248  1096 ic_gvins.cc:1917] Total 16 pose states from 372711.755769 to 372713.359437
I0327 11:33:39.771821  1096 ic_gvins.cc:1241] Add 15 preintegration, 2 GNSS, 450 reprojection
I0327 11:33:39.772256  1095 tracking.cc:451] Track 48 map points
I0327 11:33:39.774356  1095 tracking.cc:570] Track 44 reference points
I0327 11:33:39.781487  1095 tracking.cc:691] Add 121 new features to 92
I0327 11:33:39.781756  1096 ic_gvins.cc:1250] Ceres Solver Report: Iterations: 6, Initial cost: 5.040116e+03, Final cost: 1.048820e+03, Termination: NO_CONVERGENCE
I0327 11:33:39.781935  1096 ic_gvins.cc:1360] Remove 29 reprojection factors
I0327 11:33:39.793926  1096 ic_gvins.cc:1284] Ceres Solver Report: Iterations: 13, Initial cost: 3.534785e+02, Final cost: 3.492108e+02, Termination: CONVERGENCE
I0327 11:33:39.794085  1096 ic_gvins.cc:1188] Culled 9 mappoint with 25 bad observed features 0, 3, 6
I0327 11:33:39.794350  1096 ic_gvins.cc:1494] Marginalize 1 states, last time 372711.855726
I0327 11:33:39.795001  1096 ic_gvins.cc:534] Optimization costs 24.7716 ms with 9.93812 and 11.9933 with marginalization costs 0.642024
I0327 11:33:39.808962  1094 misc.cc:229] Redo INS mechanization at 372713.359437 to 372713.575640 is 0.216203 s
I0327 11:33:39.810415  1095 tracking.cc:451] Track 40 map points
I0327 11:33:39.812422  1095 tracking.cc:570] Track 54 reference points
I0327 11:33:39.812428  1095 tracking.cc:278] Keyframe at 372713.559444, mappoints 40, interval 0.200007, parallax 18.929
I0327 11:33:39.812505  1095 tracking.cc:799] Triangulate 22 3D points with 32 left, 18 reset, 0 outtime and 0 outliers
I0327 11:33:39.814606  1095 tracking.cc:691] Add 114 new features to 94
I0327 11:33:39.814714  1095 ic_gvins.cc:610] Tracking cost 5.79065 ms
I0327 11:33:39.847819  1094 ic_gvins.cc:811] Insert keyframe 36 at 372713.559444 with 22 new mappoints
I0327 11:33:39.848255  1094 ic_gvins.cc:816] Add new keyframe time node at 372713.559444
I0327 11:33:39.848321  1096 ic_gvins.cc:1917] Total 16 pose states from 372711.855726 to 372713.559444
I0327 11:33:39.849524  1095 tracking.cc:451] Track 61 map points
I0327 11:33:39.849901  1096 ic_gvins.cc:1241] Add 15 preintegration, 2 GNSS, 443 reprojection
I0327 11:33:39.851918  1095 tracking.cc:570] Track 38 reference points
I0327 11:33:39.854171  1095 tracking.cc:691] Add 112 new features to 99
I0327 11:33:39.859064  1096 ic_gvins.cc:1250] Ceres Solver Report: Iterations: 6, Initial cost: 6.788397e+03, Final cost: 8.016808e+02, Termination: NO_CONVERGENCE
I0327 11:33:39.859201  1096 ic_gvins.cc:1360] Remove 29 reprojection factors
I0327 11:33:39.869906  1096 ic_gvins.cc:1284] Ceres Solver Report: Iterations: 13, Initial cost: 3.542522e+02, Final cost: 3.482591e+02, Termination: CONVERGENCE
I0327 11:33:39.870082  1096 ic_gvins.cc:1188] Culled 6 mappoint with 26 bad observed features 0, 4, 2
I0327 11:33:39.870324  1096 ic_gvins.cc:1494] Marginalize 1 states, last time 372711.957749
I0327 11:33:39.871093  1096 ic_gvins.cc:534] Optimization costs 22.7833 ms with 9.11349 and 10.7124 with marginalization costs 0.787023
I0327 11:33:39.886955  1094 misc.cc:229] Redo INS mechanization at 372713.559444 to 372713.775676 is 0.216232 s
I0327 11:33:39.889418  1095 tracking.cc:451] Track 52 map points
I0327 11:33:39.891211  1095 tracking.cc:570] Track 45 reference points
I0327 11:33:39.891218  1095 tracking.cc:278] Keyframe at 372713.759257, mappoints 52, interval 0.199813, parallax 18.8075
I0327 11:33:39.891276  1095 tracking.cc:799] Triangulate 10 3D points with 32 left, 18 reset, 0 outtime and 3 outliers
I0327 11:33:39.893494  1095 tracking.cc:691] Add 115 new features to 94
I0327 11:33:39.893615  1095 ic_gvins.cc:610] Tracking cost 6.73479 ms
I0327 11:33:39.926710  1094 ic_gvins.cc:811] Insert keyframe 37 at 372713.759257 with 10 new mappoints
I0327 11:33:39.927121  1094 ic_gvins.cc:816] Add new keyframe time node at 372713.759257
I0327 11:33:39.927942  1096 ic_gvins.cc:1917] Total 16 pose states from 372711.957749 to 372713.759257
I0327 11:33:39.929637  1096 ic_gvins.cc:1241] Add 15 preintegration, 2 GNSS, 438 reprojection
I0327 11:33:39.930313  1095 tracking.cc:451] Track 61 map points
I0327 11:33:39.932363  1095 tracking.cc:570] Track 38 reference points
I0327 11:33:39.937283  1095 tracking.cc:691] Add 120 new features to 99
I0327 11:33:39.939515  1096 ic_gvins.cc:1250] Ceres Solver Report: Iterations: 6, Initial cost: 3.054053e+03, Final cost: 4.612605e+02, Termination: NO_CONVERGENCE
I0327 11:33:39.939651  1096 ic_gvins.cc:1360] Remove 20 reprojection factors
I0327 11:33:39.951943  1096 ic_gvins.cc:1284] Ceres Solver Report: Iterations: 13, Initial cost: 3.762992e+02, Final cost: 3.698166e+02, Termination: CONVERGENCE
I0327 11:33:39.952109  1096 ic_gvins.cc:1188] Culled 3 mappoint with 19 bad observed features 0, 0, 3
I0327 11:33:39.952353  1096 ic_gvins.cc:1494] Marginalize 1 states, last time 372712.058025
I0327 11:33:39.953395  1096 ic_gvins.cc:534] Optimization costs 26.261 ms with 9.8092 and 12.2932 with marginalization costs 1.05837
I0327 11:33:39.964448  1094 misc.cc:229] Redo INS mechanization at 372713.759257 to 372713.965622 is 0.206364 s
I0327 11:33:39.969115  1095 tracking.cc:451] Track 55 map points
I0327 11:33:39.972735  1095 tracking.cc:570] Track 38 reference points
I0327 11:33:39.972769  1095 tracking.cc:278] Keyframe at 372713.959011, mappoints 55, interval 0.199753, parallax 16.387
I0327 11:33:39.972856  1095 tracking.cc:799] Triangulate 9 3D points with 29 left, 12 reset, 0 outtime and 0 outliers
I0327 11:33:39.975075  1095 tracking.cc:691] Add 122 new features to 93
I0327 11:33:39.975441  1095 ic_gvins.cc:610] Tracking cost 10.971 ms
I0327 11:33:40.001816  1094 ic_gvins.cc:811] Insert keyframe 38 at 372713.959011 with 9 new mappoints
I0327 11:33:40.002184  1094 ic_gvins.cc:816] Add new keyframe time node at 372713.959011
I0327 11:33:40.002199  1096 ic_gvins.cc:1917] Total 16 pose states from 372712.058025 to 372713.959011
I0327 11:33:40.003661  1096 ic_gvins.cc:1241] Add 15 preintegration, 1 GNSS, 446 reprojection
I0327 11:33:40.003852  1095 tracking.cc:451] Track 61 map points
I0327 11:33:40.005697  1095 tracking.cc:570] Track 39 reference points
I0327 11:33:40.008358  1095 tracking.cc:691] Add 123 new features to 100
I0327 11:33:40.012905  1096 ic_gvins.cc:1250] Ceres Solver Report: Iterations: 6, Initial cost: 3.856783e+03, Final cost: 7.276293e+02, Termination: NO_CONVERGENCE
I0327 11:33:40.013036  1096 ic_gvins.cc:1360] Remove 23 reprojection factors
I0327 11:33:40.025904  1096 ic_gvins.cc:1284] Ceres Solver Report: Iterations: 13, Initial cost: 3.970454e+02, Final cost: 3.874678e+02, Termination: CONVERGENCE
I0327 11:33:40.026301  1096 ic_gvins.cc:1188] Culled 7 mappoint with 21 bad observed features 0, 1, 6
I0327 11:33:40.026830  1096 ic_gvins.cc:1494] Marginalize 1 states, last time 372712.158065
I0327 11:33:40.028195  1096 ic_gvins.cc:534] Optimization costs 26.0045 ms with 9.2528 and 12.9039 with marginalization costs 1.45735
I0327 11:33:40.039189  1094 misc.cc:229] Redo INS mechanization at 372713.959011 to 372714.175610 is 0.216599 s
I0327 11:33:40.040755  1095 tracking.cc:451] Track 53 map points
I0327 11:33:40.042560  1095 tracking.cc:570] Track 47 reference points
I0327 11:33:40.042567  1095 tracking.cc:278] Keyframe at 372714.158801, mappoints 53, interval 0.19979, parallax 21.1889
I0327 11:33:40.042627  1095 tracking.cc:799] Triangulate 7 3D points with 29 left, 18 reset, 0 outtime and 11 outliers
I0327 11:33:40.044557  1095 tracking.cc:691] Add 120 new features to 89
I0327 11:33:40.044643  1095 ic_gvins.cc:610] Tracking cost 5.48881 ms
I0327 11:33:40.076584  1094 ic_gvins.cc:811] Insert keyframe 39 at 372714.158801 with 7 new mappoints
I0327 11:33:40.077023  1094 ic_gvins.cc:816] Add new keyframe time node at 372714.158801
I0327 11:33:40.077044  1094 ic_gvins.cc:961] Add new GNSS time node 372714.058544
I0327 11:33:40.077445  1096 ic_gvins.cc:1917] Total 17 pose states from 372712.158065 to 372714.158801
I0327 11:33:40.078734  1095 tracking.cc:451] Track 57 map points
I0327 11:33:40.078817  1096 ic_gvins.cc:1241] Add 16 preintegration, 2 GNSS, 436 reprojection
I0327 11:33:40.082298  1095 tracking.cc:570] Track 43 reference points
I0327 11:33:40.084761  1095 tracking.cc:691] Add 113 new features to 100
I0327 11:33:40.089359  1096 ic_gvins.cc:1250] Ceres Solver Report: Iterations: 6, Initial cost: 3.800446e+03, Final cost: 9.986053e+02, Termination: NO_CONVERGENCE
I0327 11:33:40.089380  1096 ic_gvins.cc:1331] Detect 1 GNSS outliers at 372714.158801
I0327 11:33:40.089498  1096 ic_gvins.cc:1360] Remove 29 reprojection factors
I0327 11:33:40.102582  1096 ic_gvins.cc:1284] Ceres Solver Report: Iterations: 13, Initial cost: 3.962974e+02, Final cost: 3.872397e+02, Termination: CONVERGENCE
I0327 11:33:40.102746  1096 ic_gvins.cc:1188] Culled 5 mappoint with 21 bad observed features 0, 1, 4
I0327 11:33:40.103019  1096 ic_gvins.cc:1494] Marginalize 1 states, last time 372712.258147
I0327 11:33:40.104449  1096 ic_gvins.cc:534] Optimization costs 27.0117 ms with 10.5515 and 13.0897 with marginalization costs 1.41451
I0327 11:33:40.113987  1094 misc.cc:229] Redo INS mechanization at 372714.158801 to 372714.375606 is 0.216806 s
I0327 11:33:40.116053  1095 tracking.cc:451] Track 50 map points
I0327 11:33:40.118034  1095 tracking.cc:570] Track 47 reference points
I0327 11:33:40.124317  1095 tracking.cc:691] Add 115 new features to 97
I0327 11:33:40.157299  1095 tracking.cc:451] Track 49 map points
I0327 11:33:40.161684  1095 tracking.cc:570] Track 57 reference points
I0327 11:33:40.161737  1095 tracking.cc:278] Keyframe at 372714.458739, mappoints 49, interval 0.299938, parallax 22.511
I0327 11:33:40.161933  1095 tracking.cc:799] Triangulate 13 3D points with 44 left, 33 reset, 0 outtime and 0 outliers
I0327 11:33:40.164543  1095 tracking.cc:691] Add 116 new features to 106
I0327 11:33:40.164918  1095 ic_gvins.cc:610] Tracking cost 12.2274 ms
I0327 11:33:40.190105  1094 ic_gvins.cc:811] Insert keyframe 40 at 372714.458739 with 13 new mappoints
I0327 11:33:40.190634  1094 ic_gvins.cc:816] Add new keyframe time node at 372714.458739
I0327 11:33:40.190649  1096 ic_gvins.cc:1917] Total 17 pose states from 372712.258147 to 372714.458739
I0327 11:33:40.191927  1096 ic_gvins.cc:1241] Add 16 preintegration, 2 GNSS, 413 reprojection
I0327 11:33:40.192351  1095 tracking.cc:451] Track 57 map points
I0327 11:33:40.194537  1095 tracking.cc:570] Track 45 reference points
I0327 11:33:40.197660  1095 tracking.cc:691] Add 131 new features to 102
I0327 11:33:40.202070  1096 ic_gvins.cc:1250] Ceres Solver Report: Iterations: 6, Initial cost: 4.339432e+03, Final cost: 8.392035e+02, Termination: NO_CONVERGENCE
I0327 11:33:40.202203  1096 ic_gvins.cc:1360] Remove 34 reprojection factors
I0327 11:33:40.216758  1096 ic_gvins.cc:1284] Ceres Solver Report: Iterations: 13, Initial cost: 4.194254e+02, Final cost: 4.051594e+02, Termination: CONVERGENCE
I0327 11:33:40.216933  1096 ic_gvins.cc:1188] Culled 9 mappoint with 26 bad observed features 0, 3, 6
I0327 11:33:40.217207  1096 ic_gvins.cc:1494] Marginalize 1 states, last time 372712.358108
I0327 11:33:40.218322  1096 ic_gvins.cc:534] Optimization costs 27.6842 ms with 10.1298 and 14.568 with marginalization costs 1.04083
I0327 11:33:40.227452  1094 misc.cc:229] Redo INS mechanization at 372714.458739 to 372714.675588 is 0.216849 s
I0327 11:33:40.229039  1095 tracking.cc:451] Track 45 map points
I0327 11:33:40.230950  1095 tracking.cc:570] Track 51 reference points
I0327 11:33:40.230958  1095 tracking.cc:278] Keyframe at 372714.658536, mappoints 45, interval 0.199797, parallax 17.0474
I0327 11:33:40.231019  1095 tracking.cc:799] Triangulate 15 3D points with 36 left, 17 reset, 0 outtime and 0 outliers
I0327 11:33:40.233179  1095 tracking.cc:691] Add 131 new features to 96
I0327 11:33:40.233292  1095 ic_gvins.cc:610] Tracking cost 5.81202 ms
I0327 11:33:40.264751  1094 ic_gvins.cc:811] Insert keyframe 41 at 372714.658536 with 15 new mappoints
I0327 11:33:40.265136  1094 ic_gvins.cc:816] Add new keyframe time node at 372714.658536
I0327 11:33:40.265158  1096 ic_gvins.cc:1917] Total 17 pose states from 372712.358108 to 372714.658536
I0327 11:33:40.266316  1096 ic_gvins.cc:1241] Add 16 preintegration, 2 GNSS, 397 reprojection
I0327 11:33:40.267686  1095 tracking.cc:451] Track 50 map points
I0327 11:33:40.271317  1095 tracking.cc:570] Track 35 reference points
I0327 11:33:40.274434  1095 tracking.cc:691] Add 136 new features to 85
I0327 11:33:40.276657  1096 ic_gvins.cc:1250] Ceres Solver Report: Iterations: 6, Initial cost: 5.391230e+03, Final cost: 5.687878e+02, Termination: NO_CONVERGENCE
I0327 11:33:40.276783  1096 ic_gvins.cc:1360] Remove 22 reprojection factors
I0327 11:33:40.291047  1096 ic_gvins.cc:1284] Ceres Solver Report: Iterations: 13, Initial cost: 4.237735e+02, Final cost: 4.100361e+02, Termination: CONVERGENCE
I0327 11:33:40.291581  1096 ic_gvins.cc:1188] Culled 6 mappoint with 20 bad observed features 0, 2, 4
I0327 11:33:40.292061  1096 ic_gvins.cc:1494] Marginalize 1 states, last time 372712.458740
I0327 11:33:40.294185  1096 ic_gvins.cc:534] Optimization costs 29.0369 ms with 10.3546 and 14.3575 with marginalization costs 2.28408
I0327 11:33:40.302183  1094 misc.cc:229] Redo INS mechanization at 372714.658536 to 372714.865607 is 0.207071 s
I0327 11:33:40.303794  1095 tracking.cc:451] Track 37 map points
I0327 11:33:40.306020  1095 tracking.cc:570] Track 36 reference points
I0327 11:33:40.308432  1095 tracking.cc:691] Add 136 new features to 73
I0327 11:33:40.341089  1095 tracking.cc:451] Track 35 map points
I0327 11:33:40.343107  1095 tracking.cc:570] Track 39 reference points
I0327 11:33:40.343115  1095 tracking.cc:278] Keyframe at 372714.958700, mappoints 35, interval 0.300164, parallax 17.9996
I0327 11:33:40.343187  1095 tracking.cc:799] Triangulate 7 3D points with 27 left, 20 reset, 0 outtime and 5 outliers
I0327 11:33:40.346446  1095 tracking.cc:691] Add 137 new features to 69
I0327 11:33:40.346575  1095 ic_gvins.cc:610] Tracking cost 7.04418 ms
I0327 11:33:40.377542  1094 ic_gvins.cc:811] Insert keyframe 42 at 372714.958700 with 7 new mappoints
I0327 11:33:40.378191  1094 ic_gvins.cc:816] Add new keyframe time node at 372714.958700
I0327 11:33:40.378219  1096 ic_gvins.cc:1917] Total 17 pose states from 372712.458740 to 372714.958700
I0327 11:33:40.379340  1096 ic_gvins.cc:1241] Add 16 preintegration, 2 GNSS, 336 reprojection
I0327 11:33:40.381076  1095 tracking.cc:451] Track 39 map points
I0327 11:33:40.383069  1095 tracking.cc:570] Track 33 reference points
I0327 11:33:40.393369  1096 ic_gvins.cc:1250] Ceres Solver Report: Iterations: 6, Initial cost: 7.899652e+03, Final cost: 8.136410e+02, Termination: NO_CONVERGENCE
I0327 11:33:40.393512  1096 ic_gvins.cc:1360] Remove 33 reprojection factors
I0327 11:33:40.393520  1095 tracking.cc:691] Add 141 new features to 72
I0327 11:33:40.407236  1096 ic_gvins.cc:1284] Ceres Solver Report: Iterations: 13, Initial cost: 4.278980e+02, Final cost: 4.077509e+02, Termination: CONVERGENCE
I0327 11:33:40.407380  1096 ic_gvins.cc:1188] Culled 8 mappoint with 26 bad observed features 0, 4, 4
I0327 11:33:40.407569  1096 ic_gvins.cc:1494] Marginalize 1 states, last time 372712.558230
I0327 11:33:40.409246  1096 ic_gvins.cc:534] Optimization costs 31.037 ms with 14.0257 and 13.7299 with marginalization costs 1.6136
I0327 11:33:40.415779  1094 misc.cc:229] Redo INS mechanization at 372714.958700 to 372715.175579 is 0.216878 s
I0327 11:33:40.418465  1095 tracking.cc:451] Track 29 map points
I0327 11:33:40.421516  1095 tracking.cc:570] Track 36 reference points
I0327 11:33:40.423805  1095 tracking.cc:691] Add 140 new features to 65
I0327 11:33:40.455804  1095 tracking.cc:451] Track 27 map points
I0327 11:33:40.457624  1095 tracking.cc:570] Track 53 reference points
I0327 11:33:40.459923  1095 tracking.cc:691] Add 128 new features to 80
I0327 11:33:40.494616  1095 tracking.cc:451] Track 26 map points
I0327 11:33:40.496472  1095 tracking.cc:570] Track 55 reference points
I0327 11:33:40.496479  1095 tracking.cc:278] Keyframe at 372715.358601, mappoints 26, interval 0.3999, parallax 18.0149
I0327 11:33:40.496544  1095 tracking.cc:799] Triangulate 8 3D points with 45 left, 39 reset, 0 outtime and 2 outliers
I0327 11:33:40.498636  1095 tracking.cc:691] Add 130 new features to 79
I0327 11:33:40.498731  1095 ic_gvins.cc:610] Tracking cost 5.89782 ms
I0327 11:33:40.530840  1094 ic_gvins.cc:811] Insert keyframe 43 at 372715.358601 with 8 new mappoints
I0327 11:33:40.532054  1094 ic_gvins.cc:816] Add new keyframe time node at 372715.358601
I0327 11:33:40.532111  1094 ic_gvins.cc:961] Add new GNSS time node 372715.059464
I0327 11:33:40.532649  1096 ic_gvins.cc:1917] Total 18 pose states from 372712.558230 to 372715.358601
I0327 11:33:40.534327  1096 ic_gvins.cc:1241] Add 17 preintegration, 3 GNSS, 265 reprojection
I0327 11:33:40.535089  1095 tracking.cc:451] Track 33 map points
I0327 11:33:40.537315  1095 tracking.cc:570] Track 57 reference points
I0327 11:33:40.539661  1095 tracking.cc:691] Add 123 new features to 90
I0327 11:33:40.543491  1096 ic_gvins.cc:1250] Ceres Solver Report: Iterations: 6, Initial cost: 5.911161e+03, Final cost: 1.481959e+03, Termination: NO_CONVERGENCE
I0327 11:33:40.543512  1096 ic_gvins.cc:1331] Detect 1 GNSS outliers at 372715.358601
I0327 11:33:40.543596  1096 ic_gvins.cc:1360] Remove 31 reprojection factors
I0327 11:33:40.556519  1096 ic_gvins.cc:1284] Ceres Solver Report: Iterations: 14, Initial cost: 4.277531e+02, Final cost: 4.124297e+02, Termination: CONVERGENCE
I0327 11:33:40.556643  1096 ic_gvins.cc:1188] Culled 7 mappoint with 24 bad observed features 0, 3, 4
I0327 11:33:40.556843  1096 ic_gvins.cc:1494] Marginalize 1 states, last time 372712.658366
I0327 11:33:40.558184  1096 ic_gvins.cc:534] Optimization costs 25.5519 ms with 9.1584 and 12.9259 with marginalization costs 1.35189
I0327 11:33:40.568600  1094 misc.cc:229] Redo INS mechanization at 372715.358601 to 372715.565604 is 0.207003 s
I0327 11:33:40.573313  1095 tracking.cc:451] Track 20 map points
I0327 11:33:40.576128  1095 tracking.cc:570] Track 65 reference points
I0327 11:33:40.579035  1095 tracking.cc:691] Add 127 new features to 85
I0327 11:33:40.607686  1095 tracking.cc:451] Track 19 map points
I0327 11:33:40.610179  1095 tracking.cc:570] Track 67 reference points
I0327 11:33:40.610198  1095 tracking.cc:278] Keyframe at 372715.658933, mappoints 19, interval 0.300332, parallax 17.2518
I0327 11:33:40.610373  1095 tracking.cc:799] Triangulate 16 3D points with 49 left, 31 reset, 1 outtime and 1 outliers
I0327 11:33:40.613368  1095 tracking.cc:691] Add 130 new features to 84
I0327 11:33:40.613543  1095 ic_gvins.cc:610] Tracking cost 7.38513 ms
I0327 11:33:40.643416  1094 ic_gvins.cc:811] Insert keyframe 44 at 372715.658933 with 16 new mappoints
I0327 11:33:40.643945  1094 ic_gvins.cc:816] Add new keyframe time node at 372715.658933
I0327 11:33:40.644008  1096 ic_gvins.cc:1917] Total 18 pose states from 372712.658366 to 372715.658933
I0327 11:33:40.644876  1096 ic_gvins.cc:1241] Add 17 preintegration, 3 GNSS, 223 reprojection
I0327 11:33:40.645602  1095 tracking.cc:451] Track 31 map points
I0327 11:33:40.647603  1095 tracking.cc:570] Track 59 reference points
I0327 11:33:40.649827  1095 tracking.cc:691] Add 125 new features to 90
I0327 11:33:40.655453  1096 ic_gvins.cc:1250] Ceres Solver Report: Iterations: 6, Initial cost: 1.555224e+03, Final cost: 6.100436e+02, Termination: NO_CONVERGENCE
I0327 11:33:40.655545  1096 ic_gvins.cc:1360] Remove 20 reprojection factors
I0327 11:33:40.669145  1096 ic_gvins.cc:1284] Ceres Solver Report: Iterations: 13, Initial cost: 4.306653e+02, Final cost: 4.232424e+02, Termination: CONVERGENCE
I0327 11:33:40.669265  1096 ic_gvins.cc:1188] Culled 6 mappoint with 16 bad observed features 0, 2, 4
I0327 11:33:40.669461  1096 ic_gvins.cc:1494] Marginalize 1 states, last time 372712.760831
I0327 11:33:40.670610  1096 ic_gvins.cc:534] Optimization costs 26.6116 ms with 10.5918 and 13.5966 with marginalization costs 1.1624
I0327 11:33:40.680713  1094 misc.cc:229] Redo INS mechanization at 372715.658933 to 372715.875556 is 0.216623 s
I0327 11:33:40.682132  1095 tracking.cc:451] Track 21 map points
I0327 11:33:40.684027  1095 tracking.cc:570] Track 59 reference points
I0327 11:33:40.686276  1095 tracking.cc:691] Add 132 new features to 80
I0327 11:33:40.719575  1095 tracking.cc:451] Track 15 map points
I0327 11:33:40.722079  1095 tracking.cc:570] Track 69 reference points
I0327 11:33:40.724454  1095 tracking.cc:691] Add 123 new features to 84
I0327 11:33:40.757341  1095 tracking.cc:451] Track 15 map points
I0327 11:33:40.759184  1095 tracking.cc:570] Track 75 reference points
I0327 11:33:40.759200  1095 tracking.cc:278] Keyframe at 372716.058993, mappoints 15, interval 0.40006, parallax 17.0572
I0327 11:33:40.759289  1095 tracking.cc:799] Triangulate 15 3D points with 58 left, 37 reset, 0 outtime and 2 outliers
I0327 11:33:40.762004  1095 tracking.cc:691] Add 118 new features to 88
I0327 11:33:40.762101  1095 ic_gvins.cc:610] Tracking cost 6.16365 ms
I0327 11:33:40.793119  1094 ic_gvins.cc:811] Insert keyframe 45 at 372716.058993 with 15 new mappoints
I0327 11:33:40.793908  1094 ic_gvins.cc:816] Add new keyframe time node at 372716.058993
I0327 11:33:40.793932  1094 ic_gvins.cc:926] Add new GNSS 372716.058932 align to 372716.058993
I0327 11:33:40.793953  1096 ic_gvins.cc:1917] Total 18 pose states from 372712.760831 to 372716.058993
I0327 11:33:40.794814  1096 ic_gvins.cc:1241] Add 17 preintegration, 4 GNSS, 206 reprojection
I0327 11:33:40.795472  1095 tracking.cc:451] Track 29 map points
I0327 11:33:40.797552  1095 tracking.cc:570] Track 55 reference points
I0327 11:33:40.799947  1095 tracking.cc:691] Add 125 new features to 84
I0327 11:33:40.804169  1096 ic_gvins.cc:1250] Ceres Solver Report: Iterations: 6, Initial cost: 6.991065e+03, Final cost: 1.501191e+03, Termination: NO_CONVERGENCE
I0327 11:33:40.804186  1096 ic_gvins.cc:1331] Detect 1 GNSS outliers at 372716.058993
I0327 11:33:40.804246  1096 ic_gvins.cc:1360] Remove 13 reprojection factors
I0327 11:33:40.818857  1096 ic_gvins.cc:1284] Ceres Solver Report: Iterations: 13, Initial cost: 4.515373e+02, Final cost: 4.463201e+02, Termination: CONVERGENCE
I0327 11:33:40.818972  1096 ic_gvins.cc:1188] Culled 6 mappoint with 11 bad observed features 0, 4, 2
I0327 11:33:40.819140  1096 ic_gvins.cc:1494] Marginalize 1 states, last time 372712.858447
I0327 11:33:40.820111  1096 ic_gvins.cc:534] Optimization costs 26.1662 ms with 9.31504 and 14.6156 with marginalization costs 0.987792
I0327 11:33:40.830682  1094 misc.cc:229] Redo INS mechanization at 372716.058993 to 372716.275520 is 0.216527 s
I0327 11:33:40.832054  1095 tracking.cc:451] Track 20 map points
I0327 11:33:40.833838  1095 tracking.cc:570] Track 60 reference points
I0327 11:33:40.836521  1095 tracking.cc:691] Add 129 new features to 80
I0327 11:33:40.869421  1095 tracking.cc:451] Track 19 map points
I0327 11:33:40.873152  1095 tracking.cc:570] Track 70 reference points
I0327 11:33:40.873162  1095 tracking.cc:278] Keyframe at 372716.359822, mappoints 19, interval 0.300829, parallax 15.4637
I0327 11:33:40.873239  1095 tracking.cc:799] Triangulate 12 3D points with 54 left, 32 reset, 0 outtime and 4 outliers
I0327 11:33:40.876070  1095 tracking.cc:691] Add 132 new features to 85
I0327 11:33:40.876197  1095 ic_gvins.cc:610] Tracking cost 8.24348 ms
I0327 11:33:40.905406  1094 ic_gvins.cc:811] Insert keyframe 46 at 372716.359822 with 12 new mappoints
I0327 11:33:40.906031  1094 ic_gvins.cc:816] Add new keyframe time node at 372716.359822
I0327 11:33:40.906884  1095 tracking.cc:451] Track 30 map points
I0327 11:33:40.907078  1096 ic_gvins.cc:1917] Total 18 pose states from 372712.858447 to 372716.359822
I0327 11:33:40.908349  1096 ic_gvins.cc:1241] Add 17 preintegration, 4 GNSS, 209 reprojection
I0327 11:33:40.908892  1095 tracking.cc:570] Track 61 reference points
I0327 11:33:40.916888  1096 ic_gvins.cc:1250] Ceres Solver Report: Iterations: 6, Initial cost: 6.558022e+03, Final cost: 2.057665e+03, Termination: NO_CONVERGENCE
I0327 11:33:40.917008  1096 ic_gvins.cc:1360] Remove 19 reprojection factors
I0327 11:33:40.919179  1095 tracking.cc:691] Add 128 new features to 91
I0327 11:33:40.930168  1096 ic_gvins.cc:1284] Ceres Solver Report: Iterations: 13, Initial cost: 4.577510e+02, Final cost: 4.516809e+02, Termination: CONVERGENCE
I0327 11:33:40.930663  1096 ic_gvins.cc:1188] Culled 9 mappoint with 17 bad observed features 0, 7, 2
I0327 11:33:40.931291  1096 ic_gvins.cc:1494] Marginalize 1 states, last time 372712.959187
I0327 11:33:40.932586  1096 ic_gvins.cc:534] Optimization costs 25.5179 ms with 8.55395 and 13.2437 with marginalization costs 1.48834
I0327 11:33:40.942853  1094 misc.cc:229] Redo INS mechanization at 372716.359822 to 372716.575566 is 0.215744 s
I0327 11:33:40.944465  1095 tracking.cc:451] Track 21 map points
I0327 11:33:40.948024  1095 tracking.cc:570] Track 64 reference points
I0327 11:33:40.950500  1095 tracking.cc:691] Add 130 new features to 85
I0327 11:33:40.981704  1095 tracking.cc:451] Track 21 map points
I0327 11:33:40.983606  1095 tracking.cc:570] Track 71 reference points
I0327 11:33:40.983614  1095 tracking.cc:278] Keyframe at 372716.659204, mappoints 21, interval 0.299382, parallax 18.8985
I0327 11:33:40.983702  1095 tracking.cc:799] Triangulate 17 3D points with 53 left, 29 reset, 0 outtime and 1 outliers
I0327 11:33:40.986317  1095 tracking.cc:691] Add 120 new features to 91
I0327 11:33:40.986471  1095 ic_gvins.cc:610] Tracking cost 6.34037 ms
I0327 11:33:41.017719  1094 ic_gvins.cc:811] Insert keyframe 47 at 372716.659204 with 17 new mappoints
I0327 11:33:41.018249  1094 ic_gvins.cc:816] Add new keyframe time node at 372716.659204
I0327 11:33:41.018265  1096 ic_gvins.cc:1917] Total 18 pose states from 372712.959187 to 372716.659204
I0327 11:33:41.018911  1096 ic_gvins.cc:1241] Add 17 preintegration, 4 GNSS, 206 reprojection
I0327 11:33:41.022408  1095 tracking.cc:451] Track 30 map points
I0327 11:33:41.026686  1095 tracking.cc:570] Track 59 reference points
I0327 11:33:41.031141  1095 tracking.cc:691] Add 124 new features to 89
I0327 11:33:41.034315  1096 ic_gvins.cc:1250] Ceres Solver Report: Iterations: 6, Initial cost: 1.507543e+04, Final cost: 1.560200e+03, Termination: NO_CONVERGENCE
I0327 11:33:41.034394  1096 ic_gvins.cc:1360] Remove 19 reprojection factors
I0327 11:33:41.045680  1096 ic_gvins.cc:1284] Ceres Solver Report: Iterations: 13, Initial cost: 4.709370e+02, Final cost: 4.636621e+02, Termination: CONVERGENCE
I0327 11:33:41.045814  1096 ic_gvins.cc:1188] Culled 5 mappoint with 15 bad observed features 0, 4, 1
I0327 11:33:41.046042  1096 ic_gvins.cc:1494] Marginalize 1 states, last time 372713.059642
I0327 11:33:41.046768  1096 ic_gvins.cc:534] Optimization costs 28.5133 ms with 15.4108 and 11.2869 with marginalization costs 0.766561
I0327 11:33:41.056908  1094 misc.cc:229] Redo INS mechanization at 372716.659204 to 372716.875551 is 0.216347 s
I0327 11:33:41.058383  1095 tracking.cc:451] Track 22 map points
I0327 11:33:41.060910  1095 tracking.cc:570] Track 68 reference points
I0327 11:33:41.063689  1095 tracking.cc:691] Add 125 new features to 90
I0327 11:33:41.097079  1095 tracking.cc:451] Track 21 map points
I0327 11:33:41.099665  1095 tracking.cc:570] Track 69 reference points
I0327 11:33:41.099673  1095 tracking.cc:278] Keyframe at 372716.959095, mappoints 21, interval 0.299891, parallax 17.8693
I0327 11:33:41.099756  1095 tracking.cc:799] Triangulate 18 3D points with 50 left, 27 reset, 0 outtime and 1 outliers
I0327 11:33:41.101745  1095 tracking.cc:691] Add 128 new features to 89
I0327 11:33:41.101831  1095 ic_gvins.cc:610] Tracking cost 6.77771 ms
I0327 11:33:41.133486  1094 ic_gvins.cc:811] Insert keyframe 48 at 372716.959095 with 18 new mappoints
I0327 11:33:41.134593  1094 ic_gvins.cc:816] Add new keyframe time node at 372716.959095
I0327 11:33:41.134651  1096 ic_gvins.cc:1917] Total 18 pose states from 372713.059642 to 372716.959095
I0327 11:33:41.135725  1096 ic_gvins.cc:1241] Add 17 preintegration, 3 GNSS, 226 reprojection
I0327 11:33:41.136097  1095 tracking.cc:451] Track 36 map points
I0327 11:33:41.138235  1095 tracking.cc:570] Track 47 reference points
I0327 11:33:41.140857  1095 tracking.cc:691] Add 128 new features to 83
I0327 11:33:41.145305  1096 ic_gvins.cc:1250] Ceres Solver Report: Iterations: 6, Initial cost: 3.610273e+04, Final cost: 2.986507e+03, Termination: NO_CONVERGENCE
I0327 11:33:41.145388  1096 ic_gvins.cc:1360] Remove 21 reprojection factors
I0327 11:33:41.156078  1096 ic_gvins.cc:1284] Ceres Solver Report: Iterations: 13, Initial cost: 4.882502e+02, Final cost: 4.801907e+02, Termination: CONVERGENCE
I0327 11:33:41.156265  1096 ic_gvins.cc:1188] Culled 13 mappoint with 18 bad observed features 0, 9, 4
I0327 11:33:41.156540  1096 ic_gvins.cc:1494] Marginalize 1 states, last time 372713.159846
I0327 11:33:41.157258  1096 ic_gvins.cc:534] Optimization costs 22.6264 ms with 9.591 and 10.7016 with marginalization costs 0.782124
W0327 11:33:41.172241  1060 fusion_raw.cc:441] gnss is disabled!!!!!
I0327 11:33:41.172416  1094 misc.cc:229] Redo INS mechanization at 372716.959095 to 372717.175486 is 0.216391 s
I0327 11:33:41.175760  1095 tracking.cc:451] Track 23 map points
I0327 11:33:41.177683  1095 tracking.cc:570] Track 49 reference points
I0327 11:33:41.179996  1095 tracking.cc:691] Add 141 new features to 72
I0327 11:33:41.213965  1095 tracking.cc:451] Track 23 map points
I0327 11:33:41.218628  1095 tracking.cc:570] Track 63 reference points
I0327 11:33:41.218678  1095 tracking.cc:278] Keyframe at 372717.259244, mappoints 23, interval 0.300149, parallax 17.4019
I0327 11:33:41.218876  1095 tracking.cc:799] Triangulate 20 3D points with 41 left, 33 reset, 0 outtime and 2 outliers
I0327 11:33:41.235491  1095 tracking.cc:691] Add 130 new features to 84
I0327 11:33:41.236308  1095 ic_gvins.cc:610] Tracking cost 25.9312 ms
I0327 11:33:41.247982  1094 ic_gvins.cc:811] Insert keyframe 49 at 372717.259244 with 20 new mappoints
I0327 11:33:41.248569  1094 ic_gvins.cc:816] Add new keyframe time node at 372717.259244
I0327 11:33:41.248596  1096 ic_gvins.cc:1917] Total 18 pose states from 372713.159846 to 372717.259244
I0327 11:33:41.249516  1096 ic_gvins.cc:1241] Add 17 preintegration, 3 GNSS, 231 reprojection
I0327 11:33:41.250568  1095 tracking.cc:451] Track 40 map points
I0327 11:33:41.254310  1095 tracking.cc:570] Track 39 reference points
I0327 11:33:41.256827  1095 tracking.cc:691] Add 133 new features to 79
I0327 11:33:41.259398  1096 ic_gvins.cc:1250] Ceres Solver Report: Iterations: 6, Initial cost: 3.431971e+04, Final cost: 4.912226e+03, Termination: NO_CONVERGENCE
I0327 11:33:41.259510  1096 ic_gvins.cc:1360] Remove 23 reprojection factors
I0327 11:33:41.269165  1096 ic_gvins.cc:1284] Ceres Solver Report: Iterations: 12, Initial cost: 4.868104e+02, Final cost: 4.763013e+02, Termination: CONVERGENCE
I0327 11:33:41.269289  1096 ic_gvins.cc:1188] Culled 16 mappoint with 21 bad observed features 0, 13, 3
I0327 11:33:41.269505  1096 ic_gvins.cc:1494] Marginalize 1 states, last time 372713.359437
I0327 11:33:41.270120  1096 ic_gvins.cc:534] Optimization costs 21.5302 ms with 9.87926 and 9.65646 with marginalization costs 0.619859
I0327 11:33:41.285405  1094 misc.cc:229] Redo INS mechanization at 372717.259244 to 372717.475501 is 0.216257 s
I0327 11:33:41.286810  1095 tracking.cc:451] Track 22 map points
I0327 11:33:41.288710  1095 tracking.cc:570] Track 53 reference points
I0327 11:33:41.291111  1095 tracking.cc:691] Add 138 new features to 75
I0327 11:33:41.324519  1095 tracking.cc:451] Track 21 map points
I0327 11:33:41.328333  1095 tracking.cc:570] Track 53 reference points
I0327 11:33:41.328341  1095 tracking.cc:278] Keyframe at 372717.559232, mappoints 21, interval 0.299988, parallax 19.5951
I0327 11:33:41.328402  1095 tracking.cc:799] Triangulate 10 3D points with 43 left, 27 reset, 0 outtime and 0 outliers
I0327 11:33:41.330915  1095 tracking.cc:691] Add 140 new features to 74
I0327 11:33:41.331037  1095 ic_gvins.cc:610] Tracking cost 8.15571 ms
I0327 11:33:41.360340  1094 ic_gvins.cc:811] Insert keyframe 50 at 372717.559232 with 10 new mappoints
I0327 11:33:41.360971  1094 ic_gvins.cc:816] Add new keyframe time node at 372717.559232
I0327 11:33:41.360991  1096 ic_gvins.cc:1917] Total 18 pose states from 372713.359437 to 372717.559232
I0327 11:33:41.361897  1096 ic_gvins.cc:1241] Add 17 preintegration, 3 GNSS, 222 reprojection
I0327 11:33:41.362309  1095 tracking.cc:451] Track 29 map points
I0327 11:33:41.364537  1095 tracking.cc:570] Track 42 reference points
I0327 11:33:41.367130  1095 tracking.cc:691] Add 144 new features to 71
I0327 11:33:41.370384  1096 ic_gvins.cc:1250] Ceres Solver Report: Iterations: 6, Initial cost: 1.716760e+04, Final cost: 1.687008e+03, Termination: NO_CONVERGENCE
I0327 11:33:41.370461  1096 ic_gvins.cc:1360] Remove 14 reprojection factors
I0327 11:33:41.380280  1096 ic_gvins.cc:1284] Ceres Solver Report: Iterations: 12, Initial cost: 4.800751e+02, Final cost: 4.754290e+02, Termination: CONVERGENCE
I0327 11:33:41.380394  1096 ic_gvins.cc:1188] Culled 6 mappoint with 11 bad observed features 0, 4, 2
I0327 11:33:41.380555  1096 ic_gvins.cc:1494] Marginalize 1 states, last time 372713.559444
I0327 11:33:41.381220  1096 ic_gvins.cc:534] Optimization costs 20.2389 ms with 8.49655 and 9.81934 with marginalization costs 0.680909
I0327 11:33:41.398384  1094 misc.cc:229] Redo INS mechanization at 372717.559232 to 372717.775476 is 0.216244 s
I0327 11:33:41.400408  1095 tracking.cc:451] Track 17 map points
I0327 11:33:41.404232  1095 tracking.cc:570] Track 46 reference points
I0327 11:33:41.415603  1095 tracking.cc:691] Add 151 new features to 63
I0327 11:33:41.439347  1095 tracking.cc:451] Track 14 map points
I0327 11:33:41.441614  1095 tracking.cc:570] Track 54 reference points
I0327 11:33:41.441630  1095 tracking.cc:278] Keyframe at 372717.859451, mappoints 14, interval 0.300219, parallax 17.6518
I0327 11:33:41.441711  1095 tracking.cc:799] Triangulate 9 3D points with 43 left, 26 reset, 1 outtime and 1 outliers
I0327 11:33:41.443957  1095 tracking.cc:691] Add 149 new features to 66
I0327 11:33:41.444052  1095 ic_gvins.cc:610] Tracking cost 6.6917 ms
I0327 11:33:41.475889  1094 ic_gvins.cc:811] Insert keyframe 51 at 372717.859451 with 9 new mappoints
I0327 11:33:41.476569  1094 ic_gvins.cc:816] Add new keyframe time node at 372717.859451
I0327 11:33:41.476641  1096 ic_gvins.cc:1917] Total 18 pose states from 372713.559444 to 372717.859451
I0327 11:33:41.477303  1096 ic_gvins.cc:1241] Add 17 preintegration, 3 GNSS, 177 reprojection
I0327 11:33:41.480849  1095 tracking.cc:451] Track 22 map points
I0327 11:33:41.483283  1096 ic_gvins.cc:1250] Ceres Solver Report: Iterations: 6, Initial cost: 1.871747e+04, Final cost: 1.573576e+03, Termination: NO_CONVERGENCE
I0327 11:33:41.483386  1096 ic_gvins.cc:1360] Remove 7 reprojection factors
I0327 11:33:41.484426  1095 tracking.cc:570] Track 59 reference points
I0327 11:33:41.486518  1095 tracking.cc:691] Add 136 new features to 81
I0327 11:33:41.495520  1096 ic_gvins.cc:1284] Ceres Solver Report: Iterations: 13, Initial cost: 4.754882e+02, Final cost: 4.731508e+02, Termination: CONVERGENCE
I0327 11:33:41.495626  1096 ic_gvins.cc:1188] Culled 4 mappoint with 7 bad observed features 0, 4, 0
I0327 11:33:41.495800  1096 ic_gvins.cc:1494] Marginalize 1 states, last time 372713.759257
I0327 11:33:41.496251  1096 ic_gvins.cc:534] Optimization costs 19.6214 ms with 6.00744 and 12.1414 with marginalization costs 0.454375
I0327 11:33:41.513444  1094 misc.cc:229] Redo INS mechanization at 372717.859451 to 372718.075465 is 0.216014 s
I0327 11:33:41.515507  1095 tracking.cc:451] Track 18 map points
I0327 11:33:41.517663  1095 tracking.cc:570] Track 49 reference points
I0327 11:33:41.517720  1095 tracking.cc:278] Keyframe at 372718.059259, mappoints 18, interval 0.199808, parallax 20.8826
I0327 11:33:41.517817  1095 tracking.cc:799] Triangulate 14 3D points with 32 left, 12 reset, 0 outtime and 3 outliers
I0327 11:33:41.520550  1095 tracking.cc:691] Add 154 new features to 64
