I0327 11:33:41.520808  1095 ic_gvins.cc:610] Tracking cost 7.4347 ms
W0327 11:33:41.550906  1060 fusion_raw.cc:441] gnss is disabled!!!!!
I0327 11:33:41.550948  1094 ic_gvins.cc:811] Insert keyframe 52 at 372718.059259 with 14 new mappoints
I0327 11:33:41.551339  1094 ic_gvins.cc:816] Add new keyframe time node at 372718.059259
I0327 11:33:41.551357  1096 ic_gvins.cc:1917] Total 18 pose states from 372713.759257 to 372718.059259
I0327 11:33:41.552011  1096 ic_gvins.cc:1241] Add 17 preintegration, 3 GNSS, 198 reprojection
I0327 11:33:41.557770  1095 tracking.cc:451] Track 28 map points
I0327 11:33:41.561949  1095 tracking.cc:570] Track 50 reference points
I0327 11:33:41.564254  1095 tracking.cc:691] Add 141 new features to 78
I0327 11:33:41.565079  1096 ic_gvins.cc:1250] Ceres Solver Report: Iterations: 6, Initial cost: 5.571660e+03, Final cost: 8.134458e+02, Termination: NO_CONVERGENCE
I0327 11:33:41.565171  1096 ic_gvins.cc:1360] Remove 8 reprojection factors
I0327 11:33:41.575615  1096 ic_gvins.cc:1284] Ceres Solver Report: Iterations: 13, Initial cost: 4.830539e+02, Final cost: 4.794992e+02, Termination: CONVERGENCE
I0327 11:33:41.575733  1096 ic_gvins.cc:1188] Culled 6 mappoint with 8 bad observed features 0, 4, 2
I0327 11:33:41.575924  1096 ic_gvins.cc:1494] Marginalize 1 states, last time 372713.959011
I0327 11:33:41.576390  1096 ic_gvins.cc:534] Optimization costs 25.0412 ms with 13.076 and 10.4489 with marginalization costs 0.475316
I0327 11:33:41.588378  1094 misc.cc:229] Redo INS mechanization at 372718.059259 to 372718.275459 is 0.216199 s
I0327 11:33:41.589938  1095 tracking.cc:451] Track 21 map points
I0327 11:33:41.592096  1095 tracking.cc:570] Track 51 reference points
I0327 11:33:41.592113  1095 tracking.cc:278] Keyframe at 372718.259577, mappoints 21, interval 0.200318, parallax 19.6348
I0327 11:33:41.592212  1095 tracking.cc:799] Triangulate 12 3D points with 33 left, 15 reset, 0 outtime and 6 outliers
I0327 11:33:41.616174  1095 tracking.cc:691] Add 152 new features to 66
I0327 11:33:41.616269  1095 ic_gvins.cc:610] Tracking cost 27.9575 ms
I0327 11:33:41.625887  1094 ic_gvins.cc:811] Insert keyframe 53 at 372718.259577 with 12 new mappoints
I0327 11:33:41.626314  1094 ic_gvins.cc:816] Add new keyframe time node at 372718.259577
I0327 11:33:41.626349  1096 ic_gvins.cc:1917] Total 18 pose states from 372713.959011 to 372718.259577
I0327 11:33:41.627321  1096 ic_gvins.cc:1241] Add 17 preintegration, 3 GNSS, 198 reprojection
I0327 11:33:41.627583  1095 tracking.cc:451] Track 28 map points
I0327 11:33:41.629858  1095 tracking.cc:570] Track 48 reference points
I0327 11:33:41.632113  1095 tracking.cc:691] Add 144 new features to 76
I0327 11:33:41.635802  1096 ic_gvins.cc:1250] Ceres Solver Report: Iterations: 6, Initial cost: 2.287890e+03, Final cost: 5.008953e+02, Termination: NO_CONVERGENCE
I0327 11:33:41.636430  1096 ic_gvins.cc:1360] Remove 8 reprojection factors
I0327 11:33:41.646126  1096 ic_gvins.cc:1284] Ceres Solver Report: Iterations: 12, Initial cost: 4.721144e+02, Final cost: 4.699636e+02, Termination: CONVERGENCE
I0327 11:33:41.646239  1096 ic_gvins.cc:1188] Culled 2 mappoint with 5 bad observed features 0, 0, 2
I0327 11:33:41.646410  1096 ic_gvins.cc:1494] Marginalize 2 states, last time 372714.158801
I0327 11:33:41.646917  1096 ic_gvins.cc:534] Optimization costs 20.5813 ms with 8.96686 and 9.67274 with marginalization costs 0.536453
I0327 11:33:41.663427  1094 misc.cc:229] Redo INS mechanization at 372718.259577 to 372718.475442 is 0.215865 s
I0327 11:33:41.665966  1095 tracking.cc:451] Track 22 map points
I0327 11:33:41.667933  1095 tracking.cc:570] Track 61 reference points
I0327 11:33:41.667981  1095 tracking.cc:278] Keyframe at 372718.459845, mappoints 22, interval 0.200268, parallax 18.2643
I0327 11:33:41.668080  1095 tracking.cc:799] Triangulate 16 3D points with 45 left, 22 reset, 0 outtime and 0 outliers
I0327 11:33:41.673170  1095 tracking.cc:691] Add 134 new features to 83
I0327 11:33:41.673434  1095 ic_gvins.cc:610] Tracking cost 9.54484 ms
I0327 11:33:41.700971  1094 ic_gvins.cc:811] Insert keyframe 54 at 372718.459845 with 16 new mappoints
I0327 11:33:41.701403  1094 ic_gvins.cc:816] Add new keyframe time node at 372718.459845
I0327 11:33:41.701490  1096 ic_gvins.cc:1917] Total 17 pose states from 372714.158801 to 372718.459845
I0327 11:33:41.702482  1096 ic_gvins.cc:1241] Add 16 preintegration, 2 GNSS, 212 reprojection
I0327 11:33:41.702733  1095 tracking.cc:451] Track 37 map points
I0327 11:33:41.705991  1095 tracking.cc:570] Track 48 reference points
I0327 11:33:41.708779  1095 tracking.cc:691] Add 130 new features to 85
I0327 11:33:41.711125  1096 ic_gvins.cc:1250] Ceres Solver Report: Iterations: 6, Initial cost: 9.350928e+03, Final cost: 9.730627e+02, Termination: NO_CONVERGENCE
I0327 11:33:41.711207  1096 ic_gvins.cc:1360] Remove 11 reprojection factors
I0327 11:33:41.723381  1096 ic_gvins.cc:1284] Ceres Solver Report: Iterations: 12, Initial cost: 4.702048e+02, Final cost: 4.650346e+02, Termination: CONVERGENCE
I0327 11:33:41.723594  1096 ic_gvins.cc:1188] Culled 3 mappoint with 9 bad observed features 0, 2, 1
I0327 11:33:41.723800  1096 ic_gvins.cc:1494] Marginalize 1 states, last time 372714.458739
I0327 11:33:41.724223  1096 ic_gvins.cc:534] Optimization costs 22.7391 ms with 8.65455 and 12.2006 with marginalization costs 0.438145
I0327 11:33:41.738463  1094 misc.cc:229] Redo INS mechanization at 372718.459845 to 372718.675473 is 0.215628 s
I0327 11:33:41.740423  1095 tracking.cc:451] Track 34 map points
I0327 11:33:41.742319  1095 tracking.cc:570] Track 47 reference points
I0327 11:33:41.742326  1095 tracking.cc:278] Keyframe at 372718.659952, mappoints 34, interval 0.200108, parallax 16.4898
I0327 11:33:41.742398  1095 tracking.cc:799] Triangulate 21 3D points with 26 left, 9 reset, 0 outtime and 0 outliers
I0327 11:33:41.744477  1095 tracking.cc:691] Add 138 new features to 81
I0327 11:33:41.744586  1095 ic_gvins.cc:610] Tracking cost 5.65253 ms
I0327 11:33:41.775910  1094 ic_gvins.cc:811] Insert keyframe 55 at 372718.659952 with 21 new mappoints
I0327 11:33:41.776278  1094 ic_gvins.cc:816] Add new keyframe time node at 372718.659952
I0327 11:33:41.776293  1096 ic_gvins.cc:1917] Total 17 pose states from 372714.458739 to 372718.659952
I0327 11:33:41.777133  1096 ic_gvins.cc:1241] Add 16 preintegration, 2 GNSS, 242 reprojection
I0327 11:33:41.778012  1095 tracking.cc:451] Track 48 map points
I0327 11:33:41.779867  1095 tracking.cc:570] Track 39 reference points
I0327 11:33:41.786329  1096 ic_gvins.cc:1250] Ceres Solver Report: Iterations: 6, Initial cost: 7.332584e+03, Final cost: 8.814339e+02, Termination: NO_CONVERGENCE
I0327 11:33:41.786445  1096 ic_gvins.cc:1360] Remove 14 reprojection factors
I0327 11:33:41.793583  1095 tracking.cc:691] Add 127 new features to 87
I0327 11:33:41.802070  1096 ic_gvins.cc:1284] Ceres Solver Report: Iterations: 13, Initial cost: 4.678430e+02, Final cost: 4.618152e+02, Termination: CONVERGENCE
I0327 11:33:41.802201  1096 ic_gvins.cc:1188] Culled 4 mappoint with 9 bad observed features 0, 2, 2
I0327 11:33:41.802387  1096 ic_gvins.cc:1494] Marginalize 1 states, last time 372714.658536
I0327 11:33:41.802879  1096 ic_gvins.cc:534] Optimization costs 26.5938 ms with 9.20737 and 15.6328 with marginalization costs 0.471654
I0327 11:33:41.813331  1094 misc.cc:229] Redo INS mechanization at 372718.659952 to 372718.875440 is 0.215488 s
I0327 11:33:41.814975  1095 tracking.cc:451] Track 42 map points
I0327 11:33:41.816812  1095 tracking.cc:570] Track 48 reference points
I0327 11:33:41.819130  1095 tracking.cc:691] Add 123 new features to 90
I0327 11:33:41.852995  1095 tracking.cc:451] Track 37 map points
I0327 11:33:41.854861  1095 tracking.cc:570] Track 50 reference points
I0327 11:33:41.854871  1095 tracking.cc:278] Keyframe at 372718.959872, mappoints 37, interval 0.299919, parallax 21.6255
I0327 11:33:41.854964  1095 tracking.cc:799] Triangulate 19 3D points with 31 left, 25 reset, 0 outtime and 0 outliers
I0327 11:33:41.857313  1095 tracking.cc:691] Add 129 new features to 87
I0327 11:33:41.857451  1095 ic_gvins.cc:610] Tracking cost 6.57394 ms
I0327 11:33:41.888244  1094 ic_gvins.cc:811] Insert keyframe 56 at 372718.959872 with 19 new mappoints
I0327 11:33:41.888837  1094 ic_gvins.cc:816] Add new keyframe time node at 372718.959872
I0327 11:33:41.889065  1096 ic_gvins.cc:1917] Total 17 pose states from 372714.658536 to 372718.959872
I0327 11:33:41.889953  1095 tracking.cc:451] Track 48 map points
I0327 11:33:41.890054  1096 ic_gvins.cc:1241] Add 16 preintegration, 2 GNSS, 268 reprojection
I0327 11:33:41.891983  1095 tracking.cc:570] Track 39 reference points
I0327 11:33:41.894348  1095 tracking.cc:691] Add 125 new features to 87
I0327 11:33:41.898198  1096 ic_gvins.cc:1250] Ceres Solver Report: Iterations: 6, Initial cost: 6.748930e+03, Final cost: 1.069886e+03, Termination: NO_CONVERGENCE
I0327 11:33:41.898285  1096 ic_gvins.cc:1360] Remove 18 reprojection factors
I0327 11:33:41.907243  1096 ic_gvins.cc:1284] Ceres Solver Report: Iterations: 13, Initial cost: 4.817943e+02, Final cost: 4.779297e+02, Termination: CONVERGENCE
I0327 11:33:41.907370  1096 ic_gvins.cc:1188] Culled 10 mappoint with 15 bad observed features 0, 7, 3
I0327 11:33:41.907554  1096 ic_gvins.cc:1494] Marginalize 1 states, last time 372714.958700
I0327 11:33:41.907842  1096 ic_gvins.cc:534] Optimization costs 18.785 ms with 8.15264 and 8.9581 with marginalization costs 0.269497
I0327 11:33:41.925693  1094 misc.cc:229] Redo INS mechanization at 372718.959872 to 372719.175432 is 0.21556 s
I0327 11:33:41.927183  1095 tracking.cc:451] Track 37 map points
I0327 11:33:41.929828  1095 tracking.cc:570] Track 46 reference points
I0327 11:33:41.931793  1095 tracking.cc:691] Add 133 new features to 83
I0327 11:33:41.964797  1095 tracking.cc:451] Track 33 map points
I0327 11:33:41.966848  1095 tracking.cc:570] Track 54 reference points
I0327 11:33:41.966854  1095 tracking.cc:278] Keyframe at 372719.260081, mappoints 33, interval 0.30021, parallax 20.3251
I0327 11:33:41.966926  1095 tracking.cc:799] Triangulate 14 3D points with 40 left, 32 reset, 0 outtime and 0 outliers
I0327 11:33:41.970351  1095 tracking.cc:691] Add 132 new features to 87
I0327 11:33:41.970441  1095 ic_gvins.cc:610] Tracking cost 7.16077 ms
I0327 11:33:42.000859  1094 ic_gvins.cc:811] Insert keyframe 57 at 372719.260081 with 14 new mappoints
I0327 11:33:42.001399  1094 ic_gvins.cc:816] Add new keyframe time node at 372719.260081
I0327 11:33:42.001575  1096 ic_gvins.cc:1917] Total 17 pose states from 372714.958700 to 372719.260081
I0327 11:33:42.002547  1096 ic_gvins.cc:1241] Add 16 preintegration, 2 GNSS, 292 reprojection
I0327 11:33:42.003113  1095 tracking.cc:451] Track 39 map points
I0327 11:33:42.005111  1095 tracking.cc:570] Track 41 reference points
I0327 11:33:42.007496  1095 tracking.cc:691] Add 139 new features to 80
I0327 11:33:42.011229  1096 ic_gvins.cc:1250] Ceres Solver Report: Iterations: 6, Initial cost: 6.704699e+03, Final cost: 9.265829e+02, Termination: NO_CONVERGENCE
I0327 11:33:42.011317  1096 ic_gvins.cc:1360] Remove 8 reprojection factors
I0327 11:33:42.020696  1096 ic_gvins.cc:1284] Ceres Solver Report: Iterations: 13, Initial cost: 4.979387e+02, Final cost: 4.921647e+02, Termination: CONVERGENCE
I0327 11:33:42.020829  1096 ic_gvins.cc:1188] Culled 5 mappoint with 8 bad observed features 0, 2, 3
I0327 11:33:42.020992  1096 ic_gvins.cc:1494] Marginalize 2 states, last time 372715.358601
I0327 11:33:42.021338  1096 ic_gvins.cc:534] Optimization costs 19.7701 ms with 8.6905 and 9.38153 with marginalization costs 0.343993
I0327 11:33:42.038901  1094 misc.cc:229] Redo INS mechanization at 372719.260081 to 372719.475448 is 0.215366 s
I0327 11:33:42.040499  1095 tracking.cc:451] Track 30 map points
I0327 11:33:42.043061  1095 tracking.cc:570] Track 55 reference points
I0327 11:33:42.043076  1095 tracking.cc:278] Keyframe at 372719.459702, mappoints 30, interval 0.199621, parallax 15.5116
I0327 11:33:42.043154  1095 tracking.cc:799] Triangulate 12 3D points with 38 left, 23 reset, 0 outtime and 5 outliers
I0327 11:33:42.045379  1095 tracking.cc:691] Add 140 new features to 80
I0327 11:33:42.045644  1095 ic_gvins.cc:610] Tracking cost 6.79187 ms
I0327 11:33:42.078150  1094 ic_gvins.cc:811] Insert keyframe 58 at 372719.459702 with 12 new mappoints
I0327 11:33:42.078569  1094 ic_gvins.cc:816] Add new keyframe time node at 372719.459702
I0327 11:33:42.078586  1096 ic_gvins.cc:1917] Total 16 pose states from 372715.358601 to 372719.459702
I0327 11:33:42.079741  1096 ic_gvins.cc:1241] Add 15 preintegration, 1 GNSS, 307 reprojection
I0327 11:33:42.080606  1095 tracking.cc:451] Track 38 map points
I0327 11:33:42.082589  1095 tracking.cc:570] Track 57 reference points
I0327 11:33:42.084709  1095 tracking.cc:691] Add 128 new features to 95
I0327 11:33:42.087404  1096 ic_gvins.cc:1250] Ceres Solver Report: Iterations: 6, Initial cost: 2.319850e+03, Final cost: 5.009872e+02, Termination: NO_CONVERGENCE
I0327 11:33:42.087493  1096 ic_gvins.cc:1360] Remove 5 reprojection factors
I0327 11:33:42.096808  1096 ic_gvins.cc:1284] Ceres Solver Report: Iterations: 12, Initial cost: 4.784297e+02, Final cost: 4.715665e+02, Termination: CONVERGENCE
I0327 11:33:42.096944  1096 ic_gvins.cc:1188] Culled 2 mappoint with 5 bad observed features 0, 1, 1
I0327 11:33:42.097115  1096 ic_gvins.cc:1494] Marginalize 1 states, last time 372715.658933
I0327 11:33:42.097630  1096 ic_gvins.cc:534] Optimization costs 19.0512 ms with 7.65197 and 9.31825 with marginalization costs 0.518064
I0327 11:33:42.117650  1094 misc.cc:229] Redo INS mechanization at 372719.459702 to 372719.675457 is 0.215754 s
I0327 11:33:42.119762  1095 tracking.cc:451] Track 34 map points
I0327 11:33:42.121681  1095 tracking.cc:570] Track 57 reference points
I0327 11:33:42.121688  1095 tracking.cc:278] Keyframe at 372719.660004, mappoints 34, interval 0.200302, parallax 17.3698
I0327 11:33:42.121768  1095 tracking.cc:799] Triangulate 17 3D points with 32 left, 16 reset, 0 outtime and 8 outliers
I0327 11:33:42.123966  1095 tracking.cc:691] Add 135 new features to 83
I0327 11:33:42.124104  1095 ic_gvins.cc:610] Tracking cost 6.48441 ms
I0327 11:33:42.156966  1094 ic_gvins.cc:811] Insert keyframe 59 at 372719.660004 with 17 new mappoints
I0327 11:33:42.157402  1094 ic_gvins.cc:816] Add new keyframe time node at 372719.660004
I0327 11:33:42.157476  1096 ic_gvins.cc:1917] Total 16 pose states from 372715.658933 to 372719.660004
I0327 11:33:42.158638  1096 ic_gvins.cc:1241] Add 15 preintegration, 1 GNSS, 325 reprojection
I0327 11:33:42.158710  1095 tracking.cc:451] Track 47 map points
I0327 11:33:42.161163  1095 tracking.cc:570] Track 42 reference points
I0327 11:33:42.163372  1095 tracking.cc:691] Add 131 new features to 89
I0327 11:33:42.166275  1096 ic_gvins.cc:1250] Ceres Solver Report: Iterations: 6, Initial cost: 5.712688e+02, Final cost: 5.385697e+02, Termination: NO_CONVERGENCE
I0327 11:33:42.166419  1096 ic_gvins.cc:1360] Remove 5 reprojection factors
I0327 11:33:42.175819  1096 ic_gvins.cc:1284] Ceres Solver Report: Iterations: 12, Initial cost: 4.743709e+02, Final cost: 4.722880e+02, Termination: CONVERGENCE
I0327 11:33:42.175967  1096 ic_gvins.cc:1188] Culled 3 mappoint with 4 bad observed features 0, 1, 2
I0327 11:33:42.176165  1096 ic_gvins.cc:1494] Marginalize 1 states, last time 372716.058993
I0327 11:33:42.176720  1096 ic_gvins.cc:534] Optimization costs 19.2529 ms with 7.681 and 9.40725 with marginalization costs 0.551194
I0327 11:33:42.196573  1094 misc.cc:229] Redo INS mechanization at 372719.660004 to 372719.875386 is 0.215382 s
I0327 11:33:42.199036  1095 tracking.cc:451] Track 40 map points
I0327 11:33:42.201156  1095 tracking.cc:570] Track 45 reference points
I0327 11:33:42.201166  1095 tracking.cc:278] Keyframe at 372719.859956, mappoints 40, interval 0.199952, parallax 18.7635
I0327 11:33:42.201236  1095 tracking.cc:799] Triangulate 11 3D points with 32 left, 15 reset, 0 outtime and 2 outliers
I0327 11:33:42.203635  1095 tracking.cc:691] Add 137 new features to 83
I0327 11:33:42.203727  1095 ic_gvins.cc:610] Tracking cost 7.20371 ms
I0327 11:33:42.234630  1094 ic_gvins.cc:811] Insert keyframe 60 at 372719.859956 with 11 new mappoints
I0327 11:33:42.235358  1094 ic_gvins.cc:816] Add new keyframe time node at 372719.859956
I0327 11:33:42.235426  1096 ic_gvins.cc:1917] Total 16 pose states from 372716.058993 to 372719.859956
I0327 11:33:42.237440  1096 ic_gvins.cc:1241] Add 15 preintegration, 0 GNSS, 349 reprojection
I0327 11:33:42.242456  1095 tracking.cc:451] Track 41 map points
I0327 11:33:42.247361  1095 tracking.cc:570] Track 45 reference points
I0327 11:33:42.250340  1095 tracking.cc:691] Add 134 new features to 86
I0327 11:33:42.253321  1096 ic_gvins.cc:1250] Ceres Solver Report: Iterations: 6, Initial cost: 4.952100e+03, Final cost: 7.928660e+02, Termination: NO_CONVERGENCE
I0327 11:33:42.253480  1096 ic_gvins.cc:1360] Remove 5 reprojection factors
I0327 11:33:42.266731  1096 ic_gvins.cc:1284] Ceres Solver Report: Iterations: 13, Initial cost: 4.486788e+02, Final cost: 4.461016e+02, Termination: CONVERGENCE
I0327 11:33:42.266960  1096 ic_gvins.cc:1188] Culled 4 mappoint with 4 bad observed features 0, 2, 2
I0327 11:33:42.267241  1096 ic_gvins.cc:1494] Marginalize 1 states, last time 372716.359822
I0327 11:33:42.268501  1096 ic_gvins.cc:534] Optimization costs 33.0992 ms with 15.8912 and 13.2634 with marginalization costs 1.28112
I0327 11:33:42.272758  1094 misc.cc:229] Redo INS mechanization at 372719.859956 to 372720.075448 is 0.215492 s
I0327 11:33:42.276662  1095 tracking.cc:451] Track 35 map points
I0327 11:33:42.280185  1095 tracking.cc:570] Track 51 reference points
I0327 11:33:42.282284  1095 tracking.cc:691] Add 137 new features to 86
I0327 11:33:42.312017  1095 tracking.cc:451] Track 33 map points
I0327 11:33:42.313939  1095 tracking.cc:570] Track 54 reference points
I0327 11:33:42.313946  1095 tracking.cc:278] Keyframe at 372720.160042, mappoints 33, interval 0.300086, parallax 22.0617
I0327 11:33:42.314019  1095 tracking.cc:799] Triangulate 15 3D points with 39 left, 30 reset, 0 outtime and 0 outliers
I0327 11:33:42.316121  1095 tracking.cc:691] Add 133 new features to 87
I0327 11:33:42.316213  1095 ic_gvins.cc:610] Tracking cost 5.70126 ms
I0327 11:33:42.348229  1094 ic_gvins.cc:811] Insert keyframe 61 at 372720.160042 with 15 new mappoints
I0327 11:33:42.348814  1094 ic_gvins.cc:816] Add new keyframe time node at 372720.160042
I0327 11:33:42.348898  1096 ic_gvins.cc:1917] Total 16 pose states from 372716.359822 to 372720.160042
I0327 11:33:42.349870  1095 tracking.cc:451] Track 44 map points
I0327 11:33:42.350085  1096 ic_gvins.cc:1241] Add 15 preintegration, 0 GNSS, 369 reprojection
I0327 11:33:42.353477  1095 tracking.cc:570] Track 42 reference points
I0327 11:33:42.355908  1095 tracking.cc:691] Add 139 new features to 86
I0327 11:33:42.360059  1096 ic_gvins.cc:1250] Ceres Solver Report: Iterations: 6, Initial cost: 5.691867e+03, Final cost: 1.239666e+03, Termination: NO_CONVERGENCE
I0327 11:33:42.360183  1096 ic_gvins.cc:1360] Remove 10 reprojection factors
I0327 11:33:42.371538  1096 ic_gvins.cc:1284] Ceres Solver Report: Iterations: 12, Initial cost: 4.581638e+02, Final cost: 4.545890e+02, Termination: CONVERGENCE
I0327 11:33:42.371701  1096 ic_gvins.cc:1188] Culled 7 mappoint with 9 bad observed features 0, 7, 0
I0327 11:33:42.371922  1096 ic_gvins.cc:1494] Marginalize 1 states, last time 372716.659204
I0327 11:33:42.372890  1096 ic_gvins.cc:534] Optimization costs 24.0073 ms with 10.004 and 11.3694 with marginalization costs 0.956472
I0327 11:33:42.386078  1094 misc.cc:229] Redo INS mechanization at 372720.160042 to 372720.375411 is 0.215369 s
I0327 11:33:42.389439  1095 tracking.cc:451] Track 33 map points
I0327 11:33:42.392997  1095 tracking.cc:570] Track 45 reference points
I0327 11:33:42.393009  1095 tracking.cc:278] Keyframe at 372720.360177, mappoints 33, interval 0.200135, parallax 18.4093
I0327 11:33:42.393371  1095 tracking.cc:799] Triangulate 5 3D points with 35 left, 22 reset, 0 outtime and 5 outliers
I0327 11:33:42.395754  1095 tracking.cc:691] Add 151 new features to 73
I0327 11:33:42.395870  1095 ic_gvins.cc:610] Tracking cost 9.86324 ms
I0327 11:33:42.425007  1094 ic_gvins.cc:811] Insert keyframe 62 at 372720.360177 with 5 new mappoints
I0327 11:33:42.425705  1094 ic_gvins.cc:816] Add new keyframe time node at 372720.360177
I0327 11:33:42.425747  1096 ic_gvins.cc:1917] Total 16 pose states from 372716.659204 to 372720.360177
I0327 11:33:42.427022  1095 tracking.cc:451] Track 35 map points
I0327 11:33:42.427109  1096 ic_gvins.cc:1241] Add 15 preintegration, 0 GNSS, 387 reprojection
I0327 11:33:42.431674  1095 tracking.cc:570] Track 62 reference points
I0327 11:33:42.434641  1095 tracking.cc:691] Add 132 new features to 97
I0327 11:33:42.440979  1096 ic_gvins.cc:1250] Ceres Solver Report: Iterations: 6, Initial cost: 2.521069e+03, Final cost: 5.623997e+02, Termination: NO_CONVERGENCE
I0327 11:33:42.441149  1096 ic_gvins.cc:1360] Remove 6 reprojection factors
I0327 11:33:42.454566  1096 ic_gvins.cc:1284] Ceres Solver Report: Iterations: 12, Initial cost: 4.592436e+02, Final cost: 4.565372e+02, Termination: CONVERGENCE
I0327 11:33:42.454725  1096 ic_gvins.cc:1188] Culled 4 mappoint with 4 bad observed features 0, 2, 2
I0327 11:33:42.454949  1096 ic_gvins.cc:1494] Marginalize 1 states, last time 372716.959095
I0327 11:33:42.455857  1096 ic_gvins.cc:534] Optimization costs 30.1259 ms with 13.9199 and 13.426 with marginalization costs 0.885517
I0327 11:33:42.462673  1094 misc.cc:229] Redo INS mechanization at 372720.360177 to 372720.575352 is 0.215175 s
I0327 11:33:42.464192  1095 tracking.cc:451] Track 26 map points
I0327 11:33:42.466063  1095 tracking.cc:570] Track 63 reference points
I0327 11:33:42.466069  1095 tracking.cc:278] Keyframe at 372720.560274, mappoints 26, interval 0.200097, parallax 18.4036
I0327 11:33:42.466152  1095 tracking.cc:799] Triangulate 20 3D points with 41 left, 18 reset, 0 outtime and 2 outliers
I0327 11:33:42.470348  1095 tracking.cc:691] Add 138 new features to 87
I0327 11:33:42.470448  1095 ic_gvins.cc:610] Tracking cost 7.80587 ms
I0327 11:33:42.500274  1094 ic_gvins.cc:811] Insert keyframe 63 at 372720.560274 with 20 new mappoints
I0327 11:33:42.500711  1094 ic_gvins.cc:816] Add new keyframe time node at 372720.560274
I0327 11:33:42.500794  1096 ic_gvins.cc:1917] Total 16 pose states from 372716.959095 to 372720.560274
I0327 11:33:42.501951  1095 tracking.cc:451] Track 39 map points
I0327 11:33:42.502075  1096 ic_gvins.cc:1241] Add 15 preintegration, 0 GNSS, 408 reprojection
I0327 11:33:42.504038  1095 tracking.cc:570] Track 48 reference points
I0327 11:33:42.506187  1095 tracking.cc:691] Add 139 new features to 87
I0327 11:33:42.511629  1096 ic_gvins.cc:1250] Ceres Solver Report: Iterations: 6, Initial cost: 5.005829e+02, Final cost: 4.742163e+02, Termination: NO_CONVERGENCE
I0327 11:33:42.511740  1096 ic_gvins.cc:1360] Remove 5 reprojection factors
I0327 11:33:42.522339  1096 ic_gvins.cc:1284] Ceres Solver Report: Iterations: 12, Initial cost: 4.566401e+02, Final cost: 4.559169e+02, Termination: CONVERGENCE
I0327 11:33:42.522647  1096 ic_gvins.cc:1188] Culled 2 mappoint with 4 bad observed features 0, 0, 2
I0327 11:33:42.523010  1096 ic_gvins.cc:1494] Marginalize 1 states, last time 372717.259244
I0327 11:33:42.523811  1096 ic_gvins.cc:534] Optimization costs 23.0362 ms with 9.53124 and 10.6533 with marginalization costs 0.788508
I0327 11:33:42.538000  1094 misc.cc:229] Redo INS mechanization at 372720.560274 to 372720.775354 is 0.21508 s
I0327 11:33:42.540199  1095 tracking.cc:451] Track 33 map points
I0327 11:33:42.542094  1095 tracking.cc:570] Track 66 reference points
I0327 11:33:42.542104  1095 tracking.cc:278] Keyframe at 372720.760282, mappoints 33, interval 0.200008, parallax 18.199
I0327 11:33:42.542181  1095 tracking.cc:799] Triangulate 13 3D points with 48 left, 31 reset, 1 outtime and 4 outliers
I0327 11:33:42.546558  1095 tracking.cc:691] Add 130 new features to 94
I0327 11:33:42.546712  1095 ic_gvins.cc:610] Tracking cost 8.24362 ms
I0327 11:33:42.575875  1094 ic_gvins.cc:811] Insert keyframe 64 at 372720.760282 with 13 new mappoints
I0327 11:33:42.576287  1094 ic_gvins.cc:816] Add new keyframe time node at 372720.760282
I0327 11:33:42.576509  1096 ic_gvins.cc:1917] Total 16 pose states from 372717.259244 to 372720.760282
I0327 11:33:42.577518  1095 tracking.cc:451] Track 39 map points
I0327 11:33:42.577922  1096 ic_gvins.cc:1241] Add 15 preintegration, 0 GNSS, 438 reprojection
I0327 11:33:42.579692  1095 tracking.cc:570] Track 52 reference points
I0327 11:33:42.588971  1096 ic_gvins.cc:1250] Ceres Solver Report: Iterations: 6, Initial cost: 3.599417e+03, Final cost: 4.903529e+02, Termination: NO_CONVERGENCE
I0327 11:33:42.589226  1096 ic_gvins.cc:1360] Remove 10 reprojection factors
I0327 11:33:42.598243  1095 tracking.cc:691] Add 129 new features to 91
I0327 11:33:42.605664  1096 ic_gvins.cc:1284] Ceres Solver Report: Iterations: 12, Initial cost: 4.539365e+02, Final cost: 4.518806e+02, Termination: CONVERGENCE
I0327 11:33:42.605839  1096 ic_gvins.cc:1188] Culled 1 mappoint with 10 bad observed features 0, 0, 1
I0327 11:33:42.606086  1096 ic_gvins.cc:1494] Marginalize 1 states, last time 372717.559232
I0327 11:33:42.606832  1096 ic_gvins.cc:534] Optimization costs 30.3306 ms with 11.1285 and 16.42 with marginalization costs 0.744589
I0327 11:33:42.614915  1094 misc.cc:229] Redo INS mechanization at 372720.760282 to 372720.975354 is 0.215072 s
I0327 11:33:42.618875  1095 tracking.cc:451] Track 35 map points
I0327 11:33:42.625161  1095 tracking.cc:570] Track 56 reference points
I0327 11:33:42.625533  1095 tracking.cc:278] Keyframe at 372720.960577, mappoints 35, interval 0.200295, parallax 18.4557
I0327 11:33:42.625702  1095 tracking.cc:799] Triangulate 21 3D points with 35 left, 18 reset, 0 outtime and 0 outliers
I0327 11:33:42.627888  1095 tracking.cc:691] Add 135 new features to 91
I0327 11:33:42.628178  1095 ic_gvins.cc:610] Tracking cost 12.8586 ms
I0327 11:33:42.653609  1094 ic_gvins.cc:811] Insert keyframe 65 at 372720.960577 with 21 new mappoints
I0327 11:33:42.654057  1094 ic_gvins.cc:816] Add new keyframe time node at 372720.960577
I0327 11:33:42.654078  1096 ic_gvins.cc:1917] Total 16 pose states from 372717.559232 to 372720.960577
I0327 11:33:42.655318  1096 ic_gvins.cc:1241] Add 15 preintegration, 0 GNSS, 463 reprojection
I0327 11:33:42.656038  1095 tracking.cc:451] Track 51 map points
I0327 11:33:42.658074  1095 tracking.cc:570] Track 46 reference points
I0327 11:33:42.660286  1095 tracking.cc:691] Add 129 new features to 97
I0327 11:33:42.664583  1096 ic_gvins.cc:1250] Ceres Solver Report: Iterations: 6, Initial cost: 7.269275e+03, Final cost: 1.029768e+03, Termination: NO_CONVERGENCE
I0327 11:33:42.664711  1096 ic_gvins.cc:1360] Remove 13 reprojection factors
I0327 11:33:42.677491  1096 ic_gvins.cc:1284] Ceres Solver Report: Iterations: 12, Initial cost: 4.460994e+02, Final cost: 4.448096e+02, Termination: CONVERGENCE
I0327 11:33:42.677675  1096 ic_gvins.cc:1188] Culled 4 mappoint with 13 bad observed features 0, 4, 0
I0327 11:33:42.678181  1096 ic_gvins.cc:1494] Marginalize 1 states, last time 372717.859451
I0327 11:33:42.680964  1096 ic_gvins.cc:534] Optimization costs 26.8941 ms with 9.26429 and 12.7931 with marginalization costs 2.84662
I0327 11:33:42.691746  1094 misc.cc:229] Redo INS mechanization at 372720.960577 to 372721.175339 is 0.214762 s
I0327 11:33:42.693957  1095 tracking.cc:451] Track 36 map points
I0327 11:33:42.695731  1095 tracking.cc:570] Track 46 reference points
I0327 11:33:42.695739  1095 tracking.cc:278] Keyframe at 372721.160716, mappoints 36, interval 0.20014, parallax 18.6994
I0327 11:33:42.695806  1095 tracking.cc:799] Triangulate 15 3D points with 29 left, 17 reset, 0 outtime and 2 outliers
I0327 11:33:42.698297  1095 tracking.cc:691] Add 144 new features to 80
I0327 11:33:42.698423  1095 ic_gvins.cc:610] Tracking cost 6.72042 ms
I0327 11:33:42.729393  1094 ic_gvins.cc:811] Insert keyframe 66 at 372721.160716 with 15 new mappoints
I0327 11:33:42.729830  1094 ic_gvins.cc:816] Add new keyframe time node at 372721.160716
I0327 11:33:42.730072  1096 ic_gvins.cc:1917] Total 16 pose states from 372717.859451 to 372721.160716
I0327 11:33:42.731186  1096 ic_gvins.cc:1241] Add 15 preintegration, 0 GNSS, 478 reprojection
I0327 11:33:42.733052  1095 tracking.cc:451] Track 45 map points
I0327 11:33:42.735211  1095 tracking.cc:570] Track 40 reference points
I0327 11:33:42.737497  1095 tracking.cc:691] Add 145 new features to 85
I0327 11:33:42.740912  1096 ic_gvins.cc:1250] Ceres Solver Report: Iterations: 6, Initial cost: 3.015086e+03, Final cost: 7.942134e+02, Termination: NO_CONVERGENCE
I0327 11:33:42.741034  1096 ic_gvins.cc:1360] Remove 9 reprojection factors
I0327 11:33:42.753980  1096 ic_gvins.cc:1284] Ceres Solver Report: Iterations: 12, Initial cost: 4.464135e+02, Final cost: 4.443663e+02, Termination: CONVERGENCE
I0327 11:33:42.754439  1096 ic_gvins.cc:1188] Culled 4 mappoint with 9 bad observed features 0, 2, 2
I0327 11:33:42.754892  1096 ic_gvins.cc:1494] Marginalize 1 states, last time 372718.059259
I0327 11:33:42.757032  1096 ic_gvins.cc:534] Optimization costs 26.9687 ms with 9.7362 and 12.9932 with marginalization costs 2.21668
I0327 11:33:42.767004  1094 misc.cc:229] Redo INS mechanization at 372721.160716 to 372721.375329 is 0.214612 s
I0327 11:33:42.768501  1095 tracking.cc:451] Track 34 map points
I0327 11:33:42.770603  1095 tracking.cc:570] Track 43 reference points
I0327 11:33:42.770653  1095 tracking.cc:278] Keyframe at 372721.360573, mappoints 34, interval 0.199856, parallax 19.4406
I0327 11:33:42.770736  1095 tracking.cc:799] Triangulate 9 3D points with 31 left, 16 reset, 0 outtime and 3 outliers
I0327 11:33:42.779992  1095 tracking.cc:691] Add 152 new features to 74
I0327 11:33:42.780094  1095 ic_gvins.cc:610] Tracking cost 13.1275 ms
I0327 11:33:42.804669  1094 ic_gvins.cc:811] Insert keyframe 67 at 372721.360573 with 9 new mappoints
I0327 11:33:42.805105  1094 ic_gvins.cc:816] Add new keyframe time node at 372721.360573
I0327 11:33:42.806360  1095 tracking.cc:451] Track 32 map points
I0327 11:33:42.807598  1096 ic_gvins.cc:1917] Total 16 pose states from 372718.059259 to 372721.360573
I0327 11:33:42.808369  1095 tracking.cc:570] Track 47 reference points
I0327 11:33:42.809372  1096 ic_gvins.cc:1241] Add 15 preintegration, 0 GNSS, 439 reprojection
I0327 11:33:42.811365  1095 tracking.cc:691] Add 145 new features to 79
I0327 11:33:42.817644  1096 ic_gvins.cc:1250] Ceres Solver Report: Iterations: 6, Initial cost: 1.869738e+03, Final cost: 7.085148e+02, Termination: NO_CONVERGENCE
I0327 11:33:42.817778  1096 ic_gvins.cc:1360] Remove 7 reprojection factors
I0327 11:33:42.830821  1096 ic_gvins.cc:1284] Ceres Solver Report: Iterations: 13, Initial cost: 4.548054e+02, Final cost: 4.518147e+02, Termination: CONVERGENCE
I0327 11:33:42.830987  1096 ic_gvins.cc:1188] Culled 2 mappoint with 6 bad observed features 0, 1, 1
I0327 11:33:42.831215  1096 ic_gvins.cc:1494] Marginalize 1 states, last time 372718.259577
I0327 11:33:42.832626  1096 ic_gvins.cc:534] Optimization costs 25.0351 ms with 7.84974 and 13.044 with marginalization costs 1.32658
I0327 11:33:42.842469  1094 misc.cc:229] Redo INS mechanization at 372721.360573 to 372721.575325 is 0.214752 s
I0327 11:33:42.844348  1095 tracking.cc:451] Track 26 map points
I0327 11:33:42.846395  1095 tracking.cc:570] Track 50 reference points
I0327 11:33:42.846403  1095 tracking.cc:278] Keyframe at 372721.560502, mappoints 26, interval 0.199929, parallax 17.6901
I0327 11:33:42.846467  1095 tracking.cc:799] Triangulate 11 3D points with 36 left, 21 reset, 0 outtime and 3 outliers
I0327 11:33:42.848626  1095 tracking.cc:691] Add 150 new features to 73
I0327 11:33:42.848716  1095 ic_gvins.cc:610] Tracking cost 6.28494 ms
I0327 11:33:42.880578  1094 ic_gvins.cc:811] Insert keyframe 68 at 372721.560502 with 11 new mappoints
I0327 11:33:42.880991  1094 ic_gvins.cc:816] Add new keyframe time node at 372721.560502
I0327 11:33:42.881023  1096 ic_gvins.cc:1917] Total 16 pose states from 372718.259577 to 372721.560502
I0327 11:33:42.882231  1095 tracking.cc:451] Track 31 map points
I0327 11:33:42.882375  1096 ic_gvins.cc:1241] Add 15 preintegration, 0 GNSS, 432 reprojection
I0327 11:33:42.884619  1095 tracking.cc:570] Track 48 reference points
I0327 11:33:42.887020  1095 tracking.cc:691] Add 144 new features to 79
I0327 11:33:42.891573  1096 ic_gvins.cc:1250] Ceres Solver Report: Iterations: 6, Initial cost: 2.031535e+03, Final cost: 4.746132e+02, Termination: NO_CONVERGENCE
I0327 11:33:42.891685  1096 ic_gvins.cc:1360] Remove 5 reprojection factors
I0327 11:33:42.905593  1096 ic_gvins.cc:1284] Ceres Solver Report: Iterations: 13, Initial cost: 4.549919e+02, Final cost: 4.536052e+02, Termination: CONVERGENCE
I0327 11:33:42.905788  1096 ic_gvins.cc:1188] Culled 2 mappoint with 3 bad observed features 0, 0, 2
I0327 11:33:42.906014  1096 ic_gvins.cc:1494] Marginalize 1 states, last time 372718.459845
I0327 11:33:42.907480  1096 ic_gvins.cc:534] Optimization costs 26.4697 ms with 9.20919 and 13.9158 with marginalization costs 1.46316
I0327 11:33:42.919303  1094 misc.cc:229] Redo INS mechanization at 372721.560502 to 372721.775319 is 0.214817 s
I0327 11:33:42.920898  1095 tracking.cc:451] Track 25 map points
I0327 11:33:42.922945  1095 tracking.cc:570] Track 64 reference points
I0327 11:33:42.925137  1095 tracking.cc:691] Add 137 new features to 89
I0327 11:33:42.960160  1095 tracking.cc:451] Track 25 map points
I0327 11:33:42.963373  1095 tracking.cc:570] Track 61 reference points
I0327 11:33:42.963382  1095 tracking.cc:278] Keyframe at 372721.860773, mappoints 25, interval 0.300271, parallax 20.7761
I0327 11:33:42.963474  1095 tracking.cc:799] Triangulate 19 3D points with 42 left, 30 reset, 0 outtime and 0 outliers
I0327 11:33:42.975829  1095 tracking.cc:691] Add 141 new features to 86
I0327 11:33:42.975940  1095 ic_gvins.cc:610] Tracking cost 17.328 ms
I0327 11:33:42.997267  1094 ic_gvins.cc:811] Insert keyframe 69 at 372721.860773 with 19 new mappoints
I0327 11:33:42.998369  1094 ic_gvins.cc:816] Add new keyframe time node at 372721.860773
I0327 11:33:42.998415  1096 ic_gvins.cc:1917] Total 16 pose states from 372718.459845 to 372721.860773
I0327 11:33:42.999737  1096 ic_gvins.cc:1241] Add 15 preintegration, 0 GNSS, 411 reprojection
I0327 11:33:43.000090  1095 tracking.cc:451] Track 40 map points
I0327 11:33:43.004251  1095 tracking.cc:570] Track 54 reference points
I0327 11:33:43.006618  1095 tracking.cc:691] Add 130 new features to 94
I0327 11:33:43.011157  1096 ic_gvins.cc:1250] Ceres Solver Report: Iterations: 6, Initial cost: 1.347779e+03, Final cost: 6.751978e+02, Termination: NO_CONVERGENCE
I0327 11:33:43.011265  1096 ic_gvins.cc:1360] Remove 5 reprojection factors
I0327 11:33:43.024415  1096 ic_gvins.cc:1284] Ceres Solver Report: Iterations: 13, Initial cost: 4.610301e+02, Final cost: 4.569808e+02, Termination: CONVERGENCE
I0327 11:33:43.024595  1096 ic_gvins.cc:1188] Culled 6 mappoint with 4 bad observed features 0, 1, 5
I0327 11:33:43.024861  1096 ic_gvins.cc:1494] Marginalize 1 states, last time 372718.659952
I0327 11:33:43.026125  1096 ic_gvins.cc:534] Optimization costs 27.726 ms with 11.4314 and 13.1615 with marginalization costs 1.26517
I0327 11:33:43.037571  1094 misc.cc:229] Redo INS mechanization at 372721.860773 to 372722.075297 is 0.214523 s
I0327 11:33:43.041343  1095 tracking.cc:451] Track 30 map points
I0327 11:33:43.043408  1095 tracking.cc:570] Track 54 reference points
I0327 11:33:43.043475  1095 tracking.cc:278] Keyframe at 372722.060569, mappoints 30, interval 0.199796, parallax 15.0426
I0327 11:33:43.043578  1095 tracking.cc:799] Triangulate 14 3D points with 37 left, 20 reset, 0 outtime and 3 outliers
I0327 11:33:43.053072  1095 tracking.cc:691] Add 143 new features to 81
I0327 11:33:43.053184  1095 ic_gvins.cc:610] Tracking cost 15.698 ms
I0327 11:33:43.076660  1094 ic_gvins.cc:811] Insert keyframe 70 at 372722.060569 with 14 new mappoints
I0327 11:33:43.077454  1094 ic_gvins.cc:816] Add new keyframe time node at 372722.060569
I0327 11:33:43.077474  1096 ic_gvins.cc:1917] Total 16 pose states from 372718.659952 to 372722.060569
I0327 11:33:43.080026  1096 ic_gvins.cc:1241] Add 15 preintegration, 0 GNSS, 413 reprojection
I0327 11:33:43.080533  1095 tracking.cc:451] Track 40 map points
I0327 11:33:43.082507  1095 tracking.cc:570] Track 52 reference points
I0327 11:33:43.084962  1095 tracking.cc:691] Add 134 new features to 92
I0327 11:33:43.089422  1096 ic_gvins.cc:1250] Ceres Solver Report: Iterations: 6, Initial cost: 5.788725e+02, Final cost: 5.192066e+02, Termination: NO_CONVERGENCE
I0327 11:33:43.089531  1096 ic_gvins.cc:1360] Remove 4 reprojection factors
I0327 11:33:43.101161  1096 ic_gvins.cc:1284] Ceres Solver Report: Iterations: 12, Initial cost: 4.418050e+02, Final cost: 4.376759e+02, Termination: CONVERGENCE
I0327 11:33:43.101333  1096 ic_gvins.cc:1188] Culled 1 mappoint with 3 bad observed features 0, 1, 0
I0327 11:33:43.101544  1096 ic_gvins.cc:1494] Marginalize 1 states, last time 372718.959872
I0327 11:33:43.102666  1096 ic_gvins.cc:534] Optimization costs 25.2004 ms with 9.39658 and 11.6425 with marginalization costs 1.11451
I0327 11:33:43.114722  1094 misc.cc:229] Redo INS mechanization at 372722.060569 to 372722.275298 is 0.214729 s
I0327 11:33:43.118997  1095 tracking.cc:451] Track 32 map points
I0327 11:33:43.122611  1095 tracking.cc:570] Track 68 reference points
I0327 11:33:43.122622  1095 tracking.cc:278] Keyframe at 372722.260640, mappoints 32, interval 0.200071, parallax 21.8566
I0327 11:33:43.122706  1095 tracking.cc:799] Triangulate 26 3D points with 42 left, 24 reset, 0 outtime and 0 outliers
I0327 11:33:43.124548  1095 tracking.cc:691] Add 120 new features to 100
I0327 11:33:43.124647  1095 ic_gvins.cc:610] Tracking cost 9.88221 ms
I0327 11:33:43.152258  1094 ic_gvins.cc:811] Insert keyframe 71 at 372722.260640 with 26 new mappoints
I0327 11:33:43.152637  1094 ic_gvins.cc:816] Add new keyframe time node at 372722.260640
I0327 11:33:43.152663  1096 ic_gvins.cc:1917] Total 16 pose states from 372718.959872 to 372722.260640
I0327 11:33:43.154266  1096 ic_gvins.cc:1241] Add 15 preintegration, 0 GNSS, 441 reprojection
I0327 11:33:43.158907  1095 tracking.cc:451] Track 51 map points
I0327 11:33:43.160817  1095 tracking.cc:570] Track 51 reference points
I0327 11:33:43.168184  1096 ic_gvins.cc:1250] Ceres Solver Report: Iterations: 6, Initial cost: 1.608469e+03, Final cost: 8.142289e+02, Termination: NO_CONVERGENCE
I0327 11:33:43.168366  1096 ic_gvins.cc:1360] Remove 9 reprojection factors
I0327 11:33:43.183387  1096 ic_gvins.cc:1284] Ceres Solver Report: Iterations: 12, Initial cost: 4.283636e+02, Final cost: 4.233779e+02, Termination: CONVERGENCE
I0327 11:33:43.183487  1095 tracking.cc:691] Add 124 new features to 102
I0327 11:33:43.183658  1096 ic_gvins.cc:1188] Culled 4 mappoint with 6 bad observed features 0, 3, 1
I0327 11:33:43.184808  1096 ic_gvins.cc:1494] Marginalize 1 states, last time 372719.260081
I0327 11:33:43.185988  1096 ic_gvins.cc:534] Optimization costs 33.3418 ms with 13.9336 and 15.0353 with marginalization costs 1.1658
I0327 11:33:43.189920  1094 misc.cc:229] Redo INS mechanization at 372722.260640 to 372722.475299 is 0.214659 s
I0327 11:33:43.193042  1095 tracking.cc:451] Track 34 map points
I0327 11:33:43.196346  1095 tracking.cc:570] Track 51 reference points
I0327 11:33:43.196404  1095 tracking.cc:278] Keyframe at 372722.460496, mappoints 34, interval 0.199856, parallax 19.5164
I0327 11:33:43.196573  1095 tracking.cc:799] Triangulate 14 3D points with 37 left, 19 reset, 0 outtime and 0 outliers
I0327 11:33:43.199623  1095 tracking.cc:691] Add 134 new features to 85
I0327 11:33:43.199961  1095 ic_gvins.cc:610] Tracking cost 9.59233 ms
I0327 11:33:43.227596  1094 ic_gvins.cc:811] Insert keyframe 72 at 372722.460496 with 14 new mappoints
I0327 11:33:43.228014  1094 ic_gvins.cc:816] Add new keyframe time node at 372722.460496
I0327 11:33:43.228156  1096 ic_gvins.cc:1917] Total 16 pose states from 372719.260081 to 372722.460496
I0327 11:33:43.229403  1095 tracking.cc:451] Track 39 map points
I0327 11:33:43.229591  1096 ic_gvins.cc:1241] Add 15 preintegration, 0 GNSS, 445 reprojection
I0327 11:33:43.231302  1095 tracking.cc:570] Track 44 reference points
I0327 11:33:43.233515  1095 tracking.cc:691] Add 140 new features to 83
I0327 11:33:43.238948  1096 ic_gvins.cc:1250] Ceres Solver Report: Iterations: 6, Initial cost: 4.259803e+02, Final cost: 4.180639e+02, Termination: NO_CONVERGENCE
I0327 11:33:43.239068  1096 ic_gvins.cc:1360] Remove 1 reprojection factors
I0327 11:33:43.250069  1096 ic_gvins.cc:1284] Ceres Solver Report: Iterations: 12, Initial cost: 4.146576e+02, Final cost: 4.136070e+02, Termination: CONVERGENCE
I0327 11:33:43.250247  1096 ic_gvins.cc:1188] Culled 1 mappoint with 1 bad observed features 0, 0, 1
I0327 11:33:43.250517  1096 ic_gvins.cc:1494] Marginalize 1 states, last time 372719.459702
I0327 11:33:43.251559  1096 ic_gvins.cc:534] Optimization costs 23.4107 ms with 9.36564 and 11.0077 with marginalization costs 1.04628
I0327 11:33:43.265363  1094 misc.cc:229] Redo INS mechanization at 372722.460496 to 372722.675276 is 0.21478 s
I0327 11:33:43.266947  1095 tracking.cc:451] Track 35 map points
I0327 11:33:43.268842  1095 tracking.cc:570] Track 48 reference points
I0327 11:33:43.268848  1095 tracking.cc:278] Keyframe at 372722.660764, mappoints 35, interval 0.200268, parallax 19.2573
I0327 11:33:43.268901  1095 tracking.cc:799] Triangulate 10 3D points with 37 left, 23 reset, 1 outtime and 0 outliers
I0327 11:33:43.271071  1095 tracking.cc:691] Add 140 new features to 82
I0327 11:33:43.271162  1095 ic_gvins.cc:610] Tracking cost 5.87219 ms
I0327 11:33:43.303120  1094 ic_gvins.cc:811] Insert keyframe 73 at 372722.660764 with 10 new mappoints
I0327 11:33:43.303560  1094 ic_gvins.cc:816] Add new keyframe time node at 372722.660764
I0327 11:33:43.305326  1095 tracking.cc:451] Track 37 map points
I0327 11:33:43.307446  1096 ic_gvins.cc:1917] Total 16 pose states from 372719.459702 to 372722.660764
I0327 11:33:43.308050  1095 tracking.cc:570] Track 46 reference points
I0327 11:33:43.310052  1096 ic_gvins.cc:1241] Add 15 preintegration, 0 GNSS, 436 reprojection
I0327 11:33:43.310391  1095 tracking.cc:691] Add 143 new features to 83
I0327 11:33:43.316370  1096 ic_gvins.cc:1250] Ceres Solver Report: Iterations: 6, Initial cost: 3.687908e+03, Final cost: 7.747853e+02, Termination: NO_CONVERGENCE
I0327 11:33:43.316498  1096 ic_gvins.cc:1360] Remove 5 reprojection factors
I0327 11:33:43.327189  1096 ic_gvins.cc:1284] Ceres Solver Report: Iterations: 12, Initial cost: 4.147462e+02, Final cost: 4.143571e+02, Termination: CONVERGENCE
I0327 11:33:43.327397  1096 ic_gvins.cc:1188] Culled 6 mappoint with 4 bad observed features 0, 3, 3
I0327 11:33:43.327672  1096 ic_gvins.cc:1494] Marginalize 1 states, last time 372719.660004
I0327 11:33:43.328918  1096 ic_gvins.cc:534] Optimization costs 21.4805 ms with 6.31719 and 10.7047 with marginalization costs 1.22094
I0327 11:33:43.341913  1094 misc.cc:229] Redo INS mechanization at 372722.660764 to 372722.875271 is 0.214507 s
I0327 11:33:43.344537  1095 tracking.cc:451] Track 28 map points
I0327 11:33:43.346699  1095 tracking.cc:570] Track 46 reference points
I0327 11:33:43.346709  1095 tracking.cc:278] Keyframe at 372722.860640, mappoints 28, interval 0.199876, parallax 19.591
I0327 11:33:43.346946  1095 tracking.cc:799] Triangulate 13 3D points with 32 left, 16 reset, 0 outtime and 1 outliers
I0327 11:33:43.349221  1095 tracking.cc:691] Add 153 new features to 73
I0327 11:33:43.349320  1095 ic_gvins.cc:610] Tracking cost 7.48172 ms
I0327 11:33:43.380645  1094 ic_gvins.cc:811] Insert keyframe 74 at 372722.860640 with 13 new mappoints
I0327 11:33:43.380967  1094 ic_gvins.cc:816] Add new keyframe time node at 372722.860640
I0327 11:33:43.380982  1096 ic_gvins.cc:1917] Total 16 pose states from 372719.660004 to 372722.860640
I0327 11:33:43.382185  1096 ic_gvins.cc:1241] Add 15 preintegration, 0 GNSS, 425 reprojection
I0327 11:33:43.384012  1095 tracking.cc:451] Track 36 map points
I0327 11:33:43.389025  1095 tracking.cc:570] Track 48 reference points
I0327 11:33:43.394623  1095 tracking.cc:691] Add 141 new features to 84
I0327 11:33:43.396104  1096 ic_gvins.cc:1250] Ceres Solver Report: Iterations: 6, Initial cost: 1.709210e+03, Final cost: 1.033318e+03, Termination: NO_CONVERGENCE
I0327 11:33:43.396216  1096 ic_gvins.cc:1360] Remove 4 reprojection factors
I0327 11:33:43.410586  1096 ic_gvins.cc:1284] Ceres Solver Report: Iterations: 13, Initial cost: 4.075068e+02, Final cost: 4.068134e+02, Termination: CONVERGENCE
I0327 11:33:43.410768  1096 ic_gvins.cc:1188] Culled 4 mappoint with 3 bad observed features 0, 3, 1
I0327 11:33:43.411000  1096 ic_gvins.cc:1494] Marginalize 1 states, last time 372719.859956
I0327 11:33:43.412125  1096 ic_gvins.cc:534] Optimization costs 31.151 ms with 13.9275 and 14.3804 with marginalization costs 1.11016
I0327 11:33:43.419584  1094 misc.cc:229] Redo INS mechanization at 372722.860640 to 372723.075261 is 0.214621 s
I0327 11:33:43.425268  1095 tracking.cc:451] Track 28 map points
I0327 11:33:43.431180  1095 tracking.cc:570] Track 47 reference points
I0327 11:33:43.431198  1095 tracking.cc:278] Keyframe at 372723.060937, mappoints 28, interval 0.200297, parallax 26.6299
I0327 11:33:43.431284  1095 tracking.cc:799] Triangulate 12 3D points with 29 left, 15 reset, 0 outtime and 6 outliers
I0327 11:33:43.434741  1095 tracking.cc:691] Add 160 new features to 69
I0327 11:33:43.435014  1095 ic_gvins.cc:610] Tracking cost 15.4619 ms
I0327 11:33:43.457275  1094 ic_gvins.cc:811] Insert keyframe 75 at 372723.060937 with 12 new mappoints
I0327 11:33:43.457732  1094 ic_gvins.cc:816] Add new keyframe time node at 372723.060937
I0327 11:33:43.457758  1096 ic_gvins.cc:1917] Total 16 pose states from 372719.859956 to 372723.060937
I0327 11:33:43.458897  1095 tracking.cc:451] Track 29 map points
I0327 11:33:43.459156  1096 ic_gvins.cc:1241] Add 15 preintegration, 0 GNSS, 443 reprojection
I0327 11:33:43.461041  1095 tracking.cc:570] Track 45 reference points
I0327 11:33:43.476557  1095 tracking.cc:691] Add 154 new features to 74
I0327 11:33:43.479444  1096 ic_gvins.cc:1250] Ceres Solver Report: Iterations: 6, Initial cost: 6.162759e+02, Final cost: 5.074059e+02, Termination: NO_CONVERGENCE
I0327 11:33:43.479554  1096 ic_gvins.cc:1360] Remove 3 reprojection factors
I0327 11:33:43.493216  1096 ic_gvins.cc:1284] Ceres Solver Report: Iterations: 12, Initial cost: 4.128213e+02, Final cost: 4.122493e+02, Termination: CONVERGENCE
I0327 11:33:43.493396  1096 ic_gvins.cc:1188] Culled 3 mappoint with 3 bad observed features 0, 2, 1
I0327 11:33:43.493649  1096 ic_gvins.cc:1494] Marginalize 1 states, last time 372720.160042
I0327 11:33:43.494925  1096 ic_gvins.cc:534] Optimization costs 37.1793 ms with 20.2949 and 13.6761 with marginalization costs 1.20317
I0327 11:33:43.495479  1094 misc.cc:229] Redo INS mechanization at 372723.060937 to 372723.275255 is 0.214318 s
I0327 11:33:43.498051  1095 tracking.cc:451] Track 18 map points
I0327 11:33:43.499931  1095 tracking.cc:570] Track 61 reference points
I0327 11:33:43.499974  1095 tracking.cc:278] Keyframe at 372723.260756, mappoints 18, interval 0.199819, parallax 25.5823
I0327 11:33:43.500070  1095 tracking.cc:799] Triangulate 15 3D points with 41 left, 26 reset, 0 outtime and 5 outliers
I0327 11:33:43.502224  1095 tracking.cc:691] Add 153 new features to 74
I0327 11:33:43.502305  1095 ic_gvins.cc:610] Tracking cost 6.85434 ms
I0327 11:33:43.533138  1094 ic_gvins.cc:811] Insert keyframe 76 at 372723.260756 with 15 new mappoints
I0327 11:33:43.533565  1094 ic_gvins.cc:816] Add new keyframe time node at 372723.260756
I0327 11:33:43.533584  1096 ic_gvins.cc:1917] Total 16 pose states from 372720.160042 to 372723.260756
I0327 11:33:43.534550  1096 ic_gvins.cc:1241] Add 15 preintegration, 0 GNSS, 436 reprojection
I0327 11:33:43.537186  1095 tracking.cc:451] Track 26 map points
I0327 11:33:43.539554  1095 tracking.cc:570] Track 62 reference points
I0327 11:33:43.542273  1095 tracking.cc:691] Add 139 new features to 88
I0327 11:33:43.544807  1096 ic_gvins.cc:1250] Ceres Solver Report: Iterations: 6, Initial cost: 3.641093e+03, Final cost: 8.413404e+02, Termination: NO_CONVERGENCE
I0327 11:33:43.544961  1096 ic_gvins.cc:1360] Remove 2 reprojection factors
I0327 11:33:43.559732  1096 ic_gvins.cc:1284] Ceres Solver Report: Iterations: 13, Initial cost: 3.960026e+02, Final cost: 3.955808e+02, Termination: CONVERGENCE
I0327 11:33:43.559921  1096 ic_gvins.cc:1188] Culled 3 mappoint with 2 bad observed features 0, 2, 1
I0327 11:33:43.560135  1096 ic_gvins.cc:1494] Marginalize 1 states, last time 372720.360177
I0327 11:33:43.561182  1096 ic_gvins.cc:534] Optimization costs 27.6054 ms with 10.2707 and 14.7848 with marginalization costs 1.04052
I0327 11:33:43.571468  1094 misc.cc:229] Redo INS mechanization at 372723.260756 to 372723.475285 is 0.214529 s
I0327 11:33:43.573088  1095 tracking.cc:451] Track 19 map points
I0327 11:33:43.575096  1095 tracking.cc:570] Track 44 reference points
I0327 11:33:43.575104  1095 tracking.cc:278] Keyframe at 372723.460763, mappoints 19, interval 0.200007, parallax 19.6205
I0327 11:33:43.575170  1095 tracking.cc:799] Triangulate 16 3D points with 26 left, 7 reset, 0 outtime and 2 outliers
I0327 11:33:43.578235  1095 tracking.cc:691] Add 167 new features to 61
I0327 11:33:43.578379  1095 ic_gvins.cc:610] Tracking cost 6.94299 ms
