I0327 11:33:43.609352  1094 ic_gvins.cc:811] Insert keyframe 77 at 372723.460763 with 16 new mappoints
I0327 11:33:43.609730  1094 ic_gvins.cc:816] Add new keyframe time node at 372723.460763
I0327 11:33:43.609747  1096 ic_gvins.cc:1917] Total 16 pose states from 372720.360177 to 372723.460763
I0327 11:33:43.611213  1096 ic_gvins.cc:1241] Add 15 preintegration, 0 GNSS, 461 reprojection
I0327 11:33:43.611591  1095 tracking.cc:451] Track 30 map points
I0327 11:33:43.613966  1095 tracking.cc:570] Track 53 reference points
I0327 11:33:43.616351  1095 tracking.cc:691] Add 145 new features to 83
I0327 11:33:43.621462  1096 ic_gvins.cc:1250] Ceres Solver Report: Iterations: 6, Initial cost: 2.846078e+03, Final cost: 6.310228e+02, Termination: NO_CONVERGENCE
I0327 11:33:43.621578  1096 ic_gvins.cc:1360] Remove 2 reprojection factors
I0327 11:33:43.634675  1096 ic_gvins.cc:1284] Ceres Solver Report: Iterations: 13, Initial cost: 3.978100e+02, Final cost: 3.973886e+02, Termination: CONVERGENCE
I0327 11:33:43.634853  1096 ic_gvins.cc:1188] Culled 3 mappoint with 2 bad observed features 0, 2, 1
I0327 11:33:43.635118  1096 ic_gvins.cc:1494] Marginalize 1 states, last time 372720.560274
I0327 11:33:43.636622  1096 ic_gvins.cc:534] Optimization costs 26.8835 ms with 10.254 and 13.1042 with marginalization costs 1.40143
I0327 11:33:43.647572  1094 misc.cc:229] Redo INS mechanization at 372723.460763 to 372723.675286 is 0.214522 s
I0327 11:33:43.649125  1095 tracking.cc:451] Track 23 map points
I0327 11:33:43.651127  1095 tracking.cc:570] Track 57 reference points
I0327 11:33:43.651135  1095 tracking.cc:278] Keyframe at 372723.661033, mappoints 23, interval 0.20027, parallax 18.5948
I0327 11:33:43.651226  1095 tracking.cc:799] Triangulate 24 3D points with 33 left, 20 reset, 0 outtime and 0 outliers
I0327 11:33:43.653391  1095 tracking.cc:691] Add 146 new features to 80
I0327 11:33:43.653496  1095 ic_gvins.cc:610] Tracking cost 5.89399 ms
I0327 11:33:43.685202  1094 ic_gvins.cc:811] Insert keyframe 78 at 372723.661033 with 24 new mappoints
I0327 11:33:43.685616  1094 ic_gvins.cc:816] Add new keyframe time node at 372723.661033
I0327 11:33:43.685724  1096 ic_gvins.cc:1917] Total 16 pose states from 372720.560274 to 372723.661033
I0327 11:33:43.686934  1096 ic_gvins.cc:1241] Add 15 preintegration, 0 GNSS, 416 reprojection
I0327 11:33:43.687821  1095 tracking.cc:451] Track 39 map points
I0327 11:33:43.689689  1095 tracking.cc:570] Track 45 reference points
I0327 11:33:43.696734  1096 ic_gvins.cc:1250] Ceres Solver Report: Iterations: 6, Initial cost: 3.862246e+02, Final cost: 3.835301e+02, Termination: NO_CONVERGENCE
I0327 11:33:43.696875  1096 ic_gvins.cc:1360] Remove 0 reprojection factors
I0327 11:33:43.696969  1095 tracking.cc:691] Add 141 new features to 84
I0327 11:33:43.711402  1096 ic_gvins.cc:1284] Ceres Solver Report: Iterations: 13, Initial cost: 3.835301e+02, Final cost: 3.832381e+02, Termination: CONVERGENCE
I0327 11:33:43.711580  1096 ic_gvins.cc:1188] Culled 0 mappoint with 0 bad observed features 0, 0, 0
I0327 11:33:43.711815  1096 ic_gvins.cc:1494] Marginalize 1 states, last time 372720.760282
I0327 11:33:43.712743  1096 ic_gvins.cc:534] Optimization costs 27.0298 ms with 9.8182 and 14.5421 with marginalization costs 0.919866
I0327 11:33:43.723230  1094 misc.cc:229] Redo INS mechanization at 372723.661033 to 372723.875243 is 0.21421 s
I0327 11:33:43.724915  1095 tracking.cc:451] Track 36 map points
I0327 11:33:43.726902  1095 tracking.cc:570] Track 46 reference points
I0327 11:33:43.726909  1095 tracking.cc:278] Keyframe at 372723.860800, mappoints 36, interval 0.199767, parallax 16.8178
I0327 11:33:43.726974  1095 tracking.cc:799] Triangulate 11 3D points with 31 left, 18 reset, 0 outtime and 4 outliers
I0327 11:33:43.729305  1095 tracking.cc:691] Add 147 new features to 78
I0327 11:33:43.729404  1095 ic_gvins.cc:610] Tracking cost 6.20599 ms
I0327 11:33:43.761900  1094 ic_gvins.cc:811] Insert keyframe 79 at 372723.860800 with 11 new mappoints
I0327 11:33:43.762310  1094 ic_gvins.cc:816] Add new keyframe time node at 372723.860800
I0327 11:33:43.762323  1096 ic_gvins.cc:1917] Total 16 pose states from 372720.760282 to 372723.860800
I0327 11:33:43.763654  1096 ic_gvins.cc:1241] Add 15 preintegration, 0 GNSS, 449 reprojection
I0327 11:33:43.763969  1095 tracking.cc:451] Track 44 map points
I0327 11:33:43.766533  1095 tracking.cc:570] Track 38 reference points
I0327 11:33:43.770205  1095 tracking.cc:691] Add 144 new features to 82
I0327 11:33:43.774041  1096 ic_gvins.cc:1250] Ceres Solver Report: Iterations: 6, Initial cost: 2.093164e+03, Final cost: 5.206890e+02, Termination: NO_CONVERGENCE
I0327 11:33:43.774163  1096 ic_gvins.cc:1360] Remove 1 reprojection factors
I0327 11:33:43.786823  1096 ic_gvins.cc:1284] Ceres Solver Report: Iterations: 13, Initial cost: 3.882961e+02, Final cost: 3.879246e+02, Termination: CONVERGENCE
I0327 11:33:43.786998  1096 ic_gvins.cc:1188] Culled 2 mappoint with 1 bad observed features 0, 1, 1
I0327 11:33:43.787267  1096 ic_gvins.cc:1494] Marginalize 1 states, last time 372720.960577
I0327 11:33:43.788290  1096 ic_gvins.cc:534] Optimization costs 25.9748 ms with 10.3974 and 12.6661 with marginalization costs 0.996194
I0327 11:33:43.801515  1094 misc.cc:229] Redo INS mechanization at 372723.860800 to 372724.075227 is 0.214427 s
I0327 11:33:43.805334  1095 tracking.cc:451] Track 36 map points
I0327 11:33:43.809581  1095 tracking.cc:570] Track 40 reference points
I0327 11:33:43.811820  1095 tracking.cc:691] Add 150 new features to 76
I0327 11:33:43.840795  1095 tracking.cc:451] Track 31 map points
I0327 11:33:43.843580  1095 tracking.cc:570] Track 49 reference points
I0327 11:33:43.843590  1095 tracking.cc:278] Keyframe at 372724.160897, mappoints 31, interval 0.300097, parallax 19.9301
I0327 11:33:43.843657  1095 tracking.cc:799] Triangulate 11 3D points with 38 left, 29 reset, 0 outtime and 0 outliers
I0327 11:33:43.845986  1095 tracking.cc:691] Add 145 new features to 80
I0327 11:33:43.846089  1095 ic_gvins.cc:610] Tracking cost 6.86201 ms
I0327 11:33:43.876847  1094 ic_gvins.cc:811] Insert keyframe 80 at 372724.160897 with 11 new mappoints
I0327 11:33:43.877394  1094 ic_gvins.cc:816] Add new keyframe time node at 372724.160897
I0327 11:33:43.877440  1096 ic_gvins.cc:1917] Total 16 pose states from 372720.960577 to 372724.160897
I0327 11:33:43.878767  1096 ic_gvins.cc:1241] Add 15 preintegration, 0 GNSS, 444 reprojection
I0327 11:33:43.879040  1095 tracking.cc:451] Track 34 map points
I0327 11:33:43.881060  1095 tracking.cc:570] Track 41 reference points
I0327 11:33:43.883517  1095 tracking.cc:691] Add 150 new features to 75
I0327 11:33:43.887810  1096 ic_gvins.cc:1250] Ceres Solver Report: Iterations: 6, Initial cost: 2.534760e+03, Final cost: 4.521752e+02, Termination: NO_CONVERGENCE
I0327 11:33:43.887926  1096 ic_gvins.cc:1360] Remove 3 reprojection factors
I0327 11:33:43.899571  1096 ic_gvins.cc:1284] Ceres Solver Report: Iterations: 13, Initial cost: 3.911615e+02, Final cost: 3.904357e+02, Termination: CONVERGENCE
I0327 11:33:43.899753  1096 ic_gvins.cc:1188] Culled 3 mappoint with 2 bad observed features 0, 2, 1
I0327 11:33:43.900297  1096 ic_gvins.cc:1494] Marginalize 1 states, last time 372721.160716
I0327 11:33:43.902491  1096 ic_gvins.cc:534] Optimization costs 25.0632 ms with 9.05627 and 11.6568 with marginalization costs 2.17109
I0327 11:33:43.914675  1094 misc.cc:229] Redo INS mechanization at 372724.160897 to 372724.375198 is 0.214301 s
I0327 11:33:43.916417  1095 tracking.cc:451] Track 29 map points
I0327 11:33:43.918493  1095 tracking.cc:570] Track 42 reference points
I0327 11:33:43.918505  1095 tracking.cc:278] Keyframe at 372724.360582, mappoints 29, interval 0.199685, parallax 22.1688
I0327 11:33:43.918574  1095 tracking.cc:799] Triangulate 19 3D points with 23 left, 12 reset, 0 outtime and 0 outliers
I0327 11:33:43.931356  1095 tracking.cc:691] Add 157 new features to 71
I0327 11:33:43.931475  1095 ic_gvins.cc:610] Tracking cost 16.6241 ms
I0327 11:33:43.952205  1094 ic_gvins.cc:811] Insert keyframe 81 at 372724.360582 with 19 new mappoints
I0327 11:33:43.952636  1094 ic_gvins.cc:816] Add new keyframe time node at 372724.360582
I0327 11:33:43.952656  1096 ic_gvins.cc:1917] Total 16 pose states from 372721.160716 to 372724.360582
I0327 11:33:43.953971  1096 ic_gvins.cc:1241] Add 15 preintegration, 0 GNSS, 471 reprojection
I0327 11:33:43.954726  1095 tracking.cc:451] Track 38 map points
I0327 11:33:43.957687  1095 tracking.cc:570] Track 51 reference points
I0327 11:33:43.957737  1095 tracking.cc:278] Keyframe at 372724.460842, mappoints 38, interval 0.10026, parallax 18.4757
I0327 11:33:43.957854  1095 tracking.cc:799] Triangulate 26 3D points with 25 left, 0 reset, 0 outtime and 0 outliers
I0327 11:33:43.960132  1095 tracking.cc:691] Add 134 new features to 89
I0327 11:33:43.960245  1095 ic_gvins.cc:610] Tracking cost 8.07262 ms
I0327 11:33:43.963876  1096 ic_gvins.cc:1250] Ceres Solver Report: Iterations: 6, Initial cost: 1.066178e+03, Final cost: 5.425700e+02, Termination: NO_CONVERGENCE
I0327 11:33:43.964015  1096 ic_gvins.cc:1360] Remove 2 reprojection factors
I0327 11:33:43.975872  1096 ic_gvins.cc:1284] Ceres Solver Report: Iterations: 13, Initial cost: 3.917415e+02, Final cost: 3.912441e+02, Termination: CONVERGENCE
I0327 11:33:43.976055  1096 ic_gvins.cc:1188] Culled 3 mappoint with 1 bad observed features 0, 1, 2
I0327 11:33:43.976344  1096 ic_gvins.cc:1494] Marginalize 1 states, last time 372721.360573
I0327 11:33:43.977499  1096 ic_gvins.cc:534] Optimization costs 24.8497 ms with 9.88353 and 11.8662 with marginalization costs 1.12136
I0327 11:33:43.990511  1094 misc.cc:229] Redo INS mechanization at 372724.360582 to 372724.575250 is 0.214668 s
I0327 11:33:43.990546  1094 ic_gvins.cc:811] Insert keyframe 82 at 372724.460842 with 26 new mappoints
I0327 11:33:43.990768  1094 ic_gvins.cc:816] Add new keyframe time node at 372724.460842
I0327 11:33:43.990815  1096 ic_gvins.cc:1917] Total 16 pose states from 372721.360573 to 372724.460842
I0327 11:33:43.992272  1096 ic_gvins.cc:1241] Add 15 preintegration, 0 GNSS, 476 reprojection
I0327 11:33:43.992282  1095 tracking.cc:451] Track 46 map points
I0327 11:33:43.995018  1095 tracking.cc:570] Track 38 reference points
I0327 11:33:43.995046  1095 tracking.cc:278] Keyframe at 372724.560677, mappoints 46, interval 0.0998351, parallax 23.5536
I0327 11:33:43.995141  1095 tracking.cc:799] Triangulate 17 3D points with 20 left, 0 reset, 0 outtime and 1 outliers
I0327 11:33:43.997586  1095 tracking.cc:691] Add 145 new features to 83
I0327 11:33:43.997776  1095 ic_gvins.cc:610] Tracking cost 7.3402 ms
I0327 11:33:44.003998  1096 ic_gvins.cc:1250] Ceres Solver Report: Iterations: 6, Initial cost: 1.310133e+03, Final cost: 3.947189e+02, Termination: NO_CONVERGENCE
I0327 11:33:44.004118  1096 ic_gvins.cc:1360] Remove 2 reprojection factors
I0327 11:33:44.017830  1096 ic_gvins.cc:1284] Ceres Solver Report: Iterations: 13, Initial cost: 3.891216e+02, Final cost: 3.890022e+02, Termination: CONVERGENCE
I0327 11:33:44.018018  1096 ic_gvins.cc:1188] Culled 1 mappoint with 2 bad observed features 0, 1, 0
I0327 11:33:44.018352  1096 ic_gvins.cc:1494] Marginalize 1 states, last time 372721.560502
I0327 11:33:44.019747  1096 ic_gvins.cc:534] Optimization costs 28.9368 ms with 10.1001 and 13.7181 with marginalization costs 1.24156
I0327 11:33:44.028234  1094 misc.cc:229] Redo INS mechanization at 372724.460842 to 372724.675271 is 0.214428 s
I0327 11:33:44.028273  1094 ic_gvins.cc:811] Insert keyframe 83 at 372724.560677 with 17 new mappoints
I0327 11:33:44.028476  1094 ic_gvins.cc:816] Add new keyframe time node at 372724.560677
I0327 11:33:44.028754  1096 ic_gvins.cc:1917] Total 16 pose states from 372721.560502 to 372724.560677
I0327 11:33:44.030440  1096 ic_gvins.cc:1241] Add 15 preintegration, 0 GNSS, 508 reprojection
I0327 11:33:44.030458  1095 tracking.cc:451] Track 51 map points
I0327 11:33:44.032333  1095 tracking.cc:570] Track 48 reference points
I0327 11:33:44.032351  1095 tracking.cc:278] Keyframe at 372724.660824, mappoints 51, interval 0.100146, parallax 23.1176
I0327 11:33:44.032438  1095 tracking.cc:799] Triangulate 10 3D points with 21 left, 0 reset, 0 outtime and 17 outliers
I0327 11:33:44.034826  1095 tracking.cc:691] Add 147 new features to 82
I0327 11:33:44.034946  1095 ic_gvins.cc:610] Tracking cost 6.28471 ms
I0327 11:33:44.040513  1096 ic_gvins.cc:1250] Ceres Solver Report: Iterations: 6, Initial cost: 1.097316e+03, Final cost: 4.011166e+02, Termination: NO_CONVERGENCE
I0327 11:33:44.040635  1096 ic_gvins.cc:1360] Remove 1 reprojection factors
I0327 11:33:44.054138  1096 ic_gvins.cc:1284] Ceres Solver Report: Iterations: 13, Initial cost: 3.964800e+02, Final cost: 3.958928e+02, Termination: CONVERGENCE
I0327 11:33:44.054344  1096 ic_gvins.cc:1188] Culled 4 mappoint with 1 bad observed features 0, 0, 4
I0327 11:33:44.054693  1096 ic_gvins.cc:1494] Marginalize 1 states, last time 372721.860773
I0327 11:33:44.055799  1096 ic_gvins.cc:534] Optimization costs 27.0574 ms with 10.0797 and 13.5111 with marginalization costs 1.08425
I0327 11:33:44.066326  1094 misc.cc:229] Redo INS mechanization at 372724.560677 to 372724.775243 is 0.214565 s
I0327 11:33:44.066359  1094 ic_gvins.cc:811] Insert keyframe 84 at 372724.660824 with 10 new mappoints
I0327 11:33:44.066556  1094 ic_gvins.cc:816] Add new keyframe time node at 372724.660824
I0327 11:33:44.068246  1095 tracking.cc:451] Track 51 map points
I0327 11:33:44.070801  1095 tracking.cc:570] Track 42 reference points
I0327 11:33:44.070812  1095 tracking.cc:278] Keyframe at 372724.760839, mappoints 51, interval 0.100015, parallax 20.4271
I0327 11:33:44.070888  1095 tracking.cc:799] Triangulate 21 3D points with 21 left, 0 reset, 0 outtime and 0 outliers
I0327 11:33:44.071099  1096 ic_gvins.cc:1917] Total 16 pose states from 372721.860773 to 372724.660824
I0327 11:33:44.073487  1095 tracking.cc:691] Add 130 new features to 93
I0327 11:33:44.073628  1095 ic_gvins.cc:610] Tracking cost 7.27992 ms
I0327 11:33:44.073904  1096 ic_gvins.cc:1241] Add 15 preintegration, 0 GNSS, 506 reprojection
I0327 11:33:44.080096  1096 ic_gvins.cc:1250] Ceres Solver Report: Iterations: 6, Initial cost: 5.143300e+02, Final cost: 4.590639e+02, Termination: NO_CONVERGENCE
I0327 11:33:44.080246  1096 ic_gvins.cc:1360] Remove 2 reprojection factors
I0327 11:33:44.094023  1096 ic_gvins.cc:1284] Ceres Solver Report: Iterations: 14, Initial cost: 3.746179e+02, Final cost: 3.734261e+02, Termination: CONVERGENCE
I0327 11:33:44.094216  1096 ic_gvins.cc:1188] Culled 4 mappoint with 2 bad observed features 0, 1, 3
I0327 11:33:44.094502  1096 ic_gvins.cc:1494] Marginalize 1 states, last time 372722.060569
I0327 11:33:44.095811  1096 ic_gvins.cc:534] Optimization costs 24.7451 ms with 6.2206 and 13.7873 with marginalization costs 1.2825
I0327 11:33:44.105825  1094 misc.cc:229] Redo INS mechanization at 372724.660824 to 372724.875189 is 0.214365 s
I0327 11:33:44.105861  1094 ic_gvins.cc:811] Insert keyframe 85 at 372724.760839 with 21 new mappoints
I0327 11:33:44.106086  1094 ic_gvins.cc:816] Add new keyframe time node at 372724.760839
I0327 11:33:44.106266  1096 ic_gvins.cc:1917] Total 16 pose states from 372722.060569 to 372724.760839
I0327 11:33:44.107508  1095 tracking.cc:451] Track 58 map points
I0327 11:33:44.107986  1096 ic_gvins.cc:1241] Add 15 preintegration, 0 GNSS, 521 reprojection
I0327 11:33:44.109535  1095 tracking.cc:570] Track 31 reference points
I0327 11:33:44.109549  1095 tracking.cc:278] Keyframe at 372724.861014, mappoints 58, interval 0.100175, parallax 18.9548
I0327 11:33:44.109612  1095 tracking.cc:799] Triangulate 10 3D points with 21 left, 0 reset, 0 outtime and 0 outliers
I0327 11:33:44.112005  1095 tracking.cc:691] Add 138 new features to 89
I0327 11:33:44.112128  1095 ic_gvins.cc:610] Tracking cost 6.33019 ms
I0327 11:33:44.118353  1096 ic_gvins.cc:1250] Ceres Solver Report: Iterations: 6, Initial cost: 1.710934e+03, Final cost: 3.854912e+02, Termination: NO_CONVERGENCE
I0327 11:33:44.118476  1096 ic_gvins.cc:1360] Remove 1 reprojection factors
I0327 11:33:44.133366  1096 ic_gvins.cc:1284] Ceres Solver Report: Iterations: 13, Initial cost: 3.619498e+02, Final cost: 3.613349e+02, Termination: CONVERGENCE
I0327 11:33:44.133563  1096 ic_gvins.cc:1188] Culled 1 mappoint with 1 bad observed features 0, 0, 1
I0327 11:33:44.133811  1096 ic_gvins.cc:1494] Marginalize 1 states, last time 372722.260640
I0327 11:33:44.135114  1096 ic_gvins.cc:534] Optimization costs 28.8587 ms with 10.3697 and 14.9026 with marginalization costs 1.2921
I0327 11:33:44.146726  1095 tracking.cc:451] Track 54 map points
I0327 11:33:44.148641  1095 tracking.cc:570] Track 37 reference points
I0327 11:33:44.148649  1095 tracking.cc:278] Keyframe at 372724.961245, mappoints 54, interval 0.100232, parallax 23.3358
I0327 11:33:44.148684  1095 tracking.cc:799] Triangulate 0 3D points with 13 left, 0 reset, 24 outtime and 0 outliers
I0327 11:33:44.150655  1094 misc.cc:229] Redo INS mechanization at 372724.760839 to 372724.975200 is 0.214362 s
I0327 11:33:44.150683  1094 ic_gvins.cc:811] Insert keyframe 86 at 372724.861014 with 10 new mappoints
I0327 11:33:44.150766  1095 tracking.cc:691] Add 157 new features to 67
I0327 11:33:44.150830  1094 ic_gvins.cc:816] Add new keyframe time node at 372724.861014
I0327 11:33:44.150849  1095 ic_gvins.cc:610] Tracking cost 5.75417 ms
I0327 11:33:44.150849  1096 ic_gvins.cc:1917] Total 16 pose states from 372722.260640 to 372724.861014
I0327 11:33:44.152218  1096 ic_gvins.cc:1241] Add 15 preintegration, 0 GNSS, 537 reprojection
I0327 11:33:44.159044  1096 ic_gvins.cc:1250] Ceres Solver Report: Iterations: 6, Initial cost: 1.043609e+03, Final cost: 3.716590e+02, Termination: NO_CONVERGENCE
I0327 11:33:44.159169  1096 ic_gvins.cc:1360] Remove 3 reprojection factors
I0327 11:33:44.174890  1096 ic_gvins.cc:1284] Ceres Solver Report: Iterations: 14, Initial cost: 3.646805e+02, Final cost: 3.643394e+02, Termination: CONVERGENCE
I0327 11:33:44.175103  1096 ic_gvins.cc:1188] Culled 6 mappoint with 1 bad observed features 0, 0, 6
I0327 11:33:44.175494  1096 ic_gvins.cc:1494] Marginalize 1 states, last time 372722.460496
I0327 11:33:44.176559  1096 ic_gvins.cc:534] Optimization costs 25.72 ms with 6.83327 and 15.7278 with marginalization costs 1.04194
I0327 11:33:44.189996  1094 misc.cc:229] Redo INS mechanization at 372724.861014 to 372725.075175 is 0.214161 s
I0327 11:33:44.190044  1094 ic_gvins.cc:811] Insert keyframe 87 at 372724.961245 with 0 new mappoints
I0327 11:33:44.190266  1094 ic_gvins.cc:816] Add new keyframe time node at 372724.961245
I0327 11:33:44.191540  1096 ic_gvins.cc:1917] Total 16 pose states from 372722.460496 to 372724.961245
I0327 11:33:44.191583  1095 tracking.cc:451] Track 46 map points
I0327 11:33:44.192524  1096 ic_gvins.cc:1241] Add 15 preintegration, 0 GNSS, 529 reprojection
I0327 11:33:44.193467  1095 tracking.cc:570] Track 51 reference points
I0327 11:33:44.193475  1095 tracking.cc:278] Keyframe at 372725.061038, mappoints 46, interval 0.0997922, parallax 21.4963
I0327 11:33:44.193568  1095 tracking.cc:799] Triangulate 28 3D points with 20 left, 0 reset, 0 outtime and 3 outliers
I0327 11:33:44.195549  1095 tracking.cc:691] Add 131 new features to 94
I0327 11:33:44.195708  1095 ic_gvins.cc:610] Tracking cost 5.75313 ms
I0327 11:33:44.204188  1096 ic_gvins.cc:1250] Ceres Solver Report: Iterations: 6, Initial cost: 3.632568e+02, Final cost: 3.570507e+02, Termination: NO_CONVERGENCE
I0327 11:33:44.204425  1096 ic_gvins.cc:1360] Remove 2 reprojection factors
I0327 11:33:44.222631  1096 ic_gvins.cc:1284] Ceres Solver Report: Iterations: 14, Initial cost: 3.529723e+02, Final cost: 3.527802e+02, Termination: CONVERGENCE
I0327 11:33:44.222821  1096 ic_gvins.cc:1188] Culled 9 mappoint with 0 bad observed features 0, 0, 9
I0327 11:33:44.223142  1096 ic_gvins.cc:1494] Marginalize 1 states, last time 372722.660764
I0327 11:33:44.224050  1096 ic_gvins.cc:534] Optimization costs 32.5175 ms with 11.718 and 18.2143 with marginalization costs 0.886627
I0327 11:33:44.228214  1094 misc.cc:229] Redo INS mechanization at 372724.961245 to 372725.175185 is 0.213939 s
I0327 11:33:44.228235  1094 ic_gvins.cc:811] Insert keyframe 88 at 372725.061038 with 28 new mappoints
I0327 11:33:44.228426  1094 ic_gvins.cc:816] Add new keyframe time node at 372725.061038
I0327 11:33:44.230218  1095 tracking.cc:451] Track 52 map points
I0327 11:33:44.232120  1095 tracking.cc:570] Track 45 reference points
I0327 11:33:44.232126  1095 tracking.cc:278] Keyframe at 372725.160778, mappoints 52, interval 0.0997402, parallax 21.1013
I0327 11:33:44.232187  1095 tracking.cc:799] Triangulate 14 3D points with 28 left, 0 reset, 0 outtime and 3 outliers
I0327 11:33:44.232447  1096 ic_gvins.cc:1917] Total 16 pose states from 372722.660764 to 372725.061038
I0327 11:33:44.234570  1095 tracking.cc:691] Add 135 new features to 94
I0327 11:33:44.234699  1095 ic_gvins.cc:610] Tracking cost 6.44673 ms
I0327 11:33:44.235011  1096 ic_gvins.cc:1241] Add 15 preintegration, 0 GNSS, 557 reprojection
I0327 11:33:44.241557  1096 ic_gvins.cc:1250] Ceres Solver Report: Iterations: 6, Initial cost: 5.757639e+03, Final cost: 3.922844e+02, Termination: NO_CONVERGENCE
I0327 11:33:44.241695  1096 ic_gvins.cc:1360] Remove 2 reprojection factors
I0327 11:33:44.257519  1096 ic_gvins.cc:1284] Ceres Solver Report: Iterations: 14, Initial cost: 3.399253e+02, Final cost: 3.397829e+02, Termination: CONVERGENCE
I0327 11:33:44.257735  1096 ic_gvins.cc:1188] Culled 4 mappoint with 1 bad observed features 0, 1, 3
I0327 11:33:44.258023  1096 ic_gvins.cc:1494] Marginalize 1 states, last time 372722.860640
I0327 11:33:44.259243  1096 ic_gvins.cc:534] Optimization costs 26.8142 ms with 6.55301 and 15.8365 with marginalization costs 1.21631
I0327 11:33:44.266362  1094 misc.cc:229] Redo INS mechanization at 372725.061038 to 372725.275166 is 0.214128 s
I0327 11:33:44.266386  1094 ic_gvins.cc:811] Insert keyframe 89 at 372725.160778 with 14 new mappoints
I0327 11:33:44.266587  1094 ic_gvins.cc:816] Add new keyframe time node at 372725.160778
I0327 11:33:44.267444  1095 tracking.cc:451] Track 53 map points
I0327 11:33:44.269423  1095 tracking.cc:570] Track 45 reference points
I0327 11:33:44.269430  1095 tracking.cc:278] Keyframe at 372725.260629, mappoints 53, interval 0.0998508, parallax 21.3185
I0327 11:33:44.269524  1095 tracking.cc:799] Triangulate 23 3D points with 22 left, 0 reset, 0 outtime and 0 outliers
I0327 11:33:44.269722  1096 ic_gvins.cc:1917] Total 16 pose states from 372722.860640 to 372725.160778
I0327 11:33:44.271832  1095 tracking.cc:691] Add 128 new features to 98
I0327 11:33:44.271941  1095 ic_gvins.cc:610] Tracking cost 6.16506 ms
I0327 11:33:44.272089  1096 ic_gvins.cc:1241] Add 15 preintegration, 0 GNSS, 558 reprojection
I0327 11:33:44.279646  1096 ic_gvins.cc:1250] Ceres Solver Report: Iterations: 6, Initial cost: 1.453125e+03, Final cost: 3.314734e+02, Termination: NO_CONVERGENCE
I0327 11:33:44.279774  1096 ic_gvins.cc:1360] Remove 0 reprojection factors
I0327 11:33:44.297559  1096 ic_gvins.cc:1284] Ceres Solver Report: Iterations: 14, Initial cost: 3.314734e+02, Final cost: 3.313993e+02, Termination: CONVERGENCE
I0327 11:33:44.297768  1096 ic_gvins.cc:1188] Culled 2 mappoint with 0 bad observed features 0, 0, 2
I0327 11:33:44.298069  1096 ic_gvins.cc:1494] Marginalize 1 states, last time 372723.060937
I0327 11:33:44.299156  1096 ic_gvins.cc:534] Optimization costs 29.4424 ms with 7.55391 and 17.7987 with marginalization costs 1.05977
I0327 11:33:44.303980  1094 misc.cc:229] Redo INS mechanization at 372725.160778 to 372725.375187 is 0.214409 s
I0327 11:33:44.304008  1094 ic_gvins.cc:811] Insert keyframe 90 at 372725.260629 with 23 new mappoints
I0327 11:33:44.304200  1094 ic_gvins.cc:816] Add new keyframe time node at 372725.260629
I0327 11:33:44.305838  1095 tracking.cc:451] Track 63 map points
I0327 11:33:44.307590  1095 tracking.cc:570] Track 37 reference points
I0327 11:33:44.307605  1095 tracking.cc:278] Keyframe at 372725.362208, mappoints 63, interval 0.101579, parallax 20.4622
I0327 11:33:44.307672  1095 tracking.cc:799] Triangulate 14 3D points with 22 left, 0 reset, 0 outtime and 1 outliers
I0327 11:33:44.308157  1096 ic_gvins.cc:1917] Total 16 pose states from 372723.060937 to 372725.260629
I0327 11:33:44.309825  1095 tracking.cc:691] Add 131 new features to 99
I0327 11:33:44.309967  1095 ic_gvins.cc:610] Tracking cost 5.94497 ms
I0327 11:33:44.311215  1096 ic_gvins.cc:1241] Add 15 preintegration, 0 GNSS, 615 reprojection
I0327 11:33:44.318276  1096 ic_gvins.cc:1250] Ceres Solver Report: Iterations: 6, Initial cost: 9.943587e+02, Final cost: 3.353439e+02, Termination: NO_CONVERGENCE
I0327 11:33:44.318426  1096 ic_gvins.cc:1360] Remove 0 reprojection factors
I0327 11:33:44.320312  1096 ic_gvins.cc:1284] Ceres Solver Report: Iterations: 1, Initial cost: 3.353439e+02, Final cost: 3.353439e+02, Termination: CONVERGENCE
I0327 11:33:44.320538  1096 ic_gvins.cc:1188] Culled 0 mappoint with 0 bad observed features 0, 0, 0
I0327 11:33:44.320883  1096 ic_gvins.cc:1494] Marginalize 1 states, last time 372723.260756
I0327 11:33:44.322466  1096 ic_gvins.cc:534] Optimization costs 14.3446 ms with 7.0689 and 1.89591 with marginalization costs 1.58804
I0327 11:33:44.343262  1094 misc.cc:229] Redo INS mechanization at 372725.260629 to 372725.475209 is 0.214581 s
I0327 11:33:44.343317  1094 ic_gvins.cc:811] Insert keyframe 91 at 372725.362208 with 14 new mappoints
I0327 11:33:44.343525  1094 ic_gvins.cc:816] Add new keyframe time node at 372725.362208
I0327 11:33:44.343541  1096 ic_gvins.cc:1917] Total 16 pose states from 372723.260756 to 372725.362208
I0327 11:33:44.345441  1095 tracking.cc:451] Track 67 map points
I0327 11:33:44.345559  1096 ic_gvins.cc:1241] Add 15 preintegration, 0 GNSS, 623 reprojection
I0327 11:33:44.347838  1095 tracking.cc:570] Track 34 reference points
I0327 11:33:44.347854  1095 tracking.cc:278] Keyframe at 372725.460467, mappoints 67, interval 0.0982591, parallax 22.0581
I0327 11:33:44.347942  1095 tracking.cc:799] Triangulate 15 3D points with 18 left, 0 reset, 0 outtime and 1 outliers
I0327 11:33:44.357112  1095 tracking.cc:691] Add 130 new features to 100
I0327 11:33:44.357347  1095 ic_gvins.cc:610] Tracking cost 14.136 ms
I0327 11:33:44.362874  1096 ic_gvins.cc:1250] Ceres Solver Report: Iterations: 6, Initial cost: 8.260933e+02, Final cost: 3.521520e+02, Termination: NO_CONVERGENCE
I0327 11:33:44.363049  1096 ic_gvins.cc:1360] Remove 3 reprojection factors
I0327 11:33:44.384675  1095 tracking.cc:451] Track 67 map points
I0327 11:33:44.386612  1095 tracking.cc:570] Track 36 reference points
I0327 11:33:44.386685  1095 tracking.cc:278] Keyframe at 372725.560358, mappoints 67, interval 0.0998909, parallax 20.6893
I0327 11:33:44.386783  1095 tracking.cc:799] Triangulate 16 3D points with 20 left, 0 reset, 0 outtime and 0 outliers
I0327 11:33:44.397119  1096 ic_gvins.cc:1284] Ceres Solver Report: Iterations: 15, Initial cost: 3.457343e+02, Final cost: 3.451484e+02, Termination: CONVERGENCE
I0327 11:33:44.397418  1096 ic_gvins.cc:1188] Culled 2 mappoint with 1 bad observed features 0, 0, 2
I0327 11:33:44.397830  1096 ic_gvins.cc:1494] Marginalize 1 states, last time 372723.460763
I0327 11:33:44.400187  1096 ic_gvins.cc:534] Optimization costs 56.6644 ms with 17.3458 and 34.0884 with marginalization costs 2.32347
I0327 11:33:44.400489  1095 tracking.cc:691] Add 127 new features to 103
I0327 11:33:44.400588  1095 ic_gvins.cc:610] Tracking cost 17.7701 ms
I0327 11:33:44.422845  1094 misc.cc:229] Redo INS mechanization at 372725.362208 to 372725.675175 is 0.312967 s
I0327 11:33:44.422994  1094 ic_gvins.cc:811] Insert keyframe 92 at 372725.460467 with 15 new mappoints
I0327 11:33:44.423240  1094 ic_gvins.cc:816] Add new keyframe time node at 372725.460467
I0327 11:33:44.423255  1094 ic_gvins.cc:811] Insert keyframe 93 at 372725.560358 with 16 new mappoints
I0327 11:33:44.423452  1094 ic_gvins.cc:816] Add new keyframe time node at 372725.560358
I0327 11:33:44.423485  1096 ic_gvins.cc:1917] Total 17 pose states from 372723.460763 to 372725.560358
I0327 11:33:44.427042  1095 tracking.cc:451] Track 70 map points
I0327 11:33:44.427204  1096 ic_gvins.cc:1241] Add 16 preintegration, 0 GNSS, 722 reprojection
I0327 11:33:44.430424  1095 tracking.cc:570] Track 39 reference points
I0327 11:33:44.430474  1095 tracking.cc:278] Keyframe at 372725.660524, mappoints 70, interval 0.100166, parallax 19.4122
I0327 11:33:44.430606  1095 tracking.cc:799] Triangulate 14 3D points with 25 left, 0 reset, 0 outtime and 0 outliers
I0327 11:33:44.433948  1095 tracking.cc:691] Add 121 new features to 109
I0327 11:33:44.435190  1095 ic_gvins.cc:610] Tracking cost 12.4699 ms
I0327 11:33:44.442116  1096 ic_gvins.cc:1250] Ceres Solver Report: Iterations: 6, Initial cost: 5.237008e+03, Final cost: 1.139891e+03, Termination: NO_CONVERGENCE
I0327 11:33:44.442379  1096 ic_gvins.cc:1360] Remove 12 reprojection factors
I0327 11:33:44.462832  1095 tracking.cc:451] Track 70 map points
I0327 11:33:44.464563  1095 tracking.cc:570] Track 30 reference points
I0327 11:33:44.464571  1095 tracking.cc:278] Keyframe at 372725.760676, mappoints 70, interval 0.100152, parallax 18.3364
I0327 11:33:44.464617  1095 tracking.cc:799] Triangulate 6 3D points with 22 left, 0 reset, 0 outtime and 2 outliers
I0327 11:33:44.466799  1095 tracking.cc:691] Add 136 new features to 98
I0327 11:33:44.466903  1095 ic_gvins.cc:610] Tracking cost 5.85105 ms
I0327 11:33:44.468518  1096 ic_gvins.cc:1284] Ceres Solver Report: Iterations: 14, Initial cost: 3.935623e+02, Final cost: 3.903238e+02, Termination: CONVERGENCE
I0327 11:33:44.468770  1096 ic_gvins.cc:1188] Culled 5 mappoint with 10 bad observed features 0, 3, 2
I0327 11:33:44.469166  1096 ic_gvins.cc:1494] Marginalize 1 states, last time 372723.661033
I0327 11:33:44.471185  1096 ic_gvins.cc:1494] Marginalize 1 states, last time 372723.860800
I0327 11:33:44.473562  1096 ic_gvins.cc:534] Optimization costs 50.105 ms with 14.8096 and 26.1455 with marginalization costs 3.80283
I0327 11:33:44.498719  1094 misc.cc:229] Redo INS mechanization at 372725.560358 to 372725.875157 is 0.314799 s
I0327 11:33:44.498770  1094 ic_gvins.cc:811] Insert keyframe 94 at 372725.660524 with 14 new mappoints
I0327 11:33:44.498992  1094 ic_gvins.cc:816] Add new keyframe time node at 372725.660524
I0327 11:33:44.498997  1094 ic_gvins.cc:811] Insert keyframe 95 at 372725.760676 with 6 new mappoints
I0327 11:33:44.499217  1094 ic_gvins.cc:816] Add new keyframe time node at 372725.760676
I0327 11:33:44.500293  1095 tracking.cc:451] Track 61 map points
I0327 11:33:44.501682  1096 ic_gvins.cc:1917] Total 17 pose states from 372723.860800 to 372725.760676
I0327 11:33:44.502259  1095 tracking.cc:570] Track 40 reference points
I0327 11:33:44.502266  1095 tracking.cc:278] Keyframe at 372725.859951, mappoints 61, interval 0.0992752, parallax 20.152
I0327 11:33:44.502346  1095 tracking.cc:799] Triangulate 17 3D points with 21 left, 0 reset, 0 outtime and 2 outliers
I0327 11:33:44.504590  1096 ic_gvins.cc:1241] Add 16 preintegration, 0 GNSS, 738 reprojection
I0327 11:33:44.504731  1095 tracking.cc:691] Add 133 new features to 99
I0327 11:33:44.504879  1095 ic_gvins.cc:610] Tracking cost 6.19747 ms
I0327 11:33:44.514673  1096 ic_gvins.cc:1250] Ceres Solver Report: Iterations: 6, Initial cost: 6.670710e+03, Final cost: 7.398120e+02, Termination: NO_CONVERGENCE
I0327 11:33:44.514922  1096 ic_gvins.cc:1360] Remove 7 reprojection factors
I0327 11:33:44.536099  1096 ic_gvins.cc:1284] Ceres Solver Report: Iterations: 15, Initial cost: 4.135686e+02, Final cost: 4.112961e+02, Termination: CONVERGENCE
I0327 11:33:44.537786  1096 ic_gvins.cc:1188] Culled 11 mappoint with 6 bad observed features 0, 2, 9
I0327 11:33:44.539708  1095 tracking.cc:451] Track 59 map points
I0327 11:33:44.541147  1096 ic_gvins.cc:1494] Marginalize 1 states, last time 372724.160897
I0327 11:33:44.542760  1095 tracking.cc:570] Track 43 reference points
I0327 11:33:44.542776  1095 tracking.cc:278] Keyframe at 372725.960402, mappoints 59, interval 0.100451, parallax 19.9098
I0327 11:33:44.542860  1095 tracking.cc:799] Triangulate 11 3D points with 24 left, 0 reset, 0 outtime and 8 outliers
I0327 11:33:44.545737  1096 ic_gvins.cc:1494] Marginalize 1 states, last time 372724.360582
I0327 11:33:44.548338  1096 ic_gvins.cc:534] Optimization costs 46.6693 ms with 10.1283 and 21.1849 with marginalization costs 7.35783
I0327 11:33:44.548497  1095 tracking.cc:691] Add 140 new features to 94
I0327 11:33:44.548596  1095 ic_gvins.cc:610] Tracking cost 11.646 ms
I0327 11:33:44.574126  1094 misc.cc:229] Redo INS mechanization at 372725.760676 to 372726.075186 is 0.31451 s
I0327 11:33:44.574160  1094 ic_gvins.cc:811] Insert keyframe 96 at 372725.859951 with 17 new mappoints
I0327 11:33:44.574359  1094 ic_gvins.cc:816] Add new keyframe time node at 372725.859951
I0327 11:33:44.574368  1094 ic_gvins.cc:811] Insert keyframe 97 at 372725.960402 with 11 new mappoints
I0327 11:33:44.574556  1094 ic_gvins.cc:816] Add new keyframe time node at 372725.960402
I0327 11:33:44.574628  1096 ic_gvins.cc:1917] Total 17 pose states from 372724.360582 to 372725.960402
I0327 11:33:44.576815  1096 ic_gvins.cc:1241] Add 16 preintegration, 0 GNSS, 699 reprojection
I0327 11:33:44.576995  1095 tracking.cc:451] Track 57 map points
I0327 11:33:44.578938  1095 tracking.cc:570] Track 40 reference points
I0327 11:33:44.578945  1095 tracking.cc:278] Keyframe at 372726.060139, mappoints 57, interval 0.0997372, parallax 18.6155
I0327 11:33:44.579006  1095 tracking.cc:799] Triangulate 4 3D points with 25 left, 0 reset, 0 outtime and 11 outliers
I0327 11:33:44.581185  1095 tracking.cc:691] Add 150 new features to 86
I0327 11:33:44.581322  1095 ic_gvins.cc:610] Tracking cost 6.97874 ms
I0327 11:33:44.587818  1096 ic_gvins.cc:1250] Ceres Solver Report: Iterations: 6, Initial cost: 1.554893e+03, Final cost: 3.981967e+02, Termination: NO_CONVERGENCE
I0327 11:33:44.587981  1096 ic_gvins.cc:1360] Remove 6 reprojection factors
I0327 11:33:44.609102  1096 ic_gvins.cc:1284] Ceres Solver Report: Iterations: 15, Initial cost: 3.816222e+02, Final cost: 3.809781e+02, Termination: CONVERGENCE
I0327 11:33:44.609334  1096 ic_gvins.cc:1188] Culled 9 mappoint with 3 bad observed features 0, 0, 9
I0327 11:33:44.609701  1096 ic_gvins.cc:1494] Marginalize 1 states, last time 372724.460842
I0327 11:33:44.611438  1096 ic_gvins.cc:1494] Marginalize 1 states, last time 372724.560677
I0327 11:33:44.613498  1095 tracking.cc:451] Track 43 map points
I0327 11:33:44.615475  1095 tracking.cc:570] Track 48 reference points
I0327 11:33:44.615484  1095 tracking.cc:278] Keyframe at 372726.160870, mappoints 43, interval 0.10073, parallax 19.144
I0327 11:33:44.615561  1095 tracking.cc:799] Triangulate 21 3D points with 26 left, 0 reset, 0 outtime and 1 outliers
I0327 11:33:44.617744  1095 tracking.cc:691] Add 144 new features to 90
I0327 11:33:44.617842  1095 ic_gvins.cc:610] Tracking cost 5.88241 ms
I0327 11:33:44.618386  1096 ic_gvins.cc:534] Optimization costs 43.7711 ms with 10.9891 and 21.1347 with marginalization costs 8.55838
I0327 11:33:44.649538  1094 misc.cc:229] Redo INS mechanization at 372725.960402 to 372726.275173 is 0.314771 s
I0327 11:33:44.649575  1094 ic_gvins.cc:811] Insert keyframe 98 at 372726.060139 with 4 new mappoints
I0327 11:33:44.649772  1094 ic_gvins.cc:816] Add new keyframe time node at 372726.060139
I0327 11:33:44.649776  1094 ic_gvins.cc:811] Insert keyframe 99 at 372726.160870 with 21 new mappoints
I0327 11:33:44.649957  1094 ic_gvins.cc:816] Add new keyframe time node at 372726.160870
I0327 11:33:44.649971  1096 ic_gvins.cc:1917] Total 17 pose states from 372724.560677 to 372726.160870
I0327 11:33:44.652038  1096 ic_gvins.cc:1241] Add 16 preintegration, 0 GNSS, 599 reprojection
I0327 11:33:44.652379  1095 tracking.cc:451] Track 58 map points
I0327 11:33:44.654603  1095 tracking.cc:570] Track 44 reference points
I0327 11:33:44.654660  1095 tracking.cc:278] Keyframe at 372726.261084, mappoints 58, interval 0.100214, parallax 19.4734
I0327 11:33:44.654755  1095 tracking.cc:799] Triangulate 13 3D points with 27 left, 0 reset, 0 outtime and 4 outliers
I0327 11:33:44.657312  1095 tracking.cc:691] Add 135 new features to 98
I0327 11:33:44.657450  1095 ic_gvins.cc:610] Tracking cost 7.88962 ms
I0327 11:33:44.662719  1096 ic_gvins.cc:1250] Ceres Solver Report: Iterations: 6, Initial cost: 2.211584e+03, Final cost: 5.618464e+02, Termination: NO_CONVERGENCE
I0327 11:33:44.662871  1096 ic_gvins.cc:1360] Remove 12 reprojection factors
I0327 11:33:44.681639  1096 ic_gvins.cc:1284] Ceres Solver Report: Iterations: 15, Initial cost: 3.575894e+02, Final cost: 3.554324e+02, Termination: CONVERGENCE
I0327 11:33:44.681839  1096 ic_gvins.cc:1188] Culled 9 mappoint with 10 bad observed features 0, 1, 8
I0327 11:33:44.682168  1096 ic_gvins.cc:1494] Marginalize 1 states, last time 372724.660824
I0327 11:33:44.683475  1096 ic_gvins.cc:1494] Marginalize 1 states, last time 372724.760839
I0327 11:33:44.684770  1096 ic_gvins.cc:534] Optimization costs 34.8069 ms with 10.6894 and 18.7818 with marginalization costs 2.61308
I0327 11:33:44.687155  1094 misc.cc:229] Redo INS mechanization at 372726.160870 to 372726.375121 is 0.214251 s
I0327 11:33:44.687176  1094 ic_gvins.cc:811] Insert keyframe 100 at 372726.261084 with 13 new mappoints
I0327 11:33:44.687367  1094 ic_gvins.cc:816] Add new keyframe time node at 372726.261084
I0327 11:33:44.689137  1095 tracking.cc:451] Track 54 map points
I0327 11:33:44.690943  1095 tracking.cc:570] Track 43 reference points
I0327 11:33:44.690996  1095 tracking.cc:278] Keyframe at 372726.361471, mappoints 54, interval 0.100387, parallax 22.5191
I0327 11:33:44.691095  1095 tracking.cc:799] Triangulate 18 3D points with 23 left, 0 reset, 0 outtime and 2 outliers
I0327 11:33:44.691493  1096 ic_gvins.cc:1917] Total 16 pose states from 372724.760839 to 372726.261084
I0327 11:33:44.693445  1095 tracking.cc:691] Add 132 new features to 95
I0327 11:33:44.693557  1095 ic_gvins.cc:610] Tracking cost 6.3687 ms
I0327 11:33:44.694186  1096 ic_gvins.cc:1241] Add 15 preintegration, 0 GNSS, 525 reprojection
I0327 11:33:44.700927  1096 ic_gvins.cc:1250] Ceres Solver Report: Iterations: 6, Initial cost: 8.501274e+02, Final cost: 4.239803e+02, Termination: NO_CONVERGENCE
I0327 11:33:44.701064  1096 ic_gvins.cc:1360] Remove 13 reprojection factors
I0327 11:33:44.717741  1096 ic_gvins.cc:1284] Ceres Solver Report: Iterations: 15, Initial cost: 3.050772e+02, Final cost: 3.035169e+02, Termination: CONVERGENCE
I0327 11:33:44.717923  1096 ic_gvins.cc:1188] Culled 5 mappoint with 9 bad observed features 0, 1, 4
I0327 11:33:44.718251  1096 ic_gvins.cc:1494] Marginalize 1 states, last time 372724.861014
I0327 11:33:44.719396  1096 ic_gvins.cc:534] Optimization costs 27.951 ms with 6.74298 and 16.6904 with marginalization costs 1.17822
I0327 11:33:44.724752  1094 misc.cc:229] Redo INS mechanization at 372726.261084 to 372726.475110 is 0.214026 s
I0327 11:33:44.724773  1094 ic_gvins.cc:811] Insert keyframe 101 at 372726.361471 with 18 new mappoints
I0327 11:33:44.724970  1094 ic_gvins.cc:816] Add new keyframe time node at 372726.361471
I0327 11:33:44.724980  1096 ic_gvins.cc:1917] Total 16 pose states from 372724.861014 to 372726.361471
I0327 11:33:44.726658  1095 tracking.cc:451] Track 59 map points
I0327 11:33:44.726732  1096 ic_gvins.cc:1241] Add 15 preintegration, 0 GNSS, 532 reprojection
I0327 11:33:44.728724  1095 tracking.cc:570] Track 41 reference points
I0327 11:33:44.728760  1095 tracking.cc:278] Keyframe at 372726.461382, mappoints 59, interval 0.0999112, parallax 20.6373
I0327 11:33:44.728876  1095 tracking.cc:799] Triangulate 18 3D points with 22 left, 0 reset, 0 outtime and 1 outliers
I0327 11:33:44.731137  1095 tracking.cc:691] Add 131 new features to 99
I0327 11:33:44.731329  1095 ic_gvins.cc:610] Tracking cost 6.54777 ms
I0327 11:33:44.736752  1096 ic_gvins.cc:1250] Ceres Solver Report: Iterations: 6, Initial cost: 4.768109e+03, Final cost: 4.148093e+02, Termination: NO_CONVERGENCE
I0327 11:33:44.736889  1096 ic_gvins.cc:1360] Remove 11 reprojection factors
I0327 11:33:44.751428  1096 ic_gvins.cc:1284] Ceres Solver Report: Iterations: 14, Initial cost: 3.047616e+02, Final cost: 3.022943e+02, Termination: CONVERGENCE
I0327 11:33:44.751816  1096 ic_gvins.cc:1188] Culled 6 mappoint with 10 bad observed features 0, 1, 5
I0327 11:33:44.752588  1096 ic_gvins.cc:1494] Marginalize 1 states, last time 372724.961245
I0327 11:33:44.753998  1096 ic_gvins.cc:534] Optimization costs 29.0242 ms with 10.0317 and 14.5671 with marginalization costs 1.61044
I0327 11:33:44.762531  1094 misc.cc:229] Redo INS mechanization at 372726.361471 to 372726.575111 is 0.21364 s
I0327 11:33:44.762563  1094 ic_gvins.cc:811] Insert keyframe 102 at 372726.461382 with 18 new mappoints
I0327 11:33:44.762784  1094 ic_gvins.cc:816] Add new keyframe time node at 372726.461382
I0327 11:33:44.762821  1096 ic_gvins.cc:1917] Total 16 pose states from 372724.961245 to 372726.461382
I0327 11:33:44.764691  1095 tracking.cc:451] Track 56 map points
I0327 11:33:44.765201  1096 ic_gvins.cc:1241] Add 15 preintegration, 0 GNSS, 565 reprojection
I0327 11:33:44.766546  1095 tracking.cc:570] Track 37 reference points
I0327 11:33:44.766556  1095 tracking.cc:278] Keyframe at 372726.561528, mappoints 56, interval 0.100146, parallax 21.5093
I0327 11:33:44.766640  1095 tracking.cc:799] Triangulate 17 3D points with 18 left, 0 reset, 0 outtime and 2 outliers
I0327 11:33:44.768646  1095 tracking.cc:691] Add 135 new features to 91
I0327 11:33:44.768769  1095 ic_gvins.cc:610] Tracking cost 6.20125 ms
I0327 11:33:44.774863  1096 ic_gvins.cc:1250] Ceres Solver Report: Iterations: 6, Initial cost: 5.563512e+03, Final cost: 3.962474e+02, Termination: NO_CONVERGENCE
I0327 11:33:44.775003  1096 ic_gvins.cc:1360] Remove 7 reprojection factors
I0327 11:33:44.788905  1096 ic_gvins.cc:1284] Ceres Solver Report: Iterations: 14, Initial cost: 3.108042e+02, Final cost: 3.096708e+02, Termination: CONVERGENCE
I0327 11:33:44.789103  1096 ic_gvins.cc:1188] Culled 4 mappoint with 7 bad observed features 0, 1, 3
I0327 11:33:44.789388  1096 ic_gvins.cc:1494] Marginalize 1 states, last time 372725.061038
I0327 11:33:44.791185  1096 ic_gvins.cc:534] Optimization costs 28.3787 ms with 9.67151 and 13.9098 with marginalization costs 1.71478
I0327 11:33:44.800773  1094 misc.cc:229] Redo INS mechanization at 372726.461382 to 372726.675111 is 0.213729 s
I0327 11:33:44.800822  1094 ic_gvins.cc:811] Insert keyframe 103 at 372726.561528 with 17 new mappoints
I0327 11:33:44.801048  1094 ic_gvins.cc:816] Add new keyframe time node at 372726.561528
I0327 11:33:44.801107  1096 ic_gvins.cc:1917] Total 16 pose states from 372725.061038 to 372726.561528
I0327 11:33:44.802503  1095 tracking.cc:451] Track 55 map points
I0327 11:33:44.803045  1096 ic_gvins.cc:1241] Add 15 preintegration, 0 GNSS, 521 reprojection
I0327 11:33:44.804311  1095 tracking.cc:570] Track 41 reference points
I0327 11:33:44.804319  1095 tracking.cc:278] Keyframe at 372726.661284, mappoints 55, interval 0.099756, parallax 18.6372
I0327 11:33:44.804391  1095 tracking.cc:799] Triangulate 16 3D points with 25 left, 0 reset, 0 outtime and 0 outliers
I0327 11:33:44.806556  1095 tracking.cc:691] Add 134 new features to 96
I0327 11:33:44.806665  1095 ic_gvins.cc:610] Tracking cost 5.9316 ms
I0327 11:33:44.812325  1096 ic_gvins.cc:1250] Ceres Solver Report: Iterations: 6, Initial cost: 8.660548e+02, Final cost: 3.196247e+02, Termination: NO_CONVERGENCE
I0327 11:33:44.812454  1096 ic_gvins.cc:1360] Remove 5 reprojection factors
I0327 11:33:44.827317  1096 ic_gvins.cc:1284] Ceres Solver Report: Iterations: 14, Initial cost: 3.010557e+02, Final cost: 3.004736e+02, Termination: CONVERGENCE
I0327 11:33:44.827709  1096 ic_gvins.cc:1188] Culled 3 mappoint with 4 bad observed features 0, 0, 3
I0327 11:33:44.828048  1096 ic_gvins.cc:1494] Marginalize 1 states, last time 372725.160778
I0327 11:33:44.829428  1096 ic_gvins.cc:534] Optimization costs 28.3303 ms with 9.29013 and 14.905 with marginalization costs 1.32219
I0327 11:33:44.838479  1094 misc.cc:229] Redo INS mechanization at 372726.561528 to 372726.775132 is 0.213604 s
I0327 11:33:44.838508  1094 ic_gvins.cc:811] Insert keyframe 104 at 372726.661284 with 16 new mappoints
I0327 11:33:44.838702  1094 ic_gvins.cc:816] Add new keyframe time node at 372726.661284
I0327 11:33:44.840346  1095 tracking.cc:451] Track 49 map points
I0327 11:33:44.842181  1095 tracking.cc:570] Track 38 reference points
I0327 11:33:44.842227  1095 tracking.cc:278] Keyframe at 372726.761494, mappoints 49, interval 0.100211, parallax 18.4354
I0327 11:33:44.842317  1095 tracking.cc:799] Triangulate 12 3D points with 21 left, 0 reset, 0 outtime and 5 outliers
I0327 11:33:44.842583  1096 ic_gvins.cc:1917] Total 16 pose states from 372725.160778 to 372726.661284
I0327 11:33:44.844591  1095 tracking.cc:691] Add 147 new features to 82
I0327 11:33:44.844707  1095 ic_gvins.cc:610] Tracking cost 6.13754 ms
I0327 11:33:44.845248  1096 ic_gvins.cc:1241] Add 15 preintegration, 0 GNSS, 538 reprojection
I0327 11:33:44.852322  1096 ic_gvins.cc:1250] Ceres Solver Report: Iterations: 6, Initial cost: 6.430177e+02, Final cost: 3.134423e+02, Termination: NO_CONVERGENCE
I0327 11:33:44.852447  1096 ic_gvins.cc:1360] Remove 2 reprojection factors
I0327 11:33:44.866619  1096 ic_gvins.cc:1284] Ceres Solver Report: Iterations: 14, Initial cost: 3.038597e+02, Final cost: 3.032546e+02, Termination: CONVERGENCE
I0327 11:33:44.866806  1096 ic_gvins.cc:1188] Culled 2 mappoint with 2 bad observed features 0, 0, 2
I0327 11:33:44.867111  1096 ic_gvins.cc:1494] Marginalize 1 states, last time 372725.260629
I0327 11:33:44.868382  1096 ic_gvins.cc:534] Optimization costs 25.8252 ms with 7.07294 and 14.1834 with marginalization costs 1.286
I0327 11:33:44.876544  1094 misc.cc:229] Redo INS mechanization at 372726.661284 to 372726.875112 is 0.213829 s
I0327 11:33:44.876586  1094 ic_gvins.cc:811] Insert keyframe 105 at 372726.761494 with 12 new mappoints
I0327 11:33:44.876740  1094 ic_gvins.cc:816] Add new keyframe time node at 372726.761494
I0327 11:33:44.878515  1095 tracking.cc:451] Track 53 map points
I0327 11:33:44.880560  1095 tracking.cc:570] Track 52 reference points
I0327 11:33:44.880784  1096 ic_gvins.cc:1917] Total 16 pose states from 372725.260629 to 372726.761494
I0327 11:33:44.880782  1095 tracking.cc:278] Keyframe at 372726.861517, mappoints 53, interval 0.100022, parallax 20.9657
I0327 11:33:44.880904  1095 tracking.cc:799] Triangulate 26 3D points with 24 left, 0 reset, 0 outtime and 2 outliers
I0327 11:33:44.883111  1095 tracking.cc:691] Add 130 new features to 103
I0327 11:33:44.883241  1095 ic_gvins.cc:610] Tracking cost 6.67152 ms
I0327 11:33:44.883697  1096 ic_gvins.cc:1241] Add 15 preintegration, 0 GNSS, 527 reprojection
I0327 11:33:44.890233  1096 ic_gvins.cc:1250] Ceres Solver Report: Iterations: 6, Initial cost: 1.578993e+03, Final cost: 4.556774e+02, Termination: NO_CONVERGENCE
I0327 11:33:44.890388  1096 ic_gvins.cc:1360] Remove 4 reprojection factors
I0327 11:33:44.905822  1096 ic_gvins.cc:1284] Ceres Solver Report: Iterations: 14, Initial cost: 3.008364e+02, Final cost: 3.005239e+02, Termination: CONVERGENCE
I0327 11:33:44.906005  1096 ic_gvins.cc:1188] Culled 3 mappoint with 4 bad observed features 0, 2, 1
I0327 11:33:44.906286  1096 ic_gvins.cc:1494] Marginalize 1 states, last time 372725.362208
I0327 11:33:44.907660  1096 ic_gvins.cc:534] Optimization costs 26.8839 ms with 6.54847 and 15.4463 with marginalization costs 1.40467
I0327 11:33:44.915942  1094 misc.cc:229] Redo INS mechanization at 372726.761494 to 372726.975113 is 0.213618 s
I0327 11:33:44.915997  1094 ic_gvins.cc:811] Insert keyframe 106 at 372726.861517 with 26 new mappoints
I0327 11:33:44.916237  1094 ic_gvins.cc:816] Add new keyframe time node at 372726.861517
I0327 11:33:44.916729  1096 ic_gvins.cc:1917] Total 16 pose states from 372725.362208 to 372726.861517
I0327 11:33:44.919510  1096 ic_gvins.cc:1241] Add 15 preintegration, 0 GNSS, 527 reprojection
I0327 11:33:44.919528  1095 tracking.cc:451] Track 61 map points
I0327 11:33:44.921865  1095 tracking.cc:570] Track 35 reference points
I0327 11:33:44.921928  1095 tracking.cc:278] Keyframe at 372726.961954, mappoints 61, interval 0.100438, parallax 23.8924
I0327 11:33:44.922039  1095 tracking.cc:799] Triangulate 22 3D points with 13 left, 0 reset, 0 outtime and 0 outliers
I0327 11:33:44.927405  1095 tracking.cc:691] Add 134 new features to 96
I0327 11:33:44.927661  1095 ic_gvins.cc:610] Tracking cost 11.7563 ms
I0327 11:33:44.933133  1096 ic_gvins.cc:1250] Ceres Solver Report: Iterations: 6, Initial cost: 1.608743e+03, Final cost: 3.081518e+02, Termination: NO_CONVERGENCE
I0327 11:33:44.933260  1096 ic_gvins.cc:1360] Remove 2 reprojection factors
I0327 11:33:44.948572  1096 ic_gvins.cc:1284] Ceres Solver Report: Iterations: 14, Initial cost: 2.991117e+02, Final cost: 2.987937e+02, Termination: CONVERGENCE
I0327 11:33:44.948761  1096 ic_gvins.cc:1188] Culled 3 mappoint with 1 bad observed features 0, 0, 3
I0327 11:33:44.949062  1096 ic_gvins.cc:1494] Marginalize 1 states, last time 372725.460467
I0327 11:33:44.950558  1096 ic_gvins.cc:534] Optimization costs 33.8534 ms with 13.6282 and 15.3243 with marginalization costs 1.42178
I0327 11:33:44.956048  1094 misc.cc:229] Redo INS mechanization at 372726.861517 to 372727.075098 is 0.213581 s
I0327 11:33:44.956112  1094 ic_gvins.cc:811] Insert keyframe 107 at 372726.961954 with 22 new mappoints
I0327 11:33:44.956327  1094 ic_gvins.cc:816] Add new keyframe time node at 372726.961954
