I20230219 14:36:35.418222  9137 ic_gvins.cc:787] Insert keyframe 134 at 364471.177398 with 14 new mappoints
I20230219 14:36:35.418568  9137 ic_gvins.cc:792] Add new keyframe time node at 364471.177398
I20230219 14:36:35.418591  9137 ic_gvins.cc:937] Add new GNSS time node 364471.132687
I20230219 14:36:35.418852  9139 ic_gvins.cc:1893] Total 12 pose states from 364470.177267 to 364471.177398
I20230219 14:36:35.419996  9139 ic_gvins.cc:1217] Add 11 preintegration, 1 GNSS, 292 reprojection
I20230219 14:36:35.427526  9139 ic_gvins.cc:1226] Ceres Solver Report: Iterations: 6, Initial cost: 6.474531e+02, Final cost: 5.450239e+01, Termination: NO_CONVERGENCE
I20230219 14:36:35.427731  9139 ic_gvins.cc:1336] Remove 1 reprojection factors
I20230219 14:36:35.448081  9139 ic_gvins.cc:1260] Ceres Solver Report: Iterations: 14, Initial cost: 5.244930e+01, Final cost: 5.229636e+01, Termination: CONVERGENCE
I20230219 14:36:35.448379  9139 ic_gvins.cc:1164] Culled 4 mappoint with 1 bad observed features 1, 1, 2
I20230219 14:36:35.448746  9139 ic_gvins.cc:1470] Marginalize 1 states, last time 364470.277274
I20230219 14:36:35.451138  9139 ic_gvins.cc:514] Optimization costs 32.3167 ms with 7.54584 and 20.3602 with marginalization costs 2.20065
I20230219 14:36:35.458284  9137 misc.cc:220] Redo INS mechanization at 364471.177398 to 364471.246877 is 0.0694794 s
I20230219 14:36:35.507084  9138 tracking.cc:452] Track 31 map points
I20230219 14:36:35.513782  9138 tracking.cc:571] Track 71 reference points
I20230219 14:36:35.513821  9138 tracking.cc:279] Keyframe at 364471.277384, mappoints 31, interval 0.099987, parallax 25.4277
I20230219 14:36:35.514047  9138 tracking.cc:795] Triangulate 10 3D points with 61 left, 0 reset, 0 outtime and 0 outliers
I20230219 14:36:35.522146  9138 tracking.cc:687] Add 81 new features to 102
I20230219 14:36:35.522392  9138 ic_gvins.cc:589] Tracking cost 23.154 ms
I20230219 14:36:35.528205  9137 ic_gvins.cc:787] Insert keyframe 135 at 364471.277384 with 10 new mappoints
I20230219 14:36:35.528437  9137 ic_gvins.cc:792] Add new keyframe time node at 364471.277384
I20230219 14:36:35.528467  9139 ic_gvins.cc:1893] Total 12 pose states from 364470.277274 to 364471.277384
I20230219 14:36:35.529982  9139 ic_gvins.cc:1217] Add 11 preintegration, 1 GNSS, 281 reprojection
I20230219 14:36:35.538456  9139 ic_gvins.cc:1226] Ceres Solver Report: Iterations: 6, Initial cost: 1.141407e+02, Final cost: 1.105213e+02, Termination: NO_CONVERGENCE
I20230219 14:36:35.538599  9139 ic_gvins.cc:1336] Remove 2 reprojection factors
I20230219 14:36:35.561697  9139 ic_gvins.cc:1260] Ceres Solver Report: Iterations: 13, Initial cost: 4.871161e+01, Final cost: 4.750389e+01, Termination: CONVERGENCE
I20230219 14:36:35.561964  9139 ic_gvins.cc:1164] Culled 0 mappoint with 2 bad observed features 0, 0, 0
I20230219 14:36:35.562275  9139 ic_gvins.cc:1470] Marginalize 1 states, last time 364470.377543
I20230219 14:36:35.564458  9139 ic_gvins.cc:514] Optimization costs 36.0097 ms with 8.46781 and 23.1144 with marginalization costs 2.10273
I20230219 14:36:35.568228  9137 misc.cc:220] Redo INS mechanization at 364471.277384 to 364471.356924 is 0.0795391 s
I20230219 14:36:35.607089  9138 tracking.cc:452] Track 28 map points
I20230219 14:36:35.618016  9138 tracking.cc:571] Track 85 reference points
I20230219 14:36:35.618057  9138 tracking.cc:279] Keyframe at 364471.377418, mappoints 28, interval 0.100034, parallax 19.4073
I20230219 14:36:35.618218  9138 tracking.cc:795] Triangulate 16 3D points with 68 left, 0 reset, 1 outtime and 0 outliers
I20230219 14:36:35.626083  9138 tracking.cc:687] Add 75 new features to 112
I20230219 14:36:35.626363  9138 ic_gvins.cc:589] Tracking cost 28.1157 ms
I20230219 14:36:35.628285  9137 ic_gvins.cc:787] Insert keyframe 136 at 364471.377418 with 16 new mappoints
I20230219 14:36:35.629590  9137 ic_gvins.cc:792] Add new keyframe time node at 364471.377418
I20230219 14:36:35.629673  9139 ic_gvins.cc:1893] Total 12 pose states from 364470.377543 to 364471.377418
I20230219 14:36:35.631314  9139 ic_gvins.cc:1217] Add 11 preintegration, 1 GNSS, 289 reprojection
I20230219 14:36:35.639536  9139 ic_gvins.cc:1226] Ceres Solver Report: Iterations: 6, Initial cost: 6.136609e+01, Final cost: 5.610359e+01, Termination: NO_CONVERGENCE
I20230219 14:36:35.639694  9139 ic_gvins.cc:1336] Remove 3 reprojection factors
I20230219 14:36:35.653468  9139 ic_gvins.cc:1260] Ceres Solver Report: Iterations: 6, Initial cost: 4.734812e+01, Final cost: 4.626542e+01, Termination: CONVERGENCE
I20230219 14:36:35.653771  9139 ic_gvins.cc:1164] Culled 2 mappoint with 2 bad observed features 0, 0, 2
I20230219 14:36:35.654172  9139 ic_gvins.cc:1470] Marginalize 1 states, last time 364470.477419
I20230219 14:36:35.656111  9139 ic_gvins.cc:514] Optimization costs 26.4612 ms with 8.22223 and 13.7954 with marginalization costs 1.8653
I20230219 14:36:35.658324  9137 misc.cc:220] Redo INS mechanization at 364471.377418 to 364471.446940 is 0.0695215 s
I20230219 14:36:35.704849  9138 tracking.cc:452] Track 32 map points
I20230219 14:36:35.711014  9138 tracking.cc:571] Track 88 reference points
I20230219 14:36:35.711072  9138 tracking.cc:279] Keyframe at 364471.477365, mappoints 32, interval 0.0999472, parallax 19.2454
I20230219 14:36:35.711221  9138 tracking.cc:795] Triangulate 16 3D points with 68 left, 0 reset, 4 outtime and 0 outliers
I20230219 14:36:35.721145  9138 tracking.cc:687] Add 71 new features to 116
I20230219 14:36:35.721570  9138 ic_gvins.cc:589] Tracking cost 22.6911 ms
I20230219 14:36:35.728282  9137 ic_gvins.cc:787] Insert keyframe 137 at 364471.477365 with 16 new mappoints
I20230219 14:36:35.728547  9137 ic_gvins.cc:792] Add new keyframe time node at 364471.477365
I20230219 14:36:35.728760  9139 ic_gvins.cc:1893] Total 12 pose states from 364470.477419 to 364471.477365
I20230219 14:36:35.730358  9139 ic_gvins.cc:1217] Add 11 preintegration, 1 GNSS, 289 reprojection
I20230219 14:36:35.741613  9139 ic_gvins.cc:1226] Ceres Solver Report: Iterations: 6, Initial cost: 4.949768e+01, Final cost: 4.652020e+01, Termination: NO_CONVERGENCE
I20230219 14:36:35.741832  9139 ic_gvins.cc:1336] Remove 1 reprojection factors
I20230219 14:36:35.765834  9139 ic_gvins.cc:1260] Ceres Solver Report: Iterations: 13, Initial cost: 4.390449e+01, Final cost: 4.324720e+01, Termination: CONVERGENCE
I20230219 14:36:35.766067  9139 ic_gvins.cc:1164] Culled 0 mappoint with 1 bad observed features 0, 0, 0
I20230219 14:36:35.766412  9139 ic_gvins.cc:1470] Marginalize 1 states, last time 364470.577661
I20230219 14:36:35.767853  9139 ic_gvins.cc:514] Optimization costs 39.1128 ms with 11.2658 and 24.0103 with marginalization costs 1.37989
I20230219 14:36:35.768332  9137 misc.cc:220] Redo INS mechanization at 364471.477365 to 364471.556871 is 0.0795053 s
I20230219 14:36:35.803122  9138 tracking.cc:452] Track 31 map points
I20230219 14:36:35.809087  9138 tracking.cc:571] Track 79 reference points
I20230219 14:36:35.809115  9138 tracking.cc:279] Keyframe at 364471.577280, mappoints 31, interval 0.0999146, parallax 23.3692
I20230219 14:36:35.809235  9138 tracking.cc:795] Triangulate 11 3D points with 64 left, 0 reset, 3 outtime and 1 outliers
I20230219 14:36:35.814908  9138 tracking.cc:687] Add 86 new features to 106
I20230219 14:36:35.815111  9138 ic_gvins.cc:589] Tracking cost 16.9113 ms
I20230219 14:36:35.818274  9137 ic_gvins.cc:787] Insert keyframe 138 at 364471.577280 with 11 new mappoints
I20230219 14:36:35.818450  9137 ic_gvins.cc:792] Add new keyframe time node at 364471.577280
I20230219 14:36:35.818495  9139 ic_gvins.cc:1893] Total 12 pose states from 364470.577661 to 364471.577280
I20230219 14:36:35.819566  9139 ic_gvins.cc:1217] Add 11 preintegration, 1 GNSS, 296 reprojection
I20230219 14:36:35.827194  9139 ic_gvins.cc:1226] Ceres Solver Report: Iterations: 6, Initial cost: 4.726478e+01, Final cost: 4.561737e+01, Termination: NO_CONVERGENCE
I20230219 14:36:35.827401  9139 ic_gvins.cc:1336] Remove 0 reprojection factors
I20230219 14:36:35.830351  9139 ic_gvins.cc:1260] Ceres Solver Report: Iterations: 1, Initial cost: 4.561737e+01, Final cost: 4.561737e+01, Termination: CONVERGENCE
I20230219 14:36:35.831239  9139 ic_gvins.cc:1164] Culled 0 mappoint with 0 bad observed features 0, 0, 0
I20230219 14:36:35.831722  9139 ic_gvins.cc:1470] Marginalize 1 states, last time 364470.677289
I20230219 14:36:35.833513  9139 ic_gvins.cc:514] Optimization costs 15.0384 ms with 7.64662 and 2.97263 with marginalization costs 1.71011
I20230219 14:36:35.838261  9137 misc.cc:220] Redo INS mechanization at 364471.577280 to 364471.626864 is 0.049584 s
I20230219 14:36:35.903182  9138 tracking.cc:452] Track 32 map points
I20230219 14:36:35.907647  9138 tracking.cc:571] Track 88 reference points
I20230219 14:36:35.907677  9138 tracking.cc:279] Keyframe at 364471.677412, mappoints 32, interval 0.100132, parallax 18.1449
I20230219 14:36:35.907826  9138 tracking.cc:795] Triangulate 19 3D points with 62 left, 0 reset, 5 outtime and 2 outliers
I20230219 14:36:35.912739  9138 tracking.cc:687] Add 76 new features to 113
I20230219 14:36:35.912914  9138 ic_gvins.cc:589] Tracking cost 14.0024 ms
I20230219 14:36:35.918212  9137 ic_gvins.cc:787] Insert keyframe 139 at 364471.677412 with 19 new mappoints
I20230219 14:36:35.918365  9137 ic_gvins.cc:792] Add new keyframe time node at 364471.677412
I20230219 14:36:35.918390  9139 ic_gvins.cc:1893] Total 12 pose states from 364470.677289 to 364471.677412
I20230219 14:36:35.919992  9139 ic_gvins.cc:1217] Add 11 preintegration, 1 GNSS, 334 reprojection
I20230219 14:36:35.928908  9139 ic_gvins.cc:1226] Ceres Solver Report: Iterations: 6, Initial cost: 9.506389e+01, Final cost: 9.311677e+01, Termination: NO_CONVERGENCE
I20230219 14:36:35.929141  9139 ic_gvins.cc:1336] Remove 1 reprojection factors
I20230219 14:36:35.949446  9139 ic_gvins.cc:1260] Ceres Solver Report: Iterations: 13, Initial cost: 4.837505e+01, Final cost: 4.783645e+01, Termination: CONVERGENCE
I20230219 14:36:35.949733  9139 ic_gvins.cc:1164] Culled 0 mappoint with 1 bad observed features 0, 0, 0
I20230219 14:36:35.950068  9139 ic_gvins.cc:1470] Marginalize 1 states, last time 364470.777349
I20230219 14:36:35.952152  9139 ic_gvins.cc:514] Optimization costs 33.7791 ms with 8.92627 and 20.2854 with marginalization costs 1.99104
I20230219 14:36:35.958231  9137 misc.cc:220] Redo INS mechanization at 364471.677412 to 364471.746903 is 0.0694914 s
I20230219 14:36:36.002790  9138 tracking.cc:452] Track 35 map points
I20230219 14:36:36.007941  9138 tracking.cc:571] Track 74 reference points
I20230219 14:36:36.015523  9138 tracking.cc:687] Add 82 new features to 109
I20230219 14:36:36.102420  9138 tracking.cc:452] Track 33 map points
I20230219 14:36:36.108031  9138 tracking.cc:571] Track 84 reference points
I20230219 14:36:36.114990  9138 tracking.cc:687] Add 77 new features to 117
I20230219 14:36:36.204643  9138 tracking.cc:452] Track 31 map points
I20230219 14:36:36.218336  9138 tracking.cc:571] Track 76 reference points
I20230219 14:36:36.218360  9138 tracking.cc:279] Keyframe at 364471.977654, mappoints 31, interval 0.300242, parallax 18.4022
I20230219 14:36:36.218533  9138 tracking.cc:795] Triangulate 23 3D points with 52 left, 13 reset, 1 outtime and 0 outliers
I20230219 14:36:36.225723  9138 tracking.cc:687] Add 92 new features to 106
I20230219 14:36:36.226058  9138 ic_gvins.cc:589] Tracking cost 27.8405 ms
I20230219 14:36:36.228225  9137 ic_gvins.cc:787] Insert keyframe 140 at 364471.977654 with 23 new mappoints
I20230219 14:36:36.228825  9137 ic_gvins.cc:792] Add new keyframe time node at 364471.977654
I20230219 14:36:36.228857  9139 ic_gvins.cc:1893] Total 12 pose states from 364470.777349 to 364471.977654
I20230219 14:36:36.230685  9139 ic_gvins.cc:1217] Add 11 preintegration, 1 GNSS, 336 reprojection
I20230219 14:36:36.243801  9139 ic_gvins.cc:1226] Ceres Solver Report: Iterations: 6, Initial cost: 4.243966e+03, Final cost: 5.595645e+01, Termination: NO_CONVERGENCE
I20230219 14:36:36.244052  9139 ic_gvins.cc:1336] Remove 0 reprojection factors
I20230219 14:36:36.269517  9139 ic_gvins.cc:1260] Ceres Solver Report: Iterations: 14, Initial cost: 5.595645e+01, Final cost: 5.342826e+01, Termination: CONVERGENCE
I20230219 14:36:36.269856  9139 ic_gvins.cc:1164] Culled 7 mappoint with 3 bad observed features 3, 3, 1
I20230219 14:36:36.270221  9139 ic_gvins.cc:1470] Marginalize 1 states, last time 364470.877496
I20230219 14:36:36.272832  9139 ic_gvins.cc:514] Optimization costs 43.9933 ms with 13.1045 and 25.472 with marginalization costs 2.50053
I20230219 14:36:36.278192  9137 misc.cc:220] Redo INS mechanization at 364471.977654 to 364472.066850 is 0.0891966 s
I20230219 14:36:36.309234  9138 tracking.cc:452] Track 45 map points
I20230219 14:36:36.315570  9138 tracking.cc:571] Track 59 reference points
I20230219 14:36:36.324445  9138 tracking.cc:687] Add 86 new features to 104
I20230219 14:36:36.403008  9138 tracking.cc:452] Track 42 map points
I20230219 14:36:36.413003  9138 tracking.cc:571] Track 71 reference points
I20230219 14:36:36.413036  9138 tracking.cc:279] Keyframe at 364472.178020, mappoints 42, interval 0.200367, parallax 17.2921
I20230219 14:36:36.413182  9138 tracking.cc:795] Triangulate 18 3D points with 50 left, 22 reset, 3 outtime and 0 outliers
I20230219 14:36:36.422369  9138 tracking.cc:687] Add 79 new features to 110
I20230219 14:36:36.422586  9138 ic_gvins.cc:589] Tracking cost 24.001 ms
I20230219 14:36:36.428228  9137 ic_gvins.cc:787] Insert keyframe 141 at 364472.178020 with 18 new mappoints
I20230219 14:36:36.428488  9137 ic_gvins.cc:792] Add new keyframe time node at 364472.178020
I20230219 14:36:36.428501  9137 ic_gvins.cc:937] Add new GNSS time node 364472.129201
I20230219 14:36:36.428761  9139 ic_gvins.cc:1893] Total 13 pose states from 364470.877496 to 364472.178020
I20230219 14:36:36.430577  9139 ic_gvins.cc:1217] Add 12 preintegration, 2 GNSS, 331 reprojection
I20230219 14:36:36.445256  9139 ic_gvins.cc:1226] Ceres Solver Report: Iterations: 6, Initial cost: 9.877537e+03, Final cost: 1.017486e+02, Termination: NO_CONVERGENCE
I20230219 14:36:36.445430  9139 ic_gvins.cc:1336] Remove 2 reprojection factors
I20230219 14:36:36.472887  9139 ic_gvins.cc:1260] Ceres Solver Report: Iterations: 14, Initial cost: 4.946050e+01, Final cost: 4.941525e+01, Termination: CONVERGENCE
I20230219 14:36:36.473316  9139 ic_gvins.cc:1164] Culled 4 mappoint with 3 bad observed features 1, 3, 0
I20230219 14:36:36.474201  9139 ic_gvins.cc:1470] Marginalize 1 states, last time 364470.977480
I20230219 14:36:36.477321  9139 ic_gvins.cc:514] Optimization costs 48.5877 ms with 14.6186 and 27.4843 with marginalization costs 3.14931
I20230219 14:36:36.478282  9137 misc.cc:220] Redo INS mechanization at 364472.178020 to 364472.266921 is 0.0889005 s
I20230219 14:36:36.505146  9138 tracking.cc:452] Track 49 map points
I20230219 14:36:36.510821  9138 tracking.cc:571] Track 59 reference points
I20230219 14:36:36.518484  9138 tracking.cc:687] Add 80 new features to 108
I20230219 14:36:36.603281  9138 tracking.cc:452] Track 45 map points
I20230219 14:36:36.608273  9138 tracking.cc:571] Track 68 reference points
I20230219 14:36:36.616747  9138 tracking.cc:687] Add 75 new features to 113
I20230219 14:36:36.686089  9118 fusion_ros.cc:271] Raw data time in image recv image,imu,gnss 364472.474112, 364472.466856, 364472.129201
I20230219 14:36:36.704617  9138 tracking.cc:452] Track 40 map points
I20230219 14:36:36.711854  9138 tracking.cc:571] Track 66 reference points
I20230219 14:36:36.711880  9138 tracking.cc:279] Keyframe at 364472.477301, mappoints 40, interval 0.29928, parallax 16.729
I20230219 14:36:36.711979  9138 tracking.cc:795] Triangulate 11 3D points with 52 left, 16 reset, 1 outtime and 2 outliers
I20230219 14:36:36.719357  9138 tracking.cc:687] Add 91 new features to 103
I20230219 14:36:36.719568  9138 ic_gvins.cc:589] Tracking cost 20.4772 ms
I20230219 14:36:36.728168  9137 ic_gvins.cc:787] Insert keyframe 142 at 364472.477301 with 11 new mappoints
I20230219 14:36:36.728754  9137 ic_gvins.cc:792] Add new keyframe time node at 364472.477301
I20230219 14:36:36.728821  9139 ic_gvins.cc:1893] Total 13 pose states from 364470.977480 to 364472.477301
I20230219 14:36:36.730113  9139 ic_gvins.cc:1217] Add 12 preintegration, 2 GNSS, 339 reprojection
I20230219 14:36:36.741122  9139 ic_gvins.cc:1226] Ceres Solver Report: Iterations: 6, Initial cost: 1.733017e+03, Final cost: 5.648164e+01, Termination: NO_CONVERGENCE
I20230219 14:36:36.741392  9139 ic_gvins.cc:1336] Remove 2 reprojection factors
I20230219 14:36:36.770357  9139 ic_gvins.cc:1260] Ceres Solver Report: Iterations: 14, Initial cost: 5.134779e+01, Final cost: 4.977186e+01, Termination: CONVERGENCE
I20230219 14:36:36.770655  9139 ic_gvins.cc:1164] Culled 2 mappoint with 2 bad observed features 1, 1, 0
I20230219 14:36:36.770988  9139 ic_gvins.cc:1470] Marginalize 1 states, last time 364471.077476
I20230219 14:36:36.772917  9139 ic_gvins.cc:514] Optimization costs 44.1166 ms with 11.0408 and 28.9619 with marginalization costs 1.85043
I20230219 14:36:36.778203  9137 misc.cc:220] Redo INS mechanization at 364472.477301 to 364472.566880 is 0.0895791 s
I20230219 14:36:36.807276  9138 tracking.cc:452] Track 43 map points
I20230219 14:36:36.815549  9138 tracking.cc:571] Track 69 reference points
I20230219 14:36:36.825822  9138 tracking.cc:687] Add 86 new features to 112
I20230219 14:36:36.905575  9138 tracking.cc:452] Track 40 map points
I20230219 14:36:36.913931  9138 tracking.cc:571] Track 81 reference points
I20230219 14:36:36.913961  9138 tracking.cc:279] Keyframe at 364472.677313, mappoints 40, interval 0.200013, parallax 20.0175
I20230219 14:36:36.914098  9138 tracking.cc:795] Triangulate 14 3D points with 65 left, 24 reset, 2 outtime and 0 outliers
I20230219 14:36:36.920951  9138 tracking.cc:687] Add 77 new features to 119
I20230219 14:36:36.921155  9138 ic_gvins.cc:589] Tracking cost 22.106 ms
I20230219 14:36:36.928220  9137 ic_gvins.cc:787] Insert keyframe 143 at 364472.677313 with 14 new mappoints
I20230219 14:36:36.928598  9137 ic_gvins.cc:792] Add new keyframe time node at 364472.677313
I20230219 14:36:36.928647  9139 ic_gvins.cc:1893] Total 13 pose states from 364471.077476 to 364472.677313
I20230219 14:36:36.931227  9139 ic_gvins.cc:1217] Add 12 preintegration, 2 GNSS, 331 reprojection
I20230219 14:36:36.941735  9139 ic_gvins.cc:1226] Ceres Solver Report: Iterations: 6, Initial cost: 4.239176e+03, Final cost: 4.244794e+02, Termination: NO_CONVERGENCE
I20230219 14:36:36.941990  9139 ic_gvins.cc:1336] Remove 2 reprojection factors
I20230219 14:36:36.966174  9139 ic_gvins.cc:1260] Ceres Solver Report: Iterations: 14, Initial cost: 5.296616e+01, Final cost: 5.234740e+01, Termination: CONVERGENCE
I20230219 14:36:36.966464  9139 ic_gvins.cc:1164] Culled 4 mappoint with 3 bad observed features 2, 2, 0
I20230219 14:36:36.966802  9139 ic_gvins.cc:1470] Marginalize 2 states, last time 364471.177398
I20230219 14:36:36.969965  9139 ic_gvins.cc:514] Optimization costs 41.3514 ms with 10.5008 and 24.1942 with marginalization costs 2.98616
I20230219 14:36:36.978240  9137 misc.cc:220] Redo INS mechanization at 364472.677313 to 364472.766873 is 0.0895596 s
I20230219 14:36:37.002282  9138 tracking.cc:452] Track 45 map points
I20230219 14:36:37.007862  9138 tracking.cc:571] Track 70 reference points
I20230219 14:36:37.015547  9138 tracking.cc:687] Add 82 new features to 115
I20230219 14:36:37.102420  9138 tracking.cc:452] Track 39 map points
I20230219 14:36:37.109380  9138 tracking.cc:571] Track 80 reference points
I20230219 14:36:37.109427  9138 tracking.cc:279] Keyframe at 364472.877221, mappoints 39, interval 0.199908, parallax 19.7648
I20230219 14:36:37.109580  9138 tracking.cc:795] Triangulate 14 3D points with 60 left, 24 reset, 5 outtime and 1 outliers
I20230219 14:36:37.117478  9138 tracking.cc:687] Add 82 new features to 113
I20230219 14:36:37.117669  9138 ic_gvins.cc:589] Tracking cost 18.9378 ms
I20230219 14:36:37.118235  9137 ic_gvins.cc:787] Insert keyframe 144 at 364472.877221 with 14 new mappoints
I20230219 14:36:37.118633  9137 ic_gvins.cc:792] Add new keyframe time node at 364472.877221
I20230219 14:36:37.118661  9139 ic_gvins.cc:1893] Total 12 pose states from 364471.177398 to 364472.877221
I20230219 14:36:37.120005  9139 ic_gvins.cc:1217] Add 11 preintegration, 1 GNSS, 319 reprojection
I20230219 14:36:37.128180  9139 ic_gvins.cc:1226] Ceres Solver Report: Iterations: 6, Initial cost: 2.135614e+03, Final cost: 3.492025e+02, Termination: NO_CONVERGENCE
I20230219 14:36:37.128391  9139 ic_gvins.cc:1336] Remove 3 reprojection factors
I20230219 14:36:37.146559  9139 ic_gvins.cc:1260] Ceres Solver Report: Iterations: 13, Initial cost: 5.685564e+01, Final cost: 5.632579e+01, Termination: CONVERGENCE
I20230219 14:36:37.146826  9139 ic_gvins.cc:1164] Culled 4 mappoint with 3 bad observed features 2, 2, 0
I20230219 14:36:37.147099  9139 ic_gvins.cc:1470] Marginalize 1 states, last time 364471.277384
I20230219 14:36:37.148636  9139 ic_gvins.cc:514] Optimization costs 29.9885 ms with 8.17784 and 18.1827 with marginalization costs 1.4993
I20230219 14:36:37.158187  9137 misc.cc:220] Redo INS mechanization at 364472.877221 to 364472.946876 is 0.0696547 s
I20230219 14:36:37.205368  9138 tracking.cc:452] Track 42 map points
I20230219 14:36:37.214524  9138 tracking.cc:571] Track 77 reference points
I20230219 14:36:37.223614  9138 tracking.cc:687] Add 78 new features to 119
I20230219 14:36:37.302934  9138 tracking.cc:452] Track 37 map points
I20230219 14:36:37.311898  9138 tracking.cc:571] Track 87 reference points
I20230219 14:36:37.311930  9138 tracking.cc:279] Keyframe at 364473.077189, mappoints 37, interval 0.199969, parallax 16.1698
I20230219 14:36:37.312072  9138 tracking.cc:795] Triangulate 14 3D points with 71 left, 23 reset, 2 outtime and 0 outliers
I20230219 14:36:37.318779  9138 tracking.cc:687] Add 73 new features to 122
I20230219 14:36:37.319027  9138 ic_gvins.cc:589] Tracking cost 20.3074 ms
I20230219 14:36:37.328173  9137 ic_gvins.cc:787] Insert keyframe 145 at 364473.077189 with 14 new mappoints
I20230219 14:36:37.328437  9137 ic_gvins.cc:792] Add new keyframe time node at 364473.077189
I20230219 14:36:37.328456  9139 ic_gvins.cc:1893] Total 12 pose states from 364471.277384 to 364473.077189
I20230219 14:36:37.329442  9139 ic_gvins.cc:1217] Add 11 preintegration, 1 GNSS, 318 reprojection
I20230219 14:36:37.337625  9139 ic_gvins.cc:1226] Ceres Solver Report: Iterations: 6, Initial cost: 5.169615e+03, Final cost: 6.758045e+01, Termination: NO_CONVERGENCE
I20230219 14:36:37.337770  9139 ic_gvins.cc:1336] Remove 1 reprojection factors
I20230219 14:36:37.345021  9139 ic_gvins.cc:1260] Ceres Solver Report: Iterations: 6, Initial cost: 6.438953e+01, Final cost: 5.911779e+01, Termination: CONVERGENCE
I20230219 14:36:37.345243  9139 ic_gvins.cc:1164] Culled 8 mappoint with 5 bad observed features 4, 4, 0
I20230219 14:36:37.345510  9139 ic_gvins.cc:1470] Marginalize 1 states, last time 364471.377418
I20230219 14:36:37.347007  9139 ic_gvins.cc:514] Optimization costs 18.5612 ms with 8.19835 and 7.26513 with marginalization costs 1.46592
I20230219 14:36:37.348229  9137 misc.cc:220] Redo INS mechanization at 364473.077189 to 364473.136855 is 0.0596659 s
I20230219 14:36:37.402175  9138 tracking.cc:452] Track 33 map points
I20230219 14:36:37.406244  9138 tracking.cc:571] Track 81 reference points
I20230219 14:36:37.410975  9138 tracking.cc:687] Add 82 new features to 114
I20230219 14:36:37.502485  9138 tracking.cc:452] Track 31 map points
I20230219 14:36:37.507752  9138 tracking.cc:571] Track 98 reference points
I20230219 14:36:37.507781  9138 tracking.cc:279] Keyframe at 364473.277121, mappoints 31, interval 0.199931, parallax 22.3865
I20230219 14:36:37.507951  9138 tracking.cc:795] Triangulate 21 3D points with 77 left, 30 reset, 0 outtime and 0 outliers
I20230219 14:36:37.516131  9138 tracking.cc:687] Add 68 new features to 129
I20230219 14:36:37.516440  9138 ic_gvins.cc:589] Tracking cost 18.0143 ms
I20230219 14:36:37.518194  9137 ic_gvins.cc:787] Insert keyframe 146 at 364473.277121 with 21 new mappoints
I20230219 14:36:37.518636  9137 ic_gvins.cc:792] Add new keyframe time node at 364473.277121
I20230219 14:36:37.518666  9137 ic_gvins.cc:937] Add new GNSS time node 364473.129949
I20230219 14:36:37.519140  9139 ic_gvins.cc:1893] Total 13 pose states from 364471.377418 to 364473.277121
I20230219 14:36:37.520804  9139 ic_gvins.cc:1217] Add 12 preintegration, 2 GNSS, 290 reprojection
I20230219 14:36:37.530241  9139 ic_gvins.cc:1226] Ceres Solver Report: Iterations: 6, Initial cost: 1.328840e+03, Final cost: 6.845905e+01, Termination: NO_CONVERGENCE
I20230219 14:36:37.530447  9139 ic_gvins.cc:1336] Remove 0 reprojection factors
I20230219 14:36:37.551486  9139 ic_gvins.cc:1260] Ceres Solver Report: Iterations: 14, Initial cost: 6.845905e+01, Final cost: 6.654799e+01, Termination: CONVERGENCE
I20230219 14:36:37.551760  9139 ic_gvins.cc:1164] Culled 3 mappoint with 1 bad observed features 1, 1, 1
I20230219 14:36:37.552096  9139 ic_gvins.cc:1470] Marginalize 1 states, last time 364471.477365
I20230219 14:36:37.554709  9139 ic_gvins.cc:514] Optimization costs 35.5971 ms with 9.43581 and 21.0476 with marginalization costs 2.51896
I20230219 14:36:37.558143  9137 misc.cc:220] Redo INS mechanization at 364473.277121 to 364473.346851 is 0.0697305 s
I20230219 14:36:37.605103  9138 tracking.cc:452] Track 44 map points
I20230219 14:36:37.613988  9138 tracking.cc:571] Track 80 reference points
I20230219 14:36:37.620071  9138 tracking.cc:687] Add 72 new features to 124
I20230219 14:36:37.703951  9138 tracking.cc:452] Track 40 map points
I20230219 14:36:37.712771  9138 tracking.cc:571] Track 73 reference points
I20230219 14:36:37.712800  9138 tracking.cc:279] Keyframe at 364473.477169, mappoints 40, interval 0.200048, parallax 19.3038
I20230219 14:36:37.712916  9138 tracking.cc:795] Triangulate 12 3D points with 61 left, 12 reset, 0 outtime and 0 outliers
I20230219 14:36:37.720674  9138 tracking.cc:687] Add 83 new features to 113
I20230219 14:36:37.720917  9138 ic_gvins.cc:589] Tracking cost 22.2007 ms
I20230219 14:36:37.728231  9137 ic_gvins.cc:787] Insert keyframe 147 at 364473.477169 with 12 new mappoints
I20230219 14:36:37.728670  9137 ic_gvins.cc:792] Add new keyframe time node at 364473.477169
I20230219 14:36:37.728709  9139 ic_gvins.cc:1893] Total 13 pose states from 364471.477365 to 364473.477169
I20230219 14:36:37.730424  9139 ic_gvins.cc:1217] Add 12 preintegration, 2 GNSS, 278 reprojection
I20230219 14:36:37.744868  9139 ic_gvins.cc:1226] Ceres Solver Report: Iterations: 6, Initial cost: 2.829099e+03, Final cost: 5.964576e+01, Termination: NO_CONVERGENCE
I20230219 14:36:37.745095  9139 ic_gvins.cc:1336] Remove 0 reprojection factors
I20230219 14:36:37.768569  9139 ic_gvins.cc:1260] Ceres Solver Report: Iterations: 14, Initial cost: 5.964576e+01, Final cost: 5.961678e+01, Termination: CONVERGENCE
I20230219 14:36:37.768805  9139 ic_gvins.cc:1164] Culled 5 mappoint with 2 bad observed features 2, 2, 1
I20230219 14:36:37.769182  9139 ic_gvins.cc:1470] Marginalize 1 states, last time 364471.577280
I20230219 14:36:37.770617  9139 ic_gvins.cc:514] Optimization costs 41.927 ms with 14.456 and 23.4609 with marginalization costs 1.40989
I20230219 14:36:37.778134  9137 misc.cc:220] Redo INS mechanization at 364473.477169 to 364473.566817 is 0.0896483 s
I20230219 14:36:37.803041  9138 tracking.cc:452] Track 45 map points
I20230219 14:36:37.807869  9138 tracking.cc:571] Track 79 reference points
I20230219 14:36:37.813504  9138 tracking.cc:687] Add 72 new features to 124
I20230219 14:36:37.903488  9138 tracking.cc:452] Track 38 map points
I20230219 14:36:37.908109  9138 tracking.cc:571] Track 85 reference points
I20230219 14:36:37.908131  9138 tracking.cc:279] Keyframe at 364473.677154, mappoints 38, interval 0.199985, parallax 23.3765
I20230219 14:36:37.908252  9138 tracking.cc:795] Triangulate 20 3D points with 64 left, 19 reset, 1 outtime and 0 outliers
I20230219 14:36:37.913417  9138 tracking.cc:687] Add 72 new features to 122
I20230219 14:36:37.913785  9138 ic_gvins.cc:589] Tracking cost 14.8906 ms
I20230219 14:36:37.918246  9137 ic_gvins.cc:787] Insert keyframe 148 at 364473.677154 with 20 new mappoints
I20230219 14:36:37.918570  9137 ic_gvins.cc:792] Add new keyframe time node at 364473.677154
I20230219 14:36:37.918637  9139 ic_gvins.cc:1893] Total 13 pose states from 364471.577280 to 364473.677154
I20230219 14:36:37.920153  9139 ic_gvins.cc:1217] Add 12 preintegration, 2 GNSS, 304 reprojection
I20230219 14:36:37.929327  9139 ic_gvins.cc:1226] Ceres Solver Report: Iterations: 6, Initial cost: 7.745554e+01, Final cost: 7.277801e+01, Termination: NO_CONVERGENCE
I20230219 14:36:37.929553  9139 ic_gvins.cc:1336] Remove 2 reprojection factors
I20230219 14:36:37.951663  9139 ic_gvins.cc:1260] Ceres Solver Report: Iterations: 13, Initial cost: 6.711004e+01, Final cost: 6.544487e+01, Termination: CONVERGENCE
I20230219 14:36:37.951995  9139 ic_gvins.cc:1164] Culled 0 mappoint with 2 bad observed features 0, 0, 0
I20230219 14:36:37.952353  9139 ic_gvins.cc:1470] Marginalize 1 states, last time 364471.677412
I20230219 14:36:37.954879  9139 ic_gvins.cc:514] Optimization costs 36.2752 ms with 9.18583 and 22.1431 with marginalization costs 2.38372
I20230219 14:36:37.958372  9137 misc.cc:220] Redo INS mechanization at 364473.677154 to 364473.746839 is 0.0696845 s
I20230219 14:36:38.006196  9138 tracking.cc:452] Track 47 map points
I20230219 14:36:38.015547  9138 tracking.cc:571] Track 71 reference points
I20230219 14:36:38.021247  9138 tracking.cc:687] Add 78 new features to 118
I20230219 14:36:38.104247  9138 tracking.cc:452] Track 42 map points
I20230219 14:36:38.109298  9138 tracking.cc:571] Track 79 reference points
I20230219 14:36:38.109325  9138 tracking.cc:279] Keyframe at 364473.877295, mappoints 42, interval 0.20014, parallax 19.3445
I20230219 14:36:38.109477  9138 tracking.cc:795] Triangulate 20 3D points with 58 left, 17 reset, 1 outtime and 0 outliers
I20230219 14:36:38.115285  9138 tracking.cc:687] Add 78 new features to 120
I20230219 14:36:38.115537  9138 ic_gvins.cc:589] Tracking cost 16.8509 ms
I20230219 14:36:38.118149  9137 ic_gvins.cc:787] Insert keyframe 149 at 364473.877295 with 20 new mappoints
I20230219 14:36:38.118605  9137 ic_gvins.cc:792] Add new keyframe time node at 364473.877295
I20230219 14:36:38.118631  9139 ic_gvins.cc:1893] Total 13 pose states from 364471.677412 to 364473.877295
I20230219 14:36:38.120299  9139 ic_gvins.cc:1217] Add 12 preintegration, 2 GNSS, 309 reprojection
I20230219 14:36:38.129377  9139 ic_gvins.cc:1226] Ceres Solver Report: Iterations: 6, Initial cost: 1.479026e+03, Final cost: 4.701043e+02, Termination: NO_CONVERGENCE
I20230219 14:36:38.129611  9139 ic_gvins.cc:1336] Remove 9 reprojection factors
I20230219 14:36:38.155547  9139 ic_gvins.cc:1260] Ceres Solver Report: Iterations: 13, Initial cost: 6.427605e+01, Final cost: 6.329277e+01, Termination: CONVERGENCE
I20230219 14:36:38.155843  9139 ic_gvins.cc:1164] Culled 8 mappoint with 8 bad observed features 3, 4, 1
I20230219 14:36:38.156299  9139 ic_gvins.cc:1470] Marginalize 1 states, last time 364471.977654
I20230219 14:36:38.157768  9139 ic_gvins.cc:514] Optimization costs 39.1539 ms with 9.08787 and 25.9485 with marginalization costs 1.40354
I20230219 14:36:38.158126  9137 misc.cc:220] Redo INS mechanization at 364473.877295 to 364473.946827 is 0.0695324 s
I20230219 14:36:38.202673  9138 tracking.cc:452] Track 49 map points
I20230219 14:36:38.207397  9138 tracking.cc:571] Track 57 reference points
I20230219 14:36:38.212806  9138 tracking.cc:687] Add 92 new features to 106
I20230219 14:36:38.303524  9138 tracking.cc:452] Track 44 map points
I20230219 14:36:38.309381  9138 tracking.cc:571] Track 74 reference points
I20230219 14:36:38.309409  9138 tracking.cc:279] Keyframe at 364474.077268, mappoints 44, interval 0.199974, parallax 16.9793
I20230219 14:36:38.309537  9138 tracking.cc:795] Triangulate 13 3D points with 59 left, 25 reset, 2 outtime and 0 outliers
I20230219 14:36:38.317885  9138 tracking.cc:687] Add 81 new features to 116
I20230219 14:36:38.318073  9138 ic_gvins.cc:589] Tracking cost 19.4577 ms
I20230219 14:36:38.318110  9137 ic_gvins.cc:787] Insert keyframe 150 at 364474.077268 with 13 new mappoints
I20230219 14:36:38.318511  9137 ic_gvins.cc:792] Add new keyframe time node at 364474.077268
I20230219 14:36:38.318794  9139 ic_gvins.cc:1893] Total 13 pose states from 364471.977654 to 364474.077268
I20230219 14:36:38.320655  9139 ic_gvins.cc:1217] Add 12 preintegration, 2 GNSS, 353 reprojection
I20230219 14:36:38.329679  9139 ic_gvins.cc:1226] Ceres Solver Report: Iterations: 6, Initial cost: 2.438962e+03, Final cost: 2.010196e+02, Termination: NO_CONVERGENCE
I20230219 14:36:38.329859  9139 ic_gvins.cc:1336] Remove 2 reprojection factors
I20230219 14:36:38.356439  9139 ic_gvins.cc:1260] Ceres Solver Report: Iterations: 13, Initial cost: 7.120253e+01, Final cost: 7.108893e+01, Termination: CONVERGENCE
I20230219 14:36:38.356859  9139 ic_gvins.cc:1164] Culled 9 mappoint with 4 bad observed features 4, 4, 1
I20230219 14:36:38.358673  9139 ic_gvins.cc:1470] Marginalize 2 states, last time 364472.178020
I20230219 14:36:38.361719  9139 ic_gvins.cc:514] Optimization costs 42.9487 ms with 9.03154 and 26.6085 with marginalization costs 3.03555
I20230219 14:36:38.368103  9137 misc.cc:220] Redo INS mechanization at 364474.077268 to 364474.156775 is 0.0795068 s
I20230219 14:36:38.409324  9138 tracking.cc:452] Track 43 map points
I20230219 14:36:38.419834  9138 tracking.cc:571] Track 58 reference points
I20230219 14:36:38.426738  9138 tracking.cc:687] Add 94 new features to 101
I20230219 14:36:38.504770  9138 tracking.cc:452] Track 40 map points
I20230219 14:36:38.510679  9138 tracking.cc:571] Track 71 reference points
I20230219 14:36:38.516875  9138 tracking.cc:687] Add 86 new features to 111
I20230219 14:36:38.603089  9138 tracking.cc:452] Track 37 map points
I20230219 14:36:38.608939  9138 tracking.cc:571] Track 79 reference points
I20230219 14:36:38.608966  9138 tracking.cc:279] Keyframe at 364474.377384, mappoints 37, interval 0.300116, parallax 17.916
I20230219 14:36:38.609090  9138 tracking.cc:795] Triangulate 13 3D points with 66 left, 34 reset, 0 outtime and 0 outliers
I20230219 14:36:38.616808  9138 tracking.cc:687] Add 80 new features to 116
I20230219 14:36:38.616973  9138 ic_gvins.cc:589] Tracking cost 18.06 ms
I20230219 14:36:38.618234  9137 ic_gvins.cc:787] Insert keyframe 151 at 364474.377384 with 13 new mappoints
I20230219 14:36:38.618883  9137 ic_gvins.cc:792] Add new keyframe time node at 364474.377384
I20230219 14:36:38.619009  9137 ic_gvins.cc:937] Add new GNSS time node 364474.131176
I20230219 14:36:38.619866  9139 ic_gvins.cc:1893] Total 13 pose states from 364472.178020 to 364474.377384
I20230219 14:36:38.621742  9139 ic_gvins.cc:1217] Add 12 preintegration, 2 GNSS, 348 reprojection
I20230219 14:36:38.633495  9139 ic_gvins.cc:1226] Ceres Solver Report: Iterations: 6, Initial cost: 1.204436e+03, Final cost: 3.434599e+02, Termination: NO_CONVERGENCE
I20230219 14:36:38.634371  9139 ic_gvins.cc:1336] Remove 4 reprojection factors
I20230219 14:36:38.657200  9139 ic_gvins.cc:1260] Ceres Solver Report: Iterations: 14, Initial cost: 6.505034e+01, Final cost: 6.497338e+01, Termination: CONVERGENCE
I20230219 14:36:38.657508  9139 ic_gvins.cc:1164] Culled 4 mappoint with 3 bad observed features 2, 2, 0
I20230219 14:36:38.657862  9139 ic_gvins.cc:1470] Marginalize 1 states, last time 364472.477301
I20230219 14:36:38.660212  9139 ic_gvins.cc:514] Optimization costs 40.3684 ms with 11.7714 and 22.839 with marginalization costs 2.28069
I20230219 14:36:38.668177  9137 misc.cc:220] Redo INS mechanization at 364474.377384 to 364474.456827 is 0.0794429 s
I20230219 14:36:38.685787  9118 fusion_ros.cc:271] Raw data time in image recv image,imu,gnss 364474.474069, 364474.466800, 364474.131176
I20230219 14:36:38.702600  9138 tracking.cc:452] Track 41 map points
I20230219 14:36:38.707360  9138 tracking.cc:571] Track 61 reference points
I20230219 14:36:38.712936  9138 tracking.cc:687] Add 93 new features to 102
I20230219 14:36:38.802984  9138 tracking.cc:452] Track 37 map points
I20230219 14:36:38.809967  9138 tracking.cc:571] Track 83 reference points
I20230219 14:36:38.809999  9138 tracking.cc:279] Keyframe at 364474.577386, mappoints 37, interval 0.200002, parallax 17.2238
I20230219 14:36:38.810140  9138 tracking.cc:795] Triangulate 14 3D points with 67 left, 29 reset, 2 outtime and 0 outliers
I20230219 14:36:38.816331  9138 tracking.cc:687] Add 76 new features to 118
I20230219 14:36:38.816550  9138 ic_gvins.cc:589] Tracking cost 18.1164 ms
I20230219 14:36:38.818217  9137 ic_gvins.cc:787] Insert keyframe 152 at 364474.577386 with 14 new mappoints
I20230219 14:36:38.818718  9137 ic_gvins.cc:792] Add new keyframe time node at 364474.577386
I20230219 14:36:38.818786  9139 ic_gvins.cc:1893] Total 13 pose states from 364472.477301 to 364474.577386
I20230219 14:36:38.819980  9139 ic_gvins.cc:1217] Add 12 preintegration, 2 GNSS, 347 reprojection
I20230219 14:36:38.828327  9139 ic_gvins.cc:1226] Ceres Solver Report: Iterations: 6, Initial cost: 3.296466e+02, Final cost: 1.832613e+02, Termination: NO_CONVERGENCE
I20230219 14:36:38.828505  9139 ic_gvins.cc:1336] Remove 4 reprojection factors
I20230219 14:36:38.848886  9139 ic_gvins.cc:1260] Ceres Solver Report: Iterations: 13, Initial cost: 6.885356e+01, Final cost: 6.878649e+01, Termination: CONVERGENCE
I20230219 14:36:38.849119  9139 ic_gvins.cc:1164] Culled 2 mappoint with 3 bad observed features 1, 1, 0
I20230219 14:36:38.849392  9139 ic_gvins.cc:1470] Marginalize 1 states, last time 364472.677313
I20230219 14:36:38.850920  9139 ic_gvins.cc:514] Optimization costs 32.1462 ms with 8.36641 and 20.3905 with marginalization costs 1.47248
I20230219 14:36:38.858220  9137 misc.cc:220] Redo INS mechanization at 364474.577386 to 364474.646825 is 0.0694385 s
I20230219 14:36:38.902837  9138 tracking.cc:452] Track 40 map points
I20230219 14:36:38.907092  9138 tracking.cc:571] Track 70 reference points
I20230219 14:36:38.911242  9138 tracking.cc:687] Add 85 new features to 110
I20230219 14:36:39.002410  9138 tracking.cc:452] Track 38 map points
I20230219 14:36:39.006119  9138 tracking.cc:571] Track 82 reference points
I20230219 14:36:39.006163  9138 tracking.cc:279] Keyframe at 364474.777322, mappoints 38, interval 0.199936, parallax 18.8612
I20230219 14:36:39.006289  9138 tracking.cc:795] Triangulate 18 3D points with 62 left, 21 reset, 0 outtime and 2 outliers
I20230219 14:36:39.011437  9138 tracking.cc:687] Add 76 new features to 118
I20230219 14:36:39.011622  9138 ic_gvins.cc:589] Tracking cost 12.8542 ms
I20230219 14:36:39.018124  9137 ic_gvins.cc:787] Insert keyframe 153 at 364474.777322 with 18 new mappoints
I20230219 14:36:39.018524  9137 ic_gvins.cc:792] Add new keyframe time node at 364474.777322
I20230219 14:36:39.018548  9139 ic_gvins.cc:1893] Total 13 pose states from 364472.677313 to 364474.777322
I20230219 14:36:39.019708  9139 ic_gvins.cc:1217] Add 12 preintegration, 2 GNSS, 351 reprojection
I20230219 14:36:39.027582  9139 ic_gvins.cc:1226] Ceres Solver Report: Iterations: 6, Initial cost: 2.117120e+03, Final cost: 5.332468e+02, Termination: NO_CONVERGENCE
I20230219 14:36:39.027745  9139 ic_gvins.cc:1336] Remove 4 reprojection factors
I20230219 14:36:39.045245  9139 ic_gvins.cc:1260] Ceres Solver Report: Iterations: 13, Initial cost: 7.728025e+01, Final cost: 7.705880e+01, Termination: CONVERGENCE
I20230219 14:36:39.045482  9139 ic_gvins.cc:1164] Culled 8 mappoint with 5 bad observed features 4, 4, 0
I20230219 14:36:39.045775  9139 ic_gvins.cc:1470] Marginalize 1 states, last time 364472.877221
I20230219 14:36:39.047204  9139 ic_gvins.cc:514] Optimization costs 28.6662 ms with 7.88406 and 17.514 with marginalization costs 1.38591
I20230219 14:36:39.048136  9137 misc.cc:220] Redo INS mechanization at 364474.777322 to 364474.836751 is 0.059429 s
I20230219 14:36:39.104156  9138 tracking.cc:452] Track 37 map points
I20230219 14:36:39.108315  9138 tracking.cc:571] Track 69 reference points
I20230219 14:36:39.113134  9138 tracking.cc:687] Add 90 new features to 106
I20230219 14:36:39.201822  9138 tracking.cc:452] Track 29 map points
I20230219 14:36:39.205557  9138 tracking.cc:571] Track 74 reference points
I20230219 14:36:39.205579  9138 tracking.cc:279] Keyframe at 364474.977275, mappoints 29, interval 0.199953, parallax 16.0143
I20230219 14:36:39.205663  9138 tracking.cc:795] Triangulate 10 3D points with 63 left, 21 reset, 1 outtime and 0 outliers
I20230219 14:36:39.209676  9138 tracking.cc:687] Add 95 new features to 102
I20230219 14:36:39.209811  9138 ic_gvins.cc:589] Tracking cost 10.9136 ms
I20230219 14:36:39.218216  9137 ic_gvins.cc:787] Insert keyframe 154 at 364474.977275 with 10 new mappoints
I20230219 14:36:39.218590  9137 ic_gvins.cc:792] Add new keyframe time node at 364474.977275
I20230219 14:36:39.218649  9139 ic_gvins.cc:1893] Total 13 pose states from 364472.877221 to 364474.977275
I20230219 14:36:39.219878  9139 ic_gvins.cc:1217] Add 12 preintegration, 2 GNSS, 331 reprojection
I20230219 14:36:39.228875  9139 ic_gvins.cc:1226] Ceres Solver Report: Iterations: 6, Initial cost: 4.680377e+03, Final cost: 4.148010e+02, Termination: NO_CONVERGENCE
I20230219 14:36:39.229097  9139 ic_gvins.cc:1336] Remove 3 reprojection factors
I20230219 14:36:39.248567  9139 ic_gvins.cc:1260] Ceres Solver Report: Iterations: 13, Initial cost: 7.261268e+01, Final cost: 7.215159e+01, Termination: CONVERGENCE
I20230219 14:36:39.248857  9139 ic_gvins.cc:1164] Culled 11 mappoint with 5 bad observed features 3, 4, 4
I20230219 14:36:39.249243  9139 ic_gvins.cc:1470] Marginalize 1 states, last time 364473.077189
I20230219 14:36:39.250731  9139 ic_gvins.cc:514] Optimization costs 32.0959 ms with 9.00449 and 19.4726 with marginalization costs 1.47865
I20230219 14:36:39.258141  9137 misc.cc:220] Redo INS mechanization at 364474.977275 to 364475.046826 is 0.0695511 s
I20230219 14:36:39.301930  9138 tracking.cc:452] Track 26 map points
I20230219 14:36:39.305891  9138 tracking.cc:571] Track 68 reference points
I20230219 14:36:39.310782  9138 tracking.cc:687] Add 102 new features to 94
I20230219 14:36:39.401804  9138 tracking.cc:452] Track 22 map points
I20230219 14:36:39.405164  9138 tracking.cc:571] Track 85 reference points
I20230219 14:36:39.405205  9138 tracking.cc:279] Keyframe at 364475.177308, mappoints 22, interval 0.200033, parallax 17.307
I20230219 14:36:39.405287  9138 tracking.cc:795] Triangulate 10 3D points with 70 left, 28 reset, 3 outtime and 2 outliers
I20230219 14:36:39.409271  9138 tracking.cc:687] Add 94 new features to 102
I20230219 14:36:39.409418  9138 ic_gvins.cc:589] Tracking cost 10.3923 ms
I20230219 14:36:39.418190  9137 ic_gvins.cc:787] Insert keyframe 155 at 364475.177308 with 10 new mappoints
I20230219 14:36:39.418416  9137 ic_gvins.cc:792] Add new keyframe time node at 364475.177308
I20230219 14:36:39.418424  9137 ic_gvins.cc:937] Add new GNSS time node 364475.129467
I20230219 14:36:39.418674  9139 ic_gvins.cc:1893] Total 14 pose states from 364473.077189 to 364475.177308
I20230219 14:36:39.419631  9139 ic_gvins.cc:1217] Add 13 preintegration, 3 GNSS, 285 reprojection
I20230219 14:36:39.426295  9139 ic_gvins.cc:1226] Ceres Solver Report: Iterations: 6, Initial cost: 4.490346e+02, Final cost: 1.763149e+02, Termination: NO_CONVERGENCE
I20230219 14:36:39.426416  9139 ic_gvins.cc:1336] Remove 2 reprojection factors
I20230219 14:36:39.442826  9139 ic_gvins.cc:1260] Ceres Solver Report: Iterations: 15, Initial cost: 5.528629e+01, Final cost: 5.479581e+01, Termination: CONVERGENCE
I20230219 14:36:39.443022  9139 ic_gvins.cc:1164] Culled 2 mappoint with 2 bad observed features 1, 1, 0
I20230219 14:36:39.443251  9139 ic_gvins.cc:1470] Marginalize 2 states, last time 364473.277121
I20230219 14:36:39.444675  9139 ic_gvins.cc:514] Optimization costs 26.0095 ms with 6.67466 and 16.4197 with marginalization costs 1.38949
I20230219 14:36:39.448109  9137 misc.cc:220] Redo INS mechanization at 364475.177308 to 364475.236740 is 0.0594322 s
I20230219 14:36:39.501703  9138 tracking.cc:452] Track 25 map points
I20230219 14:36:39.506276  9138 tracking.cc:571] Track 77 reference points
I20230219 14:36:39.511570  9138 tracking.cc:687] Add 94 new features to 102
I20230219 14:36:39.604104  9138 tracking.cc:452] Track 19 map points
I20230219 14:36:39.608191  9138 tracking.cc:571] Track 93 reference points
I20230219 14:36:39.608208  9138 tracking.cc:279] Keyframe at 364475.377163, mappoints 19, interval 0.199855, parallax 17.9813
I20230219 14:36:39.608304  9138 tracking.cc:795] Triangulate 19 3D points with 72 left, 24 reset, 2 outtime and 0 outliers
I20230219 14:36:39.612439  9138 tracking.cc:687] Add 85 new features to 110
I20230219 14:36:39.612591  9138 ic_gvins.cc:589] Tracking cost 13.8141 ms
I20230219 14:36:39.618149  9137 ic_gvins.cc:787] Insert keyframe 156 at 364475.377163 with 19 new mappoints
I20230219 14:36:39.618378  9137 ic_gvins.cc:792] Add new keyframe time node at 364475.377163
I20230219 14:36:39.618440  9139 ic_gvins.cc:1893] Total 13 pose states from 364473.277121 to 364475.377163
I20230219 14:36:39.619321  9139 ic_gvins.cc:1217] Add 12 preintegration, 2 GNSS, 268 reprojection
I20230219 14:36:39.625488  9139 ic_gvins.cc:1226] Ceres Solver Report: Iterations: 6, Initial cost: 1.897281e+03, Final cost: 3.542138e+02, Termination: NO_CONVERGENCE
I20230219 14:36:39.625608  9139 ic_gvins.cc:1336] Remove 1 reprojection factors
I20230219 14:36:39.639858  9139 ic_gvins.cc:1260] Ceres Solver Report: Iterations: 13, Initial cost: 5.484603e+01, Final cost: 5.481180e+01, Termination: CONVERGENCE
I20230219 14:36:39.640106  9139 ic_gvins.cc:1164] Culled 4 mappoint with 2 bad observed features 2, 2, 0
I20230219 14:36:39.640604  9139 ic_gvins.cc:1470] Marginalize 1 states, last time 364473.477169
I20230219 14:36:39.643191  9139 ic_gvins.cc:514] Optimization costs 24.7651 ms with 6.1838 and 14.2695 with marginalization costs 2.73477
I20230219 14:36:39.648138  9137 misc.cc:220] Redo INS mechanization at 364475.377163 to 364475.436737 is 0.0595737 s
I20230219 14:36:39.701575  9138 tracking.cc:452] Track 26 map points
I20230219 14:36:39.705044  9138 tracking.cc:571] Track 77 reference points
I20230219 14:36:39.709358  9138 tracking.cc:687] Add 90 new features to 103
I20230219 14:36:39.802455  9138 tracking