I20230219 14:36:29.971936  9139 ic_gvins.cc:1470] Marginalize 1 states, last time 364464.777082
I20230219 14:36:29.974431  9139 ic_gvins.cc:514] Optimization costs 25.4199 ms with 14.4445 and 3.29096 with marginalization costs 2.42702
I20230219 14:36:29.978467  9137 misc.cc:220] Redo INS mechanization at 364465.677248 to 364465.767067 is 0.0898187 s
I20230219 14:36:30.002334  9138 tracking.cc:452] Track 42 map points
I20230219 14:36:30.005851  9138 tracking.cc:571] Track 53 reference points
I20230219 14:36:30.005870  9138 tracking.cc:279] Keyframe at 364465.777295, mappoints 42, interval 0.100047, parallax 17.4753
I20230219 14:36:30.005986  9138 tracking.cc:795] Triangulate 23 3D points with 30 left, 0 reset, 0 outtime and 0 outliers
I20230219 14:36:30.010071  9138 tracking.cc:687] Add 93 new features to 95
I20230219 14:36:30.010445  9138 ic_gvins.cc:589] Tracking cost 11.4107 ms
I20230219 14:36:30.018618  9137 ic_gvins.cc:787] Insert keyframe 80 at 364465.777295 with 23 new mappoints
I20230219 14:36:30.018760  9137 ic_gvins.cc:792] Add new keyframe time node at 364465.777295
I20230219 14:36:30.018808  9139 ic_gvins.cc:1893] Total 12 pose states from 364464.777082 to 364465.777295
I20230219 14:36:30.020658  9139 ic_gvins.cc:1217] Add 11 preintegration, 1 GNSS, 484 reprojection
I20230219 14:36:30.028403  9139 ic_gvins.cc:1226] Ceres Solver Report: Iterations: 6, Initial cost: 6.182262e+01, Final cost: 5.952294e+01, Termination: NO_CONVERGENCE
I20230219 14:36:30.028681  9139 ic_gvins.cc:1336] Remove 1 reprojection factors
I20230219 14:36:30.043300  9139 ic_gvins.cc:1260] Ceres Solver Report: Iterations: 10, Initial cost: 5.722171e+01, Final cost: 5.721409e+01, Termination: CONVERGENCE
I20230219 14:36:30.043591  9139 ic_gvins.cc:1164] Culled 1 mappoint with 0 bad observed features 0, 0, 1
I20230219 14:36:30.043884  9139 ic_gvins.cc:1470] Marginalize 1 states, last time 364464.877056
I20230219 14:36:30.045331  9139 ic_gvins.cc:514] Optimization costs 26.5358 ms with 7.76088 and 14.6054 with marginalization costs 1.32287
I20230219 14:36:30.048483  9137 misc.cc:220] Redo INS mechanization at 364465.777295 to 364465.837070 is 0.0597748 s
I20230219 14:36:30.102097  9138 tracking.cc:452] Track 52 map points
I20230219 14:36:30.106333  9138 tracking.cc:571] Track 54 reference points
I20230219 14:36:30.106355  9138 tracking.cc:279] Keyframe at 364465.877243, mappoints 52, interval 0.0999482, parallax 15.7805
I20230219 14:36:30.106494  9138 tracking.cc:795] Triangulate 21 3D points with 32 left, 0 reset, 1 outtime and 0 outliers
I20230219 14:36:30.110997  9138 tracking.cc:687] Add 81 new features to 105
I20230219 14:36:30.111193  9138 ic_gvins.cc:589] Tracking cost 12.4737 ms
I20230219 14:36:30.118402  9137 ic_gvins.cc:787] Insert keyframe 81 at 364465.877243 with 21 new mappoints
I20230219 14:36:30.118578  9137 ic_gvins.cc:792] Add new keyframe time node at 364465.877243
I20230219 14:36:30.118602  9139 ic_gvins.cc:1893] Total 12 pose states from 364464.877056 to 364465.877243
I20230219 14:36:30.120966  9139 ic_gvins.cc:1217] Add 11 preintegration, 1 GNSS, 506 reprojection
I20230219 14:36:30.130278  9139 ic_gvins.cc:1226] Ceres Solver Report: Iterations: 6, Initial cost: 5.938117e+01, Final cost: 5.615577e+01, Termination: NO_CONVERGENCE
I20230219 14:36:30.130543  9139 ic_gvins.cc:1336] Remove 0 reprojection factors
I20230219 14:36:30.133430  9139 ic_gvins.cc:1260] Ceres Solver Report: Iterations: 1, Initial cost: 5.615577e+01, Final cost: 5.615577e+01, Termination: CONVERGENCE
I20230219 14:36:30.133751  9139 ic_gvins.cc:1164] Culled 0 mappoint with 0 bad observed features 0, 0, 0
I20230219 14:36:30.134232  9139 ic_gvins.cc:1470] Marginalize 1 states, last time 364464.978071
I20230219 14:36:30.136000  9139 ic_gvins.cc:514] Optimization costs 17.4089 ms with 9.34114 and 2.88947 with marginalization costs 1.72496
I20230219 14:36:30.138557  9137 misc.cc:220] Redo INS mechanization at 364465.877243 to 364465.927149 is 0.0499054 s
I20230219 14:36:30.202446  9138 tracking.cc:452] Track 60 map points
I20230219 14:36:30.205854  9138 tracking.cc:571] Track 57 reference points
I20230219 14:36:30.205878  9138 tracking.cc:279] Keyframe at 364465.977223, mappoints 60, interval 0.0999796, parallax 15.9316
I20230219 14:36:30.205998  9138 tracking.cc:795] Triangulate 28 3D points with 28 left, 0 reset, 1 outtime and 0 outliers
I20230219 14:36:30.210078  9138 tracking.cc:687] Add 69 new features to 116
I20230219 14:36:30.210273  9138 ic_gvins.cc:589] Tracking cost 11.2848 ms
I20230219 14:36:30.218479  9137 ic_gvins.cc:787] Insert keyframe 82 at 364465.977223 with 28 new mappoints
I20230219 14:36:30.218628  9137 ic_gvins.cc:792] Add new keyframe time node at 364465.977223
I20230219 14:36:30.218679  9139 ic_gvins.cc:1893] Total 12 pose states from 364464.978071 to 364465.977223
I20230219 14:36:30.221309  9139 ic_gvins.cc:1217] Add 11 preintegration, 1 GNSS, 516 reprojection
I20230219 14:36:30.231254  9139 ic_gvins.cc:1226] Ceres Solver Report: Iterations: 6, Initial cost: 5.983670e+01, Final cost: 5.663750e+01, Termination: NO_CONVERGENCE
I20230219 14:36:30.231473  9139 ic_gvins.cc:1336] Remove 1 reprojection factors
I20230219 14:36:30.251485  9139 ic_gvins.cc:1260] Ceres Solver Report: Iterations: 13, Initial cost: 5.460431e+01, Final cost: 5.448575e+01, Termination: CONVERGENCE
I20230219 14:36:30.251878  9139 ic_gvins.cc:1164] Culled 1 mappoint with 0 bad observed features 0, 0, 1
I20230219 14:36:30.252462  9139 ic_gvins.cc:1470] Marginalize 1 states, last time 364465.077165
I20230219 14:36:30.254650  9139 ic_gvins.cc:514] Optimization costs 35.9857 ms with 9.944 and 20.0374 with marginalization costs 2.13918
I20230219 14:36:30.258636  9137 misc.cc:220] Redo INS mechanization at 364465.977223 to 364466.047084 is 0.069861 s
I20230219 14:36:30.304526  9138 tracking.cc:452] Track 71 map points
I20230219 14:36:30.308877  9138 tracking.cc:571] Track 41 reference points
I20230219 14:36:30.308898  9138 tracking.cc:279] Keyframe at 364466.077214, mappoints 71, interval 0.0999907, parallax 16.4631
I20230219 14:36:30.308975  9138 tracking.cc:795] Triangulate 13 3D points with 28 left, 0 reset, 0 outtime and 0 outliers
I20230219 14:36:30.313925  9138 tracking.cc:687] Add 69 new features to 112
I20230219 14:36:30.314092  9138 ic_gvins.cc:589] Tracking cost 15.1533 ms
I20230219 14:36:30.318780  9137 ic_gvins.cc:787] Insert keyframe 83 at 364466.077214 with 13 new mappoints
I20230219 14:36:30.318989  9137 ic_gvins.cc:792] Add new keyframe time node at 364466.077214
I20230219 14:36:30.319025  9139 ic_gvins.cc:1893] Total 12 pose states from 364465.077165 to 364466.077214
I20230219 14:36:30.322319  9139 ic_gvins.cc:1217] Add 11 preintegration, 1 GNSS, 535 reprojection
I20230219 14:36:30.331771  9139 ic_gvins.cc:1226] Ceres Solver Report: Iterations: 6, Initial cost: 6.825474e+01, Final cost: 6.192220e+01, Termination: NO_CONVERGENCE
I20230219 14:36:30.331967  9139 ic_gvins.cc:1336] Remove 0 reprojection factors
I20230219 14:36:30.347901  9139 ic_gvins.cc:1260] Ceres Solver Report: Iterations: 10, Initial cost: 6.192220e+01, Final cost: 6.191570e+01, Termination: CONVERGENCE
I20230219 14:36:30.348196  9139 ic_gvins.cc:1164] Culled 1 mappoint with 0 bad observed features 0, 0, 1
I20230219 14:36:30.348676  9139 ic_gvins.cc:1470] Marginalize 2 states, last time 364465.177150
I20230219 14:36:30.350833  9139 ic_gvins.cc:514] Optimization costs 31.8288 ms with 9.43007 and 15.9413 with marginalization costs 2.1084
I20230219 14:36:30.358461  9137 misc.cc:220] Redo INS mechanization at 364466.077214 to 364466.147080 is 0.0698662 s
I20230219 14:36:30.401993  9138 tracking.cc:452] Track 59 map points
I20230219 14:36:30.404405  9138 tracking.cc:571] Track 45 reference points
I20230219 14:36:30.404428  9138 tracking.cc:279] Keyframe at 364466.177337, mappoints 59, interval 0.100123, parallax 15.3379
I20230219 14:36:30.404523  9138 tracking.cc:795] Triangulate 14 3D points with 29 left, 0 reset, 2 outtime and 0 outliers
I20230219 14:36:30.408886  9138 tracking.cc:687] Add 81 new features to 102
I20230219 14:36:30.409037  9138 ic_gvins.cc:589] Tracking cost 10.0648 ms
I20230219 14:36:30.418440  9137 ic_gvins.cc:787] Insert keyframe 84 at 364466.177337 with 14 new mappoints
I20230219 14:36:30.418620  9137 ic_gvins.cc:792] Add new keyframe time node at 364466.177337
I20230219 14:36:30.418650  9137 ic_gvins.cc:937] Add new GNSS time node 364466.130554
I20230219 14:36:30.418891  9139 ic_gvins.cc:1893] Total 12 pose states from 364465.177150 to 364466.177337
I20230219 14:36:30.420881  9139 ic_gvins.cc:1217] Add 11 preintegration, 1 GNSS, 499 reprojection
I20230219 14:36:30.430011  9139 ic_gvins.cc:1226] Ceres Solver Report: Iterations: 6, Initial cost: 9.492491e+01, Final cost: 8.581527e+01, Termination: NO_CONVERGENCE
I20230219 14:36:30.430256  9139 ic_gvins.cc:1336] Remove 4 reprojection factors
I20230219 14:36:30.449178  9139 ic_gvins.cc:1260] Ceres Solver Report: Iterations: 12, Initial cost: 6.545972e+01, Final cost: 6.361698e+01, Termination: CONVERGENCE
I20230219 14:36:30.449481  9139 ic_gvins.cc:1164] Culled 1 mappoint with 2 bad observed features 0, 0, 1
I20230219 14:36:30.449906  9139 ic_gvins.cc:1470] Marginalize 1 states, last time 364465.277189
I20230219 14:36:30.452193  9139 ic_gvins.cc:514] Optimization costs 33.3255 ms with 9.13764 and 18.9334 with marginalization costs 2.21089
I20230219 14:36:30.458461  9137 misc.cc:220] Redo INS mechanization at 364466.177337 to 364466.247055 is 0.0697184 s
I20230219 14:36:30.502902  9138 tracking.cc:452] Track 54 map points
I20230219 14:36:30.506525  9138 tracking.cc:571] Track 55 reference points
I20230219 14:36:30.506551  9138 tracking.cc:279] Keyframe at 364466.277184, mappoints 54, interval 0.0998474, parallax 17.2563
I20230219 14:36:30.506649  9138 tracking.cc:795] Triangulate 18 3D points with 37 left, 0 reset, 0 outtime and 0 outliers
I20230219 14:36:30.511152  9138 tracking.cc:687] Add 73 new features to 109
I20230219 14:36:30.511310  9138 ic_gvins.cc:589] Tracking cost 12.3534 ms
I20230219 14:36:30.518411  9137 ic_gvins.cc:787] Insert keyframe 85 at 364466.277184 with 18 new mappoints
I20230219 14:36:30.518599  9137 ic_gvins.cc:792] Add new keyframe time node at 364466.277184
I20230219 14:36:30.518671  9139 ic_gvins.cc:1893] Total 12 pose states from 364465.277189 to 364466.277184
I20230219 14:36:30.520568  9139 ic_gvins.cc:1217] Add 11 preintegration, 1 GNSS, 488 reprojection
I20230219 14:36:30.529207  9139 ic_gvins.cc:1226] Ceres Solver Report: Iterations: 6, Initial cost: 8.063973e+01, Final cost: 7.571881e+01, Termination: NO_CONVERGENCE
I20230219 14:36:30.529409  9139 ic_gvins.cc:1336] Remove 2 reprojection factors
I20230219 14:36:30.545924  9139 ic_gvins.cc:1260] Ceres Solver Report: Iterations: 13, Initial cost: 6.926235e+01, Final cost: 6.801998e+01, Termination: CONVERGENCE
I20230219 14:36:30.546202  9139 ic_gvins.cc:1164] Culled 2 mappoint with 1 bad observed features 0, 0, 2
I20230219 14:36:30.546531  9139 ic_gvins.cc:1470] Marginalize 1 states, last time 364465.377234
I20230219 14:36:30.547894  9139 ic_gvins.cc:514] Optimization costs 29.233 ms with 8.64358 and 16.5272 with marginalization costs 1.30891
I20230219 14:36:30.548503  9137 misc.cc:220] Redo INS mechanization at 364466.277184 to 364466.337107 is 0.0599229 s
I20230219 14:36:30.602803  9138 tracking.cc:452] Track 48 map points
I20230219 14:36:30.606377  9138 tracking.cc:571] Track 53 reference points
I20230219 14:36:30.606397  9138 tracking.cc:279] Keyframe at 364466.377248, mappoints 48, interval 0.100064, parallax 18.8859
I20230219 14:36:30.606506  9138 tracking.cc:795] Triangulate 26 3D points with 27 left, 0 reset, 0 outtime and 0 outliers
I20230219 14:36:30.611534  9138 tracking.cc:687] Add 85 new features to 101
I20230219 14:36:30.611704  9138 ic_gvins.cc:589] Tracking cost 12.5856 ms
I20230219 14:36:30.618440  9137 ic_gvins.cc:787] Insert keyframe 86 at 364466.377248 with 26 new mappoints
I20230219 14:36:30.618578  9137 ic_gvins.cc:792] Add new keyframe time node at 364466.377248
I20230219 14:36:30.618641  9139 ic_gvins.cc:1893] Total 12 pose states from 364465.377234 to 364466.377248
I20230219 14:36:30.620256  9139 ic_gvins.cc:1217] Add 11 preintegration, 1 GNSS, 511 reprojection
I20230219 14:36:30.628206  9139 ic_gvins.cc:1226] Ceres Solver Report: Iterations: 6, Initial cost: 6.987357e+01, Final cost: 6.737494e+01, Termination: NO_CONVERGENCE
I20230219 14:36:30.628424  9139 ic_gvins.cc:1336] Remove 0 reprojection factors
I20230219 14:36:30.630764  9139 ic_gvins.cc:1260] Ceres Solver Report: Iterations: 1, Initial cost: 6.737494e+01, Final cost: 6.737494e+01, Termination: CONVERGENCE
I20230219 14:36:30.631065  9139 ic_gvins.cc:1164] Culled 0 mappoint with 0 bad observed features 0, 0, 0
I20230219 14:36:30.631388  9139 ic_gvins.cc:1470] Marginalize 1 states, last time 364465.477261
I20230219 14:36:30.632761  9139 ic_gvins.cc:514] Optimization costs 14.1303 ms with 7.96063 and 2.34626 with marginalization costs 1.28904
I20230219 14:36:30.638500  9137 misc.cc:220] Redo INS mechanization at 364466.377248 to 364466.427096 is 0.0498481 s
I20230219 14:36:30.686003  9118 fusion_ros.cc:271] Raw data time in image recv image,imu,gnss 364466.474136, 364466.467123, 364466.130554
I20230219 14:36:30.702880  9138 tracking.cc:452] Track 56 map points
I20230219 14:36:30.707902  9138 tracking.cc:571] Track 46 reference points
I20230219 14:36:30.707939  9138 tracking.cc:279] Keyframe at 364466.477217, mappoints 56, interval 0.0999692, parallax 17.3467
I20230219 14:36:30.708058  9138 tracking.cc:795] Triangulate 19 3D points with 24 left, 0 reset, 3 outtime and 0 outliers
I20230219 14:36:30.713568  9138 tracking.cc:687] Add 83 new features to 99
I20230219 14:36:30.713830  9138 ic_gvins.cc:589] Tracking cost 14.7319 ms
I20230219 14:36:30.718436  9137 ic_gvins.cc:787] Insert keyframe 87 at 364466.477217 with 19 new mappoints
I20230219 14:36:30.718585  9137 ic_gvins.cc:792] Add new keyframe time node at 364466.477217
I20230219 14:36:30.718647  9139 ic_gvins.cc:1893] Total 12 pose states from 364465.477261 to 364466.477217
I20230219 14:36:30.720472  9139 ic_gvins.cc:1217] Add 11 preintegration, 1 GNSS, 546 reprojection
I20230219 14:36:30.729866  9139 ic_gvins.cc:1226] Ceres Solver Report: Iterations: 6, Initial cost: 2.780683e+02, Final cost: 7.557971e+01, Termination: NO_CONVERGENCE
I20230219 14:36:30.730073  9139 ic_gvins.cc:1336] Remove 0 reprojection factors
I20230219 14:36:30.750234  9139 ic_gvins.cc:1260] Ceres Solver Report: Iterations: 13, Initial cost: 7.557971e+01, Final cost: 7.557524e+01, Termination: CONVERGENCE
I20230219 14:36:30.750535  9139 ic_gvins.cc:1164] Culled 2 mappoint with 1 bad observed features 1, 1, 0
I20230219 14:36:30.750864  9139 ic_gvins.cc:1470] Marginalize 1 states, last time 364465.577457
I20230219 14:36:30.752701  9139 ic_gvins.cc:514] Optimization costs 34.0634 ms with 9.40259 and 20.172 with marginalization costs 1.7933
I20230219 14:36:30.758364  9137 misc.cc:220] Redo INS mechanization at 364466.477217 to 364466.547055 is 0.0698382 s
I20230219 14:36:30.802740  9138 tracking.cc:452] Track 54 map points
I20230219 14:36:30.805486  9138 tracking.cc:571] Track 49 reference points
I20230219 14:36:30.805506  9138 tracking.cc:279] Keyframe at 364466.577148, mappoints 54, interval 0.0999312, parallax 17.4191
I20230219 14:36:30.805624  9138 tracking.cc:795] Triangulate 25 3D points with 20 left, 0 reset, 4 outtime and 0 outliers
I20230219 14:36:30.809657  9138 tracking.cc:687] Add 86 new features to 99
I20230219 14:36:30.809782  9138 ic_gvins.cc:589] Tracking cost 10.1825 ms
I20230219 14:36:30.818466  9137 ic_gvins.cc:787] Insert keyframe 88 at 364466.577148 with 25 new mappoints
I20230219 14:36:30.818792  9137 ic_gvins.cc:792] Add new keyframe time node at 364466.577148
I20230219 14:36:30.818847  9139 ic_gvins.cc:1893] Total 12 pose states from 364465.577457 to 364466.577148
I20230219 14:36:30.820793  9139 ic_gvins.cc:1217] Add 11 preintegration, 1 GNSS, 500 reprojection
I20230219 14:36:30.832015  9139 ic_gvins.cc:1226] Ceres Solver Report: Iterations: 6, Initial cost: 1.147400e+02, Final cost: 9.993936e+01, Termination: NO_CONVERGENCE
I20230219 14:36:30.832255  9139 ic_gvins.cc:1336] Remove 3 reprojection factors
I20230219 14:36:30.839675  9139 ic_gvins.cc:1260] Ceres Solver Report: Iterations: 3, Initial cost: 8.160819e+01, Final cost: 7.976453e+01, Termination: CONVERGENCE
I20230219 14:36:30.840090  9139 ic_gvins.cc:1164] Culled 2 mappoint with 2 bad observed features 0, 0, 2
I20230219 14:36:30.840757  9139 ic_gvins.cc:1470] Marginalize 1 states, last time 364465.677248
I20230219 14:36:30.843597  9139 ic_gvins.cc:514] Optimization costs 24.7677 ms with 11.2387 and 7.44055 with marginalization costs 2.92875
I20230219 14:36:30.848592  9137 misc.cc:220] Redo INS mechanization at 364466.577148 to 364466.637099 is 0.059951 s
I20230219 14:36:30.896651  9138 tracking.cc:452] Track 62 map points
I20230219 14:36:30.900571  9138 tracking.cc:571] Track 50 reference points
I20230219 14:36:30.900595  9138 tracking.cc:279] Keyframe at 364466.677043, mappoints 62, interval 0.0998943, parallax 16.4218
I20230219 14:36:30.900702  9138 tracking.cc:795] Triangulate 24 3D points with 23 left, 0 reset, 3 outtime and 0 outliers
I20230219 14:36:30.905469  9138 tracking.cc:687] Add 79 new features to 109
I20230219 14:36:30.905695  9138 ic_gvins.cc:589] Tracking cost 13.6915 ms
I20230219 14:36:30.908449  9137 ic_gvins.cc:787] Insert keyframe 89 at 364466.677043 with 24 new mappoints
I20230219 14:36:30.908586  9137 ic_gvins.cc:792] Add new keyframe time node at 364466.677043
I20230219 14:36:30.908605  9139 ic_gvins.cc:1893] Total 12 pose states from 364465.677248 to 364466.677043
I20230219 14:36:30.911414  9139 ic_gvins.cc:1217] Add 11 preintegration, 1 GNSS, 507 reprojection
I20230219 14:36:30.921805  9139 ic_gvins.cc:1226] Ceres Solver Report: Iterations: 6, Initial cost: 1.029190e+02, Final cost: 9.717486e+01, Termination: NO_CONVERGENCE
I20230219 14:36:30.922091  9139 ic_gvins.cc:1336] Remove 2 reprojection factors
I20230219 14:36:30.944519  9139 ic_gvins.cc:1260] Ceres Solver Report: Iterations: 13, Initial cost: 8.263536e+01, Final cost: 8.162852e+01, Termination: CONVERGENCE
I20230219 14:36:30.944859  9139 ic_gvins.cc:1164] Culled 0 mappoint with 2 bad observed features 0, 0, 0
I20230219 14:36:30.945369  9139 ic_gvins.cc:1470] Marginalize 1 states, last time 364465.777295
I20230219 14:36:30.947695  9139 ic_gvins.cc:514] Optimization costs 39.0989 ms with 10.397 and 22.4417 with marginalization costs 2.3114
I20230219 14:36:30.948457  9137 misc.cc:220] Redo INS mechanization at 364466.677043 to 364466.737042 is 0.0599998 s
I20230219 14:36:31.002501  9138 tracking.cc:452] Track 58 map points
I20230219 14:36:31.005553  9138 tracking.cc:571] Track 55 reference points
I20230219 14:36:31.005573  9138 tracking.cc:279] Keyframe at 364466.778365, mappoints 58, interval 0.101322, parallax 19.2003
I20230219 14:36:31.005709  9138 tracking.cc:795] Triangulate 22 3D points with 33 left, 0 reset, 0 outtime and 0 outliers
I20230219 14:36:31.010759  9138 tracking.cc:687] Add 75 new features to 113
I20230219 14:36:31.010980  9138 ic_gvins.cc:589] Tracking cost 12.4682 ms
I20230219 14:36:31.018417  9137 ic_gvins.cc:787] Insert keyframe 90 at 364466.778365 with 22 new mappoints
I20230219 14:36:31.018553  9137 ic_gvins.cc:792] Add new keyframe time node at 364466.778365
I20230219 14:36:31.018570  9139 ic_gvins.cc:1893] Total 12 pose states from 364465.777295 to 364466.778365
I20230219 14:36:31.020211  9139 ic_gvins.cc:1217] Add 11 preintegration, 1 GNSS, 480 reprojection
I20230219 14:36:31.028157  9139 ic_gvins.cc:1226] Ceres Solver Report: Iterations: 6, Initial cost: 8.658891e+01, Final cost: 8.181364e+01, Termination: NO_CONVERGENCE
I20230219 14:36:31.028364  9139 ic_gvins.cc:1336] Remove 2 reprojection factors
I20230219 14:36:31.034083  9139 ic_gvins.cc:1260] Ceres Solver Report: Iterations: 3, Initial cost: 7.564149e+01, Final cost: 7.563201e+01, Termination: CONVERGENCE
I20230219 14:36:31.034426  9139 ic_gvins.cc:1164] Culled 0 mappoint with 2 bad observed features 0, 0, 0
I20230219 14:36:31.034837  9139 ic_gvins.cc:1470] Marginalize 1 states, last time 364465.877243
I20230219 14:36:31.036471  9139 ic_gvins.cc:514] Optimization costs 17.9114 ms with 7.96704 and 5.73213 with marginalization costs 1.58335
I20230219 14:36:31.038398  9137 misc.cc:220] Redo INS mechanization at 364466.778365 to 364466.827075 is 0.0487106 s
I20230219 14:36:31.103422  9138 tracking.cc:452] Track 61 map points
I20230219 14:36:31.106850  9138 tracking.cc:571] Track 59 reference points
I20230219 14:36:31.106873  9138 tracking.cc:279] Keyframe at 364466.877164, mappoints 61, interval 0.0987987, parallax 22.523
I20230219 14:36:31.106994  9138 tracking.cc:795] Triangulate 30 3D points with 29 left, 0 reset, 0 outtime and 0 outliers
I20230219 14:36:31.114176  9138 tracking.cc:687] Add 68 new features to 120
I20230219 14:36:31.114426  9138 ic_gvins.cc:589] Tracking cost 15.5399 ms
I20230219 14:36:31.118429  9137 ic_gvins.cc:787] Insert keyframe 91 at 364466.877164 with 30 new mappoints
I20230219 14:36:31.118572  9137 ic_gvins.cc:792] Add new keyframe time node at 364466.877164
I20230219 14:36:31.118628  9139 ic_gvins.cc:1893] Total 12 pose states from 364465.877243 to 364466.877164
I20230219 14:36:31.120476  9139 ic_gvins.cc:1217] Add 11 preintegration, 1 GNSS, 503 reprojection
I20230219 14:36:31.128926  9139 ic_gvins.cc:1226] Ceres Solver Report: Iterations: 6, Initial cost: 8.639869e+01, Final cost: 7.866205e+01, Termination: NO_CONVERGENCE
I20230219 14:36:31.129112  9139 ic_gvins.cc:1336] Remove 0 reprojection factors
I20230219 14:36:31.131549  9139 ic_gvins.cc:1260] Ceres Solver Report: Iterations: 1, Initial cost: 7.866205e+01, Final cost: 7.866205e+01, Termination: CONVERGENCE
I20230219 14:36:31.131848  9139 ic_gvins.cc:1164] Culled 1 mappoint with 0 bad observed features 0, 0, 1
I20230219 14:36:31.132113  9139 ic_gvins.cc:1470] Marginalize 1 states, last time 364465.977223
I20230219 14:36:31.133648  9139 ic_gvins.cc:514] Optimization costs 15.0299 ms with 8.45317 and 2.44662 with marginalization costs 1.46037
I20230219 14:36:31.138602  9137 misc.cc:220] Redo INS mechanization at 364466.877164 to 364466.927083 is 0.0499192 s
I20230219 14:36:31.202282  9138 tracking.cc:452] Track 66 map points
I20230219 14:36:31.204931  9138 tracking.cc:571] Track 48 reference points
I20230219 14:36:31.204952  9138 tracking.cc:279] Keyframe at 364466.977212, mappoints 66, interval 0.100049, parallax 21.9217
I20230219 14:36:31.205050  9138 tracking.cc:795] Triangulate 21 3D points with 26 left, 0 reset, 0 outtime and 1 outliers
I20230219 14:36:31.209102  9138 tracking.cc:687] Add 74 new features to 113
I20230219 14:36:31.209232  9138 ic_gvins.cc:589] Tracking cost 10.5135 ms
I20230219 14:36:31.218560  9137 ic_gvins.cc:787] Insert keyframe 92 at 364466.977212 with 21 new mappoints
I20230219 14:36:31.218856  9137 ic_gvins.cc:792] Add new keyframe time node at 364466.977212
I20230219 14:36:31.218917  9139 ic_gvins.cc:1893] Total 12 pose states from 364465.977223 to 364466.977212
I20230219 14:36:31.220950  9139 ic_gvins.cc:1217] Add 11 preintegration, 1 GNSS, 519 reprojection
I20230219 14:36:31.230278  9139 ic_gvins.cc:1226] Ceres Solver Report: Iterations: 6, Initial cost: 1.123662e+02, Final cost: 9.568733e+01, Termination: NO_CONVERGENCE
I20230219 14:36:31.230479  9139 ic_gvins.cc:1336] Remove 2 reprojection factors
I20230219 14:36:31.250936  9139 ic_gvins.cc:1260] Ceres Solver Report: Iterations: 12, Initial cost: 8.651698e+01, Final cost: 8.518192e+01, Termination: CONVERGENCE
I20230219 14:36:31.251453  9139 ic_gvins.cc:1164] Culled 3 mappoint with 1 bad observed features 0, 0, 3
I20230219 14:36:31.251894  9139 ic_gvins.cc:1470] Marginalize 1 states, last time 364466.077214
I20230219 14:36:31.253659  9139 ic_gvins.cc:514] Optimization costs 34.7602 ms with 9.33114 and 20.4996 with marginalization costs 1.66844
I20230219 14:36:31.258464  9137 misc.cc:220] Redo INS mechanization at 364466.977212 to 364467.047035 is 0.0698222 s
I20230219 14:36:31.302502  9138 tracking.cc:452] Track 67 map points
I20230219 14:36:31.305939  9138 tracking.cc:571] Track 36 reference points
I20230219 14:36:31.305959  9138 tracking.cc:279] Keyframe at 364467.077405, mappoints 67, interval 0.100192, parallax 21.7235
I20230219 14:36:31.306041  9138 tracking.cc:795] Triangulate 15 3D points with 20 left, 0 reset, 1 outtime and 0 outliers
I20230219 14:36:31.310335  9138 tracking.cc:687] Add 85 new features to 102
I20230219 14:36:31.310611  9138 ic_gvins.cc:589] Tracking cost 11.7127 ms
I20230219 14:36:31.318465  9137 ic_gvins.cc:787] Insert keyframe 93 at 364467.077405 with 15 new mappoints
I20230219 14:36:31.318606  9137 ic_gvins.cc:792] Add new keyframe time node at 364467.077405
I20230219 14:36:31.318622  9139 ic_gvins.cc:1893] Total 12 pose states from 364466.077214 to 364467.077405
I20230219 14:36:31.320665  9139 ic_gvins.cc:1217] Add 11 preintegration, 1 GNSS, 541 reprojection
I20230219 14:36:31.331699  9139 ic_gvins.cc:1226] Ceres Solver Report: Iterations: 6, Initial cost: 9.344879e+01, Final cost: 8.644737e+01, Termination: NO_CONVERGENCE
I20230219 14:36:31.332072  9139 ic_gvins.cc:1336] Remove 1 reprojection factors
I20230219 14:36:31.351735  9139 ic_gvins.cc:1260] Ceres Solver Report: Iterations: 12, Initial cost: 8.352252e+01, Final cost: 8.276351e+01, Termination: CONVERGENCE
I20230219 14:36:31.352017  9139 ic_gvins.cc:1164] Culled 1 mappoint with 1 bad observed features 0, 0, 1
I20230219 14:36:31.352497  9139 ic_gvins.cc:1470] Marginalize 2 states, last time 364466.177337
I20230219 14:36:31.353910  9139 ic_gvins.cc:514] Optimization costs 35.2972 ms with 11.04 and 19.6708 with marginalization costs 1.36853
I20230219 14:36:31.358502  9137 misc.cc:220] Redo INS mechanization at 364467.077405 to 364467.147047 is 0.0696425 s
I20230219 14:36:31.404372  9138 tracking.cc:452] Track 57 map points
I20230219 14:36:31.407994  9138 tracking.cc:571] Track 37 reference points
I20230219 14:36:31.408035  9138 tracking.cc:279] Keyframe at 364467.177244, mappoints 57, interval 0.0998399, parallax 21.0713
I20230219 14:36:31.408150  9138 tracking.cc:795] Triangulate 17 3D points with 20 left, 0 reset, 0 outtime and 0 outliers
I20230219 14:36:31.412209  9138 tracking.cc:687] Add 95 new features to 94
I20230219 14:36:31.412380  9138 ic_gvins.cc:589] Tracking cost 12.663 ms
I20230219 14:36:31.418352  9137 ic_gvins.cc:787] Insert keyframe 94 at 364467.177244 with 17 new mappoints
I20230219 14:36:31.418514  9137 ic_gvins.cc:792] Add new keyframe time node at 364467.177244
I20230219 14:36:31.418525  9137 ic_gvins.cc:937] Add new GNSS time node 364467.130233
I20230219 14:36:31.418687  9139 ic_gvins.cc:1893] Total 12 pose states from 364466.177337 to 364467.177244
I20230219 14:36:31.420572  9139 ic_gvins.cc:1217] Add 11 preintegration, 1 GNSS, 556 reprojection
I20230219 14:36:31.430395  9139 ic_gvins.cc:1226] Ceres Solver Report: Iterations: 6, Initial cost: 9.742202e+01, Final cost: 9.405854e+01, Termination: NO_CONVERGENCE
I20230219 14:36:31.430627  9139 ic_gvins.cc:1336] Remove 0 reprojection factors
I20230219 14:36:31.433256  9139 ic_gvins.cc:1260] Ceres Solver Report: Iterations: 1, Initial cost: 9.405854e+01, Final cost: 9.405854e+01, Termination: CONVERGENCE
I20230219 14:36:31.433543  9139 ic_gvins.cc:1164] Culled 0 mappoint with 0 bad observed features 0, 0, 0
I20230219 14:36:31.434077  9139 ic_gvins.cc:1470] Marginalize 1 states, last time 364466.277184
I20230219 14:36:31.435884  9139 ic_gvins.cc:514] Optimization costs 17.2079 ms with 9.83408 and 2.64116 with marginalization costs 1.79842
I20230219 14:36:31.438405  9137 misc.cc:220] Redo INS mechanization at 364467.177244 to 364467.227037 is 0.0497926 s
I20230219 14:36:31.502285  9138 tracking.cc:452] Track 50 map points
I20230219 14:36:31.506276  9138 tracking.cc:571] Track 40 reference points
I20230219 14:36:31.506335  9138 tracking.cc:279] Keyframe at 364467.277192, mappoints 50, interval 0.099948, parallax 21.9161
I20230219 14:36:31.506450  9138 tracking.cc:795] Triangulate 15 3D points with 24 left, 0 reset, 1 outtime and 0 outliers
I20230219 14:36:31.511003  9138 tracking.cc:687] Add 100 new features to 89
I20230219 14:36:31.511230  9138 ic_gvins.cc:589] Tracking cost 12.6332 ms
I20230219 14:36:31.518415  9137 ic_gvins.cc:787] Insert keyframe 95 at 364467.277192 with 15 new mappoints
I20230219 14:36:31.518558  9137 ic_gvins.cc:792] Add new keyframe time node at 364467.277192
I20230219 14:36:31.518573  9139 ic_gvins.cc:1893] Total 12 pose states from 364466.277184 to 364467.277192
I20230219 14:36:31.520345  9139 ic_gvins.cc:1217] Add 11 preintegration, 1 GNSS, 510 reprojection
I20230219 14:36:31.528581  9139 ic_gvins.cc:1226] Ceres Solver Report: Iterations: 6, Initial cost: 9.307639e+01, Final cost: 8.963621e+01, Termination: NO_CONVERGENCE
I20230219 14:36:31.528769  9139 ic_gvins.cc:1336] Remove 0 reprojection factors
I20230219 14:36:31.531157  9139 ic_gvins.cc:1260] Ceres Solver Report: Iterations: 1, Initial cost: 8.963621e+01, Final cost: 8.963621e+01, Termination: CONVERGENCE
I20230219 14:36:31.531474  9139 ic_gvins.cc:1164] Culled 0 mappoint with 0 bad observed features 0, 0, 0
I20230219 14:36:31.531936  9139 ic_gvins.cc:1470] Marginalize 1 states, last time 364466.377248
I20230219 14:36:31.533213  9139 ic_gvins.cc:514] Optimization costs 14.6506 ms with 8.24278 and 2.39652 with marginalization costs 1.21049
I20230219 14:36:31.538545  9137 misc.cc:220] Redo INS mechanization at 364467.277192 to 364467.327025 is 0.0498328 s
I20230219 14:36:31.612746  9138 tracking.cc:452] Track 47 map points
I20230219 14:36:31.619632  9138 tracking.cc:571] Track 53 reference points
I20230219 14:36:31.619658  9138 tracking.cc:279] Keyframe at 364467.377332, mappoints 47, interval 0.100139, parallax 21.3071
I20230219 14:36:31.619836  9138 tracking.cc:795] Triangulate 26 3D points with 27 left, 0 reset, 0 outtime and 0 outliers
I20230219 14:36:31.625996  9138 tracking.cc:687] Add 88 new features to 100
I20230219 14:36:31.626153  9138 ic_gvins.cc:589] Tracking cost 26.8329 ms
I20230219 14:36:31.628420  9137 ic_gvins.cc:787] Insert keyframe 96 at 364467.377332 with 26 new mappoints
I20230219 14:36:31.628621  9137 ic_gvins.cc:792] Add new keyframe time node at 364467.377332
I20230219 14:36:31.628643  9139 ic_gvins.cc:1893] Total 12 pose states from 364466.377248 to 364467.377332
I20230219 14:36:31.631223  9139 ic_gvins.cc:1217] Add 11 preintegration, 1 GNSS, 541 reprojection
I20230219 14:36:31.641907  9139 ic_gvins.cc:1226] Ceres Solver Report: Iterations: 6, Initial cost: 1.059398e+02, Final cost: 1.026685e+02, Termination: NO_CONVERGENCE
I20230219 14:36:31.642149  9139 ic_gvins.cc:1336] Remove 0 reprojection factors
I20230219 14:36:31.644958  9139 ic_gvins.cc:1260] Ceres Solver Report: Iterations: 1, Initial cost: 1.026685e+02, Final cost: 1.026685e+02, Termination: CONVERGENCE
I20230219 14:36:31.645290  9139 ic_gvins.cc:1164] Culled 3 mappoint with 0 bad observed features 0, 0, 3
I20230219 14:36:31.645828  9139 ic_gvins.cc:1470] Marginalize 1 states, last time 364466.477217
I20230219 14:36:31.648237  9139 ic_gvins.cc:514] Optimization costs 19.6263 ms with 10.7 and 2.81813 with marginalization costs 2.14938
I20230219 14:36:31.648569  9137 misc.cc:220] Redo INS mechanization at 364467.377332 to 364467.437073 is 0.059741 s
I20230219 14:36:31.703898  9138 tracking.cc:452] Track 54 map points
I20230219 14:36:31.708451  9138 tracking.cc:571] Track 49 reference points
I20230219 14:36:31.708470  9138 tracking.cc:279] Keyframe at 364467.477291, mappoints 54, interval 0.0999593, parallax 24.6002
I20230219 14:36:31.708582  9138 tracking.cc:795] Triangulate 23 3D points with 25 left, 0 reset, 1 outtime and 0 outliers
I20230219 14:36:31.713161  9138 tracking.cc:687] Add 84 new features to 102
I20230219 14:36:31.713387  9138 ic_gvins.cc:589] Tracking cost 14.1956 ms
I20230219 14:36:31.718410  9137 ic_gvins.cc:787] Insert keyframe 97 at 364467.477291 with 23 new mappoints
I20230219 14:36:31.718556  9137 ic_gvins.cc:792] Add new keyframe time node at 364467.477291
I20230219 14:36:31.718680  9139 ic_gvins.cc:1893] Total 12 pose states from 364466.477217 to 364467.477291
I20230219 14:36:31.720649  9139 ic_gvins.cc:1217] Add 11 preintegration, 1 GNSS, 532 reprojection
I20230219 14:36:31.729647  9139 ic_gvins.cc:1226] Ceres Solver Report: Iterations: 6, Initial cost: 1.009795e+02, Final cost: 9.637432e+01, Termination: NO_CONVERGENCE
I20230219 14:36:31.729858  9139 ic_gvins.cc:1336] Remove 0 reprojection factors
I20230219 14:36:31.732667  9139 ic_gvins.cc:1260] Ceres Solver Report: Iterations: 1, Initial cost: 9.637432e+01, Final cost: 9.637432e+01, Termination: CONVERGENCE
I20230219 14:36:31.732955  9139 ic_gvins.cc:1164] Culled 3 mappoint with 0 bad observed features 0, 0, 3
I20230219 14:36:31.733285  9139 ic_gvins.cc:1470] Marginalize 1 states, last time 364466.577148
I20230219 14:36:31.734845  9139 ic_gvins.cc:514] Optimization costs 16.1752 ms with 9.00624 and 2.81618 with marginalization costs 1.49431
I20230219 14:36:31.738423  9137 misc.cc:220] Redo INS mechanization at 364467.477291 to 364467.527039 is 0.0497482 s
I20230219 14:36:31.802858  9138 tracking.cc:452] Track 48 map points
I20230219 14:36:31.808495  9138 tracking.cc:571] Track 50 reference points
I20230219 14:36:31.808516  9138 tracking.cc:279] Keyframe at 364467.577399, mappoints 48, interval 0.100108, parallax 21.6196
I20230219 14:36:31.808629  9138 tracking.cc:795] Triangulate 21 3D points with 27 left, 0 reset, 2 outtime and 0 outliers
I20230219 14:36:31.813231  9138 tracking.cc:687] Add 89 new features to 96
I20230219 14:36:31.813364  9138 ic_gvins.cc:589] Tracking cost 13.84 ms
I20230219 14:36:31.818403  9137 ic_gvins.cc:787] Insert keyframe 98 at 364467.577399 with 21 new mappoints
I20230219 14:36:31.818570  9137 ic_gvins.cc:792] Add new keyframe time node at 364467.577399
I20230219 14:36:31.818636  9139 ic_gvins.cc:1893] Total 12 pose states from 364466.577148 to 364467.577399
I20230219 14:36:31.821300  9139 ic_gvins.cc:1217] Add 11 preintegration, 1 GNSS, 510 reprojection
I20230219 14:36:31.831352  9139 ic_gvins.cc:1226] Ceres Solver Report: Iterations: 6, Initial cost: 9.628403e+01, Final cost: 8.882538e+01, Termination: NO_CONVERGENCE
I20230219 14:36:31.831586  9139 ic_gvins.cc:1336] Remove 0 reprojection factors
I20230219 14:36:31.854456  9139 ic_gvins.cc:1260] Ceres Solver Report: Iterations: 13, Initial cost: 8.882538e+01, Final cost: 8.880786e+01, Termination: CONVERGENCE
I20230219 14:36:31.854727  9139 ic_gvins.cc:1164] Culled 0 mappoint with 0 bad observed features 0, 0, 0
I20230219 14:36:31.855127  9139 ic_gvins.cc:1470] Marginalize 1 states, last time 364466.677043
I20230219 14:36:31.856750  9139 ic_gvins.cc:514] Optimization costs 38.1227 ms with 10.0513 and 22.8755 with marginalization costs 1.57828
I20230219 14:36:31.858361  9137 misc.cc:220] Redo INS mechanization at 364467.577399 to 364467.647035 is 0.069636 s
I20230219 14:36:31.902660  9138 tracking.cc:452] Track 44 map points
I20230219 14:36:31.906184  9138 tracking.cc:571] Track 43 reference points
I20230219 14:36:31.906208  9138 tracking.cc:279] Keyframe at 364467.677199, mappoints 44, interval 0.0998004, parallax 22.4538
I20230219 14:36:31.906284  9138 tracking.cc:795] Triangulate 12 3D points with 26 left, 0 reset, 5 outtime and 0 outliers
I20230219 14:36:31.910728  9138 tracking.cc:687] Add 103 new features to 82
I20230219 14:36:31.910921  9138 ic_gvins.cc:589] Tracking cost 12.109 ms
I20230219 14:36:31.918493  9137 ic_gvins.cc:787] Insert keyframe 99 at 364467.677199 with 12 new mappoints
I20230219 14:36:31.918644  9137 ic_gvins.cc:792] Add new keyframe time node at 364467.677199
I20230219 14:36:31.918697  9139 ic_gvins.cc:1893] Total 12 pose states from 364466.677043 to 364467.677199
I20230219 14:36:31.920662  9139 ic_gvins.cc:1217] Add 11 preintegration, 1 GNSS, 469 reprojection
I20230219 14:36:31.929248  9139 ic_gvins.cc:1226] Ceres Solver Report: Iterations: 6, Initial cost: 9.173563e+01, Final cost: 8.797625e+01, Termination: NO_CONVERGENCE
I20230219 14:36:31.929545  9139 ic_gvins.cc:1336] Remove 0 reprojection factors
I20230219 14:36:31.931926  9139 ic_gvins.cc:1260] Ceres Solver Report: Iterations: 1, Initial cost: 8.797625e+01, Final cost: 8.797625e+01, Termination: CONVERGENCE
I20230219 14:36:31.932212  9139 ic_gvins.cc:1164] Culled 0 mappoint with 0 bad observed features 0, 0, 0
I20230219 14:36:31.932583  9139 ic_gvins.cc:1470] Marginalize 1 states, last time 364466.778365
I20230219 14:36:31.934257  9139 ic_gvins.cc:514] Optimization costs 15.5713 ms with 8.60614 and 2.36724 with marginalization costs 1.6264
I20230219 14:36:31.938449  9137 misc.cc:220] Redo INS mechanization at 364467.677199 to 364467.727020 is 0.0498201 s
I20230219 14:36:32.001824  9138 tracking.cc:452] Track 43 map points
I20230219 14:36:32.004305  9138 tracking.cc:571] Track 58 reference points
I20230219 14:36:32.004320  9138 tracking.cc:279] Keyframe at 364467.777341, mappoints 43, interval 0.100142, parallax 23.8522
I20230219 14:36:32.004415  9138 tracking.cc:795] Triangulate 22 3D points with 32 left, 0 reset, 4 outtime and 0 outliers
I20230219 14:36:32.009384  9138 tracking.cc:687] Add 88 new features to 97
I20230219 14:36:32.009852  9138 ic_gvins.cc:589] Tracking cost 10.6112 ms
I20230219 14:36:32.018597  9137 ic_gvins.cc:787] Insert keyframe 100 at 364467.777341 with 22 new mappoints
I20230219 14:36:32.018738  9137 ic_gvins.cc:792] Add new keyframe time node at 364467.777341
I20230219 14:36:32.018805  9139 ic_gvins.cc:1893] Total 12 pose states from 364466.778365 to 364467.777341
I20230219 14:36:32.020370  9139 ic_gvins.cc:1217] Add 11 preintegration, 1 GNSS, 455 reprojection
I20230219 14:36:32.027577  9139 ic_gvins.cc:1226] Ceres Solver Report: Iterations: 6, Initial cost: 9.532889e+01, Final cost: 9.229710e+01, Termination: NO_CONVERGENCE
I20230219 14:36:32.027738  9139 ic_gvins.cc:1336] Remove 0 reprojection factors
I20230219 14:36:32.030982  9139 ic_gvins.cc:1260] Ceres Solver Report: Iterations: 2, Initial cost: 9.229710e+01, Final cost: 9.229697e+01, Termination: CONVERGENCE
I20230219 14:36:32.031191  9139 ic_gvins.cc:1164] Culled 1 mappoint with 0 bad observed features 0, 0, 1
I20230219 14:36:32.031476  9139 ic_gvins.cc:1470] Marginalize 1 states, last time 364466.877164
I20230219 14:36:32.033078  9139 ic_gvins.cc:514] Optimization costs 14.2829 ms with 7.21109 and 3.24675 with marginalization costs 1.53848
I20230219 14:36:32.038448  9137 misc.cc:220] Redo INS mechanization at 364467.777341 to 364467.827049 is 0.0497085 s
I20230219 14:36:32.102703  9138 tracking.cc:452] Track 43 map points
I20230219 14:36:32.108237  9138 tracking.cc:571] Track 49 reference points
I20230219 14:36:32.108258  9138 tracking.cc:279] Keyframe at 364467.877301, mappoints 43, interval 0.0999601, parallax 21.5769
I20230219 14:36:32.108363  9138 tracking.cc:795] Triangulate 19 3D points with 30 left, 0 reset, 0 outtime and 0 outliers
I20230219 14:36:32.112609  9138 tracking.cc:687] Add 90 new features to 92
I20230219 14:36:32.112776  9138 ic_gvins.cc:589] Tracking cost 13.8509 ms
I20230219 14:36:32.118542  9137 ic_gvins.cc:787] Insert keyframe 101 at 364467.877301 with 19 new mappoints
I20230219 14:36:32.118695  9137 ic_gvins.cc:792] Add new keyframe time node at 364467.877301
I20230219 14:36:32.118716  9139 ic_gvins.cc:1893] Total 12 pose states from 364466.877164 to 364467.877301
I20230219 14:36:32.120393  9139 ic_gvins.cc:1217] Add 11 preintegration, 1 GNSS, 427 reprojection
I20230219 14:36:32.127707  9139 ic_gvins.cc:1226] Ceres Solver Report: Iterations: 6, Initial cost: 8.363548e+01, Final cost: 8.120760e+01, Termination: NO_CONVERGENCE
I20230219 14:36:32.127918  9139 ic_gvins.cc:1336] Remove 0 reprojection factors
I20230219 14:36:32.130101  9139 ic_gvins.cc:1260] Ceres Solver Report: Iterations: 1, Initial cost: 8.120760e+01, Final cost: 8.120760e+01, Termination: CONVERGENCE
I20230219 14:36:32.130450  9139 ic_gvins.cc:1164] Culled 0 mappoint with 0 bad observed features 0, 0, 0
I20230219 14:36:32.130774  9139 ic_gvins.cc:1470] Marginalize 1 states, last time 364466.977212
I20230219 14:36:32.132346  9139 ic_gvins.cc:514] Optimization costs 13.6426 ms with 7.3243 and 2.2398 with marginalization costs 1.51776
I20230219 14:36:32.138387  9137 misc.cc:220] Redo INS mechanization at 364467.877301 to 364467.926994 is 0.049693 s
I20230219 14:36:32.202442  9138 tracking.cc:452] Track 45 map points
I20230219 14:36:32.207121  9138 tracking.cc:571] Track 52 reference points
I20230219 14:36:32.207151  9138 tracking.cc:279] Keyframe at 364467.977280, mappoints 45, interval 0.0999793, parallax 22.376
I20230219 14:36:32.207306  9138 tracking.cc:795] Triangulate 17 3D points with 35 left, 0 reset, 0 outtime and 0 outliers
I20230219 14:36:32.213610  9138 tracking.cc:687] Add 86 new features to 97
I20230219 14:36:32.213762  9138 ic_gvins.cc:589] Tracking cost 15.0952 ms
I20230219 14:36:32.218650  9137 ic_gvins.cc:787] Insert keyframe 102 at 364467.977280 with 17 new mappoints
I20230219 14:36:32.218930  9137 ic_gvins.cc:792] Add new keyframe time node at 364467.977280
I20230219 14:36:32.219008  9139 ic_gvins.cc:1893] Total 12 pose states from 364466.977212 to 364467.977280
I20230219 14:36:32.221508  9139 ic_gvins.cc:1217] Add 11 preintegration, 1 GNSS, 416 reprojection
I20230219 14:36:32.233927  9139 ic_gvins.cc:1226] Ceres Solver Report: Iterations: 6, Initial cost: 8.160093e+01, Final cost: 7.961018e+01, Termination: NO_CONVERGENCE
I20230219 14:36:32.234217  9139 ic_gvins.cc:1336] Remove 0 reprojection factors
I20230219 14:36:32.238034  9139 ic_gvins.cc:1260] Ceres Solver Report: Iterations: 1, Initial cost: 7.961018e+01, Final cost: 7.961018e+01, Termination: CONVERGENCE
I20230219 14:36:32.238431  9139 ic_gvins.cc:1164] Culled 0 mappoint with 0 bad observed features 0, 0, 0
I20230219 14:36:32.238943  9139 ic_gvins.cc:1470] Marginalize 1 states, last time 364467.077405
I20230219 14:36:32.240857  9139 ic_gvins.cc:514] Optimization costs 21.8632 ms with 12.4317 and 3.82762 with marginalization costs 1.84739
I20230219 14:36:32.248569  9137 misc.cc:220] Redo INS mechanization at 364467.977280 to 364468.037068 is 0.0597873 s
I20230219 14:36:32.304039  9138 tracking.cc:452] Track 52 map points
I20230219 14:36:32.307505  9138 tracking.cc:571] Track 50 reference points
I20230219 14:36:32.307526  9138 tracking.cc:279] Keyframe at 364468.077306, mappoints 52, interval 0.100026, parallax 22.7406
I20230219 14:36:32.307623  9138 tracking.cc:795] Triangulate 17 3D points with 33 left, 0 reset, 0 outtime and 0 outliers
I20230219 14:36:32.311664  9138 tracking.cc:687] Add 83 new features to 102
I20230219 14:36:32.311795  9138 ic_gvins.cc:589] Tracking cost 12.3848 ms
I20230219 14:36:32.318383  9137 ic_gvins.cc:787] Insert keyframe 103 at 364468.077306 with 17 new mappoints
I20230219 14:36:32.318617  9137 ic_gvins.cc:792] Add new keyframe time node at 364468.077306
I20230219 14:36:32.318670  9139 ic_gvins.cc:1893] Total 12 pose states from 364467.077405 to 364468.077306
I20230219 14:36:32.320122  9139 ic_gvins.cc:1217] Add 11 preintegration, 1 GNSS, 453 reprojection
I20230219 14:36:32.327464  9139 ic_gvins.cc:1226] Ceres Solver Report: Iterations: 6, Initial cost: 1.236726e+02, Final cost: 1.191403e+02, Termination: NO_CONVERGENCE
I20230219 14:36:32.327641  9139 ic_gvins.cc:1336] Remove 2 reprojection factors
I20230219 14:36:32.343145  9139 ic_gvins.cc:1260] Ceres Solver Report: Iterations: 12, Initial cost: 8.691126e+01, Final cost: 8.499738e+01, Termination: CONVERGENCE
I20230219 14:36:32.343410  9139 ic_gvins.cc:1164] Culled 1 mappoint with 2 bad observed features 0, 0, 1
I20230219 14:36:32.343747  9139 ic_gvins.cc:1470] Marginalize 2 states, last time 364467.177244
I20230219 14:36:32.345021  9139 ic_gvins.cc:514] Optimization costs 26.361 ms with 7.35521 and 15.5177 with marginalization costs 1.22722
I20230219 14:36:32.348454  9137 misc.cc:220] Redo INS mechanization at 364468.077306 to 364468.136986 is 0.0596791 s
I20230219 14:36:32.403937  9138 tracking.cc:452] Track 54 map points
I20230219 14:36:32.409219  9138 tracking.cc:571] Track 54 reference points
I20230219 14:36:32.409243  9138 tracking.cc:279] Keyframe at 364468.177254, mappoints 54, interval 0.0999479, parallax 22.6482
I20230219 14:36:32.409395  9138 tracking.cc:795] Triangulate 18 3D points with 33 left, 0 reset, 1 outtime and 2 outliers
I20230219 14:36:32.416282  9138 tracking.cc:687] Add 77 new features to 105
I20230219 14:36:32.416453  9138 ic_gvins.cc:589] Tracking cost 17.8905 ms
I20230219 14:36:32.418556  9137 ic_gvins.cc:787] Insert keyframe 104 at 364468.177254 with 18 new mappoints
I20230219 14:36:32.418805  9137 ic_gvins.cc:792] Add new keyframe time node at 364468.177254
I20230219 14:36:32.418828  9137 ic_gvins.cc:937] Add new GNSS time node 364468.129899
I20230219 14:36:32.419081  9139 ic_gvins.cc:1893] Total 12 pose states from 364467.177244 to 364468.177254
I20230219 14:36:32.421934  9139 ic_gvins.cc:1217] Add 11 preintegration, 1 GNSS, 478 reprojection
I20230219 14:36:32.435674  9139 ic_gvins.cc:1226] Ceres Solver Report: Iterations: 6, Initial cost: 9.989300e+01, Final cost: 9.683274e+01, Termination: NO_CONVERGENCE
I20230219 14:36:32.436009  9139 ic_gvins.cc:1336] Remove 2 reprojection factors
I20230219 14:36:32.458451  9139 ic_gvins.cc:1260] Ceres Solver Report: Iterations: 13, Initial cost: 9.221135e+01, Final cost: 9.217746e+01, Termination: CONVERGENCE
I20230219 14:36:32.458704  9139 ic_gvins.cc:1164] Culled 2 mappoint with 1 bad observed features 0, 0, 2
I20230219 14:36:32.458979  9139 ic_gvins.cc:1470] Marginalize 1 states, last time 364467.277192
I20230219 14:36:32.460526  9139 ic_gvins.cc:514] Optimization costs 41.4595 ms with 13.7513 and 22.445 with marginalization costs 1.47838
I20230219 14:36:32.468845  9137 misc.cc:220] Redo INS mechanization at 364468.177254 to 364468.257030 is 0.0797761 s
I20230219 14:36:32.506335  9138 tracking.cc:452] Track 45 map points
I20230219 14:36:32.512292  9138 tracking.cc:571] Track 45 reference points
I20230219 14:36:32.512320  9138 tracking.cc:279] Keyframe at 364468.277472, mappoints 45, interval 0.100217, parallax 20.3607
I20230219 14:36:32.512440  9138 tracking.cc:795] Triangulate 16 3D points with 29 left, 0 reset, 0 outtime and 0 outliers
I20230219 14:36:32.518029  9138 tracking.cc:687] Add 93 new features to 90
I20230219 14:36:32.518208  9138 ic_gvins.cc:589] Tracking cost 18.6874 ms
I20230219 14:36:32.518440  9137 ic_gvins.cc:787] Insert keyframe 105 at 364468.277472 with 16 new mappoints
I20230219 14:36:32.518663  9137 ic_gvins.cc:792] Add new keyframe time node at 364468.277472
I20230219 14:36:32.518735  9139 ic_gvins.cc:1893] Total 12 pose states from 364467.277192 to 364468.277472
I20230219 14:36:32.520710  9139 ic_gvins.cc:1217] Add 11 preintegration, 1 GNSS, 461 reprojection
I20230219 14:36:32.529026  9139 ic_gvins.cc:1226] Ceres Solver Report: Iterations: 6, Initial cost: 9.987145e+01, Final cost: 9.203379e+01, Termination: NO_CONVERGENCE
I20230219 14:36:32.529227  9139 ic_gvins.cc:1336] Remove 1 reprojection factors
I20230219 14:36:32.532769  9139 ic_gvins.cc:1260] Ceres Solver Report: Iterations: 2, Initial cost: 8.961855e+01, Final cost: 8.949878e+01, Termination: CONVERGENCE
I20230219 14:36:32.533038  9139 ic_gvins.cc:1164] Culled 1 mappoint with 1 bad observed features 0, 0, 1
I20230219 14:36:32.533313  9139 ic_gvins.cc:1470] Marginalize 1 states, last time 364467.377332
I20230219 14:36:32.534864  9139 ic_gvins.cc:514] Optimization costs 16.1432 ms with 8.32155 and 3.55071 with marginalization costs 1.48407
I20230219 14:36:32.538357  9137 misc.cc:220] Redo INS mechanization at 364468.277472 to 364468.326984 is 0.0495127 s
I20230219 14:36:32.603358  9138 tracking.cc:452] Track 46 map points
I20230219 14:36:32.609308  9138 tracking.cc:571] Track 50 reference points
I20230219 14:36:32.609337  9138 tracking.cc:279] Keyframe at 364468.377462, mappoints 46, interval 0.0999907, parallax 22.2232
I20230219 14:36:32.609584  9138 tracking.cc:795] Triangulate 19 3D points with 27 left, 0 reset, 3 outtime and 1 outliers
I20230219 14:36:32.617954  9138 tracking.cc:687] Add 94 new features to 92
I20230219 14:36:32.618144  9138 ic_gvins.cc:589] Tracking cost 19.6299 ms
I20230219 14:36:32.618634  9137 ic_gvins.cc:787] Insert keyframe 106 at 364468.377462 with 19 new mappoints
I20230219 14:36:32.618957  9137 ic_gvins.cc:792] Add new keyframe time node at 364468.377462
I20230219 14:36:32.619038  9139 ic_gvins.cc:1893] Total 12 pose states from 364467.377332 to 364468.377462
I20230219 14:36:32.622726  9139 ic_gvins.cc:1217] Add 11 preintegration, 1 GNSS, 451 reprojection
I20230219 14:36:32.643828  9139 ic_gvins.cc:1226] Ceres Solver Report: Iterations: 6, Initial cost: 9.836567e+01, Final cost: 9.256201e+01, Termination: NO_CONVERGENCE
I20230219 14:36:32.644301  9139 ic_gvins.cc:1336] Remove 0 reprojection factors
I20230219 14:36:32.671149  9139 ic_gvins.cc:1260] Ceres Solver Report: Iterations: 13, Initial cost: 9.256201e+01, Final cost: 9.252922e+01, Termination: CONVERGENCE
I20230219 14:36:32.671483  9139 ic_gvins.cc:1164] Culled 0 mappoint with 0 bad observed features 0, 0, 0
I20230219 14:36:32.671882  9139 ic_gvins.cc:1470] Marginalize 1 states, last time 364467.477291
I20230219 14:36:32.674073  9139 ic_gvins.cc:514] Optimization costs 55.0561 ms with 21.1216 and 26.8375 with marginalization costs 2.1129
I20230219 14:36:32.678362  9137 misc.cc:220] Redo INS mechanization at 364468.377462 to 364468.466975 is 0.0895131 s
I20230219 14:36:32.685922  9118 fusion_ros.cc:271] Raw data time in image recv image,imu,gnss 364468.474157, 364468.466975, 364468.129899
