I20230219 14:36:32.705741  9138 tracking.cc:452] Track 44 map points
I20230219 14:36:32.711411  9138 tracking.cc:571] Track 53 reference points
I20230219 14:36:32.711432  9138 tracking.cc:279] Keyframe at 364468.477339, mappoints 44, interval 0.0998771, parallax 23.3582
I20230219 14:36:32.711539  9138 tracking.cc:795] Triangulate 24 3D points with 28 left, 0 reset, 0 outtime and 1 outliers
I20230219 14:36:32.716199  9138 tracking.cc:687] Add 88 new features to 96
I20230219 14:36:32.716382  9138 ic_gvins.cc:589] Tracking cost 17.3476 ms
I20230219 14:36:32.718374  9137 ic_gvins.cc:787] Insert keyframe 107 at 364468.477339 with 24 new mappoints
I20230219 14:36:32.718518  9137 ic_gvins.cc:792] Add new keyframe time node at 364468.477339
I20230219 14:36:32.718578  9139 ic_gvins.cc:1893] Total 12 pose states from 364467.477291 to 364468.477339
I20230219 14:36:32.720108  9139 ic_gvins.cc:1217] Add 11 preintegration, 1 GNSS, 442 reprojection
I20230219 14:36:32.729091  9139 ic_gvins.cc:1226] Ceres Solver Report: Iterations: 6, Initial cost: 1.024145e+02, Final cost: 9.758688e+01, Termination: NO_CONVERGENCE
I20230219 14:36:32.729266  9139 ic_gvins.cc:1336] Remove 3 reprojection factors
I20230219 14:36:32.740324  9139 ic_gvins.cc:1260] Ceres Solver Report: Iterations: 7, Initial cost: 9.135013e+01, Final cost: 9.106146e+01, Termination: CONVERGENCE
I20230219 14:36:32.740645  9139 ic_gvins.cc:1164] Culled 2 mappoint with 1 bad observed features 0, 0, 2
I20230219 14:36:32.741053  9139 ic_gvins.cc:1470] Marginalize 1 states, last time 364467.577399
I20230219 14:36:32.743366  9139 ic_gvins.cc:514] Optimization costs 24.8023 ms with 8.98823 and 11.0771 with marginalization costs 2.23682
I20230219 14:36:32.748366  9137 misc.cc:220] Redo INS mechanization at 364468.477339 to 364468.536982 is 0.0596423 s
I20230219 14:36:32.801776  9138 tracking.cc:452] Track 45 map points
I20230219 14:36:32.805125  9138 tracking.cc:571] Track 44 reference points
I20230219 14:36:32.805150  9138 tracking.cc:279] Keyframe at 364468.578976, mappoints 45, interval 0.101637, parallax 18.6648
I20230219 14:36:32.805238  9138 tracking.cc:795] Triangulate 12 3D points with 31 left, 0 reset, 1 outtime and 0 outliers
I20230219 14:36:32.811091  9138 tracking.cc:687] Add 101 new features to 88
I20230219 14:36:32.811260  9138 ic_gvins.cc:589] Tracking cost 12.5408 ms
I20230219 14:36:32.818432  9137 ic_gvins.cc:787] Insert keyframe 108 at 364468.578976 with 12 new mappoints
I20230219 14:36:32.818640  9137 ic_gvins.cc:792] Add new keyframe time node at 364468.578976
I20230219 14:36:32.818691  9139 ic_gvins.cc:1893] Total 12 pose states from 364467.577399 to 364468.578976
I20230219 14:36:32.820088  9139 ic_gvins.cc:1217] Add 11 preintegration, 1 GNSS, 418 reprojection
I20230219 14:36:32.826887  9139 ic_gvins.cc:1226] Ceres Solver Report: Iterations: 6, Initial cost: 9.456101e+01, Final cost: 8.880772e+01, Termination: NO_CONVERGENCE
I20230219 14:36:32.827056  9139 ic_gvins.cc:1336] Remove 2 reprojection factors
I20230219 14:36:32.841974  9139 ic_gvins.cc:1260] Ceres Solver Report: Iterations: 13, Initial cost: 8.262701e+01, Final cost: 8.164095e+01, Termination: CONVERGENCE
I20230219 14:36:32.842206  9139 ic_gvins.cc:1164] Culled 0 mappoint with 1 bad observed features 0, 0, 0
I20230219 14:36:32.842505  9139 ic_gvins.cc:1470] Marginalize 1 states, last time 364467.677199
I20230219 14:36:32.843672  9139 ic_gvins.cc:514] Optimization costs 24.9893 ms with 6.80053 and 14.9257 with marginalization costs 1.1252
I20230219 14:36:32.848402  9137 misc.cc:220] Redo INS mechanization at 364468.578976 to 364468.637046 is 0.0580699 s
I20230219 14:36:32.903410  9138 tracking.cc:452] Track 45 map points
I20230219 14:36:32.907774  9138 tracking.cc:571] Track 47 reference points
I20230219 14:36:32.907795  9138 tracking.cc:279] Keyframe at 364468.677413, mappoints 45, interval 0.0984365, parallax 20.8198
I20230219 14:36:32.907891  9138 tracking.cc:795] Triangulate 18 3D points with 28 left, 0 reset, 1 outtime and 0 outliers
I20230219 14:36:32.912108  9138 tracking.cc:687] Add 97 new features to 91
I20230219 14:36:32.912379  9138 ic_gvins.cc:589] Tracking cost 13.2879 ms
I20230219 14:36:32.918419  9137 ic_gvins.cc:787] Insert keyframe 109 at 364468.677413 with 18 new mappoints
I20230219 14:36:32.918579  9137 ic_gvins.cc:792] Add new keyframe time node at 364468.677413
I20230219 14:36:32.918629  9139 ic_gvins.cc:1893] Total 12 pose states from 364467.677199 to 364468.677413
I20230219 14:36:32.920135  9139 ic_gvins.cc:1217] Add 11 preintegration, 1 GNSS, 433 reprojection
I20230219 14:36:32.929298  9139 ic_gvins.cc:1226] Ceres Solver Report: Iterations: 6, Initial cost: 1.005760e+02, Final cost: 9.157982e+01, Termination: NO_CONVERGENCE
I20230219 14:36:32.929498  9139 ic_gvins.cc:1336] Remove 0 reprojection factors
I20230219 14:36:32.932173  9139 ic_gvins.cc:1260] Ceres Solver Report: Iterations: 1, Initial cost: 9.157982e+01, Final cost: 9.157982e+01, Termination: CONVERGENCE
I20230219 14:36:32.932497  9139 ic_gvins.cc:1164] Culled 0 mappoint with 0 bad observed features 0, 0, 0
I20230219 14:36:32.932924  9139 ic_gvins.cc:1470] Marginalize 1 states, last time 364467.777341
I20230219 14:36:32.935235  9139 ic_gvins.cc:514] Optimization costs 16.6167 ms with 9.18151 and 2.68903 with marginalization costs 2.29485
I20230219 14:36:32.938309  9137 misc.cc:220] Redo INS mechanization at 364468.677413 to 364468.726970 is 0.0495573 s
I20230219 14:36:33.001956  9138 tracking.cc:452] Track 41 map points
I20230219 14:36:33.004827  9138 tracking.cc:571] Track 48 reference points
I20230219 14:36:33.004848  9138 tracking.cc:279] Keyframe at 364468.777239, mappoints 41, interval 0.099826, parallax 23.7425
I20230219 14:36:33.004940  9138 tracking.cc:795] Triangulate 18 3D points with 25 left, 0 reset, 5 outtime and 0 outliers
I20230219 14:36:33.010548  9138 tracking.cc:687] Add 98 new features to 84
I20230219 14:36:33.010797  9138 ic_gvins.cc:589] Tracking cost 11.8678 ms
I20230219 14:36:33.018311  9137 ic_gvins.cc:787] Insert keyframe 110 at 364468.777239 with 18 new mappoints
I20230219 14:36:33.018448  9137 ic_gvins.cc:792] Add new keyframe time node at 364468.777239
I20230219 14:36:33.018507  9139 ic_gvins.cc:1893] Total 12 pose states from 364467.777341 to 364468.777239
I20230219 14:36:33.019904  9139 ic_gvins.cc:1217] Add 11 preintegration, 1 GNSS, 400 reprojection
I20230219 14:36:33.027196  9139 ic_gvins.cc:1226] Ceres Solver Report: Iterations: 6, Initial cost: 8.901873e+01, Final cost: 8.584543e+01, Termination: NO_CONVERGENCE
I20230219 14:36:33.027372  9139 ic_gvins.cc:1336] Remove 1 reprojection factors
I20230219 14:36:33.042361  9139 ic_gvins.cc:1260] Ceres Solver Report: Iterations: 12, Initial cost: 8.376529e+01, Final cost: 8.372270e+01, Termination: CONVERGENCE
I20230219 14:36:33.042621  9139 ic_gvins.cc:1164] Culled 1 mappoint with 0 bad observed features 0, 0, 1
I20230219 14:36:33.042935  9139 ic_gvins.cc:1470] Marginalize 1 states, last time 364467.877301
I20230219 14:36:33.044195  9139 ic_gvins.cc:514] Optimization costs 25.7003 ms with 7.32076 and 15.0049 with marginalization costs 1.21783
I20230219 14:36:33.048341  9137 misc.cc:220] Redo INS mechanization at 364468.777239 to 364468.836962 is 0.0597234 s
I20230219 14:36:33.102383  9138 tracking.cc:452] Track 42 map points
I20230219 14:36:33.105823  9138 tracking.cc:571] Track 54 reference points
I20230219 14:36:33.105842  9138 tracking.cc:279] Keyframe at 364468.877294, mappoints 42, interval 0.100055, parallax 17.435
I20230219 14:36:33.105937  9138 tracking.cc:795] Triangulate 16 3D points with 32 left, 0 reset, 5 outtime and 1 outliers
I20230219 14:36:33.110884  9138 tracking.cc:687] Add 96 new features to 90
I20230219 14:36:33.111023  9138 ic_gvins.cc:589] Tracking cost 12.1245 ms
I20230219 14:36:33.118403  9137 ic_gvins.cc:787] Insert keyframe 111 at 364468.877294 with 16 new mappoints
I20230219 14:36:33.118592  9137 ic_gvins.cc:792] Add new keyframe time node at 364468.877294
I20230219 14:36:33.118625  9139 ic_gvins.cc:1893] Total 12 pose states from 364467.877301 to 364468.877294
I20230219 14:36:33.120522  9139 ic_gvins.cc:1217] Add 11 preintegration, 1 GNSS, 418 reprojection
I20230219 14:36:33.129738  9139 ic_gvins.cc:1226] Ceres Solver Report: Iterations: 6, Initial cost: 8.859107e+01, Final cost: 8.607624e+01, Termination: NO_CONVERGENCE
I20230219 14:36:33.129935  9139 ic_gvins.cc:1336] Remove 0 reprojection factors
I20230219 14:36:33.132050  9139 ic_gvins.cc:1260] Ceres Solver Report: Iterations: 1, Initial cost: 8.607624e+01, Final cost: 8.607624e+01, Termination: CONVERGENCE
I20230219 14:36:33.132279  9139 ic_gvins.cc:1164] Culled 0 mappoint with 0 bad observed features 0, 0, 0
I20230219 14:36:33.132544  9139 ic_gvins.cc:1470] Marginalize 1 states, last time 364467.977280
I20230219 14:36:33.133958  9139 ic_gvins.cc:514] Optimization costs 15.3461 ms with 9.19189 and 2.11363 with marginalization costs 1.36655
I20230219 14:36:33.138351  9137 misc.cc:220] Redo INS mechanization at 364468.877294 to 364468.927016 is 0.049722 s
I20230219 14:36:33.204016  9138 tracking.cc:452] Track 43 map points
I20230219 14:36:33.208503  9138 tracking.cc:571] Track 57 reference points
I20230219 14:36:33.208524  9138 tracking.cc:279] Keyframe at 364468.977250, mappoints 43, interval 0.0999562, parallax 22.4043
I20230219 14:36:33.208644  9138 tracking.cc:795] Triangulate 29 3D points with 28 left, 0 reset, 0 outtime and 0 outliers
I20230219 14:36:33.212862  9138 tracking.cc:687] Add 86 new features to 100
I20230219 14:36:33.213085  9138 ic_gvins.cc:589] Tracking cost 14.1713 ms
I20230219 14:36:33.218415  9137 ic_gvins.cc:787] Insert keyframe 112 at 364468.977250 with 29 new mappoints
I20230219 14:36:33.218565  9137 ic_gvins.cc:792] Add new keyframe time node at 364468.977250
I20230219 14:36:33.218581  9139 ic_gvins.cc:1893] Total 12 pose states from 364467.977280 to 364468.977250
I20230219 14:36:33.220340  9139 ic_gvins.cc:1217] Add 11 preintegration, 1 GNSS, 418 reprojection
I20230219 14:36:33.229121  9139 ic_gvins.cc:1226] Ceres Solver Report: Iterations: 6, Initial cost: 9.541616e+01, Final cost: 9.080394e+01, Termination: NO_CONVERGENCE
I20230219 14:36:33.229393  9139 ic_gvins.cc:1336] Remove 0 reprojection factors
I20230219 14:36:33.231812  9139 ic_gvins.cc:1260] Ceres Solver Report: Iterations: 1, Initial cost: 9.080394e+01, Final cost: 9.080394e+01, Termination: CONVERGENCE
I20230219 14:36:33.232054  9139 ic_gvins.cc:1164] Culled 1 mappoint with 0 bad observed features 0, 0, 1
I20230219 14:36:33.232405  9139 ic_gvins.cc:1470] Marginalize 1 states, last time 364468.077306
I20230219 14:36:33.233963  9139 ic_gvins.cc:514] Optimization costs 15.395 ms with 8.81304 and 2.40508 with marginalization costs 1.52693
I20230219 14:36:33.238328  9137 misc.cc:220] Redo INS mechanization at 364468.977250 to 364469.027012 is 0.0497626 s
I20230219 14:36:33.301654  9138 tracking.cc:452] Track 54 map points
I20230219 14:36:33.304450  9138 tracking.cc:571] Track 46 reference points
I20230219 14:36:33.304469  9138 tracking.cc:279] Keyframe at 364469.077416, mappoints 54, interval 0.100166, parallax 19.3446
I20230219 14:36:33.304549  9138 tracking.cc:795] Triangulate 11 3D points with 35 left, 0 reset, 0 outtime and 0 outliers
I20230219 14:36:33.308888  9138 tracking.cc:687] Add 86 new features to 100
I20230219 14:36:33.309044  9138 ic_gvins.cc:589] Tracking cost 10.2891 ms
I20230219 14:36:33.318409  9137 ic_gvins.cc:787] Insert keyframe 113 at 364469.077416 with 11 new mappoints
I20230219 14:36:33.318554  9137 ic_gvins.cc:792] Add new keyframe time node at 364469.077416
I20230219 14:36:33.318593  9139 ic_gvins.cc:1893] Total 12 pose states from 364468.077306 to 364469.077416
I20230219 14:36:33.320180  9139 ic_gvins.cc:1217] Add 11 preintegration, 1 GNSS, 430 reprojection
I20230219 14:36:33.328536  9139 ic_gvins.cc:1226] Ceres Solver Report: Iterations: 6, Initial cost: 1.248436e+02, Final cost: 1.060058e+02, Termination: NO_CONVERGENCE
I20230219 14:36:33.328706  9139 ic_gvins.cc:1336] Remove 1 reprojection factors
I20230219 14:36:33.348500  9139 ic_gvins.cc:1260] Ceres Solver Report: Iterations: 13, Initial cost: 9.699112e+01, Final cost: 9.516194e+01, Termination: CONVERGENCE
I20230219 14:36:33.348747  9139 ic_gvins.cc:1164] Culled 1 mappoint with 1 bad observed features 0, 0, 1
I20230219 14:36:33.349066  9139 ic_gvins.cc:1470] Marginalize 2 states, last time 364468.177254
I20230219 14:36:33.351387  9139 ic_gvins.cc:514] Optimization costs 32.8083 ms with 8.3543 and 19.8081 with marginalization costs 2.25566
I20230219 14:36:33.358297  9137 misc.cc:220] Redo INS mechanization at 364469.077416 to 364469.146952 is 0.0695363 s
I20230219 14:36:33.403334  9138 tracking.cc:452] Track 48 map points
I20230219 14:36:33.407152  9138 tracking.cc:571] Track 54 reference points
I20230219 14:36:33.407192  9138 tracking.cc:279] Keyframe at 364469.177556, mappoints 48, interval 0.10014, parallax 22.8436
I20230219 14:36:33.407287  9138 tracking.cc:795] Triangulate 19 3D points with 35 left, 0 reset, 0 outtime and 0 outliers
I20230219 14:36:33.412286  9138 tracking.cc:687] Add 82 new features to 102
I20230219 14:36:33.412700  9138 ic_gvins.cc:589] Tracking cost 13.7154 ms
I20230219 14:36:33.418262  9137 ic_gvins.cc:787] Insert keyframe 114 at 364469.177556 with 19 new mappoints
I20230219 14:36:33.418404  9137 ic_gvins.cc:792] Add new keyframe time node at 364469.177556
I20230219 14:36:33.418417  9137 ic_gvins.cc:937] Add new GNSS time node 364469.136313
I20230219 14:36:33.418637  9139 ic_gvins.cc:1893] Total 12 pose states from 364468.177254 to 364469.177556
I20230219 14:36:33.420177  9139 ic_gvins.cc:1217] Add 11 preintegration, 1 GNSS, 442 reprojection
I20230219 14:36:33.427215  9139 ic_gvins.cc:1226] Ceres Solver Report: Iterations: 6, Initial cost: 1.060203e+02, Final cost: 1.001018e+02, Termination: NO_CONVERGENCE
I20230219 14:36:33.427388  9139 ic_gvins.cc:1336] Remove 1 reprojection factors
I20230219 14:36:33.443277  9139 ic_gvins.cc:1260] Ceres Solver Report: Iterations: 13, Initial cost: 9.726639e+01, Final cost: 9.689153e+01, Termination: CONVERGENCE
I20230219 14:36:33.443504  9139 ic_gvins.cc:1164] Culled 2 mappoint with 1 bad observed features 0, 0, 2
I20230219 14:36:33.443734  9139 ic_gvins.cc:1470] Marginalize 1 states, last time 364468.277472
I20230219 14:36:33.444912  9139 ic_gvins.cc:514] Optimization costs 26.2824 ms with 7.04181 and 15.8942 with marginalization costs 1.12964
I20230219 14:36:33.448405  9137 misc.cc:220] Redo INS mechanization at 364469.177556 to 364469.236996 is 0.0594401 s
I20230219 14:36:33.507839  9138 tracking.cc:452] Track 46 map points
I20230219 14:36:33.516005  9138 tracking.cc:571] Track 59 reference points
I20230219 14:36:33.516032  9138 tracking.cc:279] Keyframe at 364469.277308, mappoints 46, interval 0.0997524, parallax 19.0247
I20230219 14:36:33.516167  9138 tracking.cc:795] Triangulate 20 3D points with 38 left, 0 reset, 1 outtime and 0 outliers
I20230219 14:36:33.523337  9138 tracking.cc:687] Add 78 new features to 104
I20230219 14:36:33.523559  9138 ic_gvins.cc:589] Tracking cost 23.4146 ms
I20230219 14:36:33.528360  9137 ic_gvins.cc:787] Insert keyframe 115 at 364469.277308 with 20 new mappoints
I20230219 14:36:33.528532  9137 ic_gvins.cc:792] Add new keyframe time node at 364469.277308
I20230219 14:36:33.528553  9139 ic_gvins.cc:1893] Total 12 pose states from 364468.277472 to 364469.277308
I20230219 14:36:33.530357  9139 ic_gvins.cc:1217] Add 11 preintegration, 1 GNSS, 463 reprojection
I20230219 14:36:33.542452  9139 ic_gvins.cc:1226] Ceres Solver Report: Iterations: 6, Initial cost: 1.040273e+02, Final cost: 1.006297e+02, Termination: NO_CONVERGENCE
I20230219 14:36:33.542727  9139 ic_gvins.cc:1336] Remove 1 reprojection factors
I20230219 14:36:33.573305  9139 ic_gvins.cc:1260] Ceres Solver Report: Iterations: 13, Initial cost: 9.725123e+01, Final cost: 9.716143e+01, Termination: CONVERGENCE
I20230219 14:36:33.573602  9139 ic_gvins.cc:1164] Culled 1 mappoint with 1 bad observed features 0, 0, 1
I20230219 14:36:33.573933  9139 ic_gvins.cc:1470] Marginalize 1 states, last time 364468.377462
I20230219 14:36:33.575639  9139 ic_gvins.cc:514] Optimization costs 47.0989 ms with 12.1238 and 30.5879 with marginalization costs 1.63735
I20230219 14:36:33.578426  9137 misc.cc:220] Redo INS mechanization at 364469.277308 to 364469.367018 is 0.0897098 s
I20230219 14:36:33.604689  9138 tracking.cc:452] Track 48 map points
I20230219 14:36:33.610455  9138 tracking.cc:571] Track 60 reference points
I20230219 14:36:33.610486  9138 tracking.cc:279] Keyframe at 364469.377460, mappoints 48, interval 0.100152, parallax 23.8392
I20230219 14:36:33.610652  9138 tracking.cc:795] Triangulate 24 3D points with 35 left, 0 reset, 0 outtime and 1 outliers
I20230219 14:36:33.617056  9138 tracking.cc:687] Add 76 new features to 107
I20230219 14:36:33.617264  9138 ic_gvins.cc:589] Tracking cost 17.9539 ms
I20230219 14:36:33.618299  9137 ic_gvins.cc:787] Insert keyframe 116 at 364469.377460 with 24 new mappoints
I20230219 14:36:33.618551  9137 ic_gvins.cc:792] Add new keyframe time node at 364469.377460
I20230219 14:36:33.618607  9139 ic_gvins.cc:1893] Total 12 pose states from 364468.377462 to 364469.377460
I20230219 14:36:33.620849  9139 ic_gvins.cc:1217] Add 11 preintegration, 1 GNSS, 444 reprojection
I20230219 14:36:33.632719  9139 ic_gvins.cc:1226] Ceres Solver Report: Iterations: 6, Initial cost: 1.066860e+02, Final cost: 1.014032e+02, Termination: NO_CONVERGENCE
I20230219 14:36:33.633014  9139 ic_gvins.cc:1336] Remove 1 reprojection factors
I20230219 14:36:33.656733  9139 ic_gvins.cc:1260] Ceres Solver Report: Iterations: 12, Initial cost: 9.782977e+01, Final cost: 9.780892e+01, Termination: CONVERGENCE
I20230219 14:36:33.657099  9139 ic_gvins.cc:1164] Culled 0 mappoint with 1 bad observed features 0, 0, 0
I20230219 14:36:33.657550  9139 ic_gvins.cc:1470] Marginalize 1 states, last time 364468.477339
I20230219 14:36:33.659415  9139 ic_gvins.cc:514] Optimization costs 40.8226 ms with 11.8811 and 23.7258 with marginalization costs 1.81332
I20230219 14:36:33.668315  9137 misc.cc:220] Redo INS mechanization at 364469.377460 to 364469.456955 is 0.0794952 s
I20230219 14:36:33.707350  9138 tracking.cc:452] Track 47 map points
I20230219 14:36:33.713349  9138 tracking.cc:571] Track 50 reference points
I20230219 14:36:33.713379  9138 tracking.cc:279] Keyframe at 364469.477385, mappoints 47, interval 0.0999247, parallax 21.9059
I20230219 14:36:33.713515  9138 tracking.cc:795] Triangulate 18 3D points with 28 left, 0 reset, 4 outtime and 0 outliers
I20230219 14:36:33.719842  9138 tracking.cc:687] Add 87 new features to 93
I20230219 14:36:33.720059  9138 ic_gvins.cc:589] Tracking cost 21.4653 ms
I20230219 14:36:33.728296  9137 ic_gvins.cc:787] Insert keyframe 117 at 364469.477385 with 18 new mappoints
I20230219 14:36:33.728549  9137 ic_gvins.cc:792] Add new keyframe time node at 364469.477385
I20230219 14:36:33.728577  9139 ic_gvins.cc:1893] Total 12 pose states from 364468.477339 to 364469.477385
I20230219 14:36:33.730211  9139 ic_gvins.cc:1217] Add 11 preintegration, 1 GNSS, 446 reprojection
I20230219 14:36:33.743463  9139 ic_gvins.cc:1226] Ceres Solver Report: Iterations: 6, Initial cost: 1.037115e+02, Final cost: 9.883846e+01, Termination: NO_CONVERGENCE
I20230219 14:36:33.743755  9139 ic_gvins.cc:1336] Remove 1 reprojection factors
I20230219 14:36:33.764833  9139 ic_gvins.cc:1260] Ceres Solver Report: Iterations: 11, Initial cost: 9.679560e+01, Final cost: 9.655801e+01, Termination: CONVERGENCE
I20230219 14:36:33.765112  9139 ic_gvins.cc:1164] Culled 0 mappoint with 1 bad observed features 0, 0, 0
I20230219 14:36:33.765465  9139 ic_gvins.cc:1470] Marginalize 1 states, last time 364468.578976
I20230219 14:36:33.766991  9139 ic_gvins.cc:514] Optimization costs 38.4288 ms with 13.2656 and 21.0692 with marginalization costs 1.44962
I20230219 14:36:33.768265  9137 misc.cc:220] Redo INS mechanization at 364469.477385 to 364469.556937 is 0.0795523 s
I20230219 14:36:33.804087  9138 tracking.cc:452] Track 38 map points
I20230219 14:36:33.809754  9138 tracking.cc:571] Track 49 reference points
I20230219 14:36:33.809777  9138 tracking.cc:279] Keyframe at 364469.577473, mappoints 38, interval 0.100088, parallax 21.3478
I20230219 14:36:33.809886  9138 tracking.cc:795] Triangulate 22 3D points with 27 left, 0 reset, 0 outtime and 0 outliers
I20230219 14:36:33.816684  9138 tracking.cc:687] Add 93 new features to 87
I20230219 14:36:33.816834  9138 ic_gvins.cc:589] Tracking cost 17.7441 ms
I20230219 14:36:33.818429  9137 ic_gvins.cc:787] Insert keyframe 118 at 364469.577473 with 22 new mappoints
I20230219 14:36:33.818591  9137 ic_gvins.cc:792] Add new keyframe time node at 364469.577473
I20230219 14:36:33.818614  9139 ic_gvins.cc:1893] Total 12 pose states from 364468.578976 to 364469.577473
I20230219 14:36:33.820791  9139 ic_gvins.cc:1217] Add 11 preintegration, 1 GNSS, 457 reprojection
I20230219 14:36:33.832854  9139 ic_gvins.cc:1226] Ceres Solver Report: Iterations: 6, Initial cost: 4.089108e+02, Final cost: 9.432833e+01, Termination: NO_CONVERGENCE
I20230219 14:36:33.833159  9139 ic_gvins.cc:1336] Remove 0 reprojection factors
I20230219 14:36:33.836987  9139 ic_gvins.cc:1260] Ceres Solver Report: Iterations: 1, Initial cost: 9.432833e+01, Final cost: 9.432833e+01, Termination: CONVERGENCE
I20230219 14:36:33.837354  9139 ic_gvins.cc:1164] Culled 2 mappoint with 1 bad observed features 1, 1, 0
I20230219 14:36:33.837976  9139 ic_gvins.cc:1470] Marginalize 1 states, last time 364468.677413
I20230219 14:36:33.840773  9139 ic_gvins.cc:514] Optimization costs 22.1748 ms with 12.0731 and 3.83393 with marginalization costs 2.76492
I20230219 14:36:33.848248  9137 misc.cc:220] Redo INS mechanization at 364469.577473 to 364469.636945 is 0.0594721 s
I20230219 14:36:33.908617  9138 tracking.cc:452] Track 41 map points
I20230219 14:36:33.914399  9138 tracking.cc:571] Track 51 reference points
I20230219 14:36:33.914458  9138 tracking.cc:279] Keyframe at 364469.677389, mappoints 41, interval 0.099916, parallax 18.1871
I20230219 14:36:33.914587  9138 tracking.cc:795] Triangulate 15 3D points with 34 left, 0 reset, 1 outtime and 1 outliers
I20230219 14:36:33.922899  9138 tracking.cc:687] Add 92 new features to 90
I20230219 14:36:33.923218  9138 ic_gvins.cc:589] Tracking cost 23.8336 ms
I20230219 14:36:33.928344  9137 ic_gvins.cc:787] Insert keyframe 119 at 364469.677389 with 15 new mappoints
I20230219 14:36:33.928602  9137 ic_gvins.cc:792] Add new keyframe time node at 364469.677389
I20230219 14:36:33.928635  9139 ic_gvins.cc:1893] Total 12 pose states from 364468.677413 to 364469.677389
I20230219 14:36:33.931279  9139 ic_gvins.cc:1217] Add 11 preintegration, 1 GNSS, 464 reprojection
I20230219 14:36:33.942425  9139 ic_gvins.cc:1226] Ceres Solver Report: Iterations: 6, Initial cost: 9.876863e+01, Final cost: 9.567638e+01, Termination: NO_CONVERGENCE
I20230219 14:36:33.942759  9139 ic_gvins.cc:1336] Remove 1 reprojection factors
I20230219 14:36:33.954408  9139 ic_gvins.cc:1260] Ceres Solver Report: Iterations: 6, Initial cost: 9.367036e+01, Final cost: 9.366165e+01, Termination: CONVERGENCE
I20230219 14:36:33.954772  9139 ic_gvins.cc:1164] Culled 0 mappoint with 0 bad observed features 0, 0, 0
I20230219 14:36:33.955237  9139 ic_gvins.cc:1470] Marginalize 1 states, last time 364468.777239
I20230219 14:36:33.957684  9139 ic_gvins.cc:514] Optimization costs 29.0683 ms with 11.1693 and 11.6551 with marginalization costs 2.361
I20230219 14:36:33.958295  9137 misc.cc:220] Redo INS mechanization at 364469.677389 to 364469.746931 is 0.0695419 s
I20230219 14:36:34.005198  9138 tracking.cc:452] Track 40 map points
I20230219 14:36:34.014091  9138 tracking.cc:571] Track 51 reference points
I20230219 14:36:34.014222  9138 tracking.cc:279] Keyframe at 364469.777385, mappoints 40, interval 0.0999964, parallax 21.3464
I20230219 14:36:34.014349  9138 tracking.cc:795] Triangulate 15 3D points with 34 left, 0 reset, 1 outtime and 1 outliers
I20230219 14:36:34.022045  9138 tracking.cc:687] Add 94 new features to 89
I20230219 14:36:34.022241  9138 ic_gvins.cc:589] Tracking cost 23.4424 ms
I20230219 14:36:34.028371  9137 ic_gvins.cc:787] Insert keyframe 120 at 364469.777385 with 15 new mappoints
I20230219 14:36:34.028528  9137 ic_gvins.cc:792] Add new keyframe time node at 364469.777385
I20230219 14:36:34.028546  9139 ic_gvins.cc:1893] Total 12 pose states from 364468.777239 to 364469.777385
I20230219 14:36:34.030848  9139 ic_gvins.cc:1217] Add 11 preintegration, 1 GNSS, 445 reprojection
I20230219 14:36:34.041038  9139 ic_gvins.cc:1226] Ceres Solver Report: Iterations: 6, Initial cost: 9.535473e+01, Final cost: 9.259678e+01, Termination: NO_CONVERGENCE
I20230219 14:36:34.041321  9139 ic_gvins.cc:1336] Remove 0 reprojection factors
I20230219 14:36:34.044626  9139 ic_gvins.cc:1260] Ceres Solver Report: Iterations: 1, Initial cost: 9.259678e+01, Final cost: 9.259678e+01, Termination: CONVERGENCE
I20230219 14:36:34.044976  9139 ic_gvins.cc:1164] Culled 1 mappoint with 0 bad observed features 0, 0, 1
I20230219 14:36:34.045385  9139 ic_gvins.cc:1470] Marginalize 1 states, last time 364468.877294
I20230219 14:36:34.048270  9137 misc.cc:220] Redo INS mechanization at 364469.777385 to 364469.836944 is 0.0595587 s
I20230219 14:36:34.048264  9139 ic_gvins.cc:514] Optimization costs 19.733 ms with 10.203 and 3.3117 with marginalization costs 2.73371
I20230219 14:36:34.103956  9138 tracking.cc:452] Track 39 map points
I20230219 14:36:34.109125  9138 tracking.cc:571] Track 49 reference points
I20230219 14:36:34.109151  9138 tracking.cc:279] Keyframe at 364469.877435, mappoints 39, interval 0.10005, parallax 24.7138
I20230219 14:36:34.109261  9138 tracking.cc:795] Triangulate 12 3D points with 31 left, 0 reset, 5 outtime and 1 outliers
I20230219 14:36:34.115685  9138 tracking.cc:687] Add 101 new features to 82
I20230219 14:36:34.115878  9138 ic_gvins.cc:589] Tracking cost 17.0587 ms
I20230219 14:36:34.118253  9137 ic_gvins.cc:787] Insert keyframe 121 at 364469.877435 with 12 new mappoints
I20230219 14:36:34.118523  9137 ic_gvins.cc:792] Add new keyframe time node at 364469.877435
I20230219 14:36:34.118556  9139 ic_gvins.cc:1893] Total 12 pose states from 364468.877294 to 364469.877435
I20230219 14:36:34.120798  9139 ic_gvins.cc:1217] Add 11 preintegration, 1 GNSS, 402 reprojection
I20230219 14:36:34.130656  9139 ic_gvins.cc:1226] Ceres Solver Report: Iterations: 6, Initial cost: 7.549723e+01, Final cost: 7.169639e+01, Termination: NO_CONVERGENCE
I20230219 14:36:34.130909  9139 ic_gvins.cc:1336] Remove 0 reprojection factors
I20230219 14:36:34.133953  9139 ic_gvins.cc:1260] Ceres Solver Report: Iterations: 1, Initial cost: 7.169639e+01, Final cost: 7.169639e+01, Termination: CONVERGENCE
I20230219 14:36:34.134286  9139 ic_gvins.cc:1164] Culled 0 mappoint with 0 bad observed features 0, 0, 0
I20230219 14:36:34.134692  9139 ic_gvins.cc:1470] Marginalize 1 states, last time 364468.977250
I20230219 14:36:34.137126  9139 ic_gvins.cc:514] Optimization costs 18.5854 ms with 9.86261 and 3.04779 with marginalization costs 2.36646
I20230219 14:36:34.138465  9137 misc.cc:220] Redo INS mechanization at 364469.877435 to 364469.926979 is 0.049544 s
I20230219 14:36:34.205849  9138 tracking.cc:452] Track 38 map points
I20230219 14:36:34.210909  9138 tracking.cc:571] Track 60 reference points
I20230219 14:36:34.210939  9138 tracking.cc:279] Keyframe at 364469.977413, mappoints 38, interval 0.0999776, parallax 27.0062
I20230219 14:36:34.211138  9138 tracking.cc:795] Triangulate 27 3D points with 29 left, 0 reset, 4 outtime and 0 outliers
I20230219 14:36:34.216817  9138 tracking.cc:687] Add 89 new features to 94
I20230219 14:36:34.216997  9138 ic_gvins.cc:589] Tracking cost 17.9434 ms
I20230219 14:36:34.218295  9137 ic_gvins.cc:787] Insert keyframe 122 at 364469.977413 with 27 new mappoints
I20230219 14:36:34.218570  9137 ic_gvins.cc:792] Add new keyframe time node at 364469.977413
I20230219 14:36:34.218632  9139 ic_gvins.cc:1893] Total 12 pose states from 364468.977250 to 364469.977413
I20230219 14:36:34.220940  9139 ic_gvins.cc:1217] Add 11 preintegration, 1 GNSS, 410 reprojection
I20230219 14:36:34.234731  9139 ic_gvins.cc:1226] Ceres Solver Report: Iterations: 6, Initial cost: 7.882650e+01, Final cost: 7.359026e+01, Termination: NO_CONVERGENCE
I20230219 14:36:34.235004  9139 ic_gvins.cc:1336] Remove 0 reprojection factors
I20230219 14:36:34.238642  9139 ic_gvins.cc:1260] Ceres Solver Report: Iterations: 1, Initial cost: 7.359026e+01, Final cost: 7.359026e+01, Termination: CONVERGENCE
I20230219 14:36:34.238997  9139 ic_gvins.cc:1164] Culled 0 mappoint with 0 bad observed features 0, 0, 0
I20230219 14:36:34.239504  9139 ic_gvins.cc:1470] Marginalize 1 states, last time 364469.077416
I20230219 14:36:34.241991  9139 ic_gvins.cc:514] Optimization costs 23.3795 ms with 13.8045 and 3.63247 with marginalization costs 2.38261
I20230219 14:36:34.248270  9137 misc.cc:220] Redo INS mechanization at 364469.977413 to 364470.036974 is 0.0595613 s
I20230219 14:36:34.303305  9138 tracking.cc:452] Track 43 map points
I20230219 14:36:34.308507  9138 tracking.cc:571] Track 60 reference points
I20230219 14:36:34.308533  9138 tracking.cc:279] Keyframe at 364470.077272, mappoints 43, interval 0.0998597, parallax 20.3029
I20230219 14:36:34.308652  9138 tracking.cc:795] Triangulate 16 3D points with 44 left, 0 reset, 0 outtime and 0 outliers
I20230219 14:36:34.315116  9138 tracking.cc:687] Add 80 new features to 103
I20230219 14:36:34.315340  9138 ic_gvins.cc:589] Tracking cost 16.761 ms
I20230219 14:36:34.318228  9137 ic_gvins.cc:787] Insert keyframe 123 at 364470.077272 with 16 new mappoints
I20230219 14:36:34.318452  9137 ic_gvins.cc:792] Add new keyframe time node at 364470.077272
I20230219 14:36:34.318480  9139 ic_gvins.cc:1893] Total 12 pose states from 364469.077416 to 364470.077272
I20230219 14:36:34.321491  9139 ic_gvins.cc:1217] Add 11 preintegration, 1 GNSS, 428 reprojection
I20230219 14:36:34.333528  9139 ic_gvins.cc:1226] Ceres Solver Report: Iterations: 6, Initial cost: 4.969059e+02, Final cost: 1.108177e+02, Termination: NO_CONVERGENCE
I20230219 14:36:34.333812  9139 ic_gvins.cc:1336] Remove 1 reprojection factors
I20230219 14:36:34.357892  9139 ic_gvins.cc:1260] Ceres Solver Report: Iterations: 13, Initial cost: 8.081199e+01, Final cost: 7.821074e+01, Termination: CONVERGENCE
I20230219 14:36:34.358255  9139 ic_gvins.cc:1164] Culled 2 mappoint with 2 bad observed features 1, 1, 0
I20230219 14:36:34.358799  9139 ic_gvins.cc:1470] Marginalize 2 states, last time 364469.177556
I20230219 14:36:34.361881  9139 ic_gvins.cc:514] Optimization costs 43.4264 ms with 12.0388 and 24.0931 with marginalization costs 2.98232
I20230219 14:36:34.368223  9137 misc.cc:220] Redo INS mechanization at 364470.077272 to 364470.156926 is 0.079654 s
I20230219 14:36:34.406450  9138 tracking.cc:452] Track 37 map points
I20230219 14:36:34.414525  9138 tracking.cc:571] Track 68 reference points
I20230219 14:36:34.414666  9138 tracking.cc:279] Keyframe at 364470.177267, mappoints 37, interval 0.099995, parallax 22.2022
I20230219 14:36:34.414831  9138 tracking.cc:795] Triangulate 19 3D points with 48 left, 0 reset, 0 outtime and 1 outliers
I20230219 14:36:34.422000  9138 tracking.cc:687] Add 78 new features to 104
I20230219 14:36:34.422199  9138 ic_gvins.cc:589] Tracking cost 23.5428 ms
I20230219 14:36:34.428244  9137 ic_gvins.cc:787] Insert keyframe 124 at 364470.177267 with 19 new mappoints
I20230219 14:36:34.428504  9137 ic_gvins.cc:792] Add new keyframe time node at 364470.177267
I20230219 14:36:34.428525  9137 ic_gvins.cc:937] Add new GNSS time node 364470.135956
I20230219 14:36:34.428761  9139 ic_gvins.cc:1893] Total 12 pose states from 364469.177556 to 364470.177267
I20230219 14:36:34.430282  9139 ic_gvins.cc:1217] Add 11 preintegration, 1 GNSS, 405 reprojection
I20230219 14:36:34.439082  9139 ic_gvins.cc:1226] Ceres Solver Report: Iterations: 6, Initial cost: 8.905825e+01, Final cost: 8.516158e+01, Termination: NO_CONVERGENCE
I20230219 14:36:34.439266  9139 ic_gvins.cc:1336] Remove 3 reprojection factors
I20230219 14:36:34.459941  9139 ic_gvins.cc:1260] Ceres Solver Report: Iterations: 13, Initial cost: 7.863189e+01, Final cost: 7.807793e+01, Termination: CONVERGENCE
I20230219 14:36:34.465790  9139 ic_gvins.cc:1164] Culled 3 mappoint with 1 bad observed features 0, 0, 3
I20230219 14:36:34.466262  9139 ic_gvins.cc:1470] Marginalize 1 states, last time 364469.277308
I20230219 14:36:34.468554  9139 ic_gvins.cc:514] Optimization costs 39.8082 ms with 8.80942 and 20.6912 with marginalization costs 2.22797
I20230219 14:36:34.478264  9137 misc.cc:220] Redo INS mechanization at 364470.177267 to 364470.266914 is 0.0896468 s
I20230219 14:36:34.505331  9138 tracking.cc:452] Track 37 map points
I20230219 14:36:34.515223  9138 tracking.cc:571] Track 61 reference points
I20230219 14:36:34.515249  9138 tracking.cc:279] Keyframe at 364470.277274, mappoints 37, interval 0.100006, parallax 22.3791
I20230219 14:36:34.515352  9138 tracking.cc:795] Triangulate 14 3D points with 46 left, 0 reset, 1 outtime and 0 outliers
I20230219 14:36:34.523524  9138 tracking.cc:687] Add 87 new features to 97
I20230219 14:36:34.523677  9138 ic_gvins.cc:589] Tracking cost 24.7963 ms
I20230219 14:36:34.528280  9137 ic_gvins.cc:787] Insert keyframe 125 at 364470.277274 with 14 new mappoints
I20230219 14:36:34.528528  9137 ic_gvins.cc:792] Add new keyframe time node at 364470.277274
I20230219 14:36:34.528584  9139 ic_gvins.cc:1893] Total 12 pose states from 364469.277308 to 364470.277274
I20230219 14:36:34.530061  9139 ic_gvins.cc:1217] Add 11 preintegration, 1 GNSS, 377 reprojection
I20230219 14:36:34.541615  9139 ic_gvins.cc:1226] Ceres Solver Report: Iterations: 6, Initial cost: 8.531389e+01, Final cost: 8.137712e+01, Termination: NO_CONVERGENCE
I20230219 14:36:34.541949  9139 ic_gvins.cc:1336] Remove 2 reprojection factors
I20230219 14:36:34.556771  9139 ic_gvins.cc:1260] Ceres Solver Report: Iterations: 6, Initial cost: 6.596434e+01, Final cost: 6.456077e+01, Termination: CONVERGENCE
I20230219 14:36:34.557130  9139 ic_gvins.cc:1164] Culled 1 mappoint with 2 bad observed features 0, 0, 1
I20230219 14:36:34.557756  9139 ic_gvins.cc:1470] Marginalize 1 states, last time 364469.377460
I20230219 14:36:34.559284  9139 ic_gvins.cc:514] Optimization costs 30.7163 ms with 11.5864 and 14.8292 with marginalization costs 1.48675
I20230219 14:36:34.568286  9137 misc.cc:220] Redo INS mechanization at 364470.277274 to 364470.356914 is 0.0796403 s
I20230219 14:36:34.606654  9138 tracking.cc:452] Track 38 map points
I20230219 14:36:34.614691  9138 tracking.cc:571] Track 65 reference points
I20230219 14:36:34.614725  9138 tracking.cc:279] Keyframe at 364470.377543, mappoints 38, interval 0.100269, parallax 23.3019
I20230219 14:36:34.614881  9138 tracking.cc:795] Triangulate 19 3D points with 44 left, 0 reset, 1 outtime and 1 outliers
I20230219 14:36:34.622197  9138 tracking.cc:687] Add 82 new features to 101
I20230219 14:36:34.622483  9138 ic_gvins.cc:589] Tracking cost 23.8844 ms
I20230219 14:36:34.628217  9137 ic_gvins.cc:787] Insert keyframe 126 at 364470.377543 with 19 new mappoints
I20230219 14:36:34.628437  9137 ic_gvins.cc:792] Add new keyframe time node at 364470.377543
I20230219 14:36:34.628477  9139 ic_gvins.cc:1893] Total 12 pose states from 364469.377460 to 364470.377543
I20230219 14:36:34.630067  9139 ic_gvins.cc:1217] Add 11 preintegration, 1 GNSS, 394 reprojection
I20230219 14:36:34.640434  9139 ic_gvins.cc:1226] Ceres Solver Report: Iterations: 6, Initial cost: 6.861483e+01, Final cost: 6.585164e+01, Termination: NO_CONVERGENCE
I20230219 14:36:34.640697  9139 ic_gvins.cc:1336] Remove 1 reprojection factors
I20230219 14:36:34.666502  9139 ic_gvins.cc:1260] Ceres Solver Report: Iterations: 12, Initial cost: 6.386088e+01, Final cost: 6.384087e+01, Termination: CONVERGENCE
I20230219 14:36:34.666921  9139 ic_gvins.cc:1164] Culled 2 mappoint with 0 bad observed features 0, 0, 2
I20230219 14:36:34.667484  9139 ic_gvins.cc:1470] Marginalize 1 states, last time 364469.477385
I20230219 14:36:34.669898  9139 ic_gvins.cc:514] Optimization costs 41.438 ms with 10.3668 and 25.8163 with marginalization costs 2.35641
I20230219 14:36:34.678253  9137 misc.cc:220] Redo INS mechanization at 364470.377543 to 364470.466907 is 0.0893639 s
I20230219 14:36:34.686300  9118 fusion_ros.cc:271] Raw data time in image recv image,imu,gnss 364470.474206, 364470.466907, 364470.135956
I20230219 14:36:34.709600  9138 tracking.cc:452] Track 40 map points
I20230219 14:36:34.717895  9138 tracking.cc:571] Track 58 reference points
I20230219 14:36:34.717919  9138 tracking.cc:279] Keyframe at 364470.477419, mappoints 40, interval 0.0998765, parallax 26.0081
I20230219 14:36:34.718024  9138 tracking.cc:795] Triangulate 16 3D points with 40 left, 0 reset, 2 outtime and 0 outliers
I20230219 14:36:34.727290  9138 tracking.cc:687] Add 87 new features to 96
I20230219 14:36:34.727507  9138 ic_gvins.cc:589] Tracking cost 28.3597 ms
I20230219 14:36:34.728277  9137 ic_gvins.cc:787] Insert keyframe 127 at 364470.477419 with 16 new mappoints
I20230219 14:36:34.728546  9137 ic_gvins.cc:792] Add new keyframe time node at 364470.477419
I20230219 14:36:34.728809  9139 ic_gvins.cc:1893] Total 12 pose states from 364469.477385 to 364470.477419
I20230219 14:36:34.730954  9139 ic_gvins.cc:1217] Add 11 preintegration, 1 GNSS, 401 reprojection
I20230219 14:36:34.748047  9139 ic_gvins.cc:1226] Ceres Solver Report: Iterations: 6, Initial cost: 6.592894e+01, Final cost: 6.212951e+01, Termination: NO_CONVERGENCE
I20230219 14:36:34.748235  9139 ic_gvins.cc:1336] Remove 0 reprojection factors
I20230219 14:36:34.750555  9139 ic_gvins.cc:1260] Ceres Solver Report: Iterations: 1, Initial cost: 6.212951e+01, Final cost: 6.212951e+01, Termination: CONVERGENCE
I20230219 14:36:34.750820  9139 ic_gvins.cc:1164] Culled 0 mappoint with 0 bad observed features 0, 0, 0
I20230219 14:36:34.752411  9139 ic_gvins.cc:1470] Marginalize 1 states, last time 364469.577473
I20230219 14:36:34.754127  9139 ic_gvins.cc:514] Optimization costs 25.3416 ms with 17.089 and 2.3255 with marginalization costs 1.81265
I20230219 14:36:34.758285  9137 misc.cc:220] Redo INS mechanization at 364470.477419 to 364470.546921 is 0.0695014 s
I20230219 14:36:34.803292  9138 tracking.cc:452] Track 36 map points
I20230219 14:36:34.807258  9138 tracking.cc:571] Track 53 reference points
I20230219 14:36:34.807282  9138 tracking.cc:279] Keyframe at 364470.577661, mappoints 36, interval 0.100241, parallax 22.6959
I20230219 14:36:34.807380  9138 tracking.cc:795] Triangulate 11 3D points with 37 left, 0 reset, 5 outtime and 0 outliers
I20230219 14:36:34.813776  9138 tracking.cc:687] Add 95 new features to 84
I20230219 14:36:34.813915  9138 ic_gvins.cc:589] Tracking cost 14.5953 ms
I20230219 14:36:34.818322  9137 ic_gvins.cc:787] Insert keyframe 128 at 364470.577661 with 11 new mappoints
I20230219 14:36:34.818581  9137 ic_gvins.cc:792] Add new keyframe time node at 364470.577661
I20230219 14:36:34.818609  9139 ic_gvins.cc:1893] Total 12 pose states from 364469.577473 to 364470.577661
I20230219 14:36:34.820502  9139 ic_gvins.cc:1217] Add 11 preintegration, 1 GNSS, 400 reprojection
I20230219 14:36:34.831141  9139 ic_gvins.cc:1226] Ceres Solver Report: Iterations: 6, Initial cost: 8.075905e+01, Final cost: 7.498801e+01, Termination: NO_CONVERGENCE
I20230219 14:36:34.831398  9139 ic_gvins.cc:1336] Remove 2 reprojection factors
I20230219 14:36:34.851091  9139 ic_gvins.cc:1260] Ceres Solver Report: Iterations: 13, Initial cost: 6.803496e+01, Final cost: 6.720532e+01, Termination: CONVERGENCE
I20230219 14:36:34.851413  9139 ic_gvins.cc:1164] Culled 0 mappoint with 1 bad observed features 0, 0, 0
I20230219 14:36:34.851779  9139 ic_gvins.cc:1470] Marginalize 1 states, last time 364469.677389
I20230219 14:36:34.854024  9139 ic_gvins.cc:514] Optimization costs 35.4311 ms with 10.6525 and 19.7056 with marginalization costs 2.15975
I20230219 14:36:34.858295  9137 misc.cc:220] Redo INS mechanization at 364470.577661 to 364470.646907 is 0.0692467 s
I20230219 14:36:34.902616  9138 tracking.cc:452] Track 36 map points
I20230219 14:36:34.907413  9138 tracking.cc:571] Track 55 reference points
I20230219 14:36:34.907435  9138 tracking.cc:279] Keyframe at 364470.677289, mappoints 36, interval 0.0996282, parallax 27.6854
I20230219 14:36:34.907511  9138 tracking.cc:795] Triangulate 11 3D points with 43 left, 0 reset, 1 outtime and 0 outliers
I20230219 14:36:34.912824  9138 tracking.cc:687] Add 89 new features to 90
I20230219 14:36:34.913197  9138 ic_gvins.cc:589] Tracking cost 14.4143 ms
I20230219 14:36:34.918218  9137 ic_gvins.cc:787] Insert keyframe 129 at 364470.677289 with 11 new mappoints
I20230219 14:36:34.918447  9137 ic_gvins.cc:792] Add new keyframe time node at 364470.677289
I20230219 14:36:34.918476  9139 ic_gvins.cc:1893] Total 12 pose states from 364469.677389 to 364470.677289
I20230219 14:36:34.920260  9139 ic_gvins.cc:1217] Add 11 preintegration, 1 GNSS, 379 reprojection
I20230219 14:36:34.929627  9139 ic_gvins.cc:1226] Ceres Solver Report: Iterations: 6, Initial cost: 1.078523e+02, Final cost: 9.072754e+01, Termination: NO_CONVERGENCE
I20230219 14:36:34.929888  9139 ic_gvins.cc:1336] Remove 5 reprojection factors
I20230219 14:36:34.942464  9139 ic_gvins.cc:1260] Ceres Solver Report: Iterations: 7, Initial cost: 7.589033e+01, Final cost: 7.330323e+01, Termination: CONVERGENCE
I20230219 14:36:34.942796  9139 ic_gvins.cc:1164] Culled 3 mappoint with 3 bad observed features 0, 0, 3
I20230219 14:36:34.943189  9139 ic_gvins.cc:1470] Marginalize 1 states, last time 364469.777385
I20230219 14:36:34.945523  9139 ic_gvins.cc:514] Optimization costs 27.0649 ms with 9.37673 and 12.5889 with marginalization costs 2.2456
I20230219 14:36:34.948302  9137 misc.cc:220] Redo INS mechanization at 364470.677289 to 364470.736958 is 0.0596687 s
I20230219 14:36:35.002892  9138 tracking.cc:452] Track 23 map points
I20230219 14:36:35.010411  9138 tracking.cc:571] Track 52 reference points
I20230219 14:36:35.010443  9138 tracking.cc:279] Keyframe at 364470.777349, mappoints 23, interval 0.100061, parallax 23.8023
I20230219 14:36:35.010546  9138 tracking.cc:795] Triangulate 9 3D points with 37 left, 0 reset, 4 outtime and 2 outliers
I20230219 14:36:35.017612  9138 tracking.cc:687] Add 114 new features to 69
I20230219 14:36:35.017777  9138 ic_gvins.cc:589] Tracking cost 19.1209 ms
I20230219 14:36:35.018976  9137 ic_gvins.cc:787] Insert keyframe 130 at 364470.777349 with 9 new mappoints
I20230219 14:36:35.019219  9137 ic_gvins.cc:792] Add new keyframe time node at 364470.777349
I20230219 14:36:35.019248  9139 ic_gvins.cc:1893] Total 12 pose states from 364469.777385 to 364470.777349
I20230219 14:36:35.021060  9139 ic_gvins.cc:1217] Add 11 preintegration, 1 GNSS, 346 reprojection
I20230219 14:36:35.030460  9139 ic_gvins.cc:1226] Ceres Solver Report: Iterations: 6, Initial cost: 6.086087e+02, Final cost: 6.787831e+01, Termination: NO_CONVERGENCE
I20230219 14:36:35.030699  9139 ic_gvins.cc:1336] Remove 1 reprojection factors
I20230219 14:36:35.053453  9139 ic_gvins.cc:1260] Ceres Solver Report: Iterations: 13, Initial cost: 6.375974e+01, Final cost: 6.333807e+01, Termination: CONVERGENCE
I20230219 14:36:35.053807  9139 ic_gvins.cc:1164] Culled 2 mappoint with 2 bad observed features 1, 1, 0
I20230219 14:36:35.054216  9139 ic_gvins.cc:1470] Marginalize 1 states, last time 364469.877435
I20230219 14:36:35.056713  9139 ic_gvins.cc:514] Optimization costs 37.4838 ms with 9.40475 and 22.7995 with marginalization costs 2.41274
I20230219 14:36:35.058199  9137 misc.cc:220] Redo INS mechanization at 364470.777349 to 364470.846898 is 0.0695487 s
I20230219 14:36:35.106673  9138 tracking.cc:452] Track 26 map points
I20230219 14:36:35.117758  9138 tracking.cc:571] Track 65 reference points
I20230219 14:36:35.117790  9138 tracking.cc:279] Keyframe at 364470.877496, mappoints 26, interval 0.100146, parallax 26.1894
I20230219 14:36:35.117929  9138 tracking.cc:795] Triangulate 17 3D points with 45 left, 0 reset, 2 outtime and 1 outliers
I20230219 14:36:35.126324  9138 tracking.cc:687] Add 96 new features to 88
I20230219 14:36:35.126591  9138 ic_gvins.cc:589] Tracking cost 27.0757 ms
I20230219 14:36:35.128342  9137 ic_gvins.cc:787] Insert keyframe 131 at 364470.877496 with 17 new mappoints
I20230219 14:36:35.128588  9137 ic_gvins.cc:792] Add new keyframe time node at 364470.877496
I20230219 14:36:35.128630  9139 ic_gvins.cc:1893] Total 12 pose states from 364469.877435 to 364470.877496
I20230219 14:36:35.130486  9139 ic_gvins.cc:1217] Add 11 preintegration, 1 GNSS, 337 reprojection
I20230219 14:36:35.140806  9139 ic_gvins.cc:1226] Ceres Solver Report: Iterations: 6, Initial cost: 6.786257e+01, Final cost: 6.551232e+01, Termination: NO_CONVERGENCE
I20230219 14:36:35.141032  9139 ic_gvins.cc:1336] Remove 0 reprojection factors
I20230219 14:36:35.155409  9139 ic_gvins.cc:1260] Ceres Solver Report: Iterations: 7, Initial cost: 6.551232e+01, Final cost: 6.551106e+01, Termination: CONVERGENCE
I20230219 14:36:35.155740  9139 ic_gvins.cc:1164] Culled 0 mappoint with 0 bad observed features 0, 0, 0
I20230219 14:36:35.156196  9139 ic_gvins.cc:1470] Marginalize 1 states, last time 364469.977413
I20230219 14:36:35.159322  9139 ic_gvins.cc:514] Optimization costs 30.7218 ms with 10.3182 and 14.39 with marginalization costs 3.02673
I20230219 14:36:35.160991  9137 misc.cc:220] Redo INS mechanization at 364470.877496 to 364470.946953 is 0.0694575 s
I20230219 14:36:35.205658  9138 tracking.cc:452] Track 24 map points
I20230219 14:36:35.213310  9138 tracking.cc:571] Track 63 reference points
I20230219 14:36:35.213341  9138 tracking.cc:279] Keyframe at 364470.977480, mappoints 24, interval 0.0999845, parallax 17.2565
I20230219 14:36:35.213457  9138 tracking.cc:795] Triangulate 13 3D points with 45 left, 0 reset, 5 outtime and 0 outliers
I20230219 14:36:35.222769  9138 tracking.cc:687] Add 103 new features to 82
I20230219 14:36:35.223091  9138 ic_gvins.cc:589] Tracking cost 23.9076 ms
I20230219 14:36:35.228314  9137 ic_gvins.cc:787] Insert keyframe 132 at 364470.977480 with 13 new mappoints
I20230219 14:36:35.228585  9137 ic_gvins.cc:792] Add new keyframe time node at 364470.977480
I20230219 14:36:35.228626  9139 ic_gvins.cc:1893] Total 12 pose states from 364469.977413 to 364470.977480
I20230219 14:36:35.230433  9139 ic_gvins.cc:1217] Add 11 preintegration, 1 GNSS, 300 reprojection
I20230219 14:36:35.241369  9139 ic_gvins.cc:1226] Ceres Solver Report: Iterations: 6, Initial cost: 8.305861e+01, Final cost: 7.054548e+01, Termination: NO_CONVERGENCE
I20230219 14:36:35.241631  9139 ic_gvins.cc:1336] Remove 3 reprojection factors
I20230219 14:36:35.253815  9139 ic_gvins.cc:1260] Ceres Solver Report: Iterations: 7, Initial cost: 5.402919e+01, Final cost: 5.205882e+01, Termination: CONVERGENCE
I20230219 14:36:35.254274  9139 ic_gvins.cc:1164] Culled 0 mappoint with 2 bad observed features 0, 0, 0
I20230219 14:36:35.254925  9139 ic_gvins.cc:1470] Marginalize 1 states, last time 364470.077272
I20230219 14:36:35.257309  9139 ic_gvins.cc:514] Optimization costs 28.7131 ms with 10.9376 and 12.2221 with marginalization costs 2.3301
I20230219 14:36:35.258483  9137 misc.cc:220] Redo INS mechanization at 364470.977480 to 364471.046925 is 0.0694445 s
I20230219 14:36:35.304138  9138 tracking.cc:452] Track 29 map points
I20230219 14:36:35.316385  9138 tracking.cc:571] Track 79 reference points
I20230219 14:36:35.316412  9138 tracking.cc:279] Keyframe at 364471.077476, mappoints 29, interval 0.0999958, parallax 18.3663
I20230219 14:36:35.316557  9138 tracking.cc:795] Triangulate 23 3D points with 51 left, 0 reset, 5 outtime and 0 outliers
I20230219 14:36:35.323613  9138 tracking.cc:687] Add 83 new features to 103
I20230219 14:36:35.323858  9138 ic_gvins.cc:589] Tracking cost 24.6523 ms
I20230219 14:36:35.328207  9137 ic_gvins.cc:787] Insert keyframe 133 at 364471.077476 with 23 new mappoints
I20230219 14:36:35.328490  9137 ic_gvins.cc:792] Add new keyframe time node at 364471.077476
I20230219 14:36:35.328572  9139 ic_gvins.cc:1893] Total 12 pose states from 364470.077272 to 364471.077476
I20230219 14:36:35.330307  9139 ic_gvins.cc:1217] Add 11 preintegration, 1 GNSS, 304 reprojection
I20230219 14:36:35.346086  9139 ic_gvins.cc:1226] Ceres Solver Report: Iterations: 6, Initial cost: 5.706086e+01, Final cost: 5.367459e+01, Termination: NO_CONVERGENCE
I20230219 14:36:35.346312  9139 ic_gvins.cc:1336] Remove 0 reprojection factors
I20230219 14:36:35.349344  9139 ic_gvins.cc:1260] Ceres Solver Report: Iterations: 1, Initial cost: 5.367459e+01, Final cost: 5.367459e+01, Termination: CONVERGENCE
I20230219 14:36:35.349656  9139 ic_gvins.cc:1164] Culled 0 mappoint with 0 bad observed features 0, 0, 0
I20230219 14:36:35.350025  9139 ic_gvins.cc:1470] Marginalize 2 states, last time 364470.177267
I20230219 14:36:35.352869  9139 ic_gvins.cc:514] Optimization costs 24.315 ms with 15.7774 and 3.03933 with marginalization costs 2.79638
I20230219 14:36:35.358199  9137 misc.cc:220] Redo INS mechanization at 364471.077476 to 364471.146898 is 0.069422 s
I20230219 14:36:35.403323  9138 tracking.cc:452] Track 31 map points
I20230219 14:36:35.408360  9138 tracking.cc:571] Track 74 reference points
I20230219 14:36:35.408389  9138 tracking.cc:279] Keyframe at 364471.177398, mappoints 31, interval 0.0999217, parallax 19.6677
I20230219 14:36:35.408516  9138 tracking.cc:795] Triangulate 14 3D points with 59 left, 0 reset, 1 outtime and 0 outliers
I20230219 14:36:35.417395  9138 tracking.cc:687] Add 81 new features to 104
I20230219 14:36:35.417621  9138 ic_gvins.cc:589] Tracking cost 18.8241 ms
