I20230219 14:36:27.097752  9138 tracking.cc:795] Triangulate 22 3D points with 24 left, 0 reset, 1 outtime and 0 outliers
I20230219 14:36:27.101963  9138 tracking.cc:687] Add 82 new features to 106
I20230219 14:36:27.102130  9138 ic_gvins.cc:589] Tracking cost 10.8543 ms
I20230219 14:36:27.108580  9137 ic_gvins.cc:787] Insert keyframe 52 at 364462.876932 with 22 new mappoints
I20230219 14:36:27.108736  9137 ic_gvins.cc:792] Add new keyframe time node at 364462.876932
I20230219 14:36:27.108788  9139 ic_gvins.cc:1893] Total 12 pose states from 364461.876806 to 364462.876932
I20230219 14:36:27.110677  9139 ic_gvins.cc:1217] Add 11 preintegration, 1 GNSS, 538 reprojection
I20230219 14:36:27.119916  9139 ic_gvins.cc:1226] Ceres Solver Report: Iterations: 6, Initial cost: 9.344132e+01, Final cost: 7.167482e+01, Termination: NO_CONVERGENCE
I20230219 14:36:27.120122  9139 ic_gvins.cc:1336] Remove 1 reprojection factors
I20230219 14:36:27.139398  9139 ic_gvins.cc:1260] Ceres Solver Report: Iterations: 14, Initial cost: 7.051297e+01, Final cost: 7.048681e+01, Termination: CONVERGENCE
I20230219 14:36:27.139678  9139 ic_gvins.cc:1164] Culled 0 mappoint with 0 bad observed features 0, 0, 0
I20230219 14:36:27.139997  9139 ic_gvins.cc:1470] Marginalize 1 states, last time 364461.977076
I20230219 14:36:27.141609  9139 ic_gvins.cc:514] Optimization costs 32.8305 ms with 9.24971 and 19.2867 with marginalization costs 1.54734
I20230219 14:36:27.148581  9137 misc.cc:220] Redo INS mechanization at 364462.876932 to 364462.937180 is 0.0602476 s
I20230219 14:36:27.193436  9138 tracking.cc:452] Track 65 map points
I20230219 14:36:27.197669  9138 tracking.cc:571] Track 41 reference points
I20230219 14:36:27.197698  9138 tracking.cc:279] Keyframe at 364462.976739, mappoints 65, interval 0.0998072, parallax 15.9435
I20230219 14:36:27.197794  9138 tracking.cc:795] Triangulate 19 3D points with 22 left, 0 reset, 0 outtime and 0 outliers
I20230219 14:36:27.201939  9138 tracking.cc:687] Add 82 new features to 106
I20230219 14:36:27.202118  9138 ic_gvins.cc:589] Tracking cost 13.1101 ms
I20230219 14:36:27.208495  9137 ic_gvins.cc:787] Insert keyframe 53 at 364462.976739 with 19 new mappoints
I20230219 14:36:27.208657  9137 ic_gvins.cc:792] Add new keyframe time node at 364462.976739
I20230219 14:36:27.208703  9139 ic_gvins.cc:1893] Total 12 pose states from 364461.977076 to 364462.976739
I20230219 14:36:27.210829  9139 ic_gvins.cc:1217] Add 11 preintegration, 1 GNSS, 540 reprojection
I20230219 14:36:27.220829  9139 ic_gvins.cc:1226] Ceres Solver Report: Iterations: 6, Initial cost: 9.533831e+01, Final cost: 7.826394e+01, Termination: NO_CONVERGENCE
I20230219 14:36:27.221132  9139 ic_gvins.cc:1336] Remove 1 reprojection factors
I20230219 14:36:27.243252  9139 ic_gvins.cc:1260] Ceres Solver Report: Iterations: 13, Initial cost: 7.709077e+01, Final cost: 7.706892e+01, Termination: CONVERGENCE
I20230219 14:36:27.243569  9139 ic_gvins.cc:1164] Culled 1 mappoint with 0 bad observed features 0, 0, 1
I20230219 14:36:27.243896  9139 ic_gvins.cc:1470] Marginalize 1 states, last time 364462.077147
I20230219 14:36:27.245615  9139 ic_gvins.cc:514] Optimization costs 36.9236 ms with 10.0069 and 22.1296 with marginalization costs 1.6349
I20230219 14:36:27.248584  9137 misc.cc:220] Redo INS mechanization at 364462.976739 to 364463.037241 is 0.0605019 s
I20230219 14:36:27.300936  9138 tracking.cc:452] Track 68 map points
I20230219 14:36:27.306182  9138 tracking.cc:571] Track 45 reference points
I20230219 14:36:27.306210  9138 tracking.cc:279] Keyframe at 364463.076723, mappoints 68, interval 0.0999842, parallax 16.295
I20230219 14:36:27.306399  9138 tracking.cc:795] Triangulate 21 3D points with 22 left, 0 reset, 2 outtime and 0 outliers
I20230219 14:36:27.311478  9138 tracking.cc:687] Add 76 new features to 111
I20230219 14:36:27.311830  9138 ic_gvins.cc:589] Tracking cost 19.6868 ms
I20230219 14:36:27.318588  9137 ic_gvins.cc:787] Insert keyframe 54 at 364463.076723 with 21 new mappoints
I20230219 14:36:27.318840  9137 ic_gvins.cc:792] Add new keyframe time node at 364463.076723
I20230219 14:36:27.318868  9139 ic_gvins.cc:1893] Total 12 pose states from 364462.077147 to 364463.076723
I20230219 14:36:27.321282  9139 ic_gvins.cc:1217] Add 11 preintegration, 1 GNSS, 542 reprojection
I20230219 14:36:27.329195  9139 ic_gvins.cc:1226] Ceres Solver Report: Iterations: 6, Initial cost: 1.018744e+02, Final cost: 8.158923e+01, Termination: NO_CONVERGENCE
I20230219 14:36:27.329396  9139 ic_gvins.cc:1336] Remove 0 reprojection factors
I20230219 14:36:27.346858  9139 ic_gvins.cc:1260] Ceres Solver Report: Iterations: 13, Initial cost: 8.240953e+01, Final cost: 8.240054e+01, Termination: CONVERGENCE
I20230219 14:36:27.347151  9139 ic_gvins.cc:1164] Culled 1 mappoint with 0 bad observed features 0, 0, 1
I20230219 14:36:27.347543  9139 ic_gvins.cc:1470] Marginalize 2 states, last time 364462.177089
I20230219 14:36:27.350298  9139 ic_gvins.cc:514] Optimization costs 31.4491 ms with 7.91354 and 17.4705 with marginalization costs 2.73355
I20230219 14:36:27.358516  9137 misc.cc:220] Redo INS mechanization at 364463.076723 to 364463.147183 is 0.0704599 s
I20230219 14:36:27.402860  9138 tracking.cc:452] Track 63 map points
I20230219 14:36:27.409313  9138 tracking.cc:571] Track 37 reference points
I20230219 14:36:27.409336  9138 tracking.cc:279] Keyframe at 364463.179006, mappoints 63, interval 0.102283, parallax 17.6015
I20230219 14:36:27.409451  9138 tracking.cc:795] Triangulate 20 3D points with 11 left, 0 reset, 6 outtime and 0 outliers
I20230219 14:36:27.416034  9138 tracking.cc:687] Add 93 new features to 94
I20230219 14:36:27.416378  9138 ic_gvins.cc:589] Tracking cost 17.7148 ms
I20230219 14:36:27.418541  9137 ic_gvins.cc:787] Insert keyframe 55 at 364463.179006 with 20 new mappoints
I20230219 14:36:27.418843  9137 ic_gvins.cc:792] Add new keyframe time node at 364463.179006
I20230219 14:36:27.418860  9137 ic_gvins.cc:937] Add new GNSS time node 364463.130883
I20230219 14:36:27.419209  9139 ic_gvins.cc:1893] Total 12 pose states from 364462.177089 to 364463.179006
I20230219 14:36:27.421232  9139 ic_gvins.cc:1217] Add 11 preintegration, 1 GNSS, 500 reprojection
I20230219 14:36:27.429468  9139 ic_gvins.cc:1226] Ceres Solver Report: Iterations: 6, Initial cost: 1.026656e+02, Final cost: 8.452232e+01, Termination: NO_CONVERGENCE
I20230219 14:36:27.429491  9139 ic_gvins.cc:1307] Detect 1 GNSS outliers at 364463.179006
I20230219 14:36:27.429668  9139 ic_gvins.cc:1336] Remove 1 reprojection factors
I20230219 14:36:27.450026  9139 ic_gvins.cc:1260] Ceres Solver Report: Iterations: 14, Initial cost: 8.189570e+01, Final cost: 8.065309e+01, Termination: CONVERGENCE
I20230219 14:36:27.450311  9139 ic_gvins.cc:1164] Culled 3 mappoint with 0 bad observed features 0, 0, 3
I20230219 14:36:27.450641  9139 ic_gvins.cc:1470] Marginalize 1 states, last time 364462.277040
I20230219 14:36:27.452248  9139 ic_gvins.cc:514] Optimization costs 33.0551 ms with 8.2438 and 20.3729 with marginalization costs 1.53088
I20230219 14:36:27.458638  9137 misc.cc:220] Redo INS mechanization at 364463.179006 to 364463.247210 is 0.0682043 s
I20230219 14:36:27.495898  9138 tracking.cc:452] Track 65 map points
I20230219 14:36:27.498390  9138 tracking.cc:571] Track 43 reference points
I20230219 14:36:27.502696  9138 tracking.cc:687] Add 80 new features to 108
I20230219 14:36:27.602229  9138 tracking.cc:452] Track 54 map points
I20230219 14:36:27.618777  9138 tracking.cc:571] Track 59 reference points
I20230219 14:36:27.618847  9138 tracking.cc:279] Keyframe at 364463.376908, mappoints 54, interval 0.197902, parallax 26.7602
I20230219 14:36:27.619311  9138 tracking.cc:795] Triangulate 17 3D points with 39 left, 22 reset, 3 outtime and 0 outliers
I20230219 14:36:27.635911  9138 tracking.cc:687] Add 73 new features to 110
I20230219 14:36:27.636286  9138 ic_gvins.cc:589] Tracking cost 46.8437 ms
I20230219 14:36:27.638847  9137 ic_gvins.cc:787] Insert keyframe 56 at 364463.376908 with 17 new mappoints
I20230219 14:36:27.639993  9137 ic_gvins.cc:792] Add new keyframe time node at 364463.376908
I20230219 14:36:27.640197  9139 ic_gvins.cc:1893] Total 12 pose states from 364462.277040 to 364463.376908
I20230219 14:36:27.647290  9139 ic_gvins.cc:1217] Add 11 preintegration, 1 GNSS, 496 reprojection
I20230219 14:36:27.673125  9139 ic_gvins.cc:1226] Ceres Solver Report: Iterations: 6, Initial cost: 1.203621e+02, Final cost: 1.052878e+02, Termination: NO_CONVERGENCE
I20230219 14:36:27.673535  9139 ic_gvins.cc:1336] Remove 3 reprojection factors
I20230219 14:36:27.696780  9138 tracking.cc:452] Track 63 map points
I20230219 14:36:27.703512  9138 tracking.cc:571] Track 53 reference points
I20230219 14:36:27.703533  9138 tracking.cc:279] Keyframe at 364463.476952, mappoints 63, interval 0.100044, parallax 18.614
I20230219 14:36:27.703687  9138 tracking.cc:795] Triangulate 29 3D points with 24 left, 0 reset, 0 outtime and 0 outliers
I20230219 14:36:27.705150  9139 ic_gvins.cc:1260] Ceres Solver Report: Iterations: 12, Initial cost: 7.223056e+01, Final cost: 6.710643e+01, Termination: CONVERGENCE
I20230219 14:36:27.705770  9139 ic_gvins.cc:1164] Culled 1 mappoint with 2 bad observed features 0, 0, 1
I20230219 14:36:27.707029  9139 ic_gvins.cc:1470] Marginalize 1 states, last time 364462.376937
I20230219 14:36:27.708006  9138 tracking.cc:687] Add 68 new features to 116
I20230219 14:36:27.708123  9138 ic_gvins.cc:589] Tracking cost 15.6205 ms
I20230219 14:36:27.708950  9139 ic_gvins.cc:514] Optimization costs 68.7738 ms with 25.8328 and 31.6563 with marginalization costs 1.90567
I20230219 14:36:27.718706  9137 misc.cc:220] Redo INS mechanization at 364463.376908 to 364463.507205 is 0.130296 s
I20230219 14:36:27.718731  9137 ic_gvins.cc:787] Insert keyframe 57 at 364463.476952 with 29 new mappoints
I20230219 14:36:27.718874  9137 ic_gvins.cc:792] Add new keyframe time node at 364463.476952
I20230219 14:36:27.718888  9139 ic_gvins.cc:1893] Total 12 pose states from 364462.376937 to 364463.476952
I20230219 14:36:27.720794  9139 ic_gvins.cc:1217] Add 11 preintegration, 1 GNSS, 511 reprojection
I20230219 14:36:27.729127  9139 ic_gvins.cc:1226] Ceres Solver Report: Iterations: 6, Initial cost: 1.267270e+02, Final cost: 1.066824e+02, Termination: NO_CONVERGENCE
I20230219 14:36:27.729377  9139 ic_gvins.cc:1336] Remove 7 reprojection factors
I20230219 14:36:27.745801  9139 ic_gvins.cc:1260] Ceres Solver Report: Iterations: 10, Initial cost: 6.958464e+01, Final cost: 6.511002e+01, Termination: CONVERGENCE
I20230219 14:36:27.746094  9139 ic_gvins.cc:1164] Culled 1 mappoint with 3 bad observed features 0, 0, 1
I20230219 14:36:27.746444  9139 ic_gvins.cc:1470] Marginalize 1 states, last time 364462.477020
I20230219 14:36:27.748268  9139 ic_gvins.cc:514] Optimization costs 29.3888 ms with 8.34348 and 16.4335 with marginalization costs 1.803
I20230219 14:36:27.748687  9137 misc.cc:220] Redo INS mechanization at 364463.476952 to 364463.537234 is 0.0602827 s
I20230219 14:36:27.805951  9138 tracking.cc:452] Track 56 map points
I20230219 14:36:27.808883  9138 tracking.cc:571] Track 44 reference points
I20230219 14:36:27.808905  9138 tracking.cc:279] Keyframe at 364463.577583, mappoints 56, interval 0.100632, parallax 20.1424
I20230219 14:36:27.809018  9138 tracking.cc:795] Triangulate 22 3D points with 22 left, 0 reset, 0 outtime and 0 outliers
I20230219 14:36:27.813372  9138 tracking.cc:687] Add 88 new features to 100
I20230219 14:36:27.813539  9138 ic_gvins.cc:589] Tracking cost 14.3349 ms
I20230219 14:36:27.818588  9137 ic_gvins.cc:787] Insert keyframe 58 at 364463.577583 with 22 new mappoints
I20230219 14:36:27.818758  9137 ic_gvins.cc:792] Add new keyframe time node at 364463.577583
I20230219 14:36:27.818819  9139 ic_gvins.cc:1893] Total 12 pose states from 364462.477020 to 364463.577583
I20230219 14:36:27.820971  9139 ic_gvins.cc:1217] Add 11 preintegration, 1 GNSS, 503 reprojection
I20230219 14:36:27.830307  9139 ic_gvins.cc:1226] Ceres Solver Report: Iterations: 6, Initial cost: 1.319098e+02, Final cost: 9.060035e+01, Termination: NO_CONVERGENCE
I20230219 14:36:27.830534  9139 ic_gvins.cc:1336] Remove 4 reprojection factors
I20230219 14:36:27.851835  9139 ic_gvins.cc:1260] Ceres Solver Report: Iterations: 13, Initial cost: 6.939003e+01, Final cost: 6.838287e+01, Termination: CONVERGENCE
I20230219 14:36:27.852146  9139 ic_gvins.cc:1164] Culled 0 mappoint with 1 bad observed features 0, 0, 0
I20230219 14:36:27.852579  9139 ic_gvins.cc:1470] Marginalize 1 states, last time 364462.576909
I20230219 14:36:27.854481  9139 ic_gvins.cc:514] Optimization costs 35.6753 ms with 9.344 and 21.292 with marginalization costs 1.83474
I20230219 14:36:27.858547  9137 misc.cc:220] Redo INS mechanization at 364463.577583 to 364463.647149 is 0.0695657 s
I20230219 14:36:27.903092  9138 tracking.cc:452] Track 60 map points
I20230219 14:36:27.906322  9138 tracking.cc:571] Track 62 reference points
I20230219 14:36:27.906345  9138 tracking.cc:279] Keyframe at 364463.677531, mappoints 60, interval 0.0999474, parallax 19.3694
I20230219 14:36:27.906486  9138 tracking.cc:795] Triangulate 30 3D points with 32 left, 0 reset, 0 outtime and 0 outliers
I20230219 14:36:27.910588  9138 tracking.cc:687] Add 62 new features to 122
I20230219 14:36:27.910722  9138 ic_gvins.cc:589] Tracking cost 11.1753 ms
I20230219 14:36:27.918830  9137 ic_gvins.cc:787] Insert keyframe 59 at 364463.677531 with 30 new mappoints
I20230219 14:36:27.918988  9137 ic_gvins.cc:792] Add new keyframe time node at 364463.677531
I20230219 14:36:27.919039  9139 ic_gvins.cc:1893] Total 12 pose states from 364462.576909 to 364463.677531
I20230219 14:36:27.921178  9139 ic_gvins.cc:1217] Add 11 preintegration, 1 GNSS, 525 reprojection
I20230219 14:36:27.931303  9139 ic_gvins.cc:1226] Ceres Solver Report: Iterations: 6, Initial cost: 7.350802e+01, Final cost: 6.966010e+01, Termination: NO_CONVERGENCE
I20230219 14:36:27.931524  9139 ic_gvins.cc:1336] Remove 0 reprojection factors
I20230219 14:36:27.934266  9139 ic_gvins.cc:1260] Ceres Solver Report: Iterations: 1, Initial cost: 7.007485e+01, Final cost: 7.007485e+01, Termination: CONVERGENCE
I20230219 14:36:27.934573  9139 ic_gvins.cc:1164] Culled 0 mappoint with 0 bad observed features 0, 0, 0
I20230219 14:36:27.935014  9139 ic_gvins.cc:1470] Marginalize 1 states, last time 364462.676930
I20230219 14:36:27.936884  9139 ic_gvins.cc:514] Optimization costs 17.8596 ms with 10.1292 and 2.74371 with marginalization costs 1.76357
I20230219 14:36:27.938771  9137 misc.cc:220] Redo INS mechanization at 364463.677531 to 364463.727148 is 0.0496173 s
I20230219 14:36:27.999691  9138 tracking.cc:452] Track 69 map points
I20230219 14:36:28.013958  9138 tracking.cc:571] Track 55 reference points
I20230219 14:36:28.014014  9138 tracking.cc:279] Keyframe at 364463.777068, mappoints 69, interval 0.0995371, parallax 21.8253
I20230219 14:36:28.014400  9138 tracking.cc:795] Triangulate 25 3D points with 30 left, 0 reset, 0 outtime and 0 outliers
I20230219 14:36:28.029392  9138 tracking.cc:687] Add 63 new features to 124
I20230219 14:36:28.029714  9138 ic_gvins.cc:589] Tracking cost 40.6135 ms
I20230219 14:36:28.039142  9137 ic_gvins.cc:787] Insert keyframe 60 at 364463.777068 with 25 new mappoints
I20230219 14:36:28.039665  9137 ic_gvins.cc:792] Add new keyframe time node at 364463.777068
I20230219 14:36:28.039768  9139 ic_gvins.cc:1893] Total 12 pose states from 364462.676930 to 364463.777068
I20230219 14:36:28.047889  9139 ic_gvins.cc:1217] Add 11 preintegration, 1 GNSS, 542 reprojection
I20230219 14:36:28.082072  9139 ic_gvins.cc:1226] Ceres Solver Report: Iterations: 6, Initial cost: 7.958091e+01, Final cost: 7.424053e+01, Termination: NO_CONVERGENCE
I20230219 14:36:28.082938  9139 ic_gvins.cc:1336] Remove 1 reprojection factors
I20230219 14:36:28.112668  9138 tracking.cc:452] Track 77 map points
I20230219 14:36:28.126422  9138 tracking.cc:571] Track 52 reference points
I20230219 14:36:28.126473  9138 tracking.cc:279] Keyframe at 364463.877156, mappoints 77, interval 0.100088, parallax 21.541
I20230219 14:36:28.126880  9138 tracking.cc:795] Triangulate 29 3D points with 23 left, 0 reset, 0 outtime and 0 outliers
I20230219 14:36:28.141422  9138 tracking.cc:687] Add 57 new features to 129
I20230219 14:36:28.141811  9138 ic_gvins.cc:589] Tracking cost 42.7285 ms
I20230219 14:36:28.161631  9139 ic_gvins.cc:1260] Ceres Solver Report: Iterations: 10, Initial cost: 7.270090e+01, Final cost: 7.265834e+01, Termination: CONVERGENCE
I20230219 14:36:28.162678  9139 ic_gvins.cc:1164] Culled 1 mappoint with 0 bad observed features 0, 0, 1
I20230219 14:36:28.163792  9139 ic_gvins.cc:1470] Marginalize 1 states, last time 364462.776909
I20230219 14:36:28.169821  9139 ic_gvins.cc:514] Optimization costs 130.08 ms with 34.2083 and 78.715 with marginalization costs 5.76484
I20230219 14:36:28.178944  9137 misc.cc:220] Redo INS mechanization at 364463.777068 to 364463.967137 is 0.190069 s
I20230219 14:36:28.179035  9137 ic_gvins.cc:787] Insert keyframe 61 at 364463.877156 with 29 new mappoints
I20230219 14:36:28.179575  9137 ic_gvins.cc:792] Add new keyframe time node at 364463.877156
I20230219 14:36:28.179688  9139 ic_gvins.cc:1893] Total 12 pose states from 364462.776909 to 364463.877156
I20230219 14:36:28.188335  9139 ic_gvins.cc:1217] Add 11 preintegration, 1 GNSS, 581 reprojection
I20230219 14:36:28.204404  9138 tracking.cc:452] Track 76 map points
I20230219 14:36:28.213862  9138 tracking.cc:571] Track 35 reference points
I20230219 14:36:28.213912  9138 tracking.cc:279] Keyframe at 364463.977069, mappoints 76, interval 0.0999133, parallax 19.21
I20230219 14:36:28.214172  9138 tracking.cc:795] Triangulate 13 3D points with 22 left, 0 reset, 0 outtime and 0 outliers
I20230219 14:36:28.228866  9138 tracking.cc:687] Add 76 new features to 111
I20230219 14:36:28.229480  9138 ic_gvins.cc:589] Tracking cost 40.376 ms
I20230219 14:36:28.242715  9139 ic_gvins.cc:1226] Ceres Solver Report: Iterations: 6, Initial cost: 8.947590e+01, Final cost: 8.494834e+01, Termination: NO_CONVERGENCE
I20230219 14:36:28.244031  9139 ic_gvins.cc:1336] Remove 0 reprojection factors
I20230219 14:36:28.305621  9138 tracking.cc:452] Track 69 map points
I20230219 14:36:28.316776  9138 tracking.cc:571] Track 40 reference points
I20230219 14:36:28.316814  9138 tracking.cc:279] Keyframe at 364464.076948, mappoints 69, interval 0.0998785, parallax 17.9825
I20230219 14:36:28.317040  9138 tracking.cc:795] Triangulate 19 3D points with 21 left, 0 reset, 0 outtime and 0 outliers
I20230219 14:36:28.323916  9138 tracking.cc:687] Add 79 new features to 109
I20230219 14:36:28.324153  9138 ic_gvins.cc:589] Tracking cost 31.3656 ms
I20230219 14:36:28.326398  9139 ic_gvins.cc:1260] Ceres Solver Report: Iterations: 12, Initial cost: 8.537365e+01, Final cost: 8.535624e+01, Termination: CONVERGENCE
I20230219 14:36:28.326941  9139 ic_gvins.cc:1164] Culled 3 mappoint with 0 bad observed features 0, 0, 3
I20230219 14:36:28.327594  9139 ic_gvins.cc:1470] Marginalize 1 states, last time 364462.876932
I20230219 14:36:28.330822  9139 ic_gvins.cc:514] Optimization costs 151.165 ms with 54.4258 and 82.3199 with marginalization costs 3.07768
I20230219 14:36:28.338560  9137 misc.cc:220] Redo INS mechanization at 364463.877156 to 364464.127137 is 0.249981 s
I20230219 14:36:28.338619  9137 ic_gvins.cc:787] Insert keyframe 62 at 364463.977069 with 13 new mappoints
I20230219 14:36:28.338964  9137 ic_gvins.cc:792] Add new keyframe time node at 364463.977069
I20230219 14:36:28.338979  9137 ic_gvins.cc:787] Insert keyframe 63 at 364464.076948 with 19 new mappoints
I20230219 14:36:28.339315  9137 ic_gvins.cc:792] Add new keyframe time node at 364464.076948
I20230219 14:36:28.339376  9139 ic_gvins.cc:1893] Total 13 pose states from 364462.876932 to 364464.076948
I20230219 14:36:28.343288  9139 ic_gvins.cc:1217] Add 12 preintegration, 1 GNSS, 644 reprojection
I20230219 14:36:28.361729  9139 ic_gvins.cc:1226] Ceres Solver Report: Iterations: 6, Initial cost: 1.840693e+02, Final cost: 1.291050e+02, Termination: NO_CONVERGENCE
I20230219 14:36:28.362172  9139 ic_gvins.cc:1336] Remove 3 reprojection factors
I20230219 14:36:28.393759  9138 tracking.cc:452] Track 68 map points
I20230219 14:36:28.397403  9138 tracking.cc:571] Track 37 reference points
I20230219 14:36:28.397460  9138 tracking.cc:279] Keyframe at 364464.177060, mappoints 68, interval 0.100113, parallax 18.7047
I20230219 14:36:28.397562  9139 ic_gvins.cc:1260] Ceres Solver Report: Iterations: 13, Initial cost: 9.594958e+01, Final cost: 9.494525e+01, Termination: CONVERGENCE
I20230219 14:36:28.397572  9138 tracking.cc:795] Triangulate 16 3D points with 21 left, 0 reset, 0 outtime and 0 outliers
I20230219 14:36:28.397914  9139 ic_gvins.cc:1164] Culled 2 mappoint with 1 bad observed features 0, 0, 2
I20230219 14:36:28.398272  9139 ic_gvins.cc:1470] Marginalize 1 states, last time 364462.976739
I20230219 14:36:28.400302  9139 ic_gvins.cc:1470] Marginalize 1 states, last time 364463.076723
I20230219 14:36:28.402376  9139 ic_gvins.cc:514] Optimization costs 63.0198 ms with 18.4611 and 35.3879 with marginalization costs 3.99105
I20230219 14:36:28.402434  9138 tracking.cc:687] Add 80 new features to 105
I20230219 14:36:28.402570  9138 ic_gvins.cc:589] Tracking cost 13.1161 ms
I20230219 14:36:28.408572  9137 misc.cc:220] Redo INS mechanization at 364464.076948 to 364464.197155 is 0.120207 s
I20230219 14:36:28.408602  9137 ic_gvins.cc:787] Insert keyframe 64 at 364464.177060 with 16 new mappoints
I20230219 14:36:28.408725  9137 ic_gvins.cc:792] Add new keyframe time node at 364464.177060
I20230219 14:36:28.408733  9137 ic_gvins.cc:937] Add new GNSS time node 364464.129549
I20230219 14:36:28.408888  9139 ic_gvins.cc:1893] Total 13 pose states from 364463.076723 to 364464.177060
I20230219 14:36:28.410845  9139 ic_gvins.cc:1217] Add 12 preintegration, 2 GNSS, 600 reprojection
I20230219 14:36:28.419492  9139 ic_gvins.cc:1226] Ceres Solver Report: Iterations: 6, Initial cost: 1.227063e+02, Final cost: 8.935730e+01, Termination: NO_CONVERGENCE
I20230219 14:36:28.419723  9139 ic_gvins.cc:1336] Remove 0 reprojection factors
I20230219 14:36:28.438588  9139 ic_gvins.cc:1260] Ceres Solver Report: Iterations: 11, Initial cost: 8.976571e+01, Final cost: 8.975952e+01, Termination: CONVERGENCE
I20230219 14:36:28.438964  9139 ic_gvins.cc:1164] Culled 0 mappoint with 0 bad observed features 0, 0, 0
I20230219 14:36:28.439723  9139 ic_gvins.cc:1470] Marginalize 2 states, last time 364463.179006
I20230219 14:36:28.441160  9139 ic_gvins.cc:514] Optimization costs 32.2826 ms with 8.66783 and 18.8748 with marginalization costs 1.47997
I20230219 14:36:28.448568  9137 misc.cc:220] Redo INS mechanization at 364464.177060 to 364464.237140 is 0.0600795 s
I20230219 14:36:28.496186  9138 tracking.cc:452] Track 67 map points
I20230219 14:36:28.498925  9138 tracking.cc:571] Track 47 reference points
I20230219 14:36:28.498943  9138 tracking.cc:279] Keyframe at 364464.277040, mappoints 67, interval 0.0999801, parallax 19.6886
I20230219 14:36:28.499063  9138 tracking.cc:795] Triangulate 25 3D points with 20 left, 0 reset, 2 outtime and 0 outliers
I20230219 14:36:28.503618  9138 tracking.cc:687] Add 73 new features to 112
I20230219 14:36:28.503847  9138 ic_gvins.cc:589] Tracking cost 11.3575 ms
I20230219 14:36:28.508694  9137 ic_gvins.cc:787] Insert keyframe 65 at 364464.277040 with 25 new mappoints
I20230219 14:36:28.508843  9137 ic_gvins.cc:792] Add new keyframe time node at 364464.277040
I20230219 14:36:28.508895  9139 ic_gvins.cc:1893] Total 12 pose states from 364463.179006 to 364464.277040
I20230219 14:36:28.511121  9139 ic_gvins.cc:1217] Add 11 preintegration, 1 GNSS, 653 reprojection
I20230219 14:36:28.520699  9139 ic_gvins.cc:1226] Ceres Solver Report: Iterations: 6, Initial cost: 1.105159e+02, Final cost: 1.007675e+02, Termination: NO_CONVERGENCE
I20230219 14:36:28.520932  9139 ic_gvins.cc:1336] Remove 2 reprojection factors
I20230219 14:36:28.542735  9139 ic_gvins.cc:1260] Ceres Solver Report: Iterations: 13, Initial cost: 9.465074e+01, Final cost: 9.420292e+01, Termination: CONVERGENCE
I20230219 14:36:28.543058  9139 ic_gvins.cc:1164] Culled 1 mappoint with 1 bad observed features 0, 0, 1
I20230219 14:36:28.543411  9139 ic_gvins.cc:1470] Marginalize 1 states, last time 364463.376908
I20230219 14:36:28.545186  9139 ic_gvins.cc:514] Optimization costs 36.2975 ms with 9.58499 and 21.8139 with marginalization costs 1.72195
I20230219 14:36:28.548715  9137 misc.cc:220] Redo INS mechanization at 364464.277040 to 364464.337196 is 0.0601559 s
I20230219 14:36:28.592669  9138 tracking.cc:452] Track 61 map points
I20230219 14:36:28.595551  9138 tracking.cc:571] Track 38 reference points
I20230219 14:36:28.595571  9138 tracking.cc:279] Keyframe at 364464.377043, mappoints 61, interval 0.100002, parallax 18.6422
I20230219 14:36:28.595659  9138 tracking.cc:795] Triangulate 14 3D points with 19 left, 0 reset, 5 outtime and 0 outliers
I20230219 14:36:28.600308  9138 tracking.cc:687] Add 91 new features to 94
I20230219 14:36:28.600438  9138 ic_gvins.cc:589] Tracking cost 10.9528 ms
I20230219 14:36:28.608477  9137 ic_gvins.cc:787] Insert keyframe 66 at 364464.377043 with 14 new mappoints
I20230219 14:36:28.608654  9137 ic_gvins.cc:792] Add new keyframe time node at 364464.377043
I20230219 14:36:28.608729  9139 ic_gvins.cc:1893] Total 12 pose states from 364463.376908 to 364464.377043
I20230219 14:36:28.612063  9139 ic_gvins.cc:1217] Add 11 preintegration, 1 GNSS, 600 reprojection
I20230219 14:36:28.625934  9139 ic_gvins.cc:1226] Ceres Solver Report: Iterations: 6, Initial cost: 9.850991e+01, Final cost: 9.121007e+01, Termination: NO_CONVERGENCE
I20230219 14:36:28.626286  9139 ic_gvins.cc:1336] Remove 0 reprojection factors
I20230219 14:36:28.630308  9139 ic_gvins.cc:1260] Ceres Solver Report: Iterations: 1, Initial cost: 9.121007e+01, Final cost: 9.121007e+01, Termination: CONVERGENCE
I20230219 14:36:28.630724  9139 ic_gvins.cc:1164] Culled 1 mappoint with 0 bad observed features 0, 0, 1
I20230219 14:36:28.631186  9139 ic_gvins.cc:1470] Marginalize 1 states, last time 364463.476952
I20230219 14:36:28.634104  9139 ic_gvins.cc:514] Optimization costs 25.3849 ms with 13.8859 and 4.02465 with marginalization costs 2.84181
I20230219 14:36:28.638609  9137 misc.cc:220] Redo INS mechanization at 364464.377043 to 364464.427135 is 0.0500925 s
I20230219 14:36:28.685909  9118 fusion_ros.cc:271] Raw data time in image recv image,imu,gnss 364464.474054, 364464.467122, 364464.129549
I20230219 14:36:28.697347  9138 tracking.cc:452] Track 53 map points
I20230219 14:36:28.701930  9138 tracking.cc:571] Track 48 reference points
I20230219 14:36:28.701962  9138 tracking.cc:279] Keyframe at 364464.477007, mappoints 53, interval 0.0999642, parallax 15.9585
I20230219 14:36:28.702112  9138 tracking.cc:795] Triangulate 14 3D points with 31 left, 0 reset, 3 outtime and 0 outliers
I20230219 14:36:28.707141  9138 tracking.cc:687] Add 87 new features to 98
I20230219 14:36:28.707319  9138 ic_gvins.cc:589] Tracking cost 14.8217 ms
I20230219 14:36:28.708657  9137 ic_gvins.cc:787] Insert keyframe 67 at 364464.477007 with 14 new mappoints
I20230219 14:36:28.708911  9137 ic_gvins.cc:792] Add new keyframe time node at 364464.477007
I20230219 14:36:28.708964  9139 ic_gvins.cc:1893] Total 12 pose states from 364463.476952 to 364464.477007
I20230219 14:36:28.711077  9139 ic_gvins.cc:1217] Add 11 preintegration, 1 GNSS, 552 reprojection
I20230219 14:36:28.721297  9139 ic_gvins.cc:1226] Ceres Solver Report: Iterations: 6, Initial cost: 9.520815e+01, Final cost: 9.088934e+01, Termination: NO_CONVERGENCE
I20230219 14:36:28.721513  9139 ic_gvins.cc:1336] Remove 0 reprojection factors
I20230219 14:36:28.724196  9139 ic_gvins.cc:1260] Ceres Solver Report: Iterations: 1, Initial cost: 9.088934e+01, Final cost: 9.088934e+01, Termination: CONVERGENCE
I20230219 14:36:28.724504  9139 ic_gvins.cc:1164] Culled 3 mappoint with 0 bad observed features 0, 0, 3
I20230219 14:36:28.724838  9139 ic_gvins.cc:1470] Marginalize 1 states, last time 364463.577583
I20230219 14:36:28.726346  9139 ic_gvins.cc:514] Optimization costs 17.3905 ms with 10.2238 and 2.69027 with marginalization costs 1.44017
I20230219 14:36:28.728585  9137 misc.cc:220] Redo INS mechanization at 364464.477007 to 364464.517135 is 0.0401277 s
I20230219 14:36:28.804508  9138 tracking.cc:452] Track 56 map points
I20230219 14:36:28.810186  9138 tracking.cc:571] Track 52 reference points
I20230219 14:36:28.810253  9138 tracking.cc:279] Keyframe at 364464.577141, mappoints 56, interval 0.100134, parallax 18.7214
I20230219 14:36:28.810451  9138 tracking.cc:795] Triangulate 18 3D points with 34 left, 0 reset, 0 outtime and 0 outliers
I20230219 14:36:28.818783  9138 tracking.cc:687] Add 79 new features to 108
I20230219 14:36:28.818975  9138 ic_gvins.cc:589] Tracking cost 19.3667 ms
I20230219 14:36:28.828720  9137 ic_gvins.cc:787] Insert keyframe 68 at 364464.577141 with 18 new mappoints
I20230219 14:36:28.829056  9137 ic_gvins.cc:792] Add new keyframe time node at 364464.577141
I20230219 14:36:28.829144  9139 ic_gvins.cc:1893] Total 12 pose states from 364463.577583 to 364464.577141
I20230219 14:36:28.834161  9139 ic_gvins.cc:1217] Add 11 preintegration, 1 GNSS, 556 reprojection
I20230219 14:36:28.856133  9139 ic_gvins.cc:1226] Ceres Solver Report: Iterations: 6, Initial cost: 1.178403e+02, Final cost: 9.971590e+01, Termination: NO_CONVERGENCE
I20230219 14:36:28.856688  9139 ic_gvins.cc:1336] Remove 1 reprojection factors
I20230219 14:36:28.884390  9139 ic_gvins.cc:1260] Ceres Solver Report: Iterations: 13, Initial cost: 7.927962e+01, Final cost: 7.896133e+01, Termination: CONVERGENCE
I20230219 14:36:28.884688  9139 ic_gvins.cc:1164] Culled 0 mappoint with 1 bad observed features 0, 0, 0
I20230219 14:36:28.884994  9139 ic_gvins.cc:1470] Marginalize 1 states, last time 364463.677531
I20230219 14:36:28.887542  9139 ic_gvins.cc:514] Optimization costs 58.4147 ms with 21.9883 and 27.6967 with marginalization costs 2.47631
I20230219 14:36:28.889674  9137 misc.cc:220] Redo INS mechanization at 364464.577141 to 364464.677152 is 0.100012 s
I20230219 14:36:28.893477  9138 tracking.cc:452] Track 50 map points
I20230219 14:36:28.896433  9138 tracking.cc:571] Track 56 reference points
I20230219 14:36:28.896458  9138 tracking.cc:279] Keyframe at 364464.677048, mappoints 50, interval 0.0999069, parallax 21.4171
I20230219 14:36:28.896597  9138 tracking.cc:795] Triangulate 23 3D points with 30 left, 0 reset, 1 outtime and 2 outliers
I20230219 14:36:28.901070  9138 tracking.cc:687] Add 83 new features to 103
I20230219 14:36:28.901232  9138 ic_gvins.cc:589] Tracking cost 11.1841 ms
I20230219 14:36:28.908484  9137 ic_gvins.cc:787] Insert keyframe 69 at 364464.677048 with 23 new mappoints
I20230219 14:36:28.908618  9137 ic_gvins.cc:792] Add new keyframe time node at 364464.677048
I20230219 14:36:28.908638  9139 ic_gvins.cc:1893] Total 12 pose states from 364463.677531 to 364464.677048
I20230219 14:36:28.910457  9139 ic_gvins.cc:1217] Add 11 preintegration, 1 GNSS, 453 reprojection
I20230219 14:36:28.918565  9139 ic_gvins.cc:1226] Ceres Solver Report: Iterations: 6, Initial cost: 6.302063e+01, Final cost: 6.027445e+01, Termination: NO_CONVERGENCE
I20230219 14:36:28.918740  9139 ic_gvins.cc:1336] Remove 0 reprojection factors
I20230219 14:36:28.921283  9139 ic_gvins.cc:1260] Ceres Solver Report: Iterations: 1, Initial cost: 6.027445e+01, Final cost: 6.027445e+01, Termination: CONVERGENCE
I20230219 14:36:28.921617  9139 ic_gvins.cc:1164] Culled 0 mappoint with 0 bad observed features 0, 0, 0
I20230219 14:36:28.922080  9139 ic_gvins.cc:1470] Marginalize 1 states, last time 364463.777068
I20230219 14:36:28.923792  9139 ic_gvins.cc:514] Optimization costs 15.1668 ms with 8.11439 and 2.55368 with marginalization costs 1.69691
I20230219 14:36:28.928577  9137 misc.cc:220] Redo INS mechanization at 364464.677048 to 364464.717129 is 0.0400812 s
I20230219 14:36:28.992861  9138 tracking.cc:452] Track 55 map points
I20230219 14:36:28.995397  9138 tracking.cc:571] Track 57 reference points
I20230219 14:36:28.995414  9138 tracking.cc:279] Keyframe at 364464.777082, mappoints 55, interval 0.100034, parallax 23.4163
I20230219 14:36:28.995517  9138 tracking.cc:795] Triangulate 25 3D points with 32 left, 0 reset, 0 outtime and 0 outliers
I20230219 14:36:28.999342  9138 tracking.cc:687] Add 74 new features to 112
I20230219 14:36:28.999446  9138 ic_gvins.cc:589] Tracking cost 10.2415 ms
I20230219 14:36:29.008543  9137 ic_gvins.cc:787] Insert keyframe 70 at 364464.777082 with 25 new mappoints
I20230219 14:36:29.008774  9137 ic_gvins.cc:792] Add new keyframe time node at 364464.777082
I20230219 14:36:29.008814  9139 ic_gvins.cc:1893] Total 12 pose states from 364463.777068 to 364464.777082
I20230219 14:36:29.010519  9139 ic_gvins.cc:1217] Add 11 preintegration, 1 GNSS, 463 reprojection
I20230219 14:36:29.017531  9139 ic_gvins.cc:1226] Ceres Solver Report: Iterations: 6, Initial cost: 1.075722e+02, Final cost: 7.273622e+01, Termination: NO_CONVERGENCE
I20230219 14:36:29.017697  9139 ic_gvins.cc:1336] Remove 0 reprojection factors
I20230219 14:36:29.019706  9139 ic_gvins.cc:1260] Ceres Solver Report: Iterations: 1, Initial cost: 7.273622e+01, Final cost: 7.273622e+01, Termination: CONVERGENCE
I20230219 14:36:29.019924  9139 ic_gvins.cc:1164] Culled 1 mappoint with 0 bad observed features 0, 0, 1
I20230219 14:36:29.020192  9139 ic_gvins.cc:1470] Marginalize 1 states, last time 364463.877156
I20230219 14:36:29.021741  9139 ic_gvins.cc:514] Optimization costs 12.9415 ms with 7.01877 and 2.00746 with marginalization costs 1.51326
I20230219 14:36:29.028510  9137 misc.cc:220] Redo INS mechanization at 364464.777082 to 364464.817155 is 0.0400727 s
I20230219 14:36:29.094205  9138 tracking.cc:452] Track 54 map points
I20230219 14:36:29.097007  9138 tracking.cc:571] Track 54 reference points
I20230219 14:36:29.097029  9138 tracking.cc:279] Keyframe at 364464.877056, mappoints 54, interval 0.0999745, parallax 24.04
I20230219 14:36:29.097151  9138 tracking.cc:795] Triangulate 26 3D points with 27 left, 0 reset, 1 outtime and 0 outliers
I20230219 14:36:29.102214  9138 tracking.cc:687] Add 82 new features to 107
I20230219 14:36:29.102350  9138 ic_gvins.cc:589] Tracking cost 11.8597 ms
I20230219 14:36:29.108805  9137 ic_gvins.cc:787] Insert keyframe 71 at 364464.877056 with 26 new mappoints
I20230219 14:36:29.109026  9137 ic_gvins.cc:792] Add new keyframe time node at 364464.877056
I20230219 14:36:29.109058  9139 ic_gvins.cc:1893] Total 12 pose states from 364463.877156 to 364464.877056
I20230219 14:36:29.111272  9139 ic_gvins.cc:1217] Add 11 preintegration, 1 GNSS, 457 reprojection
I20230219 14:36:29.121605  9139 ic_gvins.cc:1226] Ceres Solver Report: Iterations: 6, Initial cost: 8.255550e+01, Final cost: 7.824534e+01, Termination: NO_CONVERGENCE
I20230219 14:36:29.121800  9139 ic_gvins.cc:1336] Remove 1 reprojection factors
I20230219 14:36:29.134609  9139 ic_gvins.cc:1260] Ceres Solver Report: Iterations: 8, Initial cost: 7.623552e+01, Final cost: 7.611334e+01, Termination: CONVERGENCE
I20230219 14:36:29.134886  9139 ic_gvins.cc:1164] Culled 0 mappoint with 0 bad observed features 0, 0, 0
I20230219 14:36:29.135285  9139 ic_gvins.cc:1470] Marginalize 1 states, last time 364463.977069
I20230219 14:36:29.136667  9139 ic_gvins.cc:514] Optimization costs 27.6211 ms with 10.3363 and 12.8233 with marginalization costs 1.32979
I20230219 14:36:29.138526  9137 misc.cc:220] Redo INS mechanization at 364464.877056 to 364464.927104 is 0.050048 s
I20230219 14:36:29.202423  9138 tracking.cc:452] Track 55 map points
I20230219 14:36:29.204655  9138 tracking.cc:571] Track 49 reference points
I20230219 14:36:29.204669  9138 tracking.cc:279] Keyframe at 364464.978071, mappoints 55, interval 0.101015, parallax 20.1973
I20230219 14:36:29.204761  9138 tracking.cc:795] Triangulate 22 3D points with 27 left, 0 reset, 0 outtime and 0 outliers
I20230219 14:36:29.208564  9138 tracking.cc:687] Add 85 new features to 104
I20230219 14:36:29.208684  9138 ic_gvins.cc:589] Tracking cost 9.29053 ms
I20230219 14:36:29.218878  9137 ic_gvins.cc:787] Insert keyframe 72 at 364464.978071 with 22 new mappoints
I20230219 14:36:29.219522  9137 ic_gvins.cc:792] Add new keyframe time node at 364464.978071
I20230219 14:36:29.219645  9139 ic_gvins.cc:1893] Total 12 pose states from 364463.977069 to 364464.978071
I20230219 14:36:29.226616  9139 ic_gvins.cc:1217] Add 11 preintegration, 1 GNSS, 487 reprojection
I20230219 14:36:29.253585  9139 ic_gvins.cc:1226] Ceres Solver Report: Iterations: 6, Initial cost: 9.585236e+01, Final cost: 9.152657e+01, Termination: NO_CONVERGENCE
I20230219 14:36:29.254055  9139 ic_gvins.cc:1336] Remove 2 reprojection factors
I20230219 14:36:29.278988  9139 ic_gvins.cc:1260] Ceres Solver Report: Iterations: 13, Initial cost: 8.709321e+01, Final cost: 8.680062e+01, Termination: CONVERGENCE
I20230219 14:36:29.279330  9139 ic_gvins.cc:1164] Culled 1 mappoint with 1 bad observed features 0, 0, 1
I20230219 14:36:29.279652  9139 ic_gvins.cc:1470] Marginalize 1 states, last time 364464.076948
I20230219 14:36:29.281294  9139 ic_gvins.cc:514] Optimization costs 61.6723 ms with 27.0051 and 24.932 with marginalization costs 1.59336
I20230219 14:36:29.292024  9137 misc.cc:220] Redo INS mechanization at 364464.978071 to 364465.077101 is 0.0990296 s
I20230219 14:36:29.302361  9138 tracking.cc:452] Track 53 map points
I20230219 14:36:29.306071  9138 tracking.cc:571] Track 49 reference points
I20230219 14:36:29.306092  9138 tracking.cc:279] Keyframe at 364465.077165, mappoints 53, interval 0.0990934, parallax 22.2412
I20230219 14:36:29.306198  9138 tracking.cc:795] Triangulate 23 3D points with 25 left, 0 reset, 1 outtime and 0 outliers
I20230219 14:36:29.310434  9138 tracking.cc:687] Add 87 new features to 101
I20230219 14:36:29.310606  9138 ic_gvins.cc:589] Tracking cost 11.2766 ms
I20230219 14:36:29.318624  9137 ic_gvins.cc:787] Insert keyframe 73 at 364465.077165 with 23 new mappoints
I20230219 14:36:29.318763  9137 ic_gvins.cc:792] Add new keyframe time node at 364465.077165
I20230219 14:36:29.318807  9139 ic_gvins.cc:1893] Total 12 pose states from 364464.076948 to 364465.077165
I20230219 14:36:29.320541  9139 ic_gvins.cc:1217] Add 11 preintegration, 1 GNSS, 471 reprojection
I20230219 14:36:29.328028  9139 ic_gvins.cc:1226] Ceres Solver Report: Iterations: 6, Initial cost: 8.082317e+01, Final cost: 7.626840e+01, Termination: NO_CONVERGENCE
I20230219 14:36:29.328233  9139 ic_gvins.cc:1336] Remove 0 reprojection factors
I20230219 14:36:29.330432  9139 ic_gvins.cc:1260] Ceres Solver Report: Iterations: 1, Initial cost: 7.626840e+01, Final cost: 7.626840e+01, Termination: CONVERGENCE
I20230219 14:36:29.331087  9139 ic_gvins.cc:1164] Culled 1 mappoint with 0 bad observed features 0, 0, 1
I20230219 14:36:29.332165  9139 ic_gvins.cc:1470] Marginalize 2 states, last time 364464.177060
I20230219 14:36:29.333851  9139 ic_gvins.cc:514] Optimization costs 15.0559 ms with 7.49879 and 2.20907 with marginalization costs 1.8171
I20230219 14:36:29.338663  9137 misc.cc:220] Redo INS mechanization at 364465.077165 to 364465.127113 is 0.0499486 s
I20230219 14:36:29.401937  9138 tracking.cc:452] Track 55 map points
I20230219 14:36:29.404783  9138 tracking.cc:571] Track 60 reference points
I20230219 14:36:29.404803  9138 tracking.cc:279] Keyframe at 364465.177150, mappoints 55, interval 0.0999858, parallax 21.6776
I20230219 14:36:29.404913  9138 tracking.cc:795] Triangulate 25 3D points with 34 left, 0 reset, 1 outtime and 0 outliers
I20230219 14:36:29.410120  9138 tracking.cc:687] Add 73 new features to 114
I20230219 14:36:29.410269  9138 ic_gvins.cc:589] Tracking cost 11.2174 ms
I20230219 14:36:29.418435  9137 ic_gvins.cc:787] Insert keyframe 74 at 364465.177150 with 25 new mappoints
I20230219 14:36:29.418586  9137 ic_gvins.cc:792] Add new keyframe time node at 364465.177150
I20230219 14:36:29.418596  9137 ic_gvins.cc:937] Add new GNSS time node 364465.129965
I20230219 14:36:29.418725  9139 ic_gvins.cc:1893] Total 12 pose states from 364464.177060 to 364465.177150
I20230219 14:36:29.420644  9139 ic_gvins.cc:1217] Add 11 preintegration, 1 GNSS, 514 reprojection
I20230219 14:36:29.428949  9139 ic_gvins.cc:1226] Ceres Solver Report: Iterations: 6, Initial cost: 8.406827e+01, Final cost: 8.089033e+01, Termination: NO_CONVERGENCE
I20230219 14:36:29.429147  9139 ic_gvins.cc:1336] Remove 0 reprojection factors
I20230219 14:36:29.431824  9139 ic_gvins.cc:1260] Ceres Solver Report: Iterations: 1, Initial cost: 8.089033e+01, Final cost: 8.089033e+01, Termination: CONVERGENCE
I20230219 14:36:29.432092  9139 ic_gvins.cc:1164] Culled 2 mappoint with 0 bad observed features 0, 0, 2
I20230219 14:36:29.432407  9139 ic_gvins.cc:1470] Marginalize 1 states, last time 364464.277040
I20230219 14:36:29.434278  9139 ic_gvins.cc:514] Optimization costs 15.5628 ms with 8.31119 and 2.67944 with marginalization costs 1.80349
I20230219 14:36:29.438741  9137 misc.cc:220] Redo INS mechanization at 364465.177150 to 364465.227105 is 0.0499545 s
I20230219 14:36:29.516662  9138 tracking.cc:452] Track 58 map points
I20230219 14:36:29.530020  9138 tracking.cc:571] Track 62 reference points
I20230219 14:36:29.530081  9138 tracking.cc:279] Keyframe at 364465.277189, mappoints 58, interval 0.100039, parallax 22.3291
I20230219 14:36:29.530573  9138 tracking.cc:795] Triangulate 32 3D points with 29 left, 0 reset, 0 outtime and 1 outliers
I20230219 14:36:29.537603  9138 tracking.cc:687] Add 68 new features to 119
I20230219 14:36:29.537798  9138 ic_gvins.cc:589] Tracking cost 38.2556 ms
I20230219 14:36:29.538645  9137 ic_gvins.cc:787] Insert keyframe 75 at 364465.277189 with 32 new mappoints
I20230219 14:36:29.538887  9137 ic_gvins.cc:792] Add new keyframe time node at 364465.277189
I20230219 14:36:29.538916  9139 ic_gvins.cc:1893] Total 12 pose states from 364464.277040 to 364465.277189
I20230219 14:36:29.542515  9139 ic_gvins.cc:1217] Add 11 preintegration, 1 GNSS, 526 reprojection
I20230219 14:36:29.554612  9139 ic_gvins.cc:1226] Ceres Solver Report: Iterations: 6, Initial cost: 8.293195e+01, Final cost: 7.982328e+01, Termination: NO_CONVERGENCE
I20230219 14:36:29.554908  9139 ic_gvins.cc:1336] Remove 0 reprojection factors
I20230219 14:36:29.558174  9139 ic_gvins.cc:1260] Ceres Solver Report: Iterations: 1, Initial cost: 7.982328e+01, Final cost: 7.982328e+01, Termination: CONVERGENCE
I20230219 14:36:29.558542  9139 ic_gvins.cc:1164] Culled 0 mappoint with 0 bad observed features 0, 0, 0
I20230219 14:36:29.559160  9139 ic_gvins.cc:1470] Marginalize 1 states, last time 364464.377043
I20230219 14:36:29.560761  9139 ic_gvins.cc:514] Optimization costs 21.8591 ms with 12.1013 and 3.24141 with marginalization costs 1.56428
I20230219 14:36:29.568470  9137 misc.cc:220] Redo INS mechanization at 364465.277189 to 364465.357107 is 0.0799181 s
I20230219 14:36:29.610011  9138 tracking.cc:452] Track 67 map points
I20230219 14:36:29.612920  9138 tracking.cc:571] Track 45 reference points
I20230219 14:36:29.612944  9138 tracking.cc:279] Keyframe at 364465.377234, mappoints 67, interval 0.100045, parallax 21.0416
I20230219 14:36:29.613052  9138 tracking.cc:795] Triangulate 22 3D points with 19 left, 0 reset, 4 outtime and 0 outliers
I20230219 14:36:29.617286  9138 tracking.cc:687] Add 78 new features to 108
I20230219 14:36:29.617435  9138 ic_gvins.cc:589] Tracking cost 18.6071 ms
I20230219 14:36:29.618405  9137 ic_gvins.cc:787] Insert keyframe 76 at 364465.377234 with 22 new mappoints
I20230219 14:36:29.618613  9137 ic_gvins.cc:792] Add new keyframe time node at 364465.377234
I20230219 14:36:29.618642  9139 ic_gvins.cc:1893] Total 12 pose states from 364464.377043 to 364465.377234
I20230219 14:36:29.620543  9139 ic_gvins.cc:1217] Add 11 preintegration, 1 GNSS, 558 reprojection
I20230219 14:36:29.629029  9139 ic_gvins.cc:1226] Ceres Solver Report: Iterations: 6, Initial cost: 8.661328e+01, Final cost: 8.304270e+01, Termination: NO_CONVERGENCE
I20230219 14:36:29.629236  9139 ic_gvins.cc:1336] Remove 1 reprojection factors
I20230219 14:36:29.640933  9139 ic_gvins.cc:1260] Ceres Solver Report: Iterations: 8, Initial cost: 7.912654e+01, Final cost: 7.910982e+01, Termination: CONVERGENCE
I20230219 14:36:29.641216  9139 ic_gvins.cc:1164] Culled 0 mappoint with 1 bad observed features 0, 0, 0
I20230219 14:36:29.641570  9139 ic_gvins.cc:1470] Marginalize 1 states, last time 364464.477007
I20230219 14:36:29.643254  9139 ic_gvins.cc:514] Optimization costs 24.6207 ms with 8.50015 and 11.7053 with marginalization costs 1.63284
I20230219 14:36:29.648620  9137 misc.cc:220] Redo INS mechanization at 364465.377234 to 364465.437095 is 0.0598608 s
I20230219 14:36:29.703665  9138 tracking.cc:452] Track 60 map points
I20230219 14:36:29.707571  9138 tracking.cc:571] Track 40 reference points
I20230219 14:36:29.707592  9138 tracking.cc:279] Keyframe at 364465.477261, mappoints 60, interval 0.100027, parallax 19.5467
I20230219 14:36:29.707712  9138 tracking.cc:795] Triangulate 15 3D points with 20 left, 0 reset, 5 outtime and 0 outliers
I20230219 14:36:29.713845  9138 tracking.cc:687] Add 93 new features to 95
I20230219 14:36:29.713999  9138 ic_gvins.cc:589] Tracking cost 14.8332 ms
I20230219 14:36:29.718557  9137 ic_gvins.cc:787] Insert keyframe 77 at 364465.477261 with 15 new mappoints
I20230219 14:36:29.718806  9137 ic_gvins.cc:792] Add new keyframe time node at 364465.477261
I20230219 14:36:29.718838  9139 ic_gvins.cc:1893] Total 12 pose states from 364464.477007 to 364465.477261
I20230219 14:36:29.723667  9139 ic_gvins.cc:1217] Add 11 preintegration, 1 GNSS, 523 reprojection
I20230219 14:36:29.741248  9139 ic_gvins.cc:1226] Ceres Solver Report: Iterations: 6, Initial cost: 1.025643e+02, Final cost: 8.334774e+01, Termination: NO_CONVERGENCE
I20230219 14:36:29.741799  9139 ic_gvins.cc:1336] Remove 2 reprojection factors
I20230219 14:36:29.749215  9139 ic_gvins.cc:1260] Ceres Solver Report: Iterations: 2, Initial cost: 7.183567e+01, Final cost: 7.183040e+01, Termination: CONVERGENCE
I20230219 14:36:29.749629  9139 ic_gvins.cc:1164] Culled 1 mappoint with 1 bad observed features 0, 0, 1
I20230219 14:36:29.750185  9139 ic_gvins.cc:1470] Marginalize 1 states, last time 364464.577141
I20230219 14:36:29.752499  9139 ic_gvins.cc:514] Optimization costs 33.6768 ms with 17.6087 and 7.41988 with marginalization costs 2.21851
I20230219 14:36:29.758610  9137 misc.cc:220] Redo INS mechanization at 364465.477261 to 364465.547162 is 0.069901 s
I20230219 14:36:29.803352  9138 tracking.cc:452] Track 43 map points
I20230219 14:36:29.807193  9138 tracking.cc:571] Track 53 reference points
I20230219 14:36:29.807219  9138 tracking.cc:279] Keyframe at 364465.577457, mappoints 43, interval 0.100196, parallax 17.2803
I20230219 14:36:29.807354  9138 tracking.cc:795] Triangulate 25 3D points with 25 left, 0 reset, 3 outtime and 0 outliers
I20230219 14:36:29.812798  9138 tracking.cc:687] Add 95 new features to 93
I20230219 14:36:29.813019  9138 ic_gvins.cc:589] Tracking cost 13.6523 ms
I20230219 14:36:29.818480  9137 ic_gvins.cc:787] Insert keyframe 78 at 364465.577457 with 25 new mappoints
I20230219 14:36:29.818647  9137 ic_gvins.cc:792] Add new keyframe time node at 364465.577457
I20230219 14:36:29.818683  9139 ic_gvins.cc:1893] Total 12 pose states from 364464.577141 to 364465.577457
I20230219 14:36:29.820981  9139 ic_gvins.cc:1217] Add 11 preintegration, 1 GNSS, 516 reprojection
I20230219 14:36:29.829596  9139 ic_gvins.cc:1226] Ceres Solver Report: Iterations: 6, Initial cost: 7.649700e+01, Final cost: 7.402968e+01, Termination: NO_CONVERGENCE
I20230219 14:36:29.829787  9139 ic_gvins.cc:1336] Remove 0 reprojection factors
I20230219 14:36:29.832185  9139 ic_gvins.cc:1260] Ceres Solver Report: Iterations: 1, Initial cost: 7.402968e+01, Final cost: 7.402968e+01, Termination: CONVERGENCE
I20230219 14:36:29.832458  9139 ic_gvins.cc:1164] Culled 2 mappoint with 0 bad observed features 0, 0, 2
I20230219 14:36:29.832760  9139 ic_gvins.cc:1470] Marginalize 1 states, last time 364464.677048
I20230219 14:36:29.834128  9139 ic_gvins.cc:514] Optimization costs 15.4537 ms with 8.61637 and 2.39766 with marginalization costs 1.30114
I20230219 14:36:29.838526  9137 misc.cc:220] Redo INS mechanization at 364465.577457 to 364465.627094 is 0.0496377 s
I20230219 14:36:29.915285  9138 tracking.cc:452] Track 43 map points
I20230219 14:36:29.930769  9138 tracking.cc:571] Track 44 reference points
I20230219 14:36:29.930812  9138 tracking.cc:279] Keyframe at 364465.677248, mappoints 43, interval 0.0997917, parallax 17.1466
I20230219 14:36:29.931030  9138 tracking.cc:795] Triangulate 14 3D points with 30 left, 0 reset, 0 outtime and 0 outliers
I20230219 14:36:29.942237  9138 tracking.cc:687] Add 100 new features to 87
I20230219 14:36:29.942430  9138 ic_gvins.cc:589] Tracking cost 43.2038 ms
I20230219 14:36:29.948530  9137 ic_gvins.cc:787] Insert keyframe 79 at 364465.677248 with 14 new mappoints
I20230219 14:36:29.948952  9137 ic_gvins.cc:792] Add new keyframe time node at 364465.677248
I20230219 14:36:29.949028  9139 ic_gvins.cc:1893] Total 12 pose states from 364464.677048 to 364465.677248
I20230219 14:36:29.953099  9139 ic_gvins.cc:1217] Add 11 preintegration, 1 GNSS, 520 reprojection
I20230219 14:36:29.967558  9139 ic_gvins.cc:1226] Ceres Solver Report: Iterations: 6, Initial cost: 7.016607e+01, Final cost: 6.870247e+01, Termination: NO_CONVERGENCE
I20230219 14:36:29.967857  9139 ic_gvins.cc:1336] Remove 0 reprojection factors
I20230219 14:36:29.971143  9139 ic_gvins.cc:1260] Ceres Solver Report: Iterations: 1, Initial cost: 6.870247e+01, Final cost: 6.870247e+01, Termination: CONVERGENCE
I20230219 14:36:29.971521  9139 ic_gvins.cc:1164] Culled 0 mappoint with 0 bad observed features 0, 0, 0
