I20230205 21:23:12.828810 1315450 ic_gvins.cc:1226] Ceres Solver Report: Iterations: 6, Initial cost: 1.154189e+02, Final cost: 8.526572e+01, Termination: NO_CONVERGENCE
I20230205 21:23:12.829023 1315450 ic_gvins.cc:1336] Remove 0 reprojection factors
I20230205 21:23:12.844411 1315450 ic_gvins.cc:1260] Ceres Solver Report: Iterations: 10, Initial cost: 8.526572e+01, Final cost: 8.524563e+01, Termination: CONVERGENCE
I20230205 21:23:12.844689 1315450 ic_gvins.cc:1164] Culled 0 mappoint with 0 bad observed features 0, 0, 0
I20230205 21:23:12.844985 1315450 ic_gvins.cc:1470] Marginalize 1 states, last time 364458.876142
I20230205 21:23:12.846827 1315450 ic_gvins.cc:514] Optimization costs 31.675 ms with 11.1091 and 15.3975 with marginalization costs 1.8111
I20230205 21:23:12.854830 1315448 misc.cc:220] Redo INS mechanization at 364460.075828 to 364460.157281 is 0.0814532 s
I20230205 21:23:12.878403 1315449 tracking.cc:452] Track 58 map points
I20230205 21:23:12.880489 1315449 tracking.cc:571] Track 66 reference points
I20230205 21:23:12.880506 1315449 tracking.cc:279] Keyframe at 364460.176252, mappoints 58, interval 0.100424, parallax 16.4021
I20230205 21:23:12.880615 1315449 tracking.cc:795] Triangulate 25 3D points with 40 left, 0 reset, 1 outtime and 0 outliers
I20230205 21:23:12.885831 1315449 tracking.cc:687] Add 62 new features to 123
I20230205 21:23:12.885995 1315449 ic_gvins.cc:589] Tracking cost 10.6472 ms
I20230205 21:23:12.894729 1315448 ic_gvins.cc:787] Insert keyframe 25 at 364460.176252 with 25 new mappoints
I20230205 21:23:12.894870 1315448 ic_gvins.cc:792] Add new keyframe time node at 364460.176252
I20230205 21:23:12.894878 1315448 ic_gvins.cc:937] Add new GNSS time node 364460.129585
I20230205 21:23:12.895041 1315450 ic_gvins.cc:1893] Total 13 pose states from 364458.876142 to 364460.176252
I20230205 21:23:12.896545 1315450 ic_gvins.cc:1217] Add 12 preintegration, 2 GNSS, 423 reprojection
I20230205 21:23:12.903997 1315450 ic_gvins.cc:1226] Ceres Solver Report: Iterations: 6, Initial cost: 1.210660e+02, Final cost: 1.003673e+02, Termination: NO_CONVERGENCE
I20230205 21:23:12.904021 1315450 ic_gvins.cc:1307] Detect 1 GNSS outliers at 364460.176252
I20230205 21:23:12.904173 1315450 ic_gvins.cc:1336] Remove 0 reprojection factors
I20230205 21:23:12.924407 1315450 ic_gvins.cc:1260] Ceres Solver Report: Iterations: 15, Initial cost: 1.018475e+02, Final cost: 9.894379e+01, Termination: CONVERGENCE
I20230205 21:23:12.924808 1315450 ic_gvins.cc:1164] Culled 2 mappoint with 0 bad observed features 0, 0, 2
I20230205 21:23:12.925271 1315450 ic_gvins.cc:1470] Marginalize 1 states, last time 364458.976243
I20230205 21:23:12.926836 1315450 ic_gvins.cc:514] Optimization costs 31.8063 ms with 7.46305 and 20.2506 with marginalization costs 1.51396
I20230205 21:23:12.935021 1315448 misc.cc:220] Redo INS mechanization at 364460.176252 to 364460.237318 is 0.0610661 s
I20230205 21:23:12.993877 1315449 tracking.cc:452] Track 66 map points
I20230205 21:23:13.008533 1315449 tracking.cc:571] Track 60 reference points
I20230205 21:23:13.008615 1315449 tracking.cc:279] Keyframe at 364460.276065, mappoints 66, interval 0.0998127, parallax 19.3383
I20230205 21:23:13.009135 1315449 tracking.cc:795] Triangulate 17 3D points with 43 left, 0 reset, 0 outtime and 0 outliers
I20230205 21:23:13.020619 1315449 tracking.cc:687] Add 62 new features to 126
I20230205 21:23:13.020849 1315449 ic_gvins.cc:589] Tracking cost 42.19 ms
I20230205 21:23:13.024884 1315448 ic_gvins.cc:787] Insert keyframe 26 at 364460.276065 with 17 new mappoints
I20230205 21:23:13.025300 1315448 ic_gvins.cc:792] Add new keyframe time node at 364460.276065
I20230205 21:23:13.025396 1315450 ic_gvins.cc:1893] Total 13 pose states from 364458.976243 to 364460.276065
I20230205 21:23:13.029700 1315450 ic_gvins.cc:1217] Add 12 preintegration, 2 GNSS, 498 reprojection
I20230205 21:23:13.049630 1315450 ic_gvins.cc:1226] Ceres Solver Report: Iterations: 6, Initial cost: 1.295563e+02, Final cost: 1.103957e+02, Termination: NO_CONVERGENCE
I20230205 21:23:13.050102 1315450 ic_gvins.cc:1336] Remove 1 reprojection factors
I20230205 21:23:13.086177 1315449 tracking.cc:452] Track 66 map points
I20230205 21:23:13.093335 1315449 tracking.cc:571] Track 62 reference points
I20230205 21:23:13.093377 1315449 tracking.cc:279] Keyframe at 364460.376153, mappoints 66, interval 0.100089, parallax 19.4187
I20230205 21:23:13.093641 1315449 tracking.cc:795] Triangulate 23 3D points with 39 left, 0 reset, 0 outtime and 0 outliers
I20230205 21:23:13.103206 1315449 tracking.cc:687] Add 59 new features to 128
I20230205 21:23:13.103446 1315449 ic_gvins.cc:589] Tracking cost 27.6266 ms
I20230205 21:23:13.108469 1315450 ic_gvins.cc:1260] Ceres Solver Report: Iterations: 16, Initial cost: 1.082184e+02, Final cost: 1.080547e+02, Termination: NO_CONVERGENCE
I20230205 21:23:13.109019 1315450 ic_gvins.cc:1164] Culled 2 mappoint with 0 bad observed features 0, 0, 2
I20230205 21:23:13.109753 1315450 ic_gvins.cc:1470] Marginalize 1 states, last time 364459.076431
I20230205 21:23:13.112421 1315450 ic_gvins.cc:514] Optimization costs 87.0421 ms with 19.9455 and 58.3637 with marginalization costs 2.55088
I20230205 21:23:13.114929 1315448 misc.cc:220] Redo INS mechanization at 364460.276065 to 364460.417280 is 0.141216 s
I20230205 21:23:13.114974 1315448 ic_gvins.cc:787] Insert keyframe 27 at 364460.376153 with 23 new mappoints
I20230205 21:23:13.115259 1315448 ic_gvins.cc:792] Add new keyframe time node at 364460.376153
I20230205 21:23:13.115284 1315450 ic_gvins.cc:1893] Total 13 pose states from 364459.076431 to 364460.376153
I20230205 21:23:13.119910 1315450 ic_gvins.cc:1217] Add 12 preintegration, 2 GNSS, 543 reprojection
I20230205 21:23:13.141535 1315450 ic_gvins.cc:1226] Ceres Solver Report: Iterations: 6, Initial cost: 1.128469e+02, Final cost: 1.092402e+02, Termination: NO_CONVERGENCE
I20230205 21:23:13.142020 1315450 ic_gvins.cc:1336] Remove 0 reprojection factors
I20230205 21:23:13.148046 1315450 ic_gvins.cc:1260] Ceres Solver Report: Iterations: 1, Initial cost: 1.092402e+02, Final cost: 1.092402e+02, Termination: CONVERGENCE
I20230205 21:23:13.148615 1315450 ic_gvins.cc:1164] Culled 1 mappoint with 0 bad observed features 0, 0, 1
I20230205 21:23:13.149322 1315450 ic_gvins.cc:1470] Marginalize 2 states, last time 364459.176401
I20230205 21:23:13.152595 1315450 ic_gvins.cc:514] Optimization costs 37.3264 ms with 21.6369 and 6.03173 with marginalization costs 3.10369
I20230205 21:23:13.154847 1315448 misc.cc:220] Redo INS mechanization at 364460.376153 to 364460.457274 is 0.0811203 s
I20230205 21:23:13.172348 1315432 fusion_ros.cc:271] Raw data time in image recv image,imu,gnss 364460.474089, 364460.467320, 364460.129585
I20230205 21:23:13.187357 1315449 tracking.cc:452] Track 62 map points
I20230205 21:23:13.193125 1315449 tracking.cc:571] Track 54 reference points
I20230205 21:23:13.193167 1315449 tracking.cc:279] Keyframe at 364460.476268, mappoints 62, interval 0.100115, parallax 16.6735
I20230205 21:23:13.193434 1315449 tracking.cc:795] Triangulate 20 3D points with 34 left, 0 reset, 0 outtime and 0 outliers
I20230205 21:23:13.202279 1315449 tracking.cc:687] Add 69 new features to 116
I20230205 21:23:13.202576 1315449 ic_gvins.cc:589] Tracking cost 25.7541 ms
I20230205 21:23:13.204895 1315448 ic_gvins.cc:787] Insert keyframe 28 at 364460.476268 with 20 new mappoints
I20230205 21:23:13.205224 1315448 ic_gvins.cc:792] Add new keyframe time node at 364460.476268
I20230205 21:23:13.205265 1315450 ic_gvins.cc:1893] Total 12 pose states from 364459.176401 to 364460.476268
I20230205 21:23:13.211019 1315450 ic_gvins.cc:1217] Add 11 preintegration, 1 GNSS, 587 reprojection
I20230205 21:23:13.231139 1315450 ic_gvins.cc:1226] Ceres Solver Report: Iterations: 6, Initial cost: 1.258820e+02, Final cost: 1.144363e+02, Termination: NO_CONVERGENCE
I20230205 21:23:13.231640 1315450 ic_gvins.cc:1336] Remove 1 reprojection factors
I20230205 21:23:13.275182 1315450 ic_gvins.cc:1260] Ceres Solver Report: Iterations: 14, Initial cost: 1.119490e+02, Final cost: 1.118767e+02, Termination: CONVERGENCE
I20230205 21:23:13.275663 1315450 ic_gvins.cc:1164] Culled 2 mappoint with 0 bad observed features 0, 0, 2
I20230205 21:23:13.276904 1315450 ic_gvins.cc:1470] Marginalize 1 states, last time 364459.376329
I20230205 21:23:13.279801 1315449 tracking.cc:452] Track 68 map points
I20230205 21:23:13.280922 1315450 ic_gvins.cc:514] Optimization costs 75.677 ms with 20.0821 and 43.5492 with marginalization costs 3.90436
I20230205 21:23:13.285439 1315448 misc.cc:220] Redo INS mechanization at 364460.476268 to 364460.587259 is 0.110991 s
I20230205 21:23:13.286778 1315449 tracking.cc:571] Track 57 reference points
I20230205 21:23:13.286813 1315449 tracking.cc:279] Keyframe at 364460.576340, mappoints 68, interval 0.100071, parallax 16.828
I20230205 21:23:13.286993 1315449 tracking.cc:795] Triangulate 21 3D points with 36 left, 0 reset, 0 outtime and 0 outliers
I20230205 21:23:13.293036 1315449 tracking.cc:687] Add 60 new features to 125
I20230205 21:23:13.293205 1315449 ic_gvins.cc:589] Tracking cost 17.8409 ms
I20230205 21:23:13.294881 1315448 ic_gvins.cc:787] Insert keyframe 29 at 364460.576340 with 21 new mappoints
I20230205 21:23:13.295094 1315448 ic_gvins.cc:792] Add new keyframe time node at 364460.576340
I20230205 21:23:13.295166 1315450 ic_gvins.cc:1893] Total 12 pose states from 364459.376329 to 364460.576340
I20230205 21:23:13.298147 1315450 ic_gvins.cc:1217] Add 11 preintegration, 1 GNSS, 560 reprojection
I20230205 21:23:13.311887 1315450 ic_gvins.cc:1226] Ceres Solver Report: Iterations: 6, Initial cost: 1.155257e+02, Final cost: 9.873403e+01, Termination: NO_CONVERGENCE
I20230205 21:23:13.312219 1315450 ic_gvins.cc:1336] Remove 0 reprojection factors
I20230205 21:23:13.334311 1315450 ic_gvins.cc:1260] Ceres Solver Report: Iterations: 9, Initial cost: 9.873403e+01, Final cost: 9.869403e+01, Termination: CONVERGENCE
I20230205 21:23:13.334862 1315450 ic_gvins.cc:1164] Culled 1 mappoint with 0 bad observed features 0, 0, 1
I20230205 21:23:13.335358 1315450 ic_gvins.cc:1470] Marginalize 1 states, last time 364459.577653
I20230205 21:23:13.337654 1315450 ic_gvins.cc:514] Optimization costs 42.4969 ms with 13.7576 and 22.1088 with marginalization costs 2.24634
I20230205 21:23:13.344991 1315448 misc.cc:220] Redo INS mechanization at 364460.576340 to 364460.647266 is 0.0709267 s
I20230205 21:23:13.380208 1315449 tracking.cc:452] Track 72 map points
I20230205 21:23:13.383375 1315449 tracking.cc:571] Track 53 reference points
I20230205 21:23:13.383404 1315449 tracking.cc:279] Keyframe at 364460.676167, mappoints 72, interval 0.0998272, parallax 16.7735
I20230205 21:23:13.383528 1315449 tracking.cc:795] Triangulate 20 3D points with 33 left, 0 reset, 0 outtime and 0 outliers
I20230205 21:23:13.389261 1315449 tracking.cc:687] Add 63 new features to 125
I20230205 21:23:13.389403 1315449 ic_gvins.cc:589] Tracking cost 12.9024 ms
I20230205 21:23:13.394883 1315448 ic_gvins.cc:787] Insert keyframe 30 at 364460.676167 with 20 new mappoints
I20230205 21:23:13.395072 1315448 ic_gvins.cc:792] Add new keyframe time node at 364460.676167
I20230205 21:23:13.395094 1315450 ic_gvins.cc:1893] Total 12 pose states from 364459.577653 to 364460.676167
I20230205 21:23:13.397768 1315450 ic_gvins.cc:1217] Add 11 preintegration, 1 GNSS, 582 reprojection
I20230205 21:23:13.409826 1315450 ic_gvins.cc:1226] Ceres Solver Report: Iterations: 6, Initial cost: 1.242814e+02, Final cost: 1.034184e+02, Termination: NO_CONVERGENCE
I20230205 21:23:13.410118 1315450 ic_gvins.cc:1336] Remove 1 reprojection factors
I20230205 21:23:13.433024 1315450 ic_gvins.cc:1260] Ceres Solver Report: Iterations: 13, Initial cost: 9.942890e+01, Final cost: 9.907096e+01, Termination: CONVERGENCE
I20230205 21:23:13.433352 1315450 ic_gvins.cc:1164] Culled 2 mappoint with 1 bad observed features 0, 0, 2
I20230205 21:23:13.433717 1315450 ic_gvins.cc:1470] Marginalize 1 states, last time 364459.676136
I20230205 21:23:13.435814 1315450 ic_gvins.cc:514] Optimization costs 40.7305 ms with 12.0719 and 22.9396 with marginalization costs 2.06761
I20230205 21:23:13.444913 1315448 misc.cc:220] Redo INS mechanization at 364460.676167 to 364460.747284 is 0.0711174 s
I20230205 21:23:13.489251 1315449 tracking.cc:452] Track 73 map points
I20230205 21:23:13.502821 1315449 tracking.cc:571] Track 57 reference points
I20230205 21:23:13.502876 1315449 tracking.cc:279] Keyframe at 364460.776452, mappoints 73, interval 0.100286, parallax 16.563
I20230205 21:23:13.503253 1315449 tracking.cc:795] Triangulate 22 3D points with 33 left, 0 reset, 2 outtime and 0 outliers
I20230205 21:23:13.518400 1315449 tracking.cc:687] Add 59 new features to 128
I20230205 21:23:13.518818 1315449 ic_gvins.cc:589] Tracking cost 43.0197 ms
I20230205 21:23:13.525132 1315448 ic_gvins.cc:787] Insert keyframe 31 at 364460.776452 with 22 new mappoints
I20230205 21:23:13.526108 1315448 ic_gvins.cc:792] Add new keyframe time node at 364460.776452
I20230205 21:23:13.526221 1315450 ic_gvins.cc:1893] Total 12 pose states from 364459.676136 to 364460.776452
I20230205 21:23:13.534162 1315450 ic_gvins.cc:1217] Add 11 preintegration, 1 GNSS, 529 reprojection
I20230205 21:23:13.570243 1315450 ic_gvins.cc:1226] Ceres Solver Report: Iterations: 6, Initial cost: 9.449143e+01, Final cost: 7.833681e+01, Termination: NO_CONVERGENCE
I20230205 21:23:13.571126 1315450 ic_gvins.cc:1336] Remove 0 reprojection factors
I20230205 21:23:13.592084 1315449 tracking.cc:452] Track 81 map points
I20230205 21:23:13.604120 1315449 tracking.cc:571] Track 54 reference points
I20230205 21:23:13.604192 1315449 tracking.cc:279] Keyframe at 364460.875942, mappoints 81, interval 0.0994899, parallax 17.469
I20230205 21:23:13.604697 1315449 tracking.cc:795] Triangulate 24 3D points with 30 left, 0 reset, 0 outtime and 0 outliers
I20230205 21:23:13.620590 1315449 tracking.cc:687] Add 47 new features to 135
I20230205 21:23:13.620945 1315449 ic_gvins.cc:589] Tracking cost 42.1932 ms
I20230205 21:23:13.641397 1315450 ic_gvins.cc:1260] Ceres Solver Report: Iterations: 9, Initial cost: 7.833681e+01, Final cost: 7.831837e+01, Termination: CONVERGENCE
I20230205 21:23:13.642414 1315450 ic_gvins.cc:1164] Culled 0 mappoint with 0 bad observed features 0, 0, 0
I20230205 21:23:13.643513 1315450 ic_gvins.cc:1470] Marginalize 1 states, last time 364459.776033
I20230205 21:23:13.649937 1315450 ic_gvins.cc:514] Optimization costs 123.754 ms with 36.1042 and 70.2552 with marginalization costs 6.09965
I20230205 21:23:13.655056 1315448 misc.cc:220] Redo INS mechanization at 364460.776452 to 364460.957251 is 0.180798 s
I20230205 21:23:13.655144 1315448 ic_gvins.cc:787] Insert keyframe 32 at 364460.875942 with 24 new mappoints
I20230205 21:23:13.655712 1315448 ic_gvins.cc:792] Add new keyframe time node at 364460.875942
I20230205 21:23:13.655825 1315450 ic_gvins.cc:1893] Total 12 pose states from 364459.776033 to 364460.875942
I20230205 21:23:13.664355 1315450 ic_gvins.cc:1217] Add 11 preintegration, 1 GNSS, 600 reprojection
I20230205 21:23:13.691434 1315449 tracking.cc:452] Track 84 map points
I20230205 21:23:13.704922 1315449 tracking.cc:571] Track 40 reference points
I20230205 21:23:13.704975 1315449 tracking.cc:279] Keyframe at 364460.976176, mappoints 84, interval 0.100234, parallax 16.6236
I20230205 21:23:13.705303 1315449 tracking.cc:795] Triangulate 20 3D points with 20 left, 0 reset, 0 outtime and 0 outliers
I20230205 21:23:13.707512 1315450 ic_gvins.cc:1226] Ceres Solver Report: Iterations: 6, Initial cost: 8.607385e+01, Final cost: 8.189624e+01, Termination: NO_CONVERGENCE
I20230205 21:23:13.708417 1315450 ic_gvins.cc:1336] Remove 0 reprojection factors
I20230205 21:23:13.719753 1315449 tracking.cc:687] Add 63 new features to 124
I20230205 21:23:13.720088 1315449 ic_gvins.cc:589] Tracking cost 44.7134 ms
I20230205 21:23:13.788630 1315449 tracking.cc:452] Track 91 map points
I20230205 21:23:13.795341 1315449 tracking.cc:571] Track 39 reference points
I20230205 21:23:13.795377 1315449 tracking.cc:279] Keyframe at 364461.076212, mappoints 91, interval 0.100036, parallax 16.9477
I20230205 21:23:13.795598 1315449 tracking.cc:795] Triangulate 19 3D points with 20 left, 0 reset, 0 outtime and 0 outliers
I20230205 21:23:13.802830 1315449 tracking.cc:687] Add 56 new features to 130
I20230205 21:23:13.803086 1315449 ic_gvins.cc:589] Tracking cost 24.3322 ms
I20230205 21:23:13.808233 1315450 ic_gvins.cc:1260] Ceres Solver Report: Iterations: 15, Initial cost: 8.189624e+01, Final cost: 8.187628e+01, Termination: CONVERGENCE
I20230205 21:23:13.808779 1315450 ic_gvins.cc:1164] Culled 1 mappoint with 0 bad observed features 0, 0, 1
I20230205 21:23:13.809310 1315450 ic_gvins.cc:1470] Marginalize 1 states, last time 364459.975861
I20230205 21:23:13.811558 1315450 ic_gvins.cc:514] Optimization costs 155.751 ms with 43.1818 and 99.7994 with marginalization costs 2.13677
I20230205 21:23:13.814852 1315448 misc.cc:220] Redo INS mechanization at 364460.875942 to 364461.117309 is 0.241367 s
I20230205 21:23:13.814893 1315448 ic_gvins.cc:787] Insert keyframe 33 at 364460.976176 with 20 new mappoints
I20230205 21:23:13.815080 1315448 ic_gvins.cc:792] Add new keyframe time node at 364460.976176
I20230205 21:23:13.815088 1315448 ic_gvins.cc:787] Insert keyframe 34 at 364461.076212 with 19 new mappoints
I20230205 21:23:13.815256 1315448 ic_gvins.cc:792] Add new keyframe time node at 364461.076212
I20230205 21:23:13.815276 1315450 ic_gvins.cc:1893] Total 13 pose states from 364459.975861 to 364461.076212
I20230205 21:23:13.818769 1315450 ic_gvins.cc:1217] Add 12 preintegration, 1 GNSS, 755 reprojection
I20230205 21:23:13.834734 1315450 ic_gvins.cc:1226] Ceres Solver Report: Iterations: 6, Initial cost: 1.269837e+02, Final cost: 1.090335e+02, Termination: NO_CONVERGENCE
I20230205 21:23:13.835158 1315450 ic_gvins.cc:1336] Remove 0 reprojection factors
I20230205 21:23:13.839834 1315450 ic_gvins.cc:1260] Ceres Solver Report: Iterations: 1, Initial cost: 1.090335e+02, Final cost: 1.090335e+02, Termination: CONVERGENCE
I20230205 21:23:13.840319 1315450 ic_gvins.cc:1164] Culled 1 mappoint with 0 bad observed features 0, 0, 1
I20230205 21:23:13.840879 1315450 ic_gvins.cc:1470] Marginalize 1 states, last time 364460.075828
I20230205 21:23:13.843768 1315450 ic_gvins.cc:1470] Marginalize 2 states, last time 364460.176252
I20230205 21:23:13.848448 1315450 ic_gvins.cc:514] Optimization costs 33.1893 ms with 15.9847 and 4.6778 with marginalization costs 7.48478
I20230205 21:23:13.854846 1315448 misc.cc:220] Redo INS mechanization at 364461.076212 to 364461.157247 is 0.0810344 s
I20230205 21:23:13.880260 1315449 tracking.cc:452] Track 64 map points
I20230205 21:23:13.883659 1315449 tracking.cc:571] Track 29 reference points
I20230205 21:23:13.883692 1315449 tracking.cc:279] Keyframe at 364461.176019, mappoints 64, interval 0.0998067, parallax 18.098
I20230205 21:23:13.883776 1315449 tracking.cc:795] Triangulate 7 3D points with 12 left, 0 reset, 10 outtime and 0 outliers
I20230205 21:23:13.890776 1315449 tracking.cc:687] Add 107 new features to 83
I20230205 21:23:13.890923 1315449 ic_gvins.cc:589] Tracking cost 15.3402 ms
I20230205 21:23:13.894850 1315448 ic_gvins.cc:787] Insert keyframe 35 at 364461.176019 with 7 new mappoints
I20230205 21:23:13.895059 1315448 ic_gvins.cc:792] Add new keyframe time node at 364461.176019
I20230205 21:23:13.895076 1315448 ic_gvins.cc:937] Add new GNSS time node 364461.131858
I20230205 21:23:13.895301 1315450 ic_gvins.cc:1893] Total 12 pose states from 364460.176252 to 364461.176019
I20230205 21:23:13.897799 1315450 ic_gvins.cc:1217] Add 11 preintegration, 1 GNSS, 519 reprojection
I20230205 21:23:13.909462 1315450 ic_gvins.cc:1226] Ceres Solver Report: Iterations: 6, Initial cost: 9.105285e+01, Final cost: 8.153231e+01, Termination: NO_CONVERGENCE
I20230205 21:23:13.909881 1315450 ic_gvins.cc:1336] Remove 2 reprojection factors
I20230205 21:23:13.939738 1315450 ic_gvins.cc:1260] Ceres Solver Report: Iterations: 14, Initial cost: 7.755529e+01, Final cost: 7.592090e+01, Termination: CONVERGENCE
I20230205 21:23:13.940099 1315450 ic_gvins.cc:1164] Culled 1 mappoint with 1 bad observed features 0, 0, 1
I20230205 21:23:13.940508 1315450 ic_gvins.cc:1470] Marginalize 1 states, last time 364460.276065
I20230205 21:23:13.942821 1315450 ic_gvins.cc:514] Optimization costs 47.5324 ms with 11.6841 and 29.8226 with marginalization costs 2.22846
I20230205 21:23:13.944851 1315448 misc.cc:220] Redo INS mechanization at 364461.176019 to 364461.247283 is 0.0712636 s
I20230205 21:23:13.991494 1315449 tracking.cc:452] Track 52 map points
I20230205 21:23:14.002012 1315449 tracking.cc:571] Track 69 reference points
I20230205 21:23:14.002060 1315449 tracking.cc:279] Keyframe at 364461.275825, mappoints 52, interval 0.0998058, parallax 15.9041
I20230205 21:23:14.002476 1315449 tracking.cc:795] Triangulate 22 3D points with 46 left, 0 reset, 1 outtime and 0 outliers
I20230205 21:23:14.020179 1315449 tracking.cc:687] Add 70 new features to 120
I20230205 21:23:14.020521 1315449 ic_gvins.cc:589] Tracking cost 40.7549 ms
I20230205 21:23:14.025127 1315448 ic_gvins.cc:787] Insert keyframe 36 at 364461.275825 with 22 new mappoints
I20230205 21:23:14.025736 1315448 ic_gvins.cc:792] Add new keyframe time node at 364461.275825
I20230205 21:23:14.025833 1315450 ic_gvins.cc:1893] Total 12 pose states from 364460.276065 to 364461.275825
I20230205 21:23:14.033594 1315450 ic_gvins.cc:1217] Add 11 preintegration, 1 GNSS, 511 reprojection
I20230205 21:23:14.071956 1315450 ic_gvins.cc:1226] Ceres Solver Report: Iterations: 6, Initial cost: 1.051539e+02, Final cost: 8.179613e+01, Termination: NO_CONVERGENCE
I20230205 21:23:14.072844 1315450 ic_gvins.cc:1336] Remove 0 reprojection factors
I20230205 21:23:14.083613 1315450 ic_gvins.cc:1260] Ceres Solver Report: Iterations: 1, Initial cost: 8.179613e+01, Final cost: 8.179613e+01, Termination: CONVERGENCE
I20230205 21:23:14.084738 1315450 ic_gvins.cc:1164] Culled 1 mappoint with 0 bad observed features 0, 0, 1
I20230205 21:23:14.085542 1315449 tracking.cc:452] Track 56 map points
I20230205 21:23:14.086067 1315450 ic_gvins.cc:1470] Marginalize 1 states, last time 364460.376153
I20230205 21:23:14.091897 1315450 ic_gvins.cc:514] Optimization costs 66.0941 ms with 38.3884 and 10.7952 with marginalization costs 5.82144
I20230205 21:23:14.094347 1315449 tracking.cc:571] Track 71 reference points
I20230205 21:23:14.094372 1315449 tracking.cc:279] Keyframe at 364461.376006, mappoints 56, interval 0.100181, parallax 20.15
I20230205 21:23:14.094625 1315449 tracking.cc:795] Triangulate 25 3D points with 44 left, 0 reset, 2 outtime and 0 outliers
I20230205 21:23:14.094836 1315448 misc.cc:220] Redo INS mechanization at 364461.275825 to 364461.397238 is 0.121414 s
I20230205 21:23:14.102561 1315449 tracking.cc:687] Add 64 new features to 125
I20230205 21:23:14.102823 1315449 ic_gvins.cc:589] Tracking cost 27.4488 ms
I20230205 21:23:14.104804 1315448 ic_gvins.cc:787] Insert keyframe 37 at 364461.376006 with 25 new mappoints
I20230205 21:23:14.105125 1315448 ic_gvins.cc:792] Add new keyframe time node at 364461.376006
I20230205 21:23:14.105194 1315450 ic_gvins.cc:1893] Total 12 pose states from 364460.376153 to 364461.376006
I20230205 21:23:14.109131 1315450 ic_gvins.cc:1217] Add 11 preintegration, 1 GNSS, 507 reprojection
I20230205 21:23:14.127611 1315450 ic_gvins.cc:1226] Ceres Solver Report: Iterations: 6, Initial cost: 1.033036e+02, Final cost: 8.626195e+01, Termination: NO_CONVERGENCE
I20230205 21:23:14.128065 1315450 ic_gvins.cc:1336] Remove 2 reprojection factors
I20230205 21:23:14.169350 1315450 ic_gvins.cc:1260] Ceres Solver Report: Iterations: 13, Initial cost: 7.765426e+01, Final cost: 7.641753e+01, Termination: CONVERGENCE
I20230205 21:23:14.169800 1315450 ic_gvins.cc:1164] Culled 0 mappoint with 1 bad observed features 0, 0, 0
I20230205 21:23:14.170284 1315450 ic_gvins.cc:1470] Marginalize 1 states, last time 364460.476268
I20230205 21:23:14.172732 1315450 ic_gvins.cc:514] Optimization costs 67.556 ms with 18.4984 and 41.2949 with marginalization costs 2.38281
I20230205 21:23:14.177987 1315448 misc.cc:220] Redo INS mechanization at 364461.376006 to 364461.477238 is 0.101233 s
I20230205 21:23:14.182847 1315449 tracking.cc:452] Track 60 map points
I20230205 21:23:14.186708 1315449 tracking.cc:571] Track 56 reference points
I20230205 21:23:14.186731 1315449 tracking.cc:279] Keyframe at 364461.475903, mappoints 60, interval 0.0998967, parallax 20.132
I20230205 21:23:14.186880 1315449 tracking.cc:795] Triangulate 23 3D points with 33 left, 0 reset, 0 outtime and 0 outliers
I20230205 21:23:14.192153 1315449 tracking.cc:687] Add 74 new features to 116
I20230205 21:23:14.192304 1315449 ic_gvins.cc:589] Tracking cost 13.7177 ms
I20230205 21:23:14.194844 1315448 ic_gvins.cc:787] Insert keyframe 38 at 364461.475903 with 23 new mappoints
I20230205 21:23:14.195055 1315448 ic_gvins.cc:792] Add new keyframe time node at 364461.475903
I20230205 21:23:14.195122 1315450 ic_gvins.cc:1893] Total 12 pose states from 364460.476268 to 364461.475903
I20230205 21:23:14.197890 1315450 ic_gvins.cc:1217] Add 11 preintegration, 1 GNSS, 528 reprojection
I20230205 21:23:14.211728 1315450 ic_gvins.cc:1226] Ceres Solver Report: Iterations: 6, Initial cost: 1.221986e+02, Final cost: 9.710718e+01, Termination: NO_CONVERGENCE
I20230205 21:23:14.212036 1315450 ic_gvins.cc:1336] Remove 2 reprojection factors
I20230205 21:23:14.239215 1315450 ic_gvins.cc:1260] Ceres Solver Report: Iterations: 12, Initial cost: 8.433797e+01, Final cost: 8.430158e+01, Termination: CONVERGENCE
I20230205 21:23:14.239626 1315450 ic_gvins.cc:1164] Culled 2 mappoint with 2 bad observed features 0, 1, 1
I20230205 21:23:14.240059 1315450 ic_gvins.cc:1470] Marginalize 1 states, last time 364460.576340
I20230205 21:23:14.242422 1315450 ic_gvins.cc:514] Optimization costs 47.3148 ms with 13.8577 and 27.1943 with marginalization costs 2.28415
I20230205 21:23:14.244765 1315448 misc.cc:220] Redo INS mechanization at 364461.475903 to 364461.547235 is 0.0713325 s
I20230205 21:23:14.289789 1315449 tracking.cc:452] Track 68 map points
I20230205 21:23:14.302186 1315449 tracking.cc:571] Track 57 reference points
I20230205 21:23:14.302237 1315449 tracking.cc:279] Keyframe at 364461.575873, mappoints 68, interval 0.0999701, parallax 18.6016
I20230205 21:23:14.302659 1315449 tracking.cc:795] Triangulate 22 3D points with 35 left, 0 reset, 0 outtime and 0 outliers
I20230205 21:23:14.318313 1315449 tracking.cc:687] Add 66 new features to 125
I20230205 21:23:14.318694 1315449 ic_gvins.cc:589] Tracking cost 43.4173 ms
I20230205 21:23:14.325218 1315448 ic_gvins.cc:787] Insert keyframe 39 at 364461.575873 with 22 new mappoints
I20230205 21:23:14.326357 1315448 ic_gvins.cc:792] Add new keyframe time node at 364461.575873
I20230205 21:23:14.326443 1315450 ic_gvins.cc:1893] Total 12 pose states from 364460.576340 to 364461.575873
I20230205 21:23:14.337397 1315450 ic_gvins.cc:1217] Add 11 preintegration, 1 GNSS, 530 reprojection
I20230205 21:23:14.373488 1315450 ic_gvins.cc:1226] Ceres Solver Report: Iterations: 6, Initial cost: 1.029310e+02, Final cost: 8.317068e+01, Termination: NO_CONVERGENCE
I20230205 21:23:14.374477 1315450 ic_gvins.cc:1336] Remove 0 reprojection factors
I20230205 21:23:14.381649 1315450 ic_gvins.cc:1260] Ceres Solver Report: Iterations: 1, Initial cost: 8.317068e+01, Final cost: 8.317068e+01, Termination: CONVERGENCE
I20230205 21:23:14.382371 1315450 ic_gvins.cc:1164] Culled 1 mappoint with 0 bad observed features 0, 0, 1
I20230205 21:23:14.384186 1315450 ic_gvins.cc:1470] Marginalize 1 states, last time 364460.676167
I20230205 21:23:14.386193 1315449 tracking.cc:452] Track 78 map points
I20230205 21:23:14.388833 1315450 ic_gvins.cc:514] Optimization costs 62.4177 ms with 36.0968 and 7.16338 with marginalization costs 4.59303
I20230205 21:23:14.390679 1315449 tracking.cc:571] Track 50 reference points
I20230205 21:23:14.390707 1315449 tracking.cc:279] Keyframe at 364461.675902, mappoints 78, interval 0.100029, parallax 19.8689
I20230205 21:23:14.390933 1315449 tracking.cc:795] Triangulate 25 3D points with 25 left, 0 reset, 0 outtime and 0 outliers
I20230205 21:23:14.394896 1315448 misc.cc:220] Redo INS mechanization at 364461.575873 to 364461.697269 is 0.121396 s
I20230205 21:23:14.397616 1315449 tracking.cc:687] Add 60 new features to 128
I20230205 21:23:14.397786 1315449 ic_gvins.cc:589] Tracking cost 18.5173 ms
I20230205 21:23:14.404927 1315448 ic_gvins.cc:787] Insert keyframe 40 at 364461.675902 with 25 new mappoints
I20230205 21:23:14.405190 1315448 ic_gvins.cc:792] Add new keyframe time node at 364461.675902
I20230205 21:23:14.405257 1315450 ic_gvins.cc:1893] Total 12 pose states from 364460.676167 to 364461.675902
I20230205 21:23:14.409387 1315450 ic_gvins.cc:1217] Add 11 preintegration, 1 GNSS, 536 reprojection
I20230205 21:23:14.425256 1315450 ic_gvins.cc:1226] Ceres Solver Report: Iterations: 6, Initial cost: 1.036326e+02, Final cost: 7.899625e+01, Termination: NO_CONVERGENCE
I20230205 21:23:14.425668 1315450 ic_gvins.cc:1336] Remove 0 reprojection factors
I20230205 21:23:14.454725 1315450 ic_gvins.cc:1260] Ceres Solver Report: Iterations: 13, Initial cost: 7.899625e+01, Final cost: 7.896955e+01, Termination: CONVERGENCE
I20230205 21:23:14.455078 1315450 ic_gvins.cc:1164] Culled 0 mappoint with 0 bad observed features 0, 0, 0
I20230205 21:23:14.455453 1315450 ic_gvins.cc:1470] Marginalize 1 states, last time 364460.776452
I20230205 21:23:14.457798 1315450 ic_gvins.cc:514] Optimization costs 52.5525 ms with 15.8721 and 29.0544 with marginalization costs 2.28184
I20230205 21:23:14.464820 1315448 misc.cc:220] Redo INS mechanization at 364461.675902 to 364461.767222 is 0.0913208 s
I20230205 21:23:14.479110 1315449 tracking.cc:452] Track 72 map points
I20230205 21:23:14.482702 1315449 tracking.cc:571] Track 41 reference points
I20230205 21:23:14.482736 1315449 tracking.cc:279] Keyframe at 364461.775905, mappoints 72, interval 0.100003, parallax 16.141
I20230205 21:23:14.482856 1315449 tracking.cc:795] Triangulate 19 3D points with 22 left, 0 reset, 0 outtime and 0 outliers
I20230205 21:23:14.489392 1315449 tracking.cc:687] Add 75 new features to 113
I20230205 21:23:14.489542 1315449 ic_gvins.cc:589] Tracking cost 14.1945 ms
I20230205 21:23:14.494843 1315448 ic_gvins.cc:787] Insert keyframe 41 at 364461.775905 with 19 new mappoints
I20230205 21:23:14.495040 1315448 ic_gvins.cc:792] Add new keyframe time node at 364461.775905
I20230205 21:23:14.495110 1315450 ic_gvins.cc:1893] Total 12 pose states from 364460.776452 to 364461.775905
I20230205 21:23:14.497491 1315450 ic_gvins.cc:1217] Add 11 preintegration, 1 GNSS, 524 reprojection
I20230205 21:23:14.507923 1315450 ic_gvins.cc:1226] Ceres Solver Report: Iterations: 6, Initial cost: 8.936045e+01, Final cost: 7.708041e+01, Termination: NO_CONVERGENCE
I20230205 21:23:14.508184 1315450 ic_gvins.cc:1336] Remove 0 reprojection factors
I20230205 21:23:14.511276 1315450 ic_gvins.cc:1260] Ceres Solver Report: Iterations: 1, Initial cost: 7.708041e+01, Final cost: 7.708041e+01, Termination: CONVERGENCE
I20230205 21:23:14.511616 1315450 ic_gvins.cc:1164] Culled 0 mappoint with 0 bad observed features 0, 0, 0
I20230205 21:23:14.512001 1315450 ic_gvins.cc:1470] Marginalize 1 states, last time 364460.875942
I20230205 21:23:14.514235 1315450 ic_gvins.cc:514] Optimization costs 19.1334 ms with 10.4477 and 3.0971 with marginalization costs 2.16604
I20230205 21:23:14.514760 1315448 misc.cc:220] Redo INS mechanization at 364461.775905 to 364461.817211 is 0.0413064 s
I20230205 21:23:14.590626 1315449 tracking.cc:452] Track 76 map points
I20230205 21:23:14.602085 1315449 tracking.cc:571] Track 56 reference points
I20230205 21:23:14.602138 1315449 tracking.cc:279] Keyframe at 364461.875928, mappoints 76, interval 0.100023, parallax 20.3592
I20230205 21:23:14.602682 1315449 tracking.cc:795] Triangulate 31 3D points with 25 left, 0 reset, 0 outtime and 0 outliers
I20230205 21:23:14.618074 1315449 tracking.cc:687] Add 56 new features to 132
I20230205 21:23:14.618490 1315449 ic_gvins.cc:589] Tracking cost 39.131 ms
I20230205 21:23:14.625042 1315448 ic_gvins.cc:787] Insert keyframe 42 at 364461.875928 with 31 new mappoints
I20230205 21:23:14.625694 1315448 ic_gvins.cc:792] Add new keyframe time node at 364461.875928
I20230205 21:23:14.625783 1315450 ic_gvins.cc:1893] Total 12 pose states from 364460.875942 to 364461.875928
I20230205 21:23:14.635574 1315450 ic_gvins.cc:1217] Add 11 preintegration, 1 GNSS, 552 reprojection
I20230205 21:23:14.674846 1315450 ic_gvins.cc:1226] Ceres Solver Report: Iterations: 6, Initial cost: 1.200799e+02, Final cost: 8.189978e+01, Termination: NO_CONVERGENCE
I20230205 21:23:14.675781 1315450 ic_gvins.cc:1336] Remove 0 reprojection factors
I20230205 21:23:14.687683 1315449 tracking.cc:452] Track 82 map points
I20230205 21:23:14.687937 1315450 ic_gvins.cc:1260] Ceres Solver Report: Iterations: 1, Initial cost: 8.189978e+01, Final cost: 8.189978e+01, Termination: CONVERGENCE
I20230205 21:23:14.688863 1315450 ic_gvins.cc:1164] Culled 1 mappoint with 0 bad observed features 0, 0, 1
I20230205 21:23:14.690260 1315450 ic_gvins.cc:1470] Marginalize 1 states, last time 364460.976176
I20230205 21:23:14.694041 1315450 ic_gvins.cc:514] Optimization costs 68.2927 ms with 39.2882 and 12.1575 with marginalization costs 3.52757
I20230205 21:23:14.694940 1315448 misc.cc:220] Redo INS mechanization at 364461.875928 to 364461.997251 is 0.121323 s
I20230205 21:23:14.695436 1315449 tracking.cc:571] Track 45 reference points
I20230205 21:23:14.695454 1315449 tracking.cc:279] Keyframe at 364461.976152, mappoints 82, interval 0.100224, parallax 18.2704
I20230205 21:23:14.695592 1315449 tracking.cc:795] Triangulate 19 3D points with 26 left, 0 reset, 0 outtime and 0 outliers
I20230205 21:23:14.702553 1315449 tracking.cc:687] Add 63 new features to 127
I20230205 21:23:14.702744 1315449 ic_gvins.cc:589] Tracking cost 26.997 ms
I20230205 21:23:14.704720 1315448 ic_gvins.cc:787] Insert keyframe 43 at 364461.976152 with 19 new mappoints
I20230205 21:23:14.704963 1315448 ic_gvins.cc:792] Add new keyframe time node at 364461.976152
I20230205 21:23:14.705036 1315450 ic_gvins.cc:1893] Total 12 pose states from 364460.976176 to 364461.976152
I20230205 21:23:14.708753 1315450 ic_gvins.cc:1217] Add 11 preintegration, 1 GNSS, 593 reprojection
I20230205 21:23:14.725703 1315450 ic_gvins.cc:1226] Ceres Solver Report: Iterations: 6, Initial cost: 9.871602e+01, Final cost: 8.152177e+01, Termination: NO_CONVERGENCE
I20230205 21:23:14.726281 1315450 ic_gvins.cc:1336] Remove 0 reprojection factors
I20230205 21:23:14.731530 1315450 ic_gvins.cc:1260] Ceres Solver Report: Iterations: 1, Initial cost: 8.152177e+01, Final cost: 8.152177e+01, Termination: CONVERGENCE
I20230205 21:23:14.732043 1315450 ic_gvins.cc:1164] Culled 0 mappoint with 0 bad observed features 0, 0, 0
I20230205 21:23:14.732895 1315450 ic_gvins.cc:1470] Marginalize 1 states, last time 364461.076212
I20230205 21:23:14.735608 1315450 ic_gvins.cc:514] Optimization costs 30.5868 ms with 16.9741 and 5.25452 with marginalization costs 2.66671
I20230205 21:23:14.744868 1315448 misc.cc:220] Redo INS mechanization at 364461.976152 to 364462.047228 is 0.071076 s
I20230205 21:23:14.781884 1315449 tracking.cc:452] Track 87 map points
I20230205 21:23:14.786123 1315449 tracking.cc:571] Track 39 reference points
I20230205 21:23:14.786149 1315449 tracking.cc:279] Keyframe at 364462.076323, mappoints 87, interval 0.100172, parallax 20.2572
I20230205 21:23:14.786274 1315449 tracking.cc:795] Triangulate 14 3D points with 25 left, 0 reset, 0 outtime and 0 outliers
I20230205 21:23:14.792486 1315449 tracking.cc:687] Add 61 new features to 126
I20230205 21:23:14.792660 1315449 ic_gvins.cc:589] Tracking cost 16.7545 ms
I20230205 21:23:14.794924 1315448 ic_gvins.cc:787] Insert keyframe 44 at 364462.076323 with 14 new mappoints
I20230205 21:23:14.795253 1315448 ic_gvins.cc:792] Add new keyframe time node at 364462.076323
I20230205 21:23:14.795338 1315450 ic_gvins.cc:1893] Total 12 pose states from 364461.076212 to 364462.076323
I20230205 21:23:14.799183 1315450 ic_gvins.cc:1217] Add 11 preintegration, 1 GNSS, 637 reprojection
I20230205 21:23:14.816895 1315450 ic_gvins.cc:1226] Ceres Solver Report: Iterations: 6, Initial cost: 1.027109e+02, Final cost: 8.878732e+01, Termination: NO_CONVERGENCE
I20230205 21:23:14.817338 1315450 ic_gvins.cc:1336] Remove 1 reprojection factors
I20230205 21:23:14.854046 1315450 ic_gvins.cc:1260] Ceres Solver Report: Iterations: 16, Initial cost: 8.668740e+01, Final cost: 8.664032e+01, Termination: NO_CONVERGENCE
I20230205 21:23:14.854364 1315450 ic_gvins.cc:1164] Culled 3 mappoint with 0 bad observed features 0, 0, 3
I20230205 21:23:14.854874 1315450 ic_gvins.cc:1470] Marginalize 2 states, last time 364461.176019
I20230205 21:23:14.856266 1315450 ic_gvins.cc:514] Optimization costs 60.9369 ms with 17.6872 and 36.7134 with marginalization costs 1.3439
I20230205 21:23:14.864840 1315448 misc.cc:220] Redo INS mechanization at 364462.076323 to 364462.167205 is 0.0908818 s
I20230205 21:23:14.878971 1315449 tracking.cc:452] Track 76 map points
I20230205 21:23:14.881053 1315449 tracking.cc:571] Track 50 reference points
I20230205 21:23:14.881070 1315449 tracking.cc:279] Keyframe at 364462.176206, mappoints 76, interval 0.0998827, parallax 19.0771
I20230205 21:23:14.881171 1315449 tracking.cc:795] Triangulate 24 3D points with 26 left, 0 reset, 0 outtime and 0 outliers
I20230205 21:23:14.885605 1315449 tracking.cc:687] Add 63 new features to 126
I20230205 21:23:14.885828 1315449 ic_gvins.cc:589] Tracking cost 10.1123 ms
I20230205 21:23:14.894809 1315448 ic_gvins.cc:787] Insert keyframe 45 at 364462.176206 with 24 new mappoints
I20230205 21:23:14.894949 1315448 ic_gvins.cc:792] Add new keyframe time node at 364462.176206
I20230205 21:23:14.894958 1315448 ic_gvins.cc:937] Add new GNSS time node 364462.130587
I20230205 21:23:14.895121 1315450 ic_gvins.cc:1893] Total 12 pose states from 364461.176019 to 364462.176206
I20230205 21:23:14.897204 1315450 ic_gvins.cc:1217] Add 11 preintegration, 1 GNSS, 674 reprojection
I20230205 21:23:14.906322 1315450 ic_gvins.cc:1226] Ceres Solver Report: Iterations: 6, Initial cost: 1.071026e+02, Final cost: 8.111897e+01, Termination: NO_CONVERGENCE
I20230205 21:23:14.906342 1315450 ic_gvins.cc:1307] Detect 1 GNSS outliers at 364462.176206
I20230205 21:23:14.906580 1315450 ic_gvins.cc:1336] Remove 0 reprojection factors
I20230205 21:23:14.929414 1315450 ic_gvins.cc:1260] Ceres Solver Report: Iterations: 14, Initial cost: 7.991949e+01, Final cost: 7.917673e+01, Termination: CONVERGENCE
I20230205 21:23:14.929723 1315450 ic_gvins.cc:1164] Culled 0 mappoint with 0 bad observed features 0, 0, 0
I20230205 21:23:14.930184 1315450 ic_gvins.cc:1470] Marginalize 1 states, last time 364461.275825
I20230205 21:23:14.932705 1315450 ic_gvins.cc:514] Optimization costs 37.5915 ms with 9.12923 and 22.8418 with marginalization costs 2.50026
I20230205 21:23:14.934800 1315448 misc.cc:220] Redo INS mechanization at 364462.176206 to 364462.237269 is 0.0610632 s
I20230205 21:23:14.989511 1315449 tracking.cc:452] Track 67 map points
I20230205 21:23:14.995024 1315449 tracking.cc:571] Track 45 reference points
I20230205 21:23:14.995055 1315449 tracking.cc:279] Keyframe at 364462.276179, mappoints 67, interval 0.0999726, parallax 23.5439
I20230205 21:23:14.995255 1315449 tracking.cc:795] Triangulate 20 3D points with 15 left, 0 reset, 10 outtime and 0 outliers
I20230205 21:23:15.003883 1315449 tracking.cc:687] Add 89 new features to 102
I20230205 21:23:15.004124 1315449 ic_gvins.cc:589] Tracking cost 27.036 ms
I20230205 21:23:15.004887 1315448 ic_gvins.cc:787] Insert keyframe 46 at 364462.276179 with 20 new mappoints
I20230205 21:23:15.005211 1315448 ic_gvins.cc:792] Add new keyframe time node at 364462.276179
I20230205 21:23:15.005286 1315450 ic_gvins.cc:1893] Total 12 pose states from 364461.275825 to 364462.276179
I20230205 21:23:15.010931 1315450 ic_gvins.cc:1217] Add 11 preintegration, 1 GNSS, 544 reprojection
I20230205 21:23:15.024845 1315450 ic_gvins.cc:1226] Ceres Solver Report: Iterations: 6, Initial cost: 9.067329e+01, Final cost: 7.254480e+01, Termination: NO_CONVERGENCE
I20230205 21:23:15.025190 1315450 ic_gvins.cc:1336] Remove 0 reprojection factors
I20230205 21:23:15.028693 1315450 ic_gvins.cc:1260] Ceres Solver Report: Iterations: 1, Initial cost: 7.335376e+01, Final cost: 7.335376e+01, Termination: CONVERGENCE
I20230205 21:23:15.029036 1315450 ic_gvins.cc:1164] Culled 1 mappoint with 0 bad observed features 0, 0, 1
I20230205 21:23:15.029451 1315450 ic_gvins.cc:1470] Marginalize 1 states, last time 364461.376006
I20230205 21:23:15.031762 1315450 ic_gvins.cc:514] Optimization costs 26.4935 ms with 13.9391 and 3.50397 with marginalization costs 2.19715
I20230205 21:23:15.034790 1315448 misc.cc:220] Redo INS mechanization at 364462.276179 to 364462.337205 is 0.0610264 s
I20230205 21:23:15.079226 1315449 tracking.cc:452] Track 54 map points
I20230205 21:23:15.082072 1315449 tracking.cc:571] Track 53 reference points
I20230205 21:23:15.082093 1315449 tracking.cc:279] Keyframe at 364462.376099, mappoints 54, interval 0.0999207, parallax 16.4383
I20230205 21:23:15.082197 1315449 tracking.cc:795] Triangulate 15 3D points with 37 left, 0 reset, 1 outtime and 0 outliers
I20230205 21:23:15.087325 1315449 tracking.cc:687] Add 82 new features to 106
I20230205 21:23:15.087641 1315449 ic_gvins.cc:589] Tracking cost 11.9532 ms
I20230205 21:23:15.094813 1315448 ic_gvins.cc:787] Insert keyframe 47 at 364462.376099 with 15 new mappoints
I20230205 21:23:15.094992 1315448 ic_gvins.cc:792] Add new keyframe time node at 364462.376099
I20230205 21:23:15.095058 1315450 ic_gvins.cc:1893] Total 12 pose states from 364461.376006 to 364462.376099
I20230205 21:23:15.097389 1315450 ic_gvins.cc:1217] Add 11 preintegration, 1 GNSS, 514 reprojection
I20230205 21:23:15.107831 1315450 ic_gvins.cc:1226] Ceres Solver Report: Iterations: 6, Initial cost: 7.984979e+01, Final cost: 6.648231e+01, Termination: NO_CONVERGENCE
I20230205 21:23:15.108081 1315450 ic_gvins.cc:1336] Remove 1 reprojection factors
I20230205 21:23:15.129938 1315450 ic_gvins.cc:1260] Ceres Solver Report: Iterations: 13, Initial cost: 6.503841e+01, Final cost: 6.496748e+01, Termination: CONVERGENCE
I20230205 21:23:15.130223 1315450 ic_gvins.cc:1164] Culled 0 mappoint with 0 bad observed features 0, 0, 0
I20230205 21:23:15.130596 1315450 ic_gvins.cc:1470] Marginalize 1 states, last time 364461.475903
I20230205 21:23:15.132200 1315450 ic_gvins.cc:514] Optimization costs 37.1521 ms with 10.453 and 21.8677 with marginalization costs 1.5321
I20230205 21:23:15.134932 1315448 misc.cc:220] Redo INS mechanization at 364462.376099 to 364462.437188 is 0.0610891 s
I20230205 21:23:15.173142 1315432 fusion_ros.cc:271] Raw data time in image recv image,imu,gnss 364462.474186, 364462.467195, 364462.130587
I20230205 21:23:15.188580 1315449 tracking.cc:452] Track 52 map points
I20230205 21:23:15.196595 1315449 tracking.cc:571] Track 62 reference points
I20230205 21:23:15.196640 1315449 tracking.cc:279] Keyframe at 364462.476181, mappoints 52, interval 0.100082, parallax 18.79
I20230205 21:23:15.196977 1315449 tracking.cc:795] Triangulate 28 3D points with 33 left, 0 reset, 1 outtime and 0 outliers
I20230205 21:23:15.206830 1315449 tracking.cc:687] Add 74 new features to 113
I20230205 21:23:15.207068 1315449 ic_gvins.cc:589] Tracking cost 27.2192 ms
I20230205 21:23:15.214948 1315448 ic_gvins.cc:787] Insert keyframe 48 at 364462.476181 with 28 new mappoints
I20230205 21:23:15.215370 1315448 ic_gvins.cc:792] Add new keyframe time node at 364462.476181
I20230205 21:23:15.215425 1315450 ic_gvins.cc:1893] Total 12 pose states from 364461.475903 to 364462.476181
I20230205 21:23:15.221936 1315450 ic_gvins.cc:1217] Add 11 preintegration, 1 GNSS, 527 reprojection
I20230205 21:23:15.243292 1315450 ic_gvins.cc:1226] Ceres Solver Report: Iterations: 6, Initial cost: 8.948319e+01, Final cost: 6.702275e+01, Termination: NO_CONVERGENCE
I20230205 21:23:15.243667 1315450 ic_gvins.cc:1336] Remove 1 reprojection factors
I20230205 21:23:15.265115 1315450 ic_gvins.cc:1260] Ceres Solver Report: Iterations: 10, Initial cost: 6.558078e+01, Final cost: 6.551905e+01, Termination: CONVERGENCE
I20230205 21:23:15.265473 1315450 ic_gvins.cc:1164] Culled 0 mappoint with 0 bad observed features 0, 0, 0
I20230205 21:23:15.265923 1315450 ic_gvins.cc:1470] Marginalize 1 states, last time 364461.575873
I20230205 21:23:15.267850 1315450 ic_gvins.cc:514] Optimization costs 52.4423 ms with 21.3516 and 21.4777 with marginalization costs 1.88997
I20230205 21:23:15.274684 1315448 misc.cc:220] Redo INS mechanization at 364462.476181 to 364462.577197 is 0.101016 s
I20230205 21:23:15.278257 1315449 tracking.cc:452] Track 60 map points
I20230205 21:23:15.280453 1315449 tracking.cc:571] Track 61 reference points
I20230205 21:23:15.280470 1315449 tracking.cc:279] Keyframe at 364462.576069, mappoints 60, interval 0.099888, parallax 18.4081
I20230205 21:23:15.280591 1315449 tracking.cc:795] Triangulate 27 3D points with 34 left, 0 reset, 0 outtime and 0 outliers
I20230205 21:23:15.285583 1315449 tracking.cc:687] Add 71 new features to 121
I20230205 21:23:15.285743 1315449 ic_gvins.cc:589] Tracking cost 10.5554 ms
I20230205 21:23:15.294761 1315448 ic_gvins.cc:787] Insert keyframe 49 at 364462.576069 with 27 new mappoints
I20230205 21:23:15.294904 1315448 ic_gvins.cc:792] Add new keyframe time node at 364462.576069
I20230205 21:23:15.294956 1315450 ic_gvins.cc:1893] Total 12 pose states from 364461.575873 to 364462.576069
I20230205 21:23:15.296895 1315450 ic_gvins.cc:1217] Add 11 preintegration, 1 GNSS, 528 reprojection
I20230205 21:23:15.305714 1315450 ic_gvins.cc:1226] Ceres Solver Report: Iterations: 6, Initial cost: 9.245266e+01, Final cost: 6.977212e+01, Termination: NO_CONVERGENCE
I20230205 21:23:15.305907 1315450 ic_gvins.cc:1336] Remove 1 reprojection factors
I20230205 21:23:15.324419 1315450 ic_gvins.cc:1260] Ceres Solver Report: Iterations: 14, Initial cost: 6.834773e+01, Final cost: 6.826422e+01, Termination: CONVERGENCE
I20230205 21:23:15.324731 1315450 ic_gvins.cc:1164] Culled 0 mappoint with 0 bad observed features 0, 0, 0
I20230205 21:23:15.325280 1315450 ic_gvins.cc:1470] Marginalize 1 states, last time 364461.675902
I20230205 21:23:15.326718 1315450 ic_gvins.cc:514] Optimization costs 31.7767 ms with 8.83075 and 18.5263 with marginalization costs 1.41202
I20230205 21:23:15.334741 1315448 misc.cc:220] Redo INS mechanization at 364462.576069 to 364462.637206 is 0.0611367 s
I20230205 21:23:15.382283 1315449 tracking.cc:452] Track 65 map points
I20230205 21:23:15.387089 1315449 tracking.cc:571] Track 51 reference points
I20230205 21:23:15.387113 1315449 tracking.cc:279] Keyframe at 364462.676059, mappoints 65, interval 0.0999905, parallax 17.5834
I20230205 21:23:15.387286 1315449 tracking.cc:795] Triangulate 25 3D points with 26 left, 0 reset, 0 outtime and 0 outliers
I20230205 21:23:15.392815 1315449 tracking.cc:687] Add 74 new features to 116
I20230205 21:23:15.393015 1315449 ic_gvins.cc:589] Tracking cost 15.4866 ms
I20230205 21:23:15.394878 1315448 ic_gvins.cc:787] Insert keyframe 50 at 364462.676059 with 25 new mappoints
I20230205 21:23:15.395119 1315448 ic_gvins.cc:792] Add new keyframe time node at 364462.676059
I20230205 21:23:15.395174 1315450 ic_gvins.cc:1893] Total 12 pose states from 364461.675902 to 364462.676059
I20230205 21:23:15.398948 1315450 ic_gvins.cc:1217] Add 11 preintegration, 1 GNSS, 562 reprojection
I20230205 21:23:15.412773 1315450 ic_gvins.cc:1226] Ceres Solver Report: Iterations: 6, Initial cost: 9.170675e+01, Final cost: 7.423090e+01, Termination: NO_CONVERGENCE
I20230205 21:23:15.413058 1315450 ic_gvins.cc:1336] Remove 1 reprojection factors
I20230205 21:23:15.434128 1315450 ic_gvins.cc:1260] Ceres Solver Report: Iterations: 13, Initial cost: 7.277990e+01, Final cost: 7.272656e+01, Termination: CONVERGENCE
I20230205 21:23:15.434465 1315450 ic_gvins.cc:1164] Culled 1 mappoint with 0 bad observed features 0, 0, 1
I20230205 21:23:15.434979 1315450 ic_gvins.cc:1470] Marginalize 1 states, last time 364461.775905
I20230205 21:23:15.436560 1315450 ic_gvins.cc:514] Optimization costs 41.3954 ms with 13.8342 and 21.0832 with marginalization costs 1.63163
I20230205 21:23:15.444983 1315448 misc.cc:220] Redo INS mechanization at 364462.676059 to 364462.747182 is 0.0711228 s
I20230205 21:23:15.490486 1315449 tracking.cc:452] Track 72 map points
I20230205 21:23:15.503870 1315449 tracking.cc:571] Track 45 reference points
I20230205 21:23:15.503926 1315449 tracking.cc:279] Keyframe at 364462.776065, mappoints 72, interval 0.100006, parallax 16.0961
I20230205 21:23:15.504292 1315449 tracking.cc:795] Triangulate 19 3D points with 25 left, 0 reset, 0 outtime and 1 outliers
I20230205 21:23:15.518819 1315449 tracking.cc:687] Add 74 new features to 116
I20230205 21:23:15.519186 1315449 ic_gvins.cc:589] Tracking cost 43.7858 ms
I20230205 21:23:15.525158 1315448 ic_gvins.cc:787] Insert keyframe 51 at 364462.776065 with 19 new mappoints
I20230205 21:23:15.525756 1315448 ic_gvins.cc:792] Add new keyframe time node at 364462.776065
I20230205 21:23:15.525818 1315450 ic_gvins.cc:1893] Total 12 pose states from 364461.775905 to 364462.776065
I20230205 21:23:15.537376 1315450 ic_gvins.cc:1217] Add 11 preintegration, 1 GNSS, 585 reprojection
I20230205 21:23:15.564266 1315450 ic_gvins.cc:1226] Ceres Solver Report: Iterations: 6, Initial cost: 4.908328e+02, Final cost: 7.357013e+01, Termination: NO_CONVERGENCE
I20230205 21:23:15.564782 1315450 ic_gvins.cc:1336] Remove 1 reprojection factors
