I20230205 21:23:15.585500 1315449 tracking.cc:452] Track 77 map points
I20230205 21:23:15.592263 1315449 tracking.cc:571] Track 40 reference points
I20230205 21:23:15.592305 1315449 tracking.cc:279] Keyframe at 364462.876095, mappoints 77, interval 0.100029, parallax 17.0001
I20230205 21:23:15.592519 1315449 tracking.cc:795] Triangulate 18 3D points with 22 left, 0 reset, 0 outtime and 0 outliers
I20230205 21:23:15.601226 1315449 tracking.cc:687] Add 72 new features to 117
I20230205 21:23:15.601469 1315449 ic_gvins.cc:589] Tracking cost 23.1431 ms
I20230205 21:23:15.610508 1315450 ic_gvins.cc:1260] Ceres Solver Report: Iterations: 9, Initial cost: 7.217403e+01, Final cost: 7.212142e+01, Termination: CONVERGENCE
I20230205 21:23:15.611395 1315450 ic_gvins.cc:1164] Culled 3 mappoint with 1 bad observed features 1, 1, 1
I20230205 21:23:15.612517 1315450 ic_gvins.cc:1470] Marginalize 1 states, last time 364461.875928
I20230205 21:23:15.617295 1315450 ic_gvins.cc:514] Optimization costs 91.501 ms with 26.8798 and 45.7782 with marginalization costs 4.88023
I20230205 21:23:15.624843 1315448 misc.cc:220] Redo INS mechanization at 364462.776065 to 364462.927186 is 0.151121 s
I20230205 21:23:15.624887 1315448 ic_gvins.cc:787] Insert keyframe 52 at 364462.876095 with 18 new mappoints
I20230205 21:23:15.625169 1315448 ic_gvins.cc:792] Add new keyframe time node at 364462.876095
I20230205 21:23:15.625244 1315450 ic_gvins.cc:1893] Total 12 pose states from 364461.875928 to 364462.876095
I20230205 21:23:15.629974 1315450 ic_gvins.cc:1217] Add 11 preintegration, 1 GNSS, 563 reprojection
I20230205 21:23:15.650903 1315450 ic_gvins.cc:1226] Ceres Solver Report: Iterations: 6, Initial cost: 8.670979e+01, Final cost: 7.757923e+01, Termination: NO_CONVERGENCE
I20230205 21:23:15.651705 1315450 ic_gvins.cc:1336] Remove 2 reprojection factors
I20230205 21:23:15.683676 1315449 tracking.cc:452] Track 75 map points
I20230205 21:23:15.692087 1315449 tracking.cc:571] Track 41 reference points
I20230205 21:23:15.692132 1315449 tracking.cc:279] Keyframe at 364462.975907, mappoints 75, interval 0.0998121, parallax 16.4375
I20230205 21:23:15.692329 1315449 tracking.cc:795] Triangulate 21 3D points with 20 left, 0 reset, 0 outtime and 0 outliers
I20230205 21:23:15.702325 1315449 tracking.cc:687] Add 72 new features to 116
I20230205 21:23:15.702569 1315449 ic_gvins.cc:589] Tracking cost 26.9518 ms
I20230205 21:23:15.709765 1315450 ic_gvins.cc:1260] Ceres Solver Report: Iterations: 14, Initial cost: 7.332032e+01, Final cost: 7.309173e+01, Termination: CONVERGENCE
I20230205 21:23:15.710376 1315450 ic_gvins.cc:1164] Culled 1 mappoint with 1 bad observed features 0, 0, 1
I20230205 21:23:15.711372 1315450 ic_gvins.cc:1470] Marginalize 1 states, last time 364461.976152
I20230205 21:23:15.715421 1315450 ic_gvins.cc:514] Optimization costs 90.1959 ms with 20.9684 and 58.0593 with marginalization costs 4.17293
I20230205 21:23:15.724821 1315448 misc.cc:220] Redo INS mechanization at 364462.876095 to 364463.027224 is 0.15113 s
I20230205 21:23:15.724872 1315448 ic_gvins.cc:787] Insert keyframe 53 at 364462.975907 with 21 new mappoints
I20230205 21:23:15.725176 1315448 ic_gvins.cc:792] Add new keyframe time node at 364462.975907
I20230205 21:23:15.725252 1315450 ic_gvins.cc:1893] Total 12 pose states from 364461.976152 to 364462.975907
I20230205 21:23:15.730888 1315450 ic_gvins.cc:1217] Add 11 preintegration, 1 GNSS, 554 reprojection
I20230205 21:23:15.751085 1315450 ic_gvins.cc:1226] Ceres Solver Report: Iterations: 6, Initial cost: 9.392194e+01, Final cost: 8.549703e+01, Termination: NO_CONVERGENCE
I20230205 21:23:15.751566 1315450 ic_gvins.cc:1336] Remove 2 reprojection factors
I20230205 21:23:15.785161 1315449 tracking.cc:452] Track 75 map points
I20230205 21:23:15.786453 1315450 ic_gvins.cc:1260] Ceres Solver Report: Iterations: 9, Initial cost: 7.330301e+01, Final cost: 7.267369e+01, Termination: CONVERGENCE
I20230205 21:23:15.787202 1315450 ic_gvins.cc:1164] Culled 1 mappoint with 2 bad observed features 0, 0, 1
I20230205 21:23:15.787883 1315450 ic_gvins.cc:1470] Marginalize 1 states, last time 364462.076323
I20230205 21:23:15.789562 1315449 tracking.cc:571] Track 33 reference points
I20230205 21:23:15.789579 1315449 tracking.cc:279] Keyframe at 364463.075927, mappoints 75, interval 0.10002, parallax 17.6686
I20230205 21:23:15.789685 1315449 tracking.cc:795] Triangulate 16 3D points with 17 left, 0 reset, 0 outtime and 0 outliers
I20230205 21:23:15.790576 1315450 ic_gvins.cc:514] Optimization costs 65.3395 ms with 20.1964 and 34.9023 with marginalization costs 2.60422
I20230205 21:23:15.794754 1315448 misc.cc:220] Redo INS mechanization at 364462.975907 to 364463.097187 is 0.121281 s
I20230205 21:23:15.795172 1315449 tracking.cc:687] Add 81 new features to 108
I20230205 21:23:15.795305 1315449 ic_gvins.cc:589] Tracking cost 16.1226 ms
I20230205 21:23:15.804773 1315448 ic_gvins.cc:787] Insert keyframe 54 at 364463.075927 with 16 new mappoints
I20230205 21:23:15.804993 1315448 ic_gvins.cc:792] Add new keyframe time node at 364463.075927
I20230205 21:23:15.805022 1315450 ic_gvins.cc:1893] Total 12 pose states from 364462.076323 to 364463.075927
I20230205 21:23:15.808624 1315450 ic_gvins.cc:1217] Add 11 preintegration, 1 GNSS, 583 reprojection
I20230205 21:23:15.821931 1315450 ic_gvins.cc:1226] Ceres Solver Report: Iterations: 6, Initial cost: 9.735076e+01, Final cost: 7.495911e+01, Termination: NO_CONVERGENCE
I20230205 21:23:15.822264 1315450 ic_gvins.cc:1336] Remove 0 reprojection factors
I20230205 21:23:15.844462 1315450 ic_gvins.cc:1260] Ceres Solver Report: Iterations: 10, Initial cost: 7.574657e+01, Final cost: 7.573852e+01, Termination: CONVERGENCE
I20230205 21:23:15.844933 1315450 ic_gvins.cc:1164] Culled 1 mappoint with 0 bad observed features 0, 0, 1
I20230205 21:23:15.845330 1315450 ic_gvins.cc:1470] Marginalize 2 states, last time 364462.176206
I20230205 21:23:15.847949 1315450 ic_gvins.cc:514] Optimization costs 42.9681 ms with 13.3073 and 22.2075 with marginalization costs 2.31677
I20230205 21:23:15.854849 1315448 misc.cc:220] Redo INS mechanization at 364463.075927 to 364463.157204 is 0.0812774 s
I20230205 21:23:15.890215 1315449 tracking.cc:452] Track 73 map points
I20230205 21:23:15.894142 1315449 tracking.cc:571] Track 40 reference points
I20230205 21:23:15.894165 1315449 tracking.cc:279] Keyframe at 364463.178179, mappoints 73, interval 0.102252, parallax 15.717
I20230205 21:23:15.894261 1315449 tracking.cc:795] Triangulate 17 3D points with 23 left, 0 reset, 0 outtime and 0 outliers
I20230205 21:23:15.898699 1315449 tracking.cc:687] Add 74 new features to 113
I20230205 21:23:15.898880 1315449 ic_gvins.cc:589] Tracking cost 12.9805 ms
I20230205 21:23:15.904781 1315448 ic_gvins.cc:787] Insert keyframe 55 at 364463.178179 with 17 new mappoints
I20230205 21:23:15.904955 1315448 ic_gvins.cc:792] Add new keyframe time node at 364463.178179
I20230205 21:23:15.904991 1315448 ic_gvins.cc:937] Add new GNSS time node 364463.130883
I20230205 21:23:15.905189 1315450 ic_gvins.cc:1893] Total 12 pose states from 364462.176206 to 364463.178179
I20230205 21:23:15.907410 1315450 ic_gvins.cc:1217] Add 11 preintegration, 1 GNSS, 603 reprojection
I20230205 21:23:15.916797 1315450 ic_gvins.cc:1226] Ceres Solver Report: Iterations: 6, Initial cost: 1.147979e+02, Final cost: 8.689818e+01, Termination: NO_CONVERGENCE
I20230205 21:23:15.916819 1315450 ic_gvins.cc:1307] Detect 1 GNSS outliers at 364463.178179
I20230205 21:23:15.917064 1315450 ic_gvins.cc:1336] Remove 2 reprojection factors
I20230205 21:23:15.942644 1315450 ic_gvins.cc:1260] Ceres Solver Report: Iterations: 14, Initial cost: 7.701011e+01, Final cost: 7.577033e+01, Termination: CONVERGENCE
I20230205 21:23:15.942942 1315450 ic_gvins.cc:1164] Culled 2 mappoint with 2 bad observed features 0, 1, 1
I20230205 21:23:15.943243 1315450 ic_gvins.cc:1470] Marginalize 1 states, last time 364462.276179
I20230205 21:23:15.944903 1315450 ic_gvins.cc:514] Optimization costs 39.7221 ms with 9.39905 and 25.5899 with marginalization costs 1.60177
I20230205 21:23:15.954628 1315448 misc.cc:220] Redo INS mechanization at 364463.178179 to 364463.257157 is 0.078978 s
W20230205 21:23:15.969898 1315434 ic_gvins.cc:620] GVINS has finished processing
W20230205 21:23:15.969987 1315434 ic_gvins.cc:621] Estimated extrinsics: (0.502846, 0.491287, 0.501652, 0.504112), (1.616, -0.314, 0.140), 0.0020
