Log file created at: 2023/02/05 21:22:49
Running on machine: divenire-TM1801
Running duration (h:mm:ss): 0:00:00
Log line format: [IWEF]yyyymmdd hh:mm:ss.uuuuuu threadid file:line] msg
I20230205 21:22:49.977651 1315449 ic_gvins.cc:527] Tracking thread is started
I20230205 21:22:49.977835 1315450 ic_gvins.cc:439] Optimization thread is started
I20230205 21:22:49.978566 1315448 ic_gvins.cc:280] Fusion thread is started
I20230205 21:22:49.983709 1315432 fusion_ros.cc:130] Waiting ROS message...
I20230205 21:23:03.178997 1315432 fusion_ros.cc:271] Raw data time in image recv image,imu,gnss 364450.473806, 364450.467677, 0.000000
I20230205 21:23:03.829007 1315432 ic_gvins.cc:240] gnss origin is initialized as 0.652702
02.21844
0046.514
I20230205 21:23:03.829138 1315432 ic_gvins.cc:241] Local gravity is initialized as 9.799259
I20230205 21:23:04.835510 1315448 ic_gvins.cc:669] Zero velocity get gyroscope bias -317.373 0520.458 00416.44, roll 1.44166, pitch -1.87965
I20230205 21:23:05.173051 1315432 fusion_ros.cc:271] Raw data time in image recv image,imu,gnss 364452.473908, 364452.467571, 364452.130166
I20230205 21:23:05.835337 1315448 ic_gvins.cc:669] Zero velocity get gyroscope bias -290.051 0510.789 0402.182, roll 1.43377, pitch -1.87232
I20230205 21:23:07.173369 1315432 fusion_ros.cc:271] Raw data time in image recv image,imu,gnss 364454.474133, 364454.467559, 364454.131045
I20230205 21:23:07.835302 1315448 ic_gvins.cc:692] Initialized heading from GNSS as 2.9388 deg
I20230205 21:23:07.835414 1315448 misc.cc:220] Redo INS mechanization at 364454.131045 to 364455.137475 is 1.00643 s
W20230205 21:23:07.835453 1315448 misc.cc:223] Do INS mechanization with a long time 1.00643 s
I20230205 21:23:07.835958 1315448 ic_gvins.cc:731] Initialization at 364455.131584
I20230205 21:23:07.835987 1315448 ic_gvins.cc:937] Add new GNSS time node 364455.131584
I20230205 21:23:07.845343 1315448 misc.cc:220] Redo INS mechanization at 364455.131584 to 364455.147468 is 0.0158834 s
I20230205 21:23:08.834977 1315448 ic_gvins.cc:937] Add new GNSS time node 364456.130294
I20230205 21:23:08.836283 1315450 ic_gvins.cc:1893] Total 3 pose states from 364454.131045 to 364456.130294
I20230205 21:23:08.845131 1315450 ic_gvins.cc:765] Ceres Solver Report: Iterations: 12, Initial cost: 2.112391e+01, Final cost: 2.298482e+00, Termination: CONVERGENCE
I20230205 21:23:08.845160 1315450 ic_gvins.cc:461] GINS initialization is finished
I20230205 21:23:08.845171 1315450 ic_gvins.cc:514] Optimization costs 8.93519 ms with 0 and 0 with marginalization costs 0
I20230205 21:23:08.854969 1315448 misc.cc:220] Redo INS mechanization at 364456.130294 to 364456.157470 is 0.0271757 s
I20230205 21:23:08.887002 1315449 tracking.cc:687] Add 182 new features to 0
I20230205 21:23:08.887024 1315449 ic_gvins.cc:589] Tracking cost 11.2397 ms
I20230205 21:23:08.894940 1315448 ic_gvins.cc:787] Insert keyframe 0 at 364456.174012 with 0 new mappoints
I20230205 21:23:08.895022 1315448 ic_gvins.cc:792] Add new keyframe time node at 364456.174012
I20230205 21:23:08.987692 1315449 tracking.cc:571] Track 144 reference points
I20230205 21:23:09.083204 1315449 tracking.cc:571] Track 131 reference points
I20230205 21:23:09.083241 1315449 tracking.cc:180] Initialization tracking with parallax 15.1054
I20230205 21:23:09.083693 1315449 tracking.cc:795] Triangulate 57 3D points with 71 left, 0 reset, 0 outtime and 3 outliers
I20230205 21:23:09.090518 1315449 tracking.cc:687] Add 55 new features to 128
I20230205 21:23:09.090643 1315449 ic_gvins.cc:589] Tracking cost 14.6423 ms
I20230205 21:23:09.095085 1315448 ic_gvins.cc:787] Insert keyframe 1 at 364456.374036 with 57 new mappoints
I20230205 21:23:09.095525 1315448 ic_gvins.cc:792] Add new keyframe time node at 364456.374036
I20230205 21:23:09.095597 1315450 ic_gvins.cc:1893] Total 5 pose states from 364454.131045 to 364456.374036
I20230205 21:23:09.096109 1315450 ic_gvins.cc:1217] Add 4 preintegration, 3 GNSS, 57 reprojection
I20230205 21:23:09.099812 1315450 ic_gvins.cc:1226] Ceres Solver Report: Iterations: 6, Initial cost: 2.342313e+01, Final cost: 4.883676e+00, Termination: NO_CONVERGENCE
I20230205 21:23:09.099875 1315450 ic_gvins.cc:1336] Remove 0 reprojection factors
I20230205 21:23:09.106774 1315450 ic_gvins.cc:1260] Ceres Solver Report: Iterations: 14, Initial cost: 5.041102e+00, Final cost: 4.275189e+00, Termination: CONVERGENCE
W20230205 21:23:09.111443 1315450 ic_gvins.cc:1735] Reintegration 4 preintegration
I20230205 21:23:09.111637 1315450 ic_gvins.cc:1164] Culled 0 mappoint with 0 bad observed features 0, 0, 0
I20230205 21:23:09.111896 1315450 ic_gvins.cc:514] Optimization costs 16.3156 ms with 3.72085 and 6.93599 with marginalization costs 0.017067
I20230205 21:23:09.114965 1315448 misc.cc:220] Redo INS mechanization at 364456.374036 to 364456.417433 is 0.0433967 s
I20230205 21:23:09.175220 1315432 fusion_ros.cc:271] Raw data time in image recv image,imu,gnss 364456.474137, 364456.467475, 364456.130294
I20230205 21:23:09.191859 1315449 tracking.cc:452] Track 50 map points
I20230205 21:23:09.204218 1315449 tracking.cc:571] Track 94 reference points
I20230205 21:23:09.212287 1315449 tracking.cc:687] Add 39 new features to 144
I20230205 21:23:09.289283 1315449 tracking.cc:452] Track 45 map points
I20230205 21:23:09.299242 1315449 tracking.cc:571] Track 101 reference points
I20230205 21:23:09.299293 1315449 tracking.cc:279] Keyframe at 364456.574106, mappoints 45, interval 0.20007, parallax 29.822
I20230205 21:23:09.299913 1315449 tracking.cc:795] Triangulate 37 3D points with 64 left, 14 reset, 0 outtime and 0 outliers
I20230205 21:23:09.310609 1315449 tracking.cc:687] Add 34 new features to 146
I20230205 21:23:09.310927 1315449 ic_gvins.cc:589] Tracking cost 35.0073 ms
I20230205 21:23:09.315001 1315448 ic_gvins.cc:787] Insert keyframe 2 at 364456.574106 with 37 new mappoints
I20230205 21:23:09.315443 1315448 ic_gvins.cc:792] Add new keyframe time node at 364456.574106
I20230205 21:23:09.315469 1315450 ic_gvins.cc:1893] Total 6 pose states from 364454.131045 to 364456.574106
I20230205 21:23:09.316593 1315450 ic_gvins.cc:1217] Add 5 preintegration, 3 GNSS, 139 reprojection
I20230205 21:23:09.320767 1315450 ic_gvins.cc:1226] Ceres Solver Report: Iterations: 6, Initial cost: 1.441429e+01, Final cost: 7.810113e+00, Termination: NO_CONVERGENCE
I20230205 21:23:09.320848 1315450 ic_gvins.cc:1336] Remove 0 reprojection factors
I20230205 21:23:09.328155 1315450 ic_gvins.cc:1260] Ceres Solver Report: Iterations: 13, Initial cost: 7.821045e+00, Final cost: 7.816400e+00, Termination: CONVERGENCE
I20230205 21:23:09.328302 1315450 ic_gvins.cc:1164] Culled 0 mappoint with 0 bad observed features 0, 0, 0
I20230205 21:23:09.328501 1315450 ic_gvins.cc:514] Optimization costs 13.0422 ms with 4.1841 and 7.30544 with marginalization costs 0.018035
I20230205 21:23:09.335291 1315448 misc.cc:220] Redo INS mechanization at 364456.574106 to 364456.637453 is 0.0633469 s
I20230205 21:23:09.391912 1315449 tracking.cc:452] Track 74 map points
I20230205 21:23:09.401898 1315449 tracking.cc:571] Track 71 reference points
I20230205 21:23:09.409210 1315449 tracking.cc:687] Add 37 new features to 145
I20230205 21:23:09.488251 1315449 tracking.cc:452] Track 68 map points
I20230205 21:23:09.498153 1315449 tracking.cc:571] Track 73 reference points
I20230205 21:23:09.498206 1315449 tracking.cc:279] Keyframe at 364456.774084, mappoints 68, interval 0.199978, parallax 25.5491
I20230205 21:23:09.498633 1315449 tracking.cc:795] Triangulate 22 3D points with 51 left, 15 reset, 0 outtime and 0 outliers
I20230205 21:23:09.513854 1315449 tracking.cc:687] Add 41 new features to 141
I20230205 21:23:09.514595 1315449 ic_gvins.cc:589] Tracking cost 39.2798 ms
I20230205 21:23:09.515575 1315448 ic_gvins.cc:787] Insert keyframe 3 at 364456.774084 with 22 new mappoints
I20230205 21:23:09.517470 1315448 ic_gvins.cc:792] Add new keyframe time node at 364456.774084
I20230205 21:23:09.517602 1315450 ic_gvins.cc:1893] Total 7 pose states from 364454.131045 to 364456.774084
I20230205 21:23:09.521821 1315450 ic_gvins.cc:1217] Add 6 preintegration, 3 GNSS, 229 reprojection
I20230205 21:23:09.534276 1315450 ic_gvins.cc:1226] Ceres Solver Report: Iterations: 6, Initial cost: 2.200761e+01, Final cost: 1.631805e+01, Termination: NO_CONVERGENCE
I20230205 21:23:09.534512 1315450 ic_gvins.cc:1336] Remove 1 reprojection factors
I20230205 21:23:09.548815 1315450 ic_gvins.cc:1260] Ceres Solver Report: Iterations: 13, Initial cost: 1.377586e+01, Final cost: 1.366651e+01, Termination: CONVERGENCE
W20230205 21:23:09.554150 1315450 ic_gvins.cc:1735] Reintegration 6 preintegration
I20230205 21:23:09.554670 1315450 ic_gvins.cc:1164] Culled 0 mappoint with 1 bad observed features 0, 0, 0
I20230205 21:23:09.555408 1315450 ic_gvins.cc:514] Optimization costs 37.8314 ms with 12.4663 and 14.3231 with marginalization costs 0.089241
I20230205 21:23:09.565021 1315448 misc.cc:220] Redo INS mechanization at 364456.774084 to 364456.867433 is 0.0933487 s
I20230205 21:23:09.585199 1315449 tracking.cc:452] Track 82 map points
I20230205 21:23:09.589128 1315449 tracking.cc:571] Track 59 reference points
I20230205 21:23:09.596690 1315449 tracking.cc:687] Add 39 new features to 141
I20230205 21:23:09.688074 1315449 tracking.cc:452] Track 74 map points
I20230205 21:23:09.696972 1315449 tracking.cc:571] Track 66 reference points
I20230205 21:23:09.697019 1315449 tracking.cc:279] Keyframe at 364456.974214, mappoints 74, interval 0.200129, parallax 23.4996
I20230205 21:23:09.697432 1315449 tracking.cc:795] Triangulate 24 3D points with 42 left, 12 reset, 0 outtime and 0 outliers
I20230205 21:23:09.712188 1315449 tracking.cc:687] Add 39 new features to 140
I20230205 21:23:09.712551 1315449 ic_gvins.cc:589] Tracking cost 36.623 ms
I20230205 21:23:09.715291 1315448 ic_gvins.cc:787] Insert keyframe 4 at 364456.974214 with 24 new mappoints
I20230205 21:23:09.716401 1315448 ic_gvins.cc:792] Add new keyframe time node at 364456.974214
I20230205 21:23:09.716480 1315450 ic_gvins.cc:1893] Total 8 pose states from 364454.131045 to 364456.974214
I20230205 21:23:09.722400 1315450 ic_gvins.cc:1217] Add 7 preintegration, 3 GNSS, 326 reprojection
I20230205 21:23:09.740060 1315450 ic_gvins.cc:1226] Ceres Solver Report: Iterations: 6, Initial cost: 3.682224e+01, Final cost: 2.515859e+01, Termination: NO_CONVERGENCE
I20230205 21:23:09.740597 1315450 ic_gvins.cc:1336] Remove 0 reprojection factors
I20230205 21:23:09.795570 1315450 ic_gvins.cc:1260] Ceres Solver Report: Iterations: 14, Initial cost: 2.515859e+01, Final cost: 2.508111e+01, Termination: CONVERGENCE
I20230205 21:23:09.795697 1315449 tracking.cc:452] Track 93 map points
I20230205 21:23:09.806813 1315449 tracking.cc:571] Track 51 reference points
W20230205 21:23:09.809607 1315450 ic_gvins.cc:1735] Reintegration 7 preintegration
I20230205 21:23:09.810277 1315450 ic_gvins.cc:1164] Culled 0 mappoint with 0 bad observed features 0, 0, 0
I20230205 21:23:09.814131 1315450 ic_gvins.cc:514] Optimization costs 97.6887 ms with 17.6736 and 54.9634 with marginalization costs 0.125775
I20230205 21:23:09.815038 1315448 misc.cc:220] Redo INS mechanization at 364456.974214 to 364457.117388 is 0.143174 s
I20230205 21:23:09.815636 1315449 tracking.cc:687] Add 35 new features to 144
I20230205 21:23:09.887908 1315449 tracking.cc:452] Track 82 map points
I20230205 21:23:09.897465 1315449 tracking.cc:571] Track 63 reference points
I20230205 21:23:09.897517 1315449 tracking.cc:279] Keyframe at 364457.174118, mappoints 82, interval 0.199904, parallax 22.5085
I20230205 21:23:09.897967 1315449 tracking.cc:795] Triangulate 27 3D points with 36 left, 13 reset, 0 outtime and 0 outliers
I20230205 21:23:09.913781 1315449 tracking.cc:687] Add 35 new features to 145
I20230205 21:23:09.914302 1315449 ic_gvins.cc:589] Tracking cost 38.7627 ms
I20230205 21:23:09.915634 1315448 ic_gvins.cc:787] Insert keyframe 5 at 364457.174118 with 27 new mappoints
I20230205 21:23:09.916774 1315448 ic_gvins.cc:792] Add new keyframe time node at 364457.174118
I20230205 21:23:09.916829 1315448 ic_gvins.cc:937] Add new GNSS time node 364457.130491
I20230205 21:23:09.918012 1315450 ic_gvins.cc:1893] Total 10 pose states from 364454.131045 to 364457.174118
I20230205 21:23:09.925753 1315450 ic_gvins.cc:1217] Add 9 preintegration, 4 GNSS, 435 reprojection
I20230205 21:23:09.947419 1315450 ic_gvins.cc:1226] Ceres Solver Report: Iterations: 6, Initial cost: 5.570550e+01, Final cost: 4.601558e+01, Termination: NO_CONVERGENCE
I20230205 21:23:09.947489 1315450 ic_gvins.cc:1307] Detect 1 GNSS outliers at 364457.174118
I20230205 21:23:09.948115 1315450 ic_gvins.cc:1336] Remove 0 reprojection factors
I20230205 21:23:09.992728 1315449 tracking.cc:452] Track 95 map points
I20230205 21:23:10.005494 1315449 tracking.cc:571] Track 45 reference points
I20230205 21:23:10.019402 1315449 tracking.cc:687] Add 43 new features to 140
I20230205 21:23:10.024329 1315450 ic_gvins.cc:1260] Ceres Solver Report: Iterations: 14, Initial cost: 4.711415e+01, Final cost: 4.353640e+01, Termination: CONVERGENCE
W20230205 21:23:10.039300 1315450 ic_gvins.cc:1735] Reintegration 9 preintegration
I20230205 21:23:10.040333 1315450 ic_gvins.cc:1164] Culled 1 mappoint with 0 bad observed features 0, 0, 1
I20230205 21:23:10.042212 1315450 ic_gvins.cc:514] Optimization costs 124.239 ms with 21.6664 and 76.2103 with marginalization costs 0.147497
I20230205 21:23:10.045205 1315448 misc.cc:220] Redo INS mechanization at 364457.174118 to 364457.347384 is 0.173266 s
I20230205 21:23:10.089493 1315449 tracking.cc:452] Track 86 map points
I20230205 21:23:10.098304 1315449 tracking.cc:571] Track 51 reference points
I20230205 21:23:10.098354 1315449 tracking.cc:279] Keyframe at 364457.374026, mappoints 86, interval 0.199908, parallax 20.5204
I20230205 21:23:10.098726 1315449 tracking.cc:795] Triangulate 19 3D points with 32 left, 14 reset, 0 outtime and 0 outliers
I20230205 21:23:10.111811 1315449 tracking.cc:687] Add 46 new features to 137
I20230205 21:23:10.112151 1315449 ic_gvins.cc:589] Tracking cost 36.9518 ms
I20230205 21:23:10.115368 1315448 ic_gvins.cc:787] Insert keyframe 6 at 364457.374026 with 19 new mappoints
I20230205 21:23:10.116603 1315448 ic_gvins.cc:792] Add new keyframe time node at 364457.374026
I20230205 21:23:10.116832 1315450 ic_gvins.cc:1893] Total 11 pose states from 364454.131045 to 364457.374026
I20230205 21:23:10.125445 1315450 ic_gvins.cc:1217] Add 10 preintegration, 4 GNSS, 537 reprojection
I20230205 21:23:10.150013 1315450 ic_gvins.cc:1226] Ceres Solver Report: Iterations: 6, Initial cost: 7.354807e+01, Final cost: 6.120441e+01, Termination: NO_CONVERGENCE
I20230205 21:23:10.150779 1315450 ic_gvins.cc:1336] Remove 1 reprojection factors
I20230205 21:23:10.192202 1315449 tracking.cc:452] Track 98 map points
I20230205 21:23:10.207237 1315449 tracking.cc:571] Track 45 reference points
I20230205 21:23:10.212499 1315450 ic_gvins.cc:1260] Ceres Solver Report: Iterations: 11, Initial cost: 5.762014e+01, Final cost: 5.729196e+01, Termination: CONVERGENCE
I20230205 21:23:10.213697 1315450 ic_gvins.cc:1164] Culled 0 mappoint with 1 bad observed features 0, 0, 0
I20230205 21:23:10.219264 1315450 ic_gvins.cc:514] Optimization costs 102.485 ms with 24.59 and 61.7336 with marginalization costs 0.351805
I20230205 21:23:10.222396 1315449 tracking.cc:687] Add 40 new features to 143
I20230205 21:23:10.225232 1315448 misc.cc:220] Redo INS mechanization at 364457.374026 to 364457.527375 is 0.153349 s
I20230205 21:23:10.288848 1315449 tracking.cc:452] Track 86 map points
I20230205 21:23:10.300197 1315449 tracking.cc:571] Track 57 reference points
I20230205 21:23:10.300249 1315449 tracking.cc:279] Keyframe at 364457.573940, mappoints 86, interval 0.199914, parallax 20.2881
I20230205 21:23:10.300621 1315449 tracking.cc:795] Triangulate 20 3D points with 37 left, 18 reset, 0 outtime and 0 outliers
I20230205 21:23:10.314589 1315449 tracking.cc:687] Add 40 new features to 143
I20230205 21:23:10.314998 1315449 ic_gvins.cc:589] Tracking cost 39.1382 ms
I20230205 21:23:10.315222 1315448 ic_gvins.cc:787] Insert keyframe 7 at 364457.573940 with 20 new mappoints
I20230205 21:23:10.316879 1315448 ic_gvins.cc:792] Add new keyframe time node at 364457.573940
I20230205 21:23:10.317006 1315450 ic_gvins.cc:1893] Total 12 pose states from 364454.131045 to 364457.573940
I20230205 21:23:10.327334 1315450 ic_gvins.cc:1217] Add 11 preintegration, 4 GNSS, 642 reprojection
I20230205 21:23:10.357895 1315450 ic_gvins.cc:1226] Ceres Solver Report: Iterations: 6, Initial cost: 1.109700e+02, Final cost: 9.816163e+01, Termination: NO_CONVERGENCE
I20230205 21:23:10.358924 1315450 ic_gvins.cc:1336] Remove 2 reprojection factors
I20230205 21:23:10.393605 1315449 tracking.cc:452] Track 93 map points
I20230205 21:23:10.406736 1315449 tracking.cc:571] Track 42 reference points
I20230205 21:23:10.421288 1315449 tracking.cc:687] Add 48 new features to 135
I20230205 21:23:10.437656 1315450 ic_gvins.cc:1260] Ceres Solver Report: Iterations: 12, Initial cost: 8.170688e+01, Final cost: 8.066316e+01, Termination: CONVERGENCE
I20230205 21:23:10.438983 1315450 ic_gvins.cc:1164] Culled 1 mappoint with 2 bad observed features 0, 0, 1
I20230205 21:23:10.441865 1315450 ic_gvins.cc:514] Optimization costs 124.896 ms with 30.6377 and 78.7515 with marginalization costs 0.34243
I20230205 21:23:10.445276 1315448 misc.cc:220] Redo INS mechanization at 364457.573940 to 364457.747442 is 0.173502 s
I20230205 21:23:10.490461 1315449 tracking.cc:452] Track 85 map points
I20230205 21:23:10.501921 1315449 tracking.cc:571] Track 48 reference points
I20230205 21:23:10.501988 1315449 tracking.cc:279] Keyframe at 364457.776454, mappoints 85, interval 0.202514, parallax 20.0481
I20230205 21:23:10.502290 1315449 tracking.cc:795] Triangulate 14 3D points with 34 left, 13 reset, 0 outtime and 0 outliers
I20230205 21:23:10.517602 1315449 tracking.cc:687] Add 50 new features to 133
I20230205 21:23:10.518080 1315449 ic_gvins.cc:589] Tracking cost 42.6371 ms
I20230205 21:23:10.525288 1315448 ic_gvins.cc:787] Insert keyframe 8 at 364457.776454 with 14 new mappoints
I20230205 21:23:10.526336 1315448 ic_gvins.cc:792] Add new keyframe time node at 364457.776454
I20230205 21:23:10.526450 1315450 ic_gvins.cc:1893] Total 13 pose states from 364454.131045 to 364457.776454
I20230205 21:23:10.536422 1315450 ic_gvins.cc:1217] Add 12 preintegration, 4 GNSS, 735 reprojection
I20230205 21:23:10.572424 1315450 ic_gvins.cc:1226] Ceres Solver Report: Iterations: 6, Initial cost: 1.541543e+02, Final cost: 1.398043e+02, Termination: NO_CONVERGENCE
I20230205 21:23:10.573400 1315450 ic_gvins.cc:1336] Remove 4 reprojection factors
I20230205 21:23:10.593583 1315449 tracking.cc:452] Track 89 map points
I20230205 21:23:10.609022 1315449 tracking.cc:571] Track 48 reference points
I20230205 21:23:10.625238 1315449 tracking.cc:687] Add 48 new features to 137
I20230205 21:23:10.669760 1315450 ic_gvins.cc:1260] Ceres Solver Report: Iterations: 13, Initial cost: 1.017845e+02, Final cost: 9.840104e+01, Termination: CONVERGENCE
I20230205 21:23:10.671188 1315450 ic_gvins.cc:1164] Culled 3 mappoint with 2 bad observed features 0, 0, 3
I20230205 21:23:10.674229 1315450 ic_gvins.cc:514] Optimization costs 147.814 ms with 36.0336 and 96.3842 with marginalization costs 0.373908
I20230205 21:23:10.675122 1315448 misc.cc:220] Redo INS mechanization at 364457.776454 to 364457.977371 is 0.200917 s
I20230205 21:23:10.692431 1315449 tracking.cc:452] Track 79 map points
I20230205 21:23:10.701704 1315449 tracking.cc:571] Track 52 reference points
I20230205 21:23:10.701747 1315449 tracking.cc:279] Keyframe at 364457.973962, mappoints 79, interval 0.197508, parallax 22.0208
I20230205 21:23:10.701999 1315449 tracking.cc:795] Triangulate 18 3D points with 33 left, 13 reset, 0 outtime and 1 outliers
I20230205 21:23:10.710297 1315449 tracking.cc:687] Add 55 new features to 130
I20230205 21:23:10.710494 1315449 ic_gvins.cc:589] Tracking cost 35.2739 ms
I20230205 21:23:10.714936 1315448 ic_gvins.cc:787] Insert keyframe 9 at 364457.973962 with 18 new mappoints
I20230205 21:23:10.715549 1315448 ic_gvins.cc:792] Add new keyframe time node at 364457.973962
I20230205 21:23:10.715622 1315450 ic_gvins.cc:1893] Total 14 pose states from 364454.131045 to 364457.973962
I20230205 21:23:10.722398 1315450 ic_gvins.cc:1217] Add 13 preintegration, 4 GNSS, 815 reprojection
I20230205 21:23:10.741124 1315450 ic_gvins.cc:1226] Ceres Solver Report: Iterations: 6, Initial cost: 1.596243e+02, Final cost: 1.322336e+02, Termination: NO_CONVERGENCE
I20230205 21:23:10.741676 1315450 ic_gvins.cc:1336] Remove 7 reprojection factors
I20230205 21:23:10.784476 1315449 tracking.cc:452] Track 83 map points
I20230205 21:23:10.787533 1315450 ic_gvins.cc:1260] Ceres Solver Report: Iterations: 13, Initial cost: 1.099535e+02, Final cost: 1.079953e+02, Termination: CONVERGENCE
I20230205 21:23:10.788558 1315450 ic_gvins.cc:1164] Culled 1 mappoint with 5 bad observed features 0, 0, 1
I20230205 21:23:10.789741 1315449 tracking.cc:571] Track 48 reference points
I20230205 21:23:10.790463 1315450 ic_gvins.cc:514] Optimization costs 74.8567 ms with 18.7263 and 45.8749 with marginalization costs 0.187476
I20230205 21:23:10.794975 1315448 misc.cc:220] Redo INS mechanization at 364457.973962 to 364458.097344 is 0.123382 s
I20230205 21:23:10.797806 1315449 tracking.cc:687] Add 53 new features to 131
I20230205 21:23:10.888861 1315449 tracking.cc:452] Track 73 map points
I20230205 21:23:10.901068 1315449 tracking.cc:571] Track 54 reference points
I20230205 21:23:10.901124 1315449 tracking.cc:279] Keyframe at 364458.174048, mappoints 73, interval 0.200086, parallax 23.3027
I20230205 21:23:10.901496 1315449 tracking.cc:795] Triangulate 19 3D points with 34 left, 15 reset, 0 outtime and 1 outliers
I20230205 21:23:10.916234 1315449 tracking.cc:687] Add 57 new features to 126
I20230205 21:23:10.916539 1315449 ic_gvins.cc:589] Tracking cost 40.6653 ms
I20230205 21:23:10.925215 1315448 ic_gvins.cc:787] Insert keyframe 10 at 364458.174048 with 19 new mappoints
I20230205 21:23:10.926503 1315448 ic_gvins.cc:792] Add new keyframe time node at 364458.174048
I20230205 21:23:10.926590 1315448 ic_gvins.cc:937] Add new GNSS time node 364458.131223
I20230205 21:23:10.927671 1315450 ic_gvins.cc:1893] Total 16 pose states from 364454.131045 to 364458.174048
I20230205 21:23:10.940171 1315450 ic_gvins.cc:1217] Add 15 preintegration, 5 GNSS, 898 reprojection
I20230205 21:23:10.990649 1315449 tracking.cc:452] Track 84 map points
I20230205 21:23:11.005944 1315449 tracking.cc:571] Track 43 reference points
I20230205 21:23:11.007304 1315450 ic_gvins.cc:1226] Ceres Solver Report: Iterations: 6, Initial cost: 1.589496e+02, Final cost: 1.377406e+02, Termination: NO_CONVERGENCE
I20230205 21:23:11.008636 1315450 ic_gvins.cc:1336] Remove 2 reprojection factors
I20230205 21:23:11.020844 1315449 tracking.cc:687] Add 55 new features to 127
I20230205 21:23:11.091500 1315449 tracking.cc:452] Track 75 map points
I20230205 21:23:11.101609 1315449 tracking.cc:571] Track 51 reference points
I20230205 21:23:11.101671 1315449 tracking.cc:279] Keyframe at 364458.374138, mappoints 75, interval 0.20009, parallax 22.7793
I20230205 21:23:11.102037 1315449 tracking.cc:795] Triangulate 16 3D points with 35 left, 20 reset, 0 outtime and 0 outliers
I20230205 21:23:11.116032 1315449 tracking.cc:687] Add 58 new features to 126
I20230205 21:23:11.116369 1315449 ic_gvins.cc:589] Tracking cost 41.1481 ms
I20230205 21:23:11.154709 1315450 ic_gvins.cc:1260] Ceres Solver Report: Iterations: 14, Initial cost: 1.320420e+02, Final cost: 1.295003e+02, Termination: CONVERGENCE
I20230205 21:23:11.156183 1315450 ic_gvins.cc:1164] Culled 2 mappoint with 2 bad observed features 0, 0, 2
I20230205 21:23:11.158257 1315450 ic_gvins.cc:1470] Marginalize 4 states, last time 364456.374036
I20230205 21:23:11.174943 1315432 fusion_ros.cc:271] Raw data time in image recv image,imu,gnss 364458.474147, 364458.467361, 364458.131223
I20230205 21:23:11.190378 1315449 tracking.cc:452] Track 78 map points
I20230205 21:23:11.198352 1315449 tracking.cc:571] Track 39 reference points
I20230205 21:23:11.198383 1315449 tracking.cc:279] Keyframe at 364458.475939, mappoints 78, interval 0.1018, parallax 34.6871
I20230205 21:23:11.198614 1315449 tracking.cc:795] Triangulate 2 3D points with 2 left, 0 reset, 0 outtime and 35 outliers
I20230205 21:23:11.201014 1315450 ic_gvins.cc:514] Optimization costs 273.391 ms with 67.1477 and 146.087 with marginalization costs 42.3951
I20230205 21:23:11.205086 1315448 misc.cc:220] Redo INS mechanization at 364458.174048 to 364458.507328 is 0.33328 s
I20230205 21:23:11.205238 1315448 ic_gvins.cc:787] Insert keyframe 11 at 364458.374138 with 16 new mappoints
I20230205 21:23:11.206048 1315448 ic_gvins.cc:792] Add new keyframe time node at 364458.374138
I20230205 21:23:11.206171 1315450 ic_gvins.cc:1893] Total 13 pose states from 364456.374036 to 364458.374138
I20230205 21:23:11.207191 1315449 tracking.cc:687] Add 97 new features to 82
I20230205 21:23:11.207337 1315449 ic_gvins.cc:589] Tracking cost 29.0472 ms
I20230205 21:23:11.209239 1315450 ic_gvins.cc:1217] Add 12 preintegration, 2 GNSS, 393 reprojection
I20230205 21:23:11.220863 1315450 ic_gvins.cc:1226] Ceres Solver Report: Iterations: 6, Initial cost: 9.023536e+01, Final cost: 8.636760e+01, Termination: NO_CONVERGENCE
I20230205 21:23:11.221138 1315450 ic_gvins.cc:1336] Remove 2 reprojection factors
I20230205 21:23:11.253940 1315450 ic_gvins.cc:1260] Ceres Solver Report: Iterations: 16, Initial cost: 8.075428e+01, Final cost: 8.051207e+01, Termination: NO_CONVERGENCE
I20230205 21:23:11.254315 1315450 ic_gvins.cc:1164] Culled 3 mappoint with 1 bad observed features 0, 0, 3
I20230205 21:23:11.254880 1315450 ic_gvins.cc:1470] Marginalize 1 states, last time 364456.574106
I20230205 21:23:11.257113 1315450 ic_gvins.cc:514] Optimization costs 50.9555 ms with 11.6391 and 32.8153 with marginalization costs 2.20009
I20230205 21:23:11.264943 1315448 misc.cc:220] Redo INS mechanization at 364458.374138 to 364458.567341 is 0.193202 s
I20230205 21:23:11.264984 1315448 ic_gvins.cc:787] Insert keyframe 12 at 364458.475939 with 2 new mappoints
I20230205 21:23:11.265202 1315448 ic_gvins.cc:792] Add new keyframe time node at 364458.475939
I20230205 21:23:11.265226 1315450 ic_gvins.cc:1893] Total 13 pose states from 364456.574106 to 364458.475939
I20230205 21:23:11.267635 1315450 ic_gvins.cc:1217] Add 12 preintegration, 2 GNSS, 372 reprojection
I20230205 21:23:11.280041 1315449 tracking.cc:452] Track 39 map points
I20230205 21:23:11.284605 1315450 ic_gvins.cc:1226] Ceres Solver Report: Iterations: 6, Initial cost: 8.847962e+01, Final cost: 6.273288e+01, Termination: NO_CONVERGENCE
I20230205 21:23:11.284996 1315450 ic_gvins.cc:1336] Remove 1 reprojection factors
I20230205 21:23:11.288200 1315449 tracking.cc:571] Track 47 reference points
I20230205 21:23:11.288224 1315449 tracking.cc:279] Keyframe at 364458.575990, mappoints 39, interval 0.100051, parallax 23.0852
I20230205 21:23:11.288436 1315449 tracking.cc:795] Triangulate 5 3D points with 3 left, 0 reset, 0 outtime and 39 outliers
I20230205 21:23:11.295168 1315449 tracking.cc:687] Add 136 new features to 47
I20230205 21:23:11.295313 1315449 ic_gvins.cc:589] Tracking cost 20.0192 ms
I20230205 21:23:11.320236 1315450 ic_gvins.cc:1260] Ceres Solver Report: Iterations: 16, Initial cost: 5.907930e+01, Final cost: 5.888992e+01, Termination: NO_CONVERGENCE
I20230205 21:23:11.320636 1315450 ic_gvins.cc:1164] Culled 0 mappoint with 1 bad observed features 0, 0, 0
I20230205 21:23:11.321056 1315450 ic_gvins.cc:1470] Marginalize 1 states, last time 364456.774084
I20230205 21:23:11.323190 1315450 ic_gvins.cc:514] Optimization costs 57.9791 ms with 17.0016 and 35.2635 with marginalization costs 2.07788
I20230205 21:23:11.324900 1315448 misc.cc:220] Redo INS mechanization at 364458.475939 to 364458.627327 is 0.151388 s
I20230205 21:23:11.324930 1315448 ic_gvins.cc:787] Insert keyframe 13 at 364458.575990 with 5 new mappoints
I20230205 21:23:11.325114 1315448 ic_gvins.cc:792] Add new keyframe time node at 364458.575990
I20230205 21:23:11.325129 1315450 ic_gvins.cc:1893] Total 13 pose states from 364456.774084 to 364458.575990
I20230205 21:23:11.327064 1315450 ic_gvins.cc:1217] Add 12 preintegration, 2 GNSS, 373 reprojection
I20230205 21:23:11.336180 1315450 ic_gvins.cc:1226] Ceres Solver Report: Iterations: 6, Initial cost: 1.433601e+02, Final cost: 6.544029e+01, Termination: NO_CONVERGENCE
I20230205 21:23:11.336364 1315450 ic_gvins.cc:1336] Remove 1 reprojection factors
I20230205 21:23:11.355612 1315450 ic_gvins.cc:1260] Ceres Solver Report: Iterations: 14, Initial cost: 6.170021e+01, Final cost: 6.158416e+01, Termination: CONVERGENCE
I20230205 21:23:11.355818 1315450 ic_gvins.cc:1164] Culled 0 mappoint with 1 bad observed features 0, 0, 0
I20230205 21:23:11.356052 1315450 ic_gvins.cc:1470] Marginalize 1 states, last time 364456.974214
I20230205 21:23:11.357466 1315450 ic_gvins.cc:514] Optimization costs 32.3421 ms with 9.1266 and 19.2531 with marginalization costs 1.39196
I20230205 21:23:11.364925 1315448 misc.cc:220] Redo INS mechanization at 364458.575990 to 364458.667379 is 0.0913891 s
I20230205 21:23:11.380537 1315449 tracking.cc:452] Track 30 map points
I20230205 21:23:11.383934 1315449 tracking.cc:571] Track 93 reference points
I20230205 21:23:11.387557 1315449 tracking.cc:687] Add 61 new features to 123
I20230205 21:23:11.488471 1315449 tracking.cc:452] Track 27 map points
I20230205 21:23:11.501569 1315449 tracking.cc:571] Track 109 reference points
I20230205 21:23:11.501626 1315449 tracking.cc:279] Keyframe at 364458.776199, mappoints 27, interval 0.200209, parallax 19.2506
I20230205 21:23:11.502331 1315449 tracking.cc:795] Triangulate 44 3D points with 65 left, 24 reset, 0 outtime and 0 outliers
I20230205 21:23:11.517724 1315449 tracking.cc:687] Add 47 new features to 136
I20230205 21:23:11.518079 1315449 ic_gvins.cc:589] Tracking cost 42.7592 ms
I20230205 21:23:11.525267 1315448 ic_gvins.cc:787] Insert keyframe 14 at 364458.776199 with 44 new mappoints
I20230205 21:23:11.526484 1315448 ic_gvins.cc:792] Add new keyframe time node at 364458.776199
I20230205 21:23:11.526584 1315450 ic_gvins.cc:1893] Total 13 pose states from 364456.974214 to 364458.776199
I20230205 21:23:11.535903 1315450 ic_gvins.cc:1217] Add 12 preintegration, 2 GNSS, 380 reprojection
I20230205 21:23:11.572868 1315450 ic_gvins.cc:1226] Ceres Solver Report: Iterations: 6, Initial cost: 9.467020e+01, Final cost: 6.810476e+01, Termination: NO_CONVERGENCE
I20230205 21:23:11.573340 1315450 ic_gvins.cc:1336] Remove 1 reprojection factors
I20230205 21:23:11.588827 1315449 tracking.cc:452] Track 67 map points
I20230205 21:23:11.603435 1315449 tracking.cc:571] Track 67 reference points
I20230205 21:23:11.603492 1315449 tracking.cc:279] Keyframe at 364458.876142, mappoints 67, interval 0.0999424, parallax 15.5465
I20230205 21:23:11.603837 1315449 tracking.cc:795] Triangulate 18 3D points with 49 left, 0 reset, 0 outtime and 0 outliers
I20230205 21:23:11.615250 1315449 tracking.cc:687] Add 51 new features to 134
I20230205 21:23:11.615546 1315449 ic_gvins.cc:589] Tracking cost 37.1716 ms
I20230205 21:23:11.636564 1315450 ic_gvins.cc:1260] Ceres Solver Report: Iterations: 11, Initial cost: 6.597988e+01, Final cost: 6.549772e+01, Termination: CONVERGENCE
I20230205 21:23:11.637392 1315450 ic_gvins.cc:1164] Culled 0 mappoint with 1 bad observed features 0, 0, 0
I20230205 21:23:11.638378 1315450 ic_gvins.cc:1470] Marginalize 2 states, last time 364457.174118
I20230205 21:23:11.645217 1315450 ic_gvins.cc:514] Optimization costs 118.682 ms with 36.9473 and 63.2592 with marginalization costs 6.64116
I20230205 21:23:11.655117 1315448 misc.cc:220] Redo INS mechanization at 364458.776199 to 364458.957364 is 0.181165 s
I20230205 21:23:11.655195 1315448 ic_gvins.cc:787] Insert keyframe 15 at 364458.876142 with 18 new mappoints
I20230205 21:23:11.655579 1315448 ic_gvins.cc:792] Add new keyframe time node at 364458.876142
I20230205 21:23:11.655663 1315450 ic_gvins.cc:1893] Total 12 pose states from 364457.174118 to 364458.876142
I20230205 21:23:11.660145 1315450 ic_gvins.cc:1217] Add 11 preintegration, 1 GNSS, 409 reprojection
I20230205 21:23:11.687665 1315449 tracking.cc:452] Track 71 map points
I20230205 21:23:11.689242 1315450 ic_gvins.cc:1226] Ceres Solver Report: Iterations: 6, Initial cost: 8.002075e+01, Final cost: 7.657743e+01, Termination: NO_CONVERGENCE
I20230205 21:23:11.689975 1315450 ic_gvins.cc:1336] Remove 2 reprojection factors
I20230205 21:23:11.699347 1315449 tracking.cc:571] Track 64 reference points
I20230205 21:23:11.699390 1315449 tracking.cc:279] Keyframe at 364458.976243, mappoints 71, interval 0.100101, parallax 17.2595
I20230205 21:23:11.699676 1315449 tracking.cc:795] Triangulate 10 3D points with 37 left, 0 reset, 0 outtime and 17 outliers
I20230205 21:23:11.710197 1315449 tracking.cc:687] Add 66 new features to 118
I20230205 21:23:11.710510 1315449 ic_gvins.cc:589] Tracking cost 35.1888 ms
I20230205 21:23:11.760919 1315450 ic_gvins.cc:1260] Ceres Solver Report: Iterations: 16, Initial cost: 7.095806e+01, Final cost: 7.026520e+01, Termination: NO_CONVERGENCE
I20230205 21:23:11.761598 1315450 ic_gvins.cc:1164] Culled 2 mappoint with 1 bad observed features 0, 0, 2
I20230205 21:23:11.763164 1315450 ic_gvins.cc:1470] Marginalize 1 states, last time 364457.374026
I20230205 21:23:11.768465 1315450 ic_gvins.cc:514] Optimization costs 112.832 ms with 29.1285 and 70.9585 with marginalization costs 5.37352
I20230205 21:23:11.776080 1315448 misc.cc:220] Redo INS mechanization at 364458.876142 to 364459.077326 is 0.201184 s
I20230205 21:23:11.776161 1315448 ic_gvins.cc:787] Insert keyframe 16 at 364458.976243 with 10 new mappoints
I20230205 21:23:11.776541 1315448 ic_gvins.cc:792] Add new keyframe time node at 364458.976243
I20230205 21:23:11.776635 1315450 ic_gvins.cc:1893] Total 12 pose states from 364457.374026 to 364458.976243
I20230205 21:23:11.782306 1315450 ic_gvins.cc:1217] Add 11 preintegration, 1 GNSS, 417 reprojection
I20230205 21:23:11.786708 1315449 tracking.cc:452] Track 69 map points
I20230205 21:23:11.796453 1315449 tracking.cc:571] Track 63 reference points
I20230205 21:23:11.796509 1315449 tracking.cc:279] Keyframe at 364459.076431, mappoints 69, interval 0.100188, parallax 16.5766
I20230205 21:23:11.796886 1315449 tracking.cc:795] Triangulate 17 3D points with 31 left, 0 reset, 0 outtime and 15 outliers
I20230205 21:23:11.809265 1315449 tracking.cc:687] Add 68 new features to 117
I20230205 21:23:11.809864 1315449 ic_gvins.cc:589] Tracking cost 33.8013 ms
I20230205 21:23:11.817863 1315450 ic_gvins.cc:1226] Ceres Solver Report: Iterations: 6, Initial cost: 7.975625e+01, Final cost: 7.246973e+01, Termination: NO_CONVERGENCE
I20230205 21:23:11.818367 1315450 ic_gvins.cc:1336] Remove 1 reprojection factors
I20230205 21:23:11.871731 1315450 ic_gvins.cc:1260] Ceres Solver Report: Iterations: 13, Initial cost: 6.790672e+01, Final cost: 6.704588e+01, Termination: CONVERGENCE
I20230205 21:23:11.872395 1315450 ic_gvins.cc:1164] Culled 1 mappoint with 1 bad observed features 0, 0, 1
I20230205 21:23:11.873211 1315450 ic_gvins.cc:1470] Marginalize 1 states, last time 364457.573940
I20230205 21:23:11.879535 1315450 ic_gvins.cc:514] Optimization costs 102.932 ms with 35.5739 and 53.3906 with marginalization costs 6.08119
I20230205 21:23:11.885303 1315448 misc.cc:220] Redo INS mechanization at 364458.976243 to 364459.187364 is 0.211121 s
I20230205 21:23:11.885382 1315448 ic_gvins.cc:787] Insert keyframe 17 at 364459.076431 with 17 new mappoints
I20230205 21:23:11.885778 1315448 ic_gvins.cc:792] Add new keyframe time node at 364459.076431
I20230205 21:23:11.885849 1315450 ic_gvins.cc:1893] Total 12 pose states from 364457.573940 to 364459.076431
I20230205 21:23:11.891465 1315450 ic_gvins.cc:1217] Add 11 preintegration, 1 GNSS, 429 reprojection
I20230205 21:23:11.895141 1315449 tracking.cc:452] Track 75 map points
I20230205 21:23:11.904175 1315449 tracking.cc:571] Track 59 reference points
I20230205 21:23:11.904232 1315449 tracking.cc:279] Keyframe at 364459.176401, mappoints 75, interval 0.0999705, parallax 18.6151
I20230205 21:23:11.904594 1315449 tracking.cc:795] Triangulate 4 3D points with 30 left, 0 reset, 0 outtime and 25 outliers
I20230205 21:23:11.916128 1315449 tracking.cc:687] Add 75 new features to 109
I20230205 21:23:11.916420 1315449 ic_gvins.cc:589] Tracking cost 41.3086 ms
I20230205 21:23:11.926146 1315450 ic_gvins.cc:1226] Ceres Solver Report: Iterations: 6, Initial cost: 1.122371e+02, Final cost: 7.681309e+01, Termination: NO_CONVERGENCE
I20230205 21:23:11.926756 1315450 ic_gvins.cc:1336] Remove 2 reprojection factors
I20230205 21:23:11.983569 1315449 tracking.cc:452] Track 69 map points
I20230205 21:23:11.988634 1315449 tracking.cc:571] Track 66 reference points
I20230205 21:23:11.989966 1315450 ic_gvins.cc:1260] Ceres Solver Report: Iterations: 16, Initial cost: 6.870270e+01, Final cost: 6.745029e+01, Termination: NO_CONVERGENCE
I20230205 21:23:11.990393 1315450 ic_gvins.cc:1164] Culled 0 mappoint with 2 bad observed features 0, 0, 0
I20230205 21:23:11.993853 1315450 ic_gvins.cc:1470] Marginalize 1 states, last time 364457.776454
I20230205 21:23:11.994349 1315449 tracking.cc:687] Add 49 new features to 135
I20230205 21:23:11.996412 1315450 ic_gvins.cc:514] Optimization costs 110.581 ms with 34.7134 and 63.2459 with marginalization costs 2.48194
I20230205 21:23:12.004992 1315448 misc.cc:220] Redo INS mechanization at 364459.076431 to 364459.307320 is 0.23089 s
I20230205 21:23:12.005046 1315448 ic_gvins.cc:787] Insert keyframe 18 at 364459.176401 with 4 new mappoints
I20230205 21:23:12.005311 1315448 ic_gvins.cc:792] Add new keyframe time node at 364459.176401
I20230205 21:23:12.005339 1315448 ic_gvins.cc:937] Add new GNSS time node 364459.132936
I20230205 21:23:12.005600 1315450 ic_gvins.cc:1893] Total 13 pose states from 364457.776454 to 364459.176401
I20230205 21:23:12.007705 1315450 ic_gvins.cc:1217] Add 12 preintegration, 2 GNSS, 445 reprojection
I20230205 21:23:12.019414 1315450 ic_gvins.cc:1226] Ceres Solver Report: Iterations: 6, Initial cost: 7.883038e+01, Final cost: 7.476865e+01, Termination: NO_CONVERGENCE
I20230205 21:23:12.019449 1315450 ic_gvins.cc:1307] Detect 1 GNSS outliers at 364459.176401
I20230205 21:23:12.019718 1315450 ic_gvins.cc:1336] Remove 1 reprojection factors
I20230205 21:23:12.051347 1315450 ic_gvins.cc:1260] Ceres Solver Report: Iterations: 15, Initial cost: 7.292436e+01, Final cost: 7.021982e+01, Termination: CONVERGENCE
I20230205 21:23:12.051683 1315450 ic_gvins.cc:1164] Culled 0 mappoint with 1 bad observed features 0, 0, 0
I20230205 21:23:12.052067 1315450 ic_gvins.cc:1470] Marginalize 1 states, last time 364457.973962
I20230205 21:23:12.054033 1315450 ic_gvins.cc:514] Optimization costs 48.4435 ms with 11.7298 and 31.638 with marginalization costs 1.90676
I20230205 21:23:12.054857 1315448 misc.cc:220] Redo INS mechanization at 364459.176401 to 364459.357304 is 0.180903 s
I20230205 21:23:12.080184 1315449 tracking.cc:452] Track 54 map points
I20230205 21:23:12.086966 1315449 tracking.cc:571] Track 67 reference points
I20230205 21:23:12.087003 1315449 tracking.cc:279] Keyframe at 364459.376329, mappoints 54, interval 0.199928, parallax 26.6723
I20230205 21:23:12.087210 1315449 tracking.cc:795] Triangulate 34 3D points with 33 left, 11 reset, 0 outtime and 0 outliers
I20230205 21:23:12.092943 1315449 tracking.cc:687] Add 64 new features to 121
I20230205 21:23:12.093116 1315449 ic_gvins.cc:589] Tracking cost 17.6685 ms
I20230205 21:23:12.094839 1315448 ic_gvins.cc:787] Insert keyframe 19 at 364459.376329 with 34 new mappoints
I20230205 21:23:12.095209 1315448 ic_gvins.cc:792] Add new keyframe time node at 364459.376329
I20230205 21:23:12.095279 1315450 ic_gvins.cc:1893] Total 13 pose states from 364457.973962 to 364459.376329
I20230205 21:23:12.097723 1315450 ic_gvins.cc:1217] Add 12 preintegration, 2 GNSS, 497 reprojection
I20230205 21:23:12.110760 1315450 ic_gvins.cc:1226] Ceres Solver Report: Iterations: 6, Initial cost: 1.085064e+02, Final cost: 8.802373e+01, Termination: NO_CONVERGENCE
I20230205 21:23:12.111073 1315450 ic_gvins.cc:1336] Remove 3 reprojection factors
I20230205 21:23:12.140853 1315450 ic_gvins.cc:1260] Ceres Solver Report: Iterations: 13, Initial cost: 7.792336e+01, Final cost: 7.788659e+01, Termination: CONVERGENCE
I20230205 21:23:12.141220 1315450 ic_gvins.cc:1164] Culled 3 mappoint with 2 bad observed features 0, 0, 3
I20230205 21:23:12.141602 1315450 ic_gvins.cc:1470] Marginalize 2 states, last time 364458.174048
I20230205 21:23:12.144016 1315450 ic_gvins.cc:514] Optimization costs 48.7463 ms with 13.0504 and 29.7885 with marginalization costs 2.33028
I20230205 21:23:12.144865 1315448 misc.cc:220] Redo INS mechanization at 364459.376329 to 364459.447303 is 0.0709738 s
I20230205 21:23:12.180799 1315449 tracking.cc:452] Track 70 map points
I20230205 21:23:12.186689 1315449 tracking.cc:571] Track 47 reference points
I20230205 21:23:12.191805 1315449 tracking.cc:687] Add 62 new features to 117
I20230205 21:23:12.297695 1315449 tracking.cc:452] Track 65 map points
I20230205 21:23:12.310039 1315449 tracking.cc:571] Track 65 reference points
I20230205 21:23:12.310094 1315449 tracking.cc:279] Keyframe at 364459.577653, mappoints 65, interval 0.201324, parallax 26.7146
I20230205 21:23:12.310456 1315449 tracking.cc:795] Triangulate 17 3D points with 48 left, 24 reset, 0 outtime and 0 outliers
I20230205 21:23:12.325014 1315449 tracking.cc:687] Add 55 new features to 130
I20230205 21:23:12.325364 1315449 ic_gvins.cc:589] Tracking cost 40.1923 ms
I20230205 21:23:12.335166 1315448 ic_gvins.cc:787] Insert keyframe 20 at 364459.577653 with 17 new mappoints
I20230205 21:23:12.336256 1315448 ic_gvins.cc:792] Add new keyframe time node at 364459.577653
I20230205 21:23:12.336359 1315450 ic_gvins.cc:1893] Total 12 pose states from 364458.174048 to 364459.577653
I20230205 21:23:12.343269 1315450 ic_gvins.cc:1217] Add 11 preintegration, 1 GNSS, 496 reprojection
I20230205 21:23:12.377050 1315450 ic_gvins.cc:1226] Ceres Solver Report: Iterations: 6, Initial cost: 9.084901e+01, Final cost: 7.071156e+01, Termination: NO_CONVERGENCE
I20230205 21:23:12.377604 1315450 ic_gvins.cc:1336] Remove 1 reprojection factors
I20230205 21:23:12.386485 1315449 tracking.cc:452] Track 77 map points
I20230205 21:23:12.390769 1315449 tracking.cc:571] Track 63 reference points
I20230205 21:23:12.390795 1315449 tracking.cc:279] Keyframe at 364459.676136, mappoints 77, interval 0.0984836, parallax 15.0511
I20230205 21:23:12.390991 1315449 tracking.cc:795] Triangulate 28 3D points with 35 left, 0 reset, 0 outtime and 0 outliers
I20230205 21:23:12.397018 1315449 tracking.cc:687] Add 47 new features to 140
I20230205 21:23:12.397202 1315449 ic_gvins.cc:589] Tracking cost 17.8062 ms
I20230205 21:23:12.416142 1315450 ic_gvins.cc:1260] Ceres Solver Report: Iterations: 13, Initial cost: 6.559870e+01, Final cost: 6.554831e+01, Termination: CONVERGENCE
I20230205 21:23:12.416522 1315450 ic_gvins.cc:1164] Culled 0 mappoint with 1 bad observed features 0, 0, 0
I20230205 21:23:12.417124 1315450 ic_gvins.cc:1470] Marginalize 1 states, last time 364458.374138
I20230205 21:23:12.418884 1315450 ic_gvins.cc:514] Optimization costs 82.5459 ms with 33.7977 and 38.5452 with marginalization costs 1.68368
I20230205 21:23:12.425053 1315448 misc.cc:220] Redo INS mechanization at 364459.577653 to 364459.727376 is 0.149724 s
I20230205 21:23:12.425087 1315448 ic_gvins.cc:787] Insert keyframe 21 at 364459.676136 with 28 new mappoints
I20230205 21:23:12.425287 1315448 ic_gvins.cc:792] Add new keyframe time node at 364459.676136
I20230205 21:23:12.425330 1315450 ic_gvins.cc:1893] Total 12 pose states from 364458.374138 to 364459.676136
I20230205 21:23:12.428004 1315450 ic_gvins.cc:1217] Add 11 preintegration, 1 GNSS, 568 reprojection
I20230205 21:23:12.440527 1315450 ic_gvins.cc:1226] Ceres Solver Report: Iterations: 6, Initial cost: 9.140126e+01, Final cost: 8.645009e+01, Termination: NO_CONVERGENCE
I20230205 21:23:12.440853 1315450 ic_gvins.cc:1336] Remove 1 reprojection factors
I20230205 21:23:12.468390 1315450 ic_gvins.cc:1260] Ceres Solver Report: Iterations: 12, Initial cost: 8.088636e+01, Final cost: 8.081311e+01, Termination: CONVERGENCE
I20230205 21:23:12.468787 1315450 ic_gvins.cc:1164] Culled 0 mappoint with 1 bad observed features 0, 0, 0
I20230205 21:23:12.469205 1315450 ic_gvins.cc:1470] Marginalize 1 states, last time 364458.475939
I20230205 21:23:12.470803 1315450 ic_gvins.cc:514] Optimization costs 45.4828 ms with 12.5381 and 27.5485 with marginalization costs 1.48341
I20230205 21:23:12.474786 1315448 misc.cc:220] Redo INS mechanization at 364459.676136 to 364459.777342 is 0.101206 s
I20230205 21:23:12.480262 1315449 tracking.cc:452] Track 89 map points
I20230205 21:23:12.486835 1315449 tracking.cc:571] Track 46 reference points
I20230205 21:23:12.486861 1315449 tracking.cc:279] Keyframe at 364459.776033, mappoints 89, interval 0.0998967, parallax 15.6308
I20230205 21:23:12.487005 1315449 tracking.cc:795] Triangulate 23 3D points with 23 left, 0 reset, 0 outtime and 0 outliers
I20230205 21:23:12.492594 1315449 tracking.cc:687] Add 52 new features to 135
I20230205 21:23:12.492754 1315449 ic_gvins.cc:589] Tracking cost 17.05 ms
I20230205 21:23:12.494786 1315448 ic_gvins.cc:787] Insert keyframe 22 at 364459.776033 with 23 new mappoints
I20230205 21:23:12.495000 1315448 ic_gvins.cc:792] Add new keyframe time node at 364459.776033
I20230205 21:23:12.495059 1315450 ic_gvins.cc:1893] Total 12 pose states from 364458.475939 to 364459.776033
I20230205 21:23:12.498140 1315450 ic_gvins.cc:1217] Add 11 preintegration, 1 GNSS, 659 reprojection
I20230205 21:23:12.510665 1315450 ic_gvins.cc:1226] Ceres Solver Report: Iterations: 6, Initial cost: 1.235365e+02, Final cost: 1.083342e+02, Termination: NO_CONVERGENCE
I20230205 21:23:12.510944 1315450 ic_gvins.cc:1336] Remove 2 reprojection factors
I20230205 21:23:12.533233 1315450 ic_gvins.cc:1260] Ceres Solver Report: Iterations: 13, Initial cost: 1.001622e+02, Final cost: 1.000729e+02, Termination: CONVERGENCE
I20230205 21:23:12.533532 1315450 ic_gvins.cc:1164] Culled 1 mappoint with 1 bad observed features 0, 0, 1
I20230205 21:23:12.533869 1315450 ic_gvins.cc:1470] Marginalize 1 states, last time 364458.575990
I20230205 21:23:12.535058 1315450 ic_gvins.cc:514] Optimization costs 40.0081 ms with 12.5321 and 22.3004 with marginalization costs 1.10465
I20230205 21:23:12.544981 1315448 misc.cc:220] Redo INS mechanization at 364459.776033 to 364459.847362 is 0.0713288 s
I20230205 21:23:12.580907 1315449 tracking.cc:452] Track 93 map points
I20230205 21:23:12.583089 1315449 tracking.cc:571] Track 35 reference points
I20230205 21:23:12.587250 1315449 tracking.cc:687] Add 58 new features to 128
I20230205 21:23:12.679363 1315449 tracking.cc:452] Track 78 map points
I20230205 21:23:12.682338 1315449 tracking.cc:571] Track 48 reference points
I20230205 21:23:12.682366 1315449 tracking.cc:279] Keyframe at 364459.975861, mappoints 78, interval 0.199828, parallax 25.4972
I20230205 21:23:12.682475 1315449 tracking.cc:795] Triangulate 15 3D points with 33 left, 17 reset, 0 outtime and 0 outliers
I20230205 21:23:12.689085 1315449 tracking.cc:687] Add 61 new features to 126
I20230205 21:23:12.689278 1315449 ic_gvins.cc:589] Tracking cost 13.7852 ms
I20230205 21:23:12.694787 1315448 ic_gvins.cc:787] Insert keyframe 23 at 364459.975861 with 15 new mappoints
I20230205 21:23:12.695103 1315448 ic_gvins.cc:792] Add new keyframe time node at 364459.975861
I20230205 21:23:12.695160 1315450 ic_gvins.cc:1893] Total 12 pose states from 364458.575990 to 364459.975861
I20230205 21:23:12.698067 1315450 ic_gvins.cc:1217] Add 11 preintegration, 1 GNSS, 718 reprojection
I20230205 21:23:12.711782 1315450 ic_gvins.cc:1226] Ceres Solver Report: Iterations: 6, Initial cost: 1.435132e+02, Final cost: 1.276557e+02, Termination: NO_CONVERGENCE
I20230205 21:23:12.712131 1315450 ic_gvins.cc:1336] Remove 2 reprojection factors
I20230205 21:23:12.739758 1315450 ic_gvins.cc:1260] Ceres Solver Report: Iterations: 14, Initial cost: 1.173656e+02, Final cost: 1.168851e+02, Termination: CONVERGENCE
I20230205 21:23:12.740093 1315450 ic_gvins.cc:1164] Culled 0 mappoint with 2 bad observed features 0, 0, 0
I20230205 21:23:12.740509 1315450 ic_gvins.cc:1470] Marginalize 1 states, last time 364458.776199
I20230205 21:23:12.744472 1315450 ic_gvins.cc:514] Optimization costs 49.3206 ms with 13.7235 and 27.6385 with marginalization costs 3.94173
I20230205 21:23:12.744793 1315448 misc.cc:220] Redo INS mechanization at 364459.975861 to 364460.047290 is 0.0714286 s
I20230205 21:23:12.792218 1315449 tracking.cc:452] Track 56 map points
I20230205 21:23:12.801203 1315449 tracking.cc:571] Track 45 reference points
I20230205 21:23:12.801240 1315449 tracking.cc:279] Keyframe at 364460.075828, mappoints 56, interval 0.0999669, parallax 19.0709
I20230205 21:23:12.801468 1315449 tracking.cc:795] Triangulate 24 3D points with 10 left, 0 reset, 11 outtime and 0 outliers
I20230205 21:23:12.810257 1315449 tracking.cc:687] Add 96 new features to 90
I20230205 21:23:12.810441 1315449 ic_gvins.cc:589] Tracking cost 31.7714 ms
I20230205 21:23:12.814885 1315448 ic_gvins.cc:787] Insert keyframe 24 at 364460.075828 with 24 new mappoints
I20230205 21:23:12.815101 1315448 ic_gvins.cc:792] Add new keyframe time node at 364460.075828
I20230205 21:23:12.815163 1315450 ic_gvins.cc:1893] Total 12 pose states from 364458.776199 to 364460.075828
I20230205 21:23:12.817706 1315450 ic_gvins.cc:1217] Add 11 preintegration, 1 GNSS, 415 reprojection
